[2025-11-14T17:35:37.238+0000] {taskinstance.py:1157} INFO - Dependencies all met for dep_context=non-requeueable deps ti=<TaskInstance: dbt_transform.dbt_run scheduled__2025-11-14T17:30:35.634758+00:00 [queued]>
[2025-11-14T17:35:37.244+0000] {taskinstance.py:1157} INFO - Dependencies all met for dep_context=requeueable deps ti=<TaskInstance: dbt_transform.dbt_run scheduled__2025-11-14T17:30:35.634758+00:00 [queued]>
[2025-11-14T17:35:37.244+0000] {taskinstance.py:1359} INFO - Starting attempt 1 of 2
[2025-11-14T17:35:37.254+0000] {taskinstance.py:1380} INFO - Executing <Task(BashOperator): dbt_run> on 2025-11-14 17:30:35.634758+00:00
[2025-11-14T17:35:37.257+0000] {standard_task_runner.py:57} INFO - Started process 2440 to run task
[2025-11-14T17:35:37.260+0000] {standard_task_runner.py:84} INFO - Running: ['***', 'tasks', 'run', 'dbt_transform', 'dbt_run', 'scheduled__2025-11-14T17:30:35.634758+00:00', '--job-id', '62', '--raw', '--subdir', 'DAGS_FOLDER/dbt_dag.py', '--cfg-path', '/tmp/tmpv9zo0q70']
[2025-11-14T17:35:37.263+0000] {standard_task_runner.py:85} INFO - Job 62: Subtask dbt_run
[2025-11-14T17:35:37.319+0000] {task_command.py:415} INFO - Running <TaskInstance: dbt_transform.dbt_run scheduled__2025-11-14T17:30:35.634758+00:00 [running]> on host 3f4da400579d
[2025-11-14T17:35:37.379+0000] {taskinstance.py:1660} INFO - Exporting env vars: AIRFLOW_CTX_DAG_OWNER='***' AIRFLOW_CTX_DAG_ID='dbt_transform' AIRFLOW_CTX_TASK_ID='dbt_run' AIRFLOW_CTX_EXECUTION_DATE='2025-11-14T17:30:35.634758+00:00' AIRFLOW_CTX_TRY_NUMBER='1' AIRFLOW_CTX_DAG_RUN_ID='scheduled__2025-11-14T17:30:35.634758+00:00'
[2025-11-14T17:35:37.381+0000] {subprocess.py:63} INFO - Tmp dir root location: /tmp
[2025-11-14T17:35:37.382+0000] {subprocess.py:75} INFO - Running command: ['/bin/bash', '-c', 'docker exec dbt_***_project-dbt-1 dbt run']
[2025-11-14T17:35:37.390+0000] {subprocess.py:86} INFO - Output:
[2025-11-14T17:35:39.034+0000] {subprocess.py:93} INFO - [0m17:35:39  Running with dbt=1.8.7
[2025-11-14T17:35:39.365+0000] {subprocess.py:93} INFO - [0m17:35:39  Registered adapter: sqlserver=1.8.7
[2025-11-14T17:35:40.613+0000] {subprocess.py:93} INFO - [0m17:35:40  Found 10 models, 18 data tests, 13 sources, 614 macros
[2025-11-14T17:35:40.616+0000] {subprocess.py:93} INFO - [0m17:35:40
[2025-11-14T17:35:40.787+0000] {subprocess.py:93} INFO - [0m17:35:40  Concurrency: 4 threads (target='dev')
[2025-11-14T17:35:40.789+0000] {subprocess.py:93} INFO - [0m17:35:40
[2025-11-14T17:35:40.795+0000] {subprocess.py:93} INFO - [0m17:35:40  1 of 10 START sql view model bronze.brnz_customers ............................. [RUN]
[2025-11-14T17:35:40.797+0000] {subprocess.py:93} INFO - [0m17:35:40  2 of 10 START sql view model bronze.brnz_example ............................... [RUN]
[2025-11-14T17:35:40.798+0000] {subprocess.py:93} INFO - [0m17:35:40  3 of 10 START sql view model bronze.brnz_products .............................. [RUN]
[2025-11-14T17:35:40.799+0000] {subprocess.py:93} INFO - [0m17:35:40  4 of 10 START sql view model bronze.brnz_sales_orders .......................... [RUN]
[2025-11-14T17:35:41.103+0000] {subprocess.py:93} INFO - [0m17:35:41  4 of 10 OK created sql view model bronze.brnz_sales_orders ..................... [[32mOK[0m in 0.29s]
[2025-11-14T17:35:41.105+0000] {subprocess.py:93} INFO - [0m17:35:41  3 of 10 OK created sql view model bronze.brnz_products ......................... [[32mOK[0m in 0.30s]
[2025-11-14T17:35:41.106+0000] {subprocess.py:93} INFO - [0m17:35:41  1 of 10 OK created sql view model bronze.brnz_customers ........................ [[32mOK[0m in 0.30s]
[2025-11-14T17:35:41.109+0000] {subprocess.py:93} INFO - [0m17:35:41  2 of 10 OK created sql view model bronze.brnz_example .......................... [[32mOK[0m in 0.30s]
[2025-11-14T17:35:41.119+0000] {subprocess.py:93} INFO - [0m17:35:41  5 of 10 START sql table model silver.slvr_sales_orders ......................... [RUN]
[2025-11-14T17:35:41.122+0000] {subprocess.py:93} INFO - [0m17:35:41  6 of 10 START sql table model silver.slvr_products ............................. [RUN]
[2025-11-14T17:35:41.123+0000] {subprocess.py:93} INFO - [0m17:35:41  7 of 10 START sql table model silver.slvr_customers ............................ [RUN]
[2025-11-14T17:35:41.367+0000] {subprocess.py:93} INFO - [0m17:35:41  6 of 10 OK created sql table model silver.slvr_products ........................ [[32mOK[0m in 0.24s]
[2025-11-14T17:35:41.435+0000] {subprocess.py:93} INFO - [0m17:35:41  7 of 10 OK created sql table model silver.slvr_customers ....................... [[32mOK[0m in 0.31s]
[2025-11-14T17:35:41.980+0000] {subprocess.py:93} INFO - [0m17:35:41  5 of 10 OK created sql table model silver.slvr_sales_orders .................... [[32mOK[0m in 0.85s]
[2025-11-14T17:35:41.984+0000] {subprocess.py:93} INFO - [0m17:35:41  8 of 10 START sql table model gold.gld_customer_metrics ........................ [RUN]
[2025-11-14T17:35:41.985+0000] {subprocess.py:93} INFO - [0m17:35:41  9 of 10 START sql table model gold.gld_product_performance ..................... [RUN]
[2025-11-14T17:35:41.986+0000] {subprocess.py:93} INFO - [0m17:35:41  10 of 10 START sql table model gold.gld_sales_summary .......................... [RUN]
[2025-11-14T17:35:42.470+0000] {subprocess.py:93} INFO - [0m17:35:42  10 of 10 OK created sql table model gold.gld_sales_summary ..................... [[32mOK[0m in 0.48s]
[2025-11-14T17:35:42.550+0000] {subprocess.py:93} INFO - [0m17:35:42  8 of 10 OK created sql table model gold.gld_customer_metrics ................... [[32mOK[0m in 0.56s]
[2025-11-14T17:35:42.572+0000] {subprocess.py:93} INFO - [0m17:35:42  9 of 10 OK created sql table model gold.gld_product_performance ................ [[32mOK[0m in 0.58s]
[2025-11-14T17:35:42.580+0000] {subprocess.py:93} INFO - [0m17:35:42
[2025-11-14T17:35:42.581+0000] {subprocess.py:93} INFO - [0m17:35:42  Finished running 4 view models, 6 table models in 0 hours 0 minutes and 1.96 seconds (1.96s).
[2025-11-14T17:35:42.643+0000] {subprocess.py:93} INFO - [0m17:35:42
[2025-11-14T17:35:42.645+0000] {subprocess.py:93} INFO - [0m17:35:42  [32mCompleted successfully[0m
[2025-11-14T17:35:42.646+0000] {subprocess.py:93} INFO - [0m17:35:42
[2025-11-14T17:35:42.647+0000] {subprocess.py:93} INFO - [0m17:35:42  Done. PASS=10 WARN=0 ERROR=0 SKIP=0 TOTAL=10
[2025-11-14T17:35:44.432+0000] {subprocess.py:97} INFO - Command exited with return code 0
[2025-11-14T17:35:44.451+0000] {taskinstance.py:1398} INFO - Marking task as SUCCESS. dag_id=dbt_transform, task_id=dbt_run, execution_date=20251114T173035, start_date=20251114T173537, end_date=20251114T173544
[2025-11-14T17:35:44.497+0000] {local_task_job_runner.py:228} INFO - Task exited with return code 0
[2025-11-14T17:35:44.513+0000] {taskinstance.py:2776} INFO - 1 downstream tasks scheduled from follow-on schedule check
