[2025-11-14T15:30:34.612+0000] {taskinstance.py:1157} INFO - Dependencies all met for dep_context=non-requeueable deps ti=<TaskInstance: dbt_transform.dbt_run scheduled__2025-11-14T15:25:33.801254+00:00 [queued]>
[2025-11-14T15:30:34.619+0000] {taskinstance.py:1157} INFO - Dependencies all met for dep_context=requeueable deps ti=<TaskInstance: dbt_transform.dbt_run scheduled__2025-11-14T15:25:33.801254+00:00 [queued]>
[2025-11-14T15:30:34.620+0000] {taskinstance.py:1359} INFO - Starting attempt 1 of 2
[2025-11-14T15:30:34.631+0000] {taskinstance.py:1380} INFO - Executing <Task(BashOperator): dbt_run> on 2025-11-14 15:25:33.801254+00:00
[2025-11-14T15:30:34.634+0000] {standard_task_runner.py:57} INFO - Started process 573 to run task
[2025-11-14T15:30:34.637+0000] {standard_task_runner.py:84} INFO - Running: ['***', 'tasks', 'run', 'dbt_transform', 'dbt_run', 'scheduled__2025-11-14T15:25:33.801254+00:00', '--job-id', '10', '--raw', '--subdir', 'DAGS_FOLDER/dbt_dag.py', '--cfg-path', '/tmp/tmpn34w5e4c']
[2025-11-14T15:30:34.640+0000] {standard_task_runner.py:85} INFO - Job 10: Subtask dbt_run
[2025-11-14T15:30:34.696+0000] {task_command.py:415} INFO - Running <TaskInstance: dbt_transform.dbt_run scheduled__2025-11-14T15:25:33.801254+00:00 [running]> on host 3f4da400579d
[2025-11-14T15:30:34.764+0000] {taskinstance.py:1660} INFO - Exporting env vars: AIRFLOW_CTX_DAG_OWNER='***' AIRFLOW_CTX_DAG_ID='dbt_transform' AIRFLOW_CTX_TASK_ID='dbt_run' AIRFLOW_CTX_EXECUTION_DATE='2025-11-14T15:25:33.801254+00:00' AIRFLOW_CTX_TRY_NUMBER='1' AIRFLOW_CTX_DAG_RUN_ID='scheduled__2025-11-14T15:25:33.801254+00:00'
[2025-11-14T15:30:34.765+0000] {subprocess.py:63} INFO - Tmp dir root location: /tmp
[2025-11-14T15:30:34.767+0000] {subprocess.py:75} INFO - Running command: ['/bin/bash', '-c', 'docker exec dbt_***_project-dbt-1 dbt run']
[2025-11-14T15:30:34.774+0000] {subprocess.py:86} INFO - Output:
[2025-11-14T15:30:35.860+0000] {subprocess.py:93} INFO - [0m15:30:35  Running with dbt=1.8.7
[2025-11-14T15:30:36.128+0000] {subprocess.py:93} INFO - [0m15:30:36  Registered adapter: sqlserver=1.8.7
[2025-11-14T15:30:38.040+0000] {subprocess.py:93} INFO - [0m15:30:38  Found 10 models, 18 data tests, 13 sources, 614 macros
[2025-11-14T15:30:38.045+0000] {subprocess.py:93} INFO - [0m15:30:38
[2025-11-14T15:30:38.194+0000] {subprocess.py:93} INFO - [0m15:30:38  Concurrency: 4 threads (target='dev')
[2025-11-14T15:30:38.195+0000] {subprocess.py:93} INFO - [0m15:30:38
[2025-11-14T15:30:38.201+0000] {subprocess.py:93} INFO - [0m15:30:38  1 of 10 START sql view model bronze.brnz_customers ............................. [RUN]
[2025-11-14T15:30:38.203+0000] {subprocess.py:93} INFO - [0m15:30:38  2 of 10 START sql view model bronze.brnz_example ............................... [RUN]
[2025-11-14T15:30:38.204+0000] {subprocess.py:93} INFO - [0m15:30:38  3 of 10 START sql view model bronze.brnz_products .............................. [RUN]
[2025-11-14T15:30:38.206+0000] {subprocess.py:93} INFO - [0m15:30:38  4 of 10 START sql view model bronze.brnz_sales_orders .......................... [RUN]
[2025-11-14T15:30:38.512+0000] {subprocess.py:93} INFO - [0m15:30:38  1 of 10 OK created sql view model bronze.brnz_customers ........................ [[32mOK[0m in 0.30s]
[2025-11-14T15:30:38.519+0000] {subprocess.py:93} INFO - [0m15:30:38  3 of 10 OK created sql view model bronze.brnz_products ......................... [[32mOK[0m in 0.30s]
[2025-11-14T15:30:38.521+0000] {subprocess.py:93} INFO - [0m15:30:38  2 of 10 OK created sql view model bronze.brnz_example .......................... [[32mOK[0m in 0.31s]
[2025-11-14T15:30:38.527+0000] {subprocess.py:93} INFO - [0m15:30:38  4 of 10 OK created sql view model bronze.brnz_sales_orders ..................... [[32mOK[0m in 0.31s]
[2025-11-14T15:30:38.529+0000] {subprocess.py:93} INFO - [0m15:30:38  5 of 10 START sql table model silver.slvr_customers ............................ [RUN]
[2025-11-14T15:30:38.536+0000] {subprocess.py:93} INFO - [0m15:30:38  6 of 10 START sql table model silver.slvr_products ............................. [RUN]
[2025-11-14T15:30:38.542+0000] {subprocess.py:93} INFO - [0m15:30:38  7 of 10 START sql table model silver.slvr_sales_orders ......................... [RUN]
[2025-11-14T15:30:38.839+0000] {subprocess.py:93} INFO - [0m15:30:38  6 of 10 OK created sql table model silver.slvr_products ........................ [[32mOK[0m in 0.30s]
[2025-11-14T15:30:38.862+0000] {subprocess.py:93} INFO - [0m15:30:38  5 of 10 OK created sql table model silver.slvr_customers ....................... [[32mOK[0m in 0.33s]
[2025-11-14T15:30:39.433+0000] {subprocess.py:93} INFO - [0m15:30:39  7 of 10 OK created sql table model silver.slvr_sales_orders .................... [[32mOK[0m in 0.88s]
[2025-11-14T15:30:39.437+0000] {subprocess.py:93} INFO - [0m15:30:39  8 of 10 START sql table model gold.gld_customer_metrics ........................ [RUN]
[2025-11-14T15:30:39.439+0000] {subprocess.py:93} INFO - [0m15:30:39  9 of 10 START sql table model gold.gld_product_performance ..................... [RUN]
[2025-11-14T15:30:39.440+0000] {subprocess.py:93} INFO - [0m15:30:39  10 of 10 START sql table model gold.gld_sales_summary .......................... [RUN]
[2025-11-14T15:30:39.997+0000] {subprocess.py:93} INFO - [0m15:30:39  10 of 10 OK created sql table model gold.gld_sales_summary ..................... [[32mOK[0m in 0.55s]
[2025-11-14T15:30:40.032+0000] {subprocess.py:93} INFO - [0m15:30:40  9 of 10 OK created sql table model gold.gld_product_performance ................ [[32mOK[0m in 0.59s]
[2025-11-14T15:30:40.187+0000] {subprocess.py:93} INFO - [0m15:30:40  8 of 10 OK created sql table model gold.gld_customer_metrics ................... [[32mOK[0m in 0.74s]
[2025-11-14T15:30:40.198+0000] {subprocess.py:93} INFO - [0m15:30:40
[2025-11-14T15:30:40.199+0000] {subprocess.py:93} INFO - [0m15:30:40  Finished running 4 view models, 6 table models in 0 hours 0 minutes and 2.15 seconds (2.15s).
[2025-11-14T15:30:40.268+0000] {subprocess.py:93} INFO - [0m15:30:40
[2025-11-14T15:30:40.270+0000] {subprocess.py:93} INFO - [0m15:30:40  [32mCompleted successfully[0m
[2025-11-14T15:30:40.272+0000] {subprocess.py:93} INFO - [0m15:30:40
[2025-11-14T15:30:40.273+0000] {subprocess.py:93} INFO - [0m15:30:40  Done. PASS=10 WARN=0 ERROR=0 SKIP=0 TOTAL=10
[2025-11-14T15:30:41.986+0000] {subprocess.py:97} INFO - Command exited with return code 0
[2025-11-14T15:30:42.011+0000] {taskinstance.py:1398} INFO - Marking task as SUCCESS. dag_id=dbt_transform, task_id=dbt_run, execution_date=20251114T152533, start_date=20251114T153034, end_date=20251114T153042
[2025-11-14T15:30:42.060+0000] {local_task_job_runner.py:228} INFO - Task exited with return code 0
[2025-11-14T15:30:42.078+0000] {taskinstance.py:2776} INFO - 1 downstream tasks scheduled from follow-on schedule check
