[2025-11-15T00:35:36.315+0000] {taskinstance.py:1157} INFO - Dependencies all met for dep_context=non-requeueable deps ti=<TaskInstance: dbt_transform.dbt_run scheduled__2025-11-15T00:30:35.634758+00:00 [queued]>
[2025-11-15T00:35:36.322+0000] {taskinstance.py:1157} INFO - Dependencies all met for dep_context=requeueable deps ti=<TaskInstance: dbt_transform.dbt_run scheduled__2025-11-15T00:30:35.634758+00:00 [queued]>
[2025-11-15T00:35:36.322+0000] {taskinstance.py:1359} INFO - Starting attempt 1 of 2
[2025-11-15T00:35:36.333+0000] {taskinstance.py:1380} INFO - Executing <Task(BashOperator): dbt_run> on 2025-11-15 00:30:35.634758+00:00
[2025-11-15T00:35:36.337+0000] {standard_task_runner.py:57} INFO - Started process 8643 to run task
[2025-11-15T00:35:36.340+0000] {standard_task_runner.py:84} INFO - Running: ['***', 'tasks', 'run', 'dbt_transform', 'dbt_run', 'scheduled__2025-11-15T00:30:35.634758+00:00', '--job-id', '230', '--raw', '--subdir', 'DAGS_FOLDER/dbt_dag.py', '--cfg-path', '/tmp/tmpnhc0pr7n']
[2025-11-15T00:35:36.343+0000] {standard_task_runner.py:85} INFO - Job 230: Subtask dbt_run
[2025-11-15T00:35:36.406+0000] {task_command.py:415} INFO - Running <TaskInstance: dbt_transform.dbt_run scheduled__2025-11-15T00:30:35.634758+00:00 [running]> on host 3f4da400579d
[2025-11-15T00:35:36.473+0000] {taskinstance.py:1660} INFO - Exporting env vars: AIRFLOW_CTX_DAG_OWNER='***' AIRFLOW_CTX_DAG_ID='dbt_transform' AIRFLOW_CTX_TASK_ID='dbt_run' AIRFLOW_CTX_EXECUTION_DATE='2025-11-15T00:30:35.634758+00:00' AIRFLOW_CTX_TRY_NUMBER='1' AIRFLOW_CTX_DAG_RUN_ID='scheduled__2025-11-15T00:30:35.634758+00:00'
[2025-11-15T00:35:36.475+0000] {subprocess.py:63} INFO - Tmp dir root location: /tmp
[2025-11-15T00:35:36.476+0000] {subprocess.py:75} INFO - Running command: ['/bin/bash', '-c', 'docker exec dbt_***_project-dbt-1 dbt run']
[2025-11-15T00:35:36.484+0000] {subprocess.py:86} INFO - Output:
[2025-11-15T00:35:37.987+0000] {subprocess.py:93} INFO - [0m00:35:37  Running with dbt=1.8.7
[2025-11-15T00:35:38.317+0000] {subprocess.py:93} INFO - [0m00:35:38  Registered adapter: sqlserver=1.8.7
[2025-11-15T00:35:39.813+0000] {subprocess.py:93} INFO - [0m00:35:39  Found 10 models, 18 data tests, 13 sources, 614 macros
[2025-11-15T00:35:39.816+0000] {subprocess.py:93} INFO - [0m00:35:39
[2025-11-15T00:35:40.001+0000] {subprocess.py:93} INFO - [0m00:35:40  Concurrency: 4 threads (target='dev')
[2025-11-15T00:35:40.002+0000] {subprocess.py:93} INFO - [0m00:35:40
[2025-11-15T00:35:40.010+0000] {subprocess.py:93} INFO - [0m00:35:40  1 of 10 START sql view model bronze.brnz_customers ............................. [RUN]
[2025-11-15T00:35:40.011+0000] {subprocess.py:93} INFO - [0m00:35:40  2 of 10 START sql view model bronze.brnz_example ............................... [RUN]
[2025-11-15T00:35:40.013+0000] {subprocess.py:93} INFO - [0m00:35:40  3 of 10 START sql view model bronze.brnz_products .............................. [RUN]
[2025-11-15T00:35:40.014+0000] {subprocess.py:93} INFO - [0m00:35:40  4 of 10 START sql view model bronze.brnz_sales_orders .......................... [RUN]
[2025-11-15T00:35:40.351+0000] {subprocess.py:93} INFO - [0m00:35:40  3 of 10 OK created sql view model bronze.brnz_products ......................... [[32mOK[0m in 0.33s]
[2025-11-15T00:35:40.356+0000] {subprocess.py:93} INFO - [0m00:35:40  2 of 10 OK created sql view model bronze.brnz_example .......................... [[32mOK[0m in 0.34s]
[2025-11-15T00:35:40.357+0000] {subprocess.py:93} INFO - [0m00:35:40  1 of 10 OK created sql view model bronze.brnz_customers ........................ [[32mOK[0m in 0.34s]
[2025-11-15T00:35:40.358+0000] {subprocess.py:93} INFO - [0m00:35:40  4 of 10 OK created sql view model bronze.brnz_sales_orders ..................... [[32mOK[0m in 0.33s]
[2025-11-15T00:35:40.364+0000] {subprocess.py:93} INFO - [0m00:35:40  5 of 10 START sql table model silver.slvr_products ............................. [RUN]
[2025-11-15T00:35:40.370+0000] {subprocess.py:93} INFO - [0m00:35:40  6 of 10 START sql table model silver.slvr_customers ............................ [RUN]
[2025-11-15T00:35:40.372+0000] {subprocess.py:93} INFO - [0m00:35:40  7 of 10 START sql table model silver.slvr_sales_orders ......................... [RUN]
[2025-11-15T00:35:40.665+0000] {subprocess.py:93} INFO - [0m00:35:40  5 of 10 OK created sql table model silver.slvr_products ........................ [[32mOK[0m in 0.29s]
[2025-11-15T00:35:40.693+0000] {subprocess.py:93} INFO - [0m00:35:40  6 of 10 OK created sql table model silver.slvr_customers ....................... [[32mOK[0m in 0.32s]
[2025-11-15T00:35:41.257+0000] {subprocess.py:93} INFO - [0m00:35:41  7 of 10 OK created sql table model silver.slvr_sales_orders .................... [[32mOK[0m in 0.88s]
[2025-11-15T00:35:41.262+0000] {subprocess.py:93} INFO - [0m00:35:41  8 of 10 START sql table model gold.gld_customer_metrics ........................ [RUN]
[2025-11-15T00:35:41.263+0000] {subprocess.py:93} INFO - [0m00:35:41  9 of 10 START sql table model gold.gld_product_performance ..................... [RUN]
[2025-11-15T00:35:41.264+0000] {subprocess.py:93} INFO - [0m00:35:41  10 of 10 START sql table model gold.gld_sales_summary .......................... [RUN]
[2025-11-15T00:35:41.705+0000] {subprocess.py:93} INFO - [0m00:35:41  10 of 10 OK created sql table model gold.gld_sales_summary ..................... [[32mOK[0m in 0.44s]
[2025-11-15T00:35:41.885+0000] {subprocess.py:93} INFO - [0m00:35:41  9 of 10 OK created sql table model gold.gld_product_performance ................ [[32mOK[0m in 0.61s]
[2025-11-15T00:35:41.904+0000] {subprocess.py:93} INFO - [0m00:35:41  8 of 10 OK created sql table model gold.gld_customer_metrics ................... [[32mOK[0m in 0.64s]
[2025-11-15T00:35:41.914+0000] {subprocess.py:93} INFO - [0m00:35:41
[2025-11-15T00:35:41.915+0000] {subprocess.py:93} INFO - [0m00:35:41  Finished running 4 view models, 6 table models in 0 hours 0 minutes and 2.10 seconds (2.10s).
[2025-11-15T00:35:41.989+0000] {subprocess.py:93} INFO - [0m00:35:41
[2025-11-15T00:35:41.990+0000] {subprocess.py:93} INFO - [0m00:35:41  [32mCompleted successfully[0m
[2025-11-15T00:35:41.991+0000] {subprocess.py:93} INFO - [0m00:35:41
[2025-11-15T00:35:41.993+0000] {subprocess.py:93} INFO - [0m00:35:41  Done. PASS=10 WARN=0 ERROR=0 SKIP=0 TOTAL=10
[2025-11-15T00:35:43.931+0000] {subprocess.py:97} INFO - Command exited with return code 0
[2025-11-15T00:35:43.949+0000] {taskinstance.py:1398} INFO - Marking task as SUCCESS. dag_id=dbt_transform, task_id=dbt_run, execution_date=20251115T003035, start_date=20251115T003536, end_date=20251115T003543
[2025-11-15T00:35:43.988+0000] {local_task_job_runner.py:228} INFO - Task exited with return code 0
[2025-11-15T00:35:44.005+0000] {taskinstance.py:2776} INFO - 1 downstream tasks scheduled from follow-on schedule check
