[2025-11-14T19:40:37.168+0000] {taskinstance.py:1157} INFO - Dependencies all met for dep_context=non-requeueable deps ti=<TaskInstance: dbt_transform.dbt_run scheduled__2025-11-14T19:35:35.634758+00:00 [queued]>
[2025-11-14T19:40:37.174+0000] {taskinstance.py:1157} INFO - Dependencies all met for dep_context=requeueable deps ti=<TaskInstance: dbt_transform.dbt_run scheduled__2025-11-14T19:35:35.634758+00:00 [queued]>
[2025-11-14T19:40:37.175+0000] {taskinstance.py:1359} INFO - Starting attempt 1 of 2
[2025-11-14T19:40:37.185+0000] {taskinstance.py:1380} INFO - Executing <Task(BashOperator): dbt_run> on 2025-11-14 19:35:35.634758+00:00
[2025-11-14T19:40:37.189+0000] {standard_task_runner.py:57} INFO - Started process 4293 to run task
[2025-11-14T19:40:37.191+0000] {standard_task_runner.py:84} INFO - Running: ['***', 'tasks', 'run', 'dbt_transform', 'dbt_run', 'scheduled__2025-11-14T19:35:35.634758+00:00', '--job-id', '112', '--raw', '--subdir', 'DAGS_FOLDER/dbt_dag.py', '--cfg-path', '/tmp/tmp8tv53yqo']
[2025-11-14T19:40:37.194+0000] {standard_task_runner.py:85} INFO - Job 112: Subtask dbt_run
[2025-11-14T19:40:37.257+0000] {task_command.py:415} INFO - Running <TaskInstance: dbt_transform.dbt_run scheduled__2025-11-14T19:35:35.634758+00:00 [running]> on host 3f4da400579d
[2025-11-14T19:40:37.319+0000] {taskinstance.py:1660} INFO - Exporting env vars: AIRFLOW_CTX_DAG_OWNER='***' AIRFLOW_CTX_DAG_ID='dbt_transform' AIRFLOW_CTX_TASK_ID='dbt_run' AIRFLOW_CTX_EXECUTION_DATE='2025-11-14T19:35:35.634758+00:00' AIRFLOW_CTX_TRY_NUMBER='1' AIRFLOW_CTX_DAG_RUN_ID='scheduled__2025-11-14T19:35:35.634758+00:00'
[2025-11-14T19:40:37.321+0000] {subprocess.py:63} INFO - Tmp dir root location: /tmp
[2025-11-14T19:40:37.322+0000] {subprocess.py:75} INFO - Running command: ['/bin/bash', '-c', 'docker exec dbt_***_project-dbt-1 dbt run']
[2025-11-14T19:40:37.330+0000] {subprocess.py:86} INFO - Output:
[2025-11-14T19:40:38.863+0000] {subprocess.py:93} INFO - [0m19:40:38  Running with dbt=1.8.7
[2025-11-14T19:40:39.203+0000] {subprocess.py:93} INFO - [0m19:40:39  Registered adapter: sqlserver=1.8.7
[2025-11-14T19:40:40.633+0000] {subprocess.py:93} INFO - [0m19:40:40  Found 10 models, 18 data tests, 13 sources, 614 macros
[2025-11-14T19:40:40.637+0000] {subprocess.py:93} INFO - [0m19:40:40
[2025-11-14T19:40:40.819+0000] {subprocess.py:93} INFO - [0m19:40:40  Concurrency: 4 threads (target='dev')
[2025-11-14T19:40:40.821+0000] {subprocess.py:93} INFO - [0m19:40:40
[2025-11-14T19:40:40.828+0000] {subprocess.py:93} INFO - [0m19:40:40  1 of 10 START sql view model bronze.brnz_customers ............................. [RUN]
[2025-11-14T19:40:40.829+0000] {subprocess.py:93} INFO - [0m19:40:40  2 of 10 START sql view model bronze.brnz_example ............................... [RUN]
[2025-11-14T19:40:40.830+0000] {subprocess.py:93} INFO - [0m19:40:40  3 of 10 START sql view model bronze.brnz_products .............................. [RUN]
[2025-11-14T19:40:40.831+0000] {subprocess.py:93} INFO - [0m19:40:40  4 of 10 START sql view model bronze.brnz_sales_orders .......................... [RUN]
[2025-11-14T19:40:41.128+0000] {subprocess.py:93} INFO - [0m19:40:41  3 of 10 OK created sql view model bronze.brnz_products ......................... [[32mOK[0m in 0.28s]
[2025-11-14T19:40:41.131+0000] {subprocess.py:93} INFO - [0m19:40:41  1 of 10 OK created sql view model bronze.brnz_customers ........................ [[32mOK[0m in 0.29s]
[2025-11-14T19:40:41.134+0000] {subprocess.py:93} INFO - [0m19:40:41  2 of 10 OK created sql view model bronze.brnz_example .......................... [[32mOK[0m in 0.29s]
[2025-11-14T19:40:41.140+0000] {subprocess.py:93} INFO - [0m19:40:41  4 of 10 OK created sql view model bronze.brnz_sales_orders ..................... [[32mOK[0m in 0.30s]
[2025-11-14T19:40:41.150+0000] {subprocess.py:93} INFO - [0m19:40:41  5 of 10 START sql table model silver.slvr_products ............................. [RUN]
[2025-11-14T19:40:41.152+0000] {subprocess.py:93} INFO - [0m19:40:41  6 of 10 START sql table model silver.slvr_customers ............................ [RUN]
[2025-11-14T19:40:41.159+0000] {subprocess.py:93} INFO - [0m19:40:41  7 of 10 START sql table model silver.slvr_sales_orders ......................... [RUN]
[2025-11-14T19:40:41.534+0000] {subprocess.py:93} INFO - [0m19:40:41  5 of 10 OK created sql table model silver.slvr_products ........................ [[32mOK[0m in 0.38s]
[2025-11-14T19:40:41.548+0000] {subprocess.py:93} INFO - [0m19:40:41  6 of 10 OK created sql table model silver.slvr_customers ....................... [[32mOK[0m in 0.39s]
[2025-11-14T19:40:42.070+0000] {subprocess.py:93} INFO - [0m19:40:42  7 of 10 OK created sql table model silver.slvr_sales_orders .................... [[32mOK[0m in 0.91s]
[2025-11-14T19:40:42.075+0000] {subprocess.py:93} INFO - [0m19:40:42  8 of 10 START sql table model gold.gld_customer_metrics ........................ [RUN]
[2025-11-14T19:40:42.077+0000] {subprocess.py:93} INFO - [0m19:40:42  9 of 10 START sql table model gold.gld_product_performance ..................... [RUN]
[2025-11-14T19:40:42.079+0000] {subprocess.py:93} INFO - [0m19:40:42  10 of 10 START sql table model gold.gld_sales_summary .......................... [RUN]
[2025-11-14T19:40:42.444+0000] {subprocess.py:93} INFO - [0m19:40:42  10 of 10 OK created sql table model gold.gld_sales_summary ..................... [[32mOK[0m in 0.36s]
[2025-11-14T19:40:42.701+0000] {subprocess.py:93} INFO - [0m19:40:42  8 of 10 OK created sql table model gold.gld_customer_metrics ................... [[32mOK[0m in 0.62s]
[2025-11-14T19:40:42.710+0000] {subprocess.py:93} INFO - [0m19:40:42  9 of 10 OK created sql table model gold.gld_product_performance ................ [[32mOK[0m in 0.63s]
[2025-11-14T19:40:42.721+0000] {subprocess.py:93} INFO - [0m19:40:42
[2025-11-14T19:40:42.723+0000] {subprocess.py:93} INFO - [0m19:40:42  Finished running 4 view models, 6 table models in 0 hours 0 minutes and 2.08 seconds (2.08s).
[2025-11-14T19:40:42.793+0000] {subprocess.py:93} INFO - [0m19:40:42
[2025-11-14T19:40:42.795+0000] {subprocess.py:93} INFO - [0m19:40:42  [32mCompleted successfully[0m
[2025-11-14T19:40:42.797+0000] {subprocess.py:93} INFO - [0m19:40:42
[2025-11-14T19:40:42.797+0000] {subprocess.py:93} INFO - [0m19:40:42  Done. PASS=10 WARN=0 ERROR=0 SKIP=0 TOTAL=10
[2025-11-14T19:40:43.258+0000] {subprocess.py:97} INFO - Command exited with return code 0
[2025-11-14T19:40:43.275+0000] {taskinstance.py:1398} INFO - Marking task as SUCCESS. dag_id=dbt_transform, task_id=dbt_run, execution_date=20251114T193535, start_date=20251114T194037, end_date=20251114T194043
[2025-11-14T19:40:43.308+0000] {local_task_job_runner.py:228} INFO - Task exited with return code 0
[2025-11-14T19:40:43.325+0000] {taskinstance.py:2776} INFO - 1 downstream tasks scheduled from follow-on schedule check
