[2025-11-14T21:50:37.137+0000] {taskinstance.py:1157} INFO - Dependencies all met for dep_context=non-requeueable deps ti=<TaskInstance: dbt_transform.dbt_run scheduled__2025-11-14T21:45:35.634758+00:00 [queued]>
[2025-11-14T21:50:37.143+0000] {taskinstance.py:1157} INFO - Dependencies all met for dep_context=requeueable deps ti=<TaskInstance: dbt_transform.dbt_run scheduled__2025-11-14T21:45:35.634758+00:00 [queued]>
[2025-11-14T21:50:37.143+0000] {taskinstance.py:1359} INFO - Starting attempt 1 of 2
[2025-11-14T21:50:37.153+0000] {taskinstance.py:1380} INFO - Executing <Task(BashOperator): dbt_run> on 2025-11-14 21:45:35.634758+00:00
[2025-11-14T21:50:37.157+0000] {standard_task_runner.py:57} INFO - Started process 6214 to run task
[2025-11-14T21:50:37.160+0000] {standard_task_runner.py:84} INFO - Running: ['***', 'tasks', 'run', 'dbt_transform', 'dbt_run', 'scheduled__2025-11-14T21:45:35.634758+00:00', '--job-id', '164', '--raw', '--subdir', 'DAGS_FOLDER/dbt_dag.py', '--cfg-path', '/tmp/tmpqlw49_58']
[2025-11-14T21:50:37.163+0000] {standard_task_runner.py:85} INFO - Job 164: Subtask dbt_run
[2025-11-14T21:50:37.223+0000] {task_command.py:415} INFO - Running <TaskInstance: dbt_transform.dbt_run scheduled__2025-11-14T21:45:35.634758+00:00 [running]> on host 3f4da400579d
[2025-11-14T21:50:37.286+0000] {taskinstance.py:1660} INFO - Exporting env vars: AIRFLOW_CTX_DAG_OWNER='***' AIRFLOW_CTX_DAG_ID='dbt_transform' AIRFLOW_CTX_TASK_ID='dbt_run' AIRFLOW_CTX_EXECUTION_DATE='2025-11-14T21:45:35.634758+00:00' AIRFLOW_CTX_TRY_NUMBER='1' AIRFLOW_CTX_DAG_RUN_ID='scheduled__2025-11-14T21:45:35.634758+00:00'
[2025-11-14T21:50:37.287+0000] {subprocess.py:63} INFO - Tmp dir root location: /tmp
[2025-11-14T21:50:37.289+0000] {subprocess.py:75} INFO - Running command: ['/bin/bash', '-c', 'docker exec dbt_***_project-dbt-1 dbt run']
[2025-11-14T21:50:37.296+0000] {subprocess.py:86} INFO - Output:
[2025-11-14T21:50:38.769+0000] {subprocess.py:93} INFO - [0m21:50:38  Running with dbt=1.8.7
[2025-11-14T21:50:39.119+0000] {subprocess.py:93} INFO - [0m21:50:39  Registered adapter: sqlserver=1.8.7
[2025-11-14T21:50:40.411+0000] {subprocess.py:93} INFO - [0m21:50:40  Found 10 models, 18 data tests, 13 sources, 614 macros
[2025-11-14T21:50:40.416+0000] {subprocess.py:93} INFO - [0m21:50:40
[2025-11-14T21:50:40.604+0000] {subprocess.py:93} INFO - [0m21:50:40  Concurrency: 4 threads (target='dev')
[2025-11-14T21:50:40.605+0000] {subprocess.py:93} INFO - [0m21:50:40
[2025-11-14T21:50:40.611+0000] {subprocess.py:93} INFO - [0m21:50:40  1 of 10 START sql view model bronze.brnz_customers ............................. [RUN]
[2025-11-14T21:50:40.612+0000] {subprocess.py:93} INFO - [0m21:50:40  2 of 10 START sql view model bronze.brnz_example ............................... [RUN]
[2025-11-14T21:50:40.613+0000] {subprocess.py:93} INFO - [0m21:50:40  3 of 10 START sql view model bronze.brnz_products .............................. [RUN]
[2025-11-14T21:50:40.615+0000] {subprocess.py:93} INFO - [0m21:50:40  4 of 10 START sql view model bronze.brnz_sales_orders .......................... [RUN]
[2025-11-14T21:50:40.888+0000] {subprocess.py:93} INFO - [0m21:50:40  1 of 10 OK created sql view model bronze.brnz_customers ........................ [[32mOK[0m in 0.27s]
[2025-11-14T21:50:40.892+0000] {subprocess.py:93} INFO - [0m21:50:40  2 of 10 OK created sql view model bronze.brnz_example .......................... [[32mOK[0m in 0.27s]
[2025-11-14T21:50:40.902+0000] {subprocess.py:93} INFO - [0m21:50:40  5 of 10 START sql table model silver.slvr_customers ............................ [RUN]
[2025-11-14T21:50:40.911+0000] {subprocess.py:93} INFO - [0m21:50:40  3 of 10 OK created sql view model bronze.brnz_products ......................... [[32mOK[0m in 0.29s]
[2025-11-14T21:50:40.913+0000] {subprocess.py:93} INFO - [0m21:50:40  4 of 10 OK created sql view model bronze.brnz_sales_orders ..................... [[32mOK[0m in 0.29s]
[2025-11-14T21:50:40.924+0000] {subprocess.py:93} INFO - [0m21:50:40  6 of 10 START sql table model silver.slvr_products ............................. [RUN]
[2025-11-14T21:50:40.925+0000] {subprocess.py:93} INFO - [0m21:50:40  7 of 10 START sql table model silver.slvr_sales_orders ......................... [RUN]
[2025-11-14T21:50:41.156+0000] {subprocess.py:93} INFO - [0m21:50:41  6 of 10 OK created sql table model silver.slvr_products ........................ [[32mOK[0m in 0.23s]
[2025-11-14T21:50:41.214+0000] {subprocess.py:93} INFO - [0m21:50:41  5 of 10 OK created sql table model silver.slvr_customers ....................... [[32mOK[0m in 0.31s]
[2025-11-14T21:50:41.801+0000] {subprocess.py:93} INFO - [0m21:50:41  7 of 10 OK created sql table model silver.slvr_sales_orders .................... [[32mOK[0m in 0.87s]
[2025-11-14T21:50:41.806+0000] {subprocess.py:93} INFO - [0m21:50:41  8 of 10 START sql table model gold.gld_customer_metrics ........................ [RUN]
[2025-11-14T21:50:41.807+0000] {subprocess.py:93} INFO - [0m21:50:41  9 of 10 START sql table model gold.gld_product_performance ..................... [RUN]
[2025-11-14T21:50:41.808+0000] {subprocess.py:93} INFO - [0m21:50:41  10 of 10 START sql table model gold.gld_sales_summary .......................... [RUN]
[2025-11-14T21:50:42.273+0000] {subprocess.py:93} INFO - [0m21:50:42  10 of 10 OK created sql table model gold.gld_sales_summary ..................... [[32mOK[0m in 0.46s]
[2025-11-14T21:50:42.345+0000] {subprocess.py:93} INFO - [0m21:50:42  8 of 10 OK created sql table model gold.gld_customer_metrics ................... [[32mOK[0m in 0.53s]
[2025-11-14T21:50:42.370+0000] {subprocess.py:93} INFO - [0m21:50:42  9 of 10 OK created sql table model gold.gld_product_performance ................ [[32mOK[0m in 0.56s]
[2025-11-14T21:50:42.380+0000] {subprocess.py:93} INFO - [0m21:50:42
[2025-11-14T21:50:42.381+0000] {subprocess.py:93} INFO - [0m21:50:42  Finished running 4 view models, 6 table models in 0 hours 0 minutes and 1.96 seconds (1.96s).
[2025-11-14T21:50:42.446+0000] {subprocess.py:93} INFO - [0m21:50:42
[2025-11-14T21:50:42.448+0000] {subprocess.py:93} INFO - [0m21:50:42  [32mCompleted successfully[0m
[2025-11-14T21:50:42.449+0000] {subprocess.py:93} INFO - [0m21:50:42
[2025-11-14T21:50:42.450+0000] {subprocess.py:93} INFO - [0m21:50:42  Done. PASS=10 WARN=0 ERROR=0 SKIP=0 TOTAL=10
[2025-11-14T21:50:44.487+0000] {subprocess.py:97} INFO - Command exited with return code 0
[2025-11-14T21:50:44.507+0000] {taskinstance.py:1398} INFO - Marking task as SUCCESS. dag_id=dbt_transform, task_id=dbt_run, execution_date=20251114T214535, start_date=20251114T215037, end_date=20251114T215044
[2025-11-14T21:50:44.521+0000] {local_task_job_runner.py:228} INFO - Task exited with return code 0
[2025-11-14T21:50:44.536+0000] {taskinstance.py:2776} INFO - 1 downstream tasks scheduled from follow-on schedule check
