[2025-11-14T21:10:36.416+0000] {taskinstance.py:1157} INFO - Dependencies all met for dep_context=non-requeueable deps ti=<TaskInstance: dbt_transform.dbt_run scheduled__2025-11-14T21:05:35.634758+00:00 [queued]>
[2025-11-14T21:10:36.422+0000] {taskinstance.py:1157} INFO - Dependencies all met for dep_context=requeueable deps ti=<TaskInstance: dbt_transform.dbt_run scheduled__2025-11-14T21:05:35.634758+00:00 [queued]>
[2025-11-14T21:10:36.422+0000] {taskinstance.py:1359} INFO - Starting attempt 1 of 2
[2025-11-14T21:10:36.431+0000] {taskinstance.py:1380} INFO - Executing <Task(BashOperator): dbt_run> on 2025-11-14 21:05:35.634758+00:00
[2025-11-14T21:10:36.434+0000] {standard_task_runner.py:57} INFO - Started process 5623 to run task
[2025-11-14T21:10:36.437+0000] {standard_task_runner.py:84} INFO - Running: ['***', 'tasks', 'run', 'dbt_transform', 'dbt_run', 'scheduled__2025-11-14T21:05:35.634758+00:00', '--job-id', '148', '--raw', '--subdir', 'DAGS_FOLDER/dbt_dag.py', '--cfg-path', '/tmp/tmpexhq_ozm']
[2025-11-14T21:10:36.439+0000] {standard_task_runner.py:85} INFO - Job 148: Subtask dbt_run
[2025-11-14T21:10:36.504+0000] {task_command.py:415} INFO - Running <TaskInstance: dbt_transform.dbt_run scheduled__2025-11-14T21:05:35.634758+00:00 [running]> on host 3f4da400579d
[2025-11-14T21:10:36.569+0000] {taskinstance.py:1660} INFO - Exporting env vars: AIRFLOW_CTX_DAG_OWNER='***' AIRFLOW_CTX_DAG_ID='dbt_transform' AIRFLOW_CTX_TASK_ID='dbt_run' AIRFLOW_CTX_EXECUTION_DATE='2025-11-14T21:05:35.634758+00:00' AIRFLOW_CTX_TRY_NUMBER='1' AIRFLOW_CTX_DAG_RUN_ID='scheduled__2025-11-14T21:05:35.634758+00:00'
[2025-11-14T21:10:36.570+0000] {subprocess.py:63} INFO - Tmp dir root location: /tmp
[2025-11-14T21:10:36.572+0000] {subprocess.py:75} INFO - Running command: ['/bin/bash', '-c', 'docker exec dbt_***_project-dbt-1 dbt run']
[2025-11-14T21:10:36.580+0000] {subprocess.py:86} INFO - Output:
[2025-11-14T21:10:38.048+0000] {subprocess.py:93} INFO - [0m21:10:38  Running with dbt=1.8.7
[2025-11-14T21:10:38.392+0000] {subprocess.py:93} INFO - [0m21:10:38  Registered adapter: sqlserver=1.8.7
[2025-11-14T21:10:39.552+0000] {subprocess.py:93} INFO - [0m21:10:39  Found 10 models, 18 data tests, 13 sources, 614 macros
[2025-11-14T21:10:39.556+0000] {subprocess.py:93} INFO - [0m21:10:39
[2025-11-14T21:10:39.729+0000] {subprocess.py:93} INFO - [0m21:10:39  Concurrency: 4 threads (target='dev')
[2025-11-14T21:10:39.730+0000] {subprocess.py:93} INFO - [0m21:10:39
[2025-11-14T21:10:39.736+0000] {subprocess.py:93} INFO - [0m21:10:39  1 of 10 START sql view model bronze.brnz_customers ............................. [RUN]
[2025-11-14T21:10:39.738+0000] {subprocess.py:93} INFO - [0m21:10:39  2 of 10 START sql view model bronze.brnz_example ............................... [RUN]
[2025-11-14T21:10:39.739+0000] {subprocess.py:93} INFO - [0m21:10:39  3 of 10 START sql view model bronze.brnz_products .............................. [RUN]
[2025-11-14T21:10:39.740+0000] {subprocess.py:93} INFO - [0m21:10:39  4 of 10 START sql view model bronze.brnz_sales_orders .......................... [RUN]
[2025-11-14T21:10:40.038+0000] {subprocess.py:93} INFO - [0m21:10:40  3 of 10 OK created sql view model bronze.brnz_products ......................... [[32mOK[0m in 0.29s]
[2025-11-14T21:10:40.041+0000] {subprocess.py:93} INFO - [0m21:10:40  4 of 10 OK created sql view model bronze.brnz_sales_orders ..................... [[32mOK[0m in 0.29s]
[2025-11-14T21:10:40.042+0000] {subprocess.py:93} INFO - [0m21:10:40  1 of 10 OK created sql view model bronze.brnz_customers ........................ [[32mOK[0m in 0.29s]
[2025-11-14T21:10:40.044+0000] {subprocess.py:93} INFO - [0m21:10:40  2 of 10 OK created sql view model bronze.brnz_example .......................... [[32mOK[0m in 0.30s]
[2025-11-14T21:10:40.052+0000] {subprocess.py:93} INFO - [0m21:10:40  5 of 10 START sql table model silver.slvr_products ............................. [RUN]
[2025-11-14T21:10:40.054+0000] {subprocess.py:93} INFO - [0m21:10:40  6 of 10 START sql table model silver.slvr_sales_orders ......................... [RUN]
[2025-11-14T21:10:40.056+0000] {subprocess.py:93} INFO - [0m21:10:40  7 of 10 START sql table model silver.slvr_customers ............................ [RUN]
[2025-11-14T21:10:40.329+0000] {subprocess.py:93} INFO - [0m21:10:40  5 of 10 OK created sql table model silver.slvr_products ........................ [[32mOK[0m in 0.27s]
[2025-11-14T21:10:40.411+0000] {subprocess.py:93} INFO - [0m21:10:40  7 of 10 OK created sql table model silver.slvr_customers ....................... [[32mOK[0m in 0.35s]
[2025-11-14T21:10:40.977+0000] {subprocess.py:93} INFO - [0m21:10:40  6 of 10 OK created sql table model silver.slvr_sales_orders .................... [[32mOK[0m in 0.92s]
[2025-11-14T21:10:40.982+0000] {subprocess.py:93} INFO - [0m21:10:40  8 of 10 START sql table model gold.gld_customer_metrics ........................ [RUN]
[2025-11-14T21:10:40.983+0000] {subprocess.py:93} INFO - [0m21:10:40  9 of 10 START sql table model gold.gld_product_performance ..................... [RUN]
[2025-11-14T21:10:40.984+0000] {subprocess.py:93} INFO - [0m21:10:40  10 of 10 START sql table model gold.gld_sales_summary .......................... [RUN]
[2025-11-14T21:10:41.506+0000] {subprocess.py:93} INFO - [0m21:10:41  8 of 10 OK created sql table model gold.gld_customer_metrics ................... [[32mOK[0m in 0.52s]
[2025-11-14T21:10:41.786+0000] {subprocess.py:93} INFO - [0m21:10:41  10 of 10 OK created sql table model gold.gld_sales_summary ..................... [[32mOK[0m in 0.80s]
[2025-11-14T21:10:41.795+0000] {subprocess.py:93} INFO - [0m21:10:41  9 of 10 OK created sql table model gold.gld_product_performance ................ [[32mOK[0m in 0.81s]
[2025-11-14T21:10:41.804+0000] {subprocess.py:93} INFO - [0m21:10:41
[2025-11-14T21:10:41.805+0000] {subprocess.py:93} INFO - [0m21:10:41  Finished running 4 view models, 6 table models in 0 hours 0 minutes and 2.25 seconds (2.25s).
[2025-11-14T21:10:41.869+0000] {subprocess.py:93} INFO - [0m21:10:41
[2025-11-14T21:10:41.870+0000] {subprocess.py:93} INFO - [0m21:10:41  [32mCompleted successfully[0m
[2025-11-14T21:10:41.872+0000] {subprocess.py:93} INFO - [0m21:10:41
[2025-11-14T21:10:41.874+0000] {subprocess.py:93} INFO - [0m21:10:41  Done. PASS=10 WARN=0 ERROR=0 SKIP=0 TOTAL=10
[2025-11-14T21:10:42.436+0000] {subprocess.py:97} INFO - Command exited with return code 0
[2025-11-14T21:10:42.457+0000] {taskinstance.py:1398} INFO - Marking task as SUCCESS. dag_id=dbt_transform, task_id=dbt_run, execution_date=20251114T210535, start_date=20251114T211036, end_date=20251114T211042
[2025-11-14T21:10:42.504+0000] {local_task_job_runner.py:228} INFO - Task exited with return code 0
[2025-11-14T21:10:42.518+0000] {taskinstance.py:2776} INFO - 1 downstream tasks scheduled from follow-on schedule check
