[2025-11-14T16:50:37.030+0000] {taskinstance.py:1157} INFO - Dependencies all met for dep_context=non-requeueable deps ti=<TaskInstance: dbt_transform.dbt_run scheduled__2025-11-14T16:45:35.634758+00:00 [queued]>
[2025-11-14T16:50:37.036+0000] {taskinstance.py:1157} INFO - Dependencies all met for dep_context=requeueable deps ti=<TaskInstance: dbt_transform.dbt_run scheduled__2025-11-14T16:45:35.634758+00:00 [queued]>
[2025-11-14T16:50:37.037+0000] {taskinstance.py:1359} INFO - Starting attempt 1 of 2
[2025-11-14T16:50:37.046+0000] {taskinstance.py:1380} INFO - Executing <Task(BashOperator): dbt_run> on 2025-11-14 16:45:35.634758+00:00
[2025-11-14T16:50:37.050+0000] {standard_task_runner.py:57} INFO - Started process 1780 to run task
[2025-11-14T16:50:37.052+0000] {standard_task_runner.py:84} INFO - Running: ['***', 'tasks', 'run', 'dbt_transform', 'dbt_run', 'scheduled__2025-11-14T16:45:35.634758+00:00', '--job-id', '44', '--raw', '--subdir', 'DAGS_FOLDER/dbt_dag.py', '--cfg-path', '/tmp/tmpc1ogy116']
[2025-11-14T16:50:37.055+0000] {standard_task_runner.py:85} INFO - Job 44: Subtask dbt_run
[2025-11-14T16:50:37.113+0000] {task_command.py:415} INFO - Running <TaskInstance: dbt_transform.dbt_run scheduled__2025-11-14T16:45:35.634758+00:00 [running]> on host 3f4da400579d
[2025-11-14T16:50:37.175+0000] {taskinstance.py:1660} INFO - Exporting env vars: AIRFLOW_CTX_DAG_OWNER='***' AIRFLOW_CTX_DAG_ID='dbt_transform' AIRFLOW_CTX_TASK_ID='dbt_run' AIRFLOW_CTX_EXECUTION_DATE='2025-11-14T16:45:35.634758+00:00' AIRFLOW_CTX_TRY_NUMBER='1' AIRFLOW_CTX_DAG_RUN_ID='scheduled__2025-11-14T16:45:35.634758+00:00'
[2025-11-14T16:50:37.177+0000] {subprocess.py:63} INFO - Tmp dir root location: /tmp
[2025-11-14T16:50:37.179+0000] {subprocess.py:75} INFO - Running command: ['/bin/bash', '-c', 'docker exec dbt_***_project-dbt-1 dbt run']
[2025-11-14T16:50:37.187+0000] {subprocess.py:86} INFO - Output:
[2025-11-14T16:50:37.854+0000] {subprocess.py:93} INFO - [0m16:50:37  Running with dbt=1.8.7
[2025-11-14T16:50:38.214+0000] {subprocess.py:93} INFO - [0m16:50:38  Registered adapter: sqlserver=1.8.7
[2025-11-14T16:50:39.647+0000] {subprocess.py:93} INFO - [0m16:50:39  Found 10 models, 18 data tests, 13 sources, 614 macros
[2025-11-14T16:50:39.652+0000] {subprocess.py:93} INFO - [0m16:50:39
[2025-11-14T16:50:39.816+0000] {subprocess.py:93} INFO - [0m16:50:39  Concurrency: 4 threads (target='dev')
[2025-11-14T16:50:39.817+0000] {subprocess.py:93} INFO - [0m16:50:39
[2025-11-14T16:50:39.824+0000] {subprocess.py:93} INFO - [0m16:50:39  1 of 10 START sql view model bronze.brnz_customers ............................. [RUN]
[2025-11-14T16:50:39.826+0000] {subprocess.py:93} INFO - [0m16:50:39  2 of 10 START sql view model bronze.brnz_example ............................... [RUN]
[2025-11-14T16:50:39.828+0000] {subprocess.py:93} INFO - [0m16:50:39  3 of 10 START sql view model bronze.brnz_products .............................. [RUN]
[2025-11-14T16:50:39.829+0000] {subprocess.py:93} INFO - [0m16:50:39  4 of 10 START sql view model bronze.brnz_sales_orders .......................... [RUN]
[2025-11-14T16:50:40.122+0000] {subprocess.py:93} INFO - [0m16:50:40  3 of 10 OK created sql view model bronze.brnz_products ......................... [[32mOK[0m in 0.28s]
[2025-11-14T16:50:40.125+0000] {subprocess.py:93} INFO - [0m16:50:40  2 of 10 OK created sql view model bronze.brnz_example .......................... [[32mOK[0m in 0.29s]
[2025-11-14T16:50:40.134+0000] {subprocess.py:93} INFO - [0m16:50:40  1 of 10 OK created sql view model bronze.brnz_customers ........................ [[32mOK[0m in 0.30s]
[2025-11-14T16:50:40.137+0000] {subprocess.py:93} INFO - [0m16:50:40  5 of 10 START sql table model silver.slvr_products ............................. [RUN]
[2025-11-14T16:50:40.140+0000] {subprocess.py:93} INFO - [0m16:50:40  4 of 10 OK created sql view model bronze.brnz_sales_orders ..................... [[32mOK[0m in 0.30s]
[2025-11-14T16:50:40.147+0000] {subprocess.py:93} INFO - [0m16:50:40  6 of 10 START sql table model silver.slvr_customers ............................ [RUN]
[2025-11-14T16:50:40.155+0000] {subprocess.py:93} INFO - [0m16:50:40  7 of 10 START sql table model silver.slvr_sales_orders ......................... [RUN]
[2025-11-14T16:50:40.454+0000] {subprocess.py:93} INFO - [0m16:50:40  6 of 10 OK created sql table model silver.slvr_customers ....................... [[32mOK[0m in 0.30s]
[2025-11-14T16:50:40.492+0000] {subprocess.py:93} INFO - [0m16:50:40  5 of 10 OK created sql table model silver.slvr_products ........................ [[32mOK[0m in 0.35s]
[2025-11-14T16:50:41.034+0000] {subprocess.py:93} INFO - [0m16:50:41  7 of 10 OK created sql table model silver.slvr_sales_orders .................... [[32mOK[0m in 0.87s]
[2025-11-14T16:50:41.038+0000] {subprocess.py:93} INFO - [0m16:50:41  8 of 10 START sql table model gold.gld_customer_metrics ........................ [RUN]
[2025-11-14T16:50:41.039+0000] {subprocess.py:93} INFO - [0m16:50:41  9 of 10 START sql table model gold.gld_product_performance ..................... [RUN]
[2025-11-14T16:50:41.040+0000] {subprocess.py:93} INFO - [0m16:50:41  10 of 10 START sql table model gold.gld_sales_summary .......................... [RUN]
[2025-11-14T16:50:41.515+0000] {subprocess.py:93} INFO - [0m16:50:41  10 of 10 OK created sql table model gold.gld_sales_summary ..................... [[32mOK[0m in 0.47s]
[2025-11-14T16:50:41.914+0000] {subprocess.py:93} INFO - [0m16:50:41  8 of 10 OK created sql table model gold.gld_customer_metrics ................... [[32mOK[0m in 0.87s]
[2025-11-14T16:50:41.970+0000] {subprocess.py:93} INFO - [0m16:50:41  9 of 10 OK created sql table model gold.gld_product_performance ................ [[32mOK[0m in 0.93s]
[2025-11-14T16:50:41.981+0000] {subprocess.py:93} INFO - [0m16:50:41
[2025-11-14T16:50:41.982+0000] {subprocess.py:93} INFO - [0m16:50:41  Finished running 4 view models, 6 table models in 0 hours 0 minutes and 2.33 seconds (2.33s).
[2025-11-14T16:50:42.056+0000] {subprocess.py:93} INFO - [0m16:50:42
[2025-11-14T16:50:42.057+0000] {subprocess.py:93} INFO - [0m16:50:42  [32mCompleted successfully[0m
[2025-11-14T16:50:42.059+0000] {subprocess.py:93} INFO - [0m16:50:42
[2025-11-14T16:50:42.060+0000] {subprocess.py:93} INFO - [0m16:50:42  Done. PASS=10 WARN=0 ERROR=0 SKIP=0 TOTAL=10
[2025-11-14T16:50:43.634+0000] {subprocess.py:97} INFO - Command exited with return code 0
[2025-11-14T16:50:43.652+0000] {taskinstance.py:1398} INFO - Marking task as SUCCESS. dag_id=dbt_transform, task_id=dbt_run, execution_date=20251114T164535, start_date=20251114T165037, end_date=20251114T165043
[2025-11-14T16:50:43.704+0000] {local_task_job_runner.py:228} INFO - Task exited with return code 0
[2025-11-14T16:50:43.721+0000] {taskinstance.py:2776} INFO - 1 downstream tasks scheduled from follow-on schedule check
