[2025-11-14T23:30:36.813+0000] {taskinstance.py:1157} INFO - Dependencies all met for dep_context=non-requeueable deps ti=<TaskInstance: dbt_transform.dbt_run scheduled__2025-11-14T23:25:35.634758+00:00 [queued]>
[2025-11-14T23:30:36.820+0000] {taskinstance.py:1157} INFO - Dependencies all met for dep_context=requeueable deps ti=<TaskInstance: dbt_transform.dbt_run scheduled__2025-11-14T23:25:35.634758+00:00 [queued]>
[2025-11-14T23:30:36.820+0000] {taskinstance.py:1359} INFO - Starting attempt 1 of 2
[2025-11-14T23:30:36.828+0000] {taskinstance.py:1380} INFO - Executing <Task(BashOperator): dbt_run> on 2025-11-14 23:25:35.634758+00:00
[2025-11-14T23:30:36.832+0000] {standard_task_runner.py:57} INFO - Started process 7686 to run task
[2025-11-14T23:30:36.835+0000] {standard_task_runner.py:84} INFO - Running: ['***', 'tasks', 'run', 'dbt_transform', 'dbt_run', 'scheduled__2025-11-14T23:25:35.634758+00:00', '--job-id', '204', '--raw', '--subdir', 'DAGS_FOLDER/dbt_dag.py', '--cfg-path', '/tmp/tmpgmsiv4hy']
[2025-11-14T23:30:36.838+0000] {standard_task_runner.py:85} INFO - Job 204: Subtask dbt_run
[2025-11-14T23:30:36.895+0000] {task_command.py:415} INFO - Running <TaskInstance: dbt_transform.dbt_run scheduled__2025-11-14T23:25:35.634758+00:00 [running]> on host 3f4da400579d
[2025-11-14T23:30:36.955+0000] {taskinstance.py:1660} INFO - Exporting env vars: AIRFLOW_CTX_DAG_OWNER='***' AIRFLOW_CTX_DAG_ID='dbt_transform' AIRFLOW_CTX_TASK_ID='dbt_run' AIRFLOW_CTX_EXECUTION_DATE='2025-11-14T23:25:35.634758+00:00' AIRFLOW_CTX_TRY_NUMBER='1' AIRFLOW_CTX_DAG_RUN_ID='scheduled__2025-11-14T23:25:35.634758+00:00'
[2025-11-14T23:30:36.957+0000] {subprocess.py:63} INFO - Tmp dir root location: /tmp
[2025-11-14T23:30:36.958+0000] {subprocess.py:75} INFO - Running command: ['/bin/bash', '-c', 'docker exec dbt_***_project-dbt-1 dbt run']
[2025-11-14T23:30:36.965+0000] {subprocess.py:86} INFO - Output:
[2025-11-14T23:30:36.930+0000] {subprocess.py:93} INFO - [0m23:30:36  Running with dbt=1.8.7
[2025-11-14T23:30:37.265+0000] {subprocess.py:93} INFO - [0m23:30:37  Registered adapter: sqlserver=1.8.7
[2025-11-14T23:30:38.402+0000] {subprocess.py:93} INFO - [0m23:30:38  Found 10 models, 18 data tests, 13 sources, 614 macros
[2025-11-14T23:30:38.405+0000] {subprocess.py:93} INFO - [0m23:30:38
[2025-11-14T23:30:38.578+0000] {subprocess.py:93} INFO - [0m23:30:38  Concurrency: 4 threads (target='dev')
[2025-11-14T23:30:38.579+0000] {subprocess.py:93} INFO - [0m23:30:38
[2025-11-14T23:30:38.587+0000] {subprocess.py:93} INFO - [0m23:30:38  1 of 10 START sql view model bronze.brnz_customers ............................. [RUN]
[2025-11-14T23:30:38.587+0000] {subprocess.py:93} INFO - [0m23:30:38  2 of 10 START sql view model bronze.brnz_example ............................... [RUN]
[2025-11-14T23:30:38.589+0000] {subprocess.py:93} INFO - [0m23:30:38  3 of 10 START sql view model bronze.brnz_products .............................. [RUN]
[2025-11-14T23:30:38.590+0000] {subprocess.py:93} INFO - [0m23:30:38  4 of 10 START sql view model bronze.brnz_sales_orders .......................... [RUN]
[2025-11-14T23:30:38.888+0000] {subprocess.py:93} INFO - [0m23:30:38  3 of 10 OK created sql view model bronze.brnz_products ......................... [[32mOK[0m in 0.29s]
[2025-11-14T23:30:38.890+0000] {subprocess.py:93} INFO - [0m23:30:38  2 of 10 OK created sql view model bronze.brnz_example .......................... [[32mOK[0m in 0.29s]
[2025-11-14T23:30:38.901+0000] {subprocess.py:93} INFO - [0m23:30:38  5 of 10 START sql table model silver.slvr_products ............................. [RUN]
[2025-11-14T23:30:38.907+0000] {subprocess.py:93} INFO - [0m23:30:38  4 of 10 OK created sql view model bronze.brnz_sales_orders ..................... [[32mOK[0m in 0.31s]
[2025-11-14T23:30:38.910+0000] {subprocess.py:93} INFO - [0m23:30:38  1 of 10 OK created sql view model bronze.brnz_customers ........................ [[32mOK[0m in 0.31s]
[2025-11-14T23:30:38.921+0000] {subprocess.py:93} INFO - [0m23:30:38  6 of 10 START sql table model silver.slvr_sales_orders ......................... [RUN]
[2025-11-14T23:30:38.922+0000] {subprocess.py:93} INFO - [0m23:30:38  7 of 10 START sql table model silver.slvr_customers ............................ [RUN]
[2025-11-14T23:30:39.154+0000] {subprocess.py:93} INFO - [0m23:30:39  5 of 10 OK created sql table model silver.slvr_products ........................ [[32mOK[0m in 0.25s]
[2025-11-14T23:30:39.208+0000] {subprocess.py:93} INFO - [0m23:30:39  7 of 10 OK created sql table model silver.slvr_customers ....................... [[32mOK[0m in 0.28s]
[2025-11-14T23:30:39.785+0000] {subprocess.py:93} INFO - [0m23:30:39  6 of 10 OK created sql table model silver.slvr_sales_orders .................... [[32mOK[0m in 0.86s]
[2025-11-14T23:30:39.790+0000] {subprocess.py:93} INFO - [0m23:30:39  8 of 10 START sql table model gold.gld_customer_metrics ........................ [RUN]
[2025-11-14T23:30:39.791+0000] {subprocess.py:93} INFO - [0m23:30:39  9 of 10 START sql table model gold.gld_product_performance ..................... [RUN]
[2025-11-14T23:30:39.793+0000] {subprocess.py:93} INFO - [0m23:30:39  10 of 10 START sql table model gold.gld_sales_summary .......................... [RUN]
[2025-11-14T23:30:40.263+0000] {subprocess.py:93} INFO - [0m23:30:40  10 of 10 OK created sql table model gold.gld_sales_summary ..................... [[32mOK[0m in 0.47s]
[2025-11-14T23:30:40.341+0000] {subprocess.py:93} INFO - [0m23:30:40  8 of 10 OK created sql table model gold.gld_customer_metrics ................... [[32mOK[0m in 0.54s]
[2025-11-14T23:30:40.372+0000] {subprocess.py:93} INFO - [0m23:30:40  9 of 10 OK created sql table model gold.gld_product_performance ................ [[32mOK[0m in 0.57s]
[2025-11-14T23:30:40.387+0000] {subprocess.py:93} INFO - [0m23:30:40
[2025-11-14T23:30:40.389+0000] {subprocess.py:93} INFO - [0m23:30:40  Finished running 4 view models, 6 table models in 0 hours 0 minutes and 1.98 seconds (1.98s).
[2025-11-14T23:30:40.466+0000] {subprocess.py:93} INFO - [0m23:30:40
[2025-11-14T23:30:40.467+0000] {subprocess.py:93} INFO - [0m23:30:40  [32mCompleted successfully[0m
[2025-11-14T23:30:40.469+0000] {subprocess.py:93} INFO - [0m23:30:40
[2025-11-14T23:30:40.471+0000] {subprocess.py:93} INFO - [0m23:30:40  Done. PASS=10 WARN=0 ERROR=0 SKIP=0 TOTAL=10
[2025-11-14T23:30:42.051+0000] {subprocess.py:97} INFO - Command exited with return code 0
[2025-11-14T23:30:42.070+0000] {taskinstance.py:1398} INFO - Marking task as SUCCESS. dag_id=dbt_transform, task_id=dbt_run, execution_date=20251114T232535, start_date=20251114T233036, end_date=20251114T233042
[2025-11-14T23:30:42.091+0000] {local_task_job_runner.py:228} INFO - Task exited with return code 0
[2025-11-14T23:30:42.107+0000] {taskinstance.py:2776} INFO - 1 downstream tasks scheduled from follow-on schedule check
