[2025-11-14T18:10:36.655+0000] {taskinstance.py:1157} INFO - Dependencies all met for dep_context=non-requeueable deps ti=<TaskInstance: dbt_transform.dbt_run scheduled__2025-11-14T18:05:35.634758+00:00 [queued]>
[2025-11-14T18:10:36.661+0000] {taskinstance.py:1157} INFO - Dependencies all met for dep_context=requeueable deps ti=<TaskInstance: dbt_transform.dbt_run scheduled__2025-11-14T18:05:35.634758+00:00 [queued]>
[2025-11-14T18:10:36.662+0000] {taskinstance.py:1359} INFO - Starting attempt 1 of 2
[2025-11-14T18:10:36.671+0000] {taskinstance.py:1380} INFO - Executing <Task(BashOperator): dbt_run> on 2025-11-14 18:05:35.634758+00:00
[2025-11-14T18:10:36.675+0000] {standard_task_runner.py:57} INFO - Started process 2961 to run task
[2025-11-14T18:10:36.678+0000] {standard_task_runner.py:84} INFO - Running: ['***', 'tasks', 'run', 'dbt_transform', 'dbt_run', 'scheduled__2025-11-14T18:05:35.634758+00:00', '--job-id', '76', '--raw', '--subdir', 'DAGS_FOLDER/dbt_dag.py', '--cfg-path', '/tmp/tmppu6vbeit']
[2025-11-14T18:10:36.681+0000] {standard_task_runner.py:85} INFO - Job 76: Subtask dbt_run
[2025-11-14T18:10:36.741+0000] {task_command.py:415} INFO - Running <TaskInstance: dbt_transform.dbt_run scheduled__2025-11-14T18:05:35.634758+00:00 [running]> on host 3f4da400579d
[2025-11-14T18:10:36.804+0000] {taskinstance.py:1660} INFO - Exporting env vars: AIRFLOW_CTX_DAG_OWNER='***' AIRFLOW_CTX_DAG_ID='dbt_transform' AIRFLOW_CTX_TASK_ID='dbt_run' AIRFLOW_CTX_EXECUTION_DATE='2025-11-14T18:05:35.634758+00:00' AIRFLOW_CTX_TRY_NUMBER='1' AIRFLOW_CTX_DAG_RUN_ID='scheduled__2025-11-14T18:05:35.634758+00:00'
[2025-11-14T18:10:36.806+0000] {subprocess.py:63} INFO - Tmp dir root location: /tmp
[2025-11-14T18:10:36.807+0000] {subprocess.py:75} INFO - Running command: ['/bin/bash', '-c', 'docker exec dbt_***_project-dbt-1 dbt run']
[2025-11-14T18:10:36.814+0000] {subprocess.py:86} INFO - Output:
[2025-11-14T18:10:38.372+0000] {subprocess.py:93} INFO - [0m18:10:38  Running with dbt=1.8.7
[2025-11-14T18:10:38.723+0000] {subprocess.py:93} INFO - [0m18:10:38  Registered adapter: sqlserver=1.8.7
[2025-11-14T18:10:39.977+0000] {subprocess.py:93} INFO - [0m18:10:39  Found 10 models, 18 data tests, 13 sources, 614 macros
[2025-11-14T18:10:39.981+0000] {subprocess.py:93} INFO - [0m18:10:39
[2025-11-14T18:10:40.149+0000] {subprocess.py:93} INFO - [0m18:10:40  Concurrency: 4 threads (target='dev')
[2025-11-14T18:10:40.150+0000] {subprocess.py:93} INFO - [0m18:10:40
[2025-11-14T18:10:40.156+0000] {subprocess.py:93} INFO - [0m18:10:40  1 of 10 START sql view model bronze.brnz_customers ............................. [RUN]
[2025-11-14T18:10:40.158+0000] {subprocess.py:93} INFO - [0m18:10:40  2 of 10 START sql view model bronze.brnz_example ............................... [RUN]
[2025-11-14T18:10:40.159+0000] {subprocess.py:93} INFO - [0m18:10:40  3 of 10 START sql view model bronze.brnz_products .............................. [RUN]
[2025-11-14T18:10:40.160+0000] {subprocess.py:93} INFO - [0m18:10:40  4 of 10 START sql view model bronze.brnz_sales_orders .......................... [RUN]
[2025-11-14T18:10:40.441+0000] {subprocess.py:93} INFO - [0m18:10:40  1 of 10 OK created sql view model bronze.brnz_customers ........................ [[32mOK[0m in 0.27s]
[2025-11-14T18:10:40.447+0000] {subprocess.py:93} INFO - [0m18:10:40  2 of 10 OK created sql view model bronze.brnz_example .......................... [[32mOK[0m in 0.28s]
[2025-11-14T18:10:40.449+0000] {subprocess.py:93} INFO - [0m18:10:40  4 of 10 OK created sql view model bronze.brnz_sales_orders ..................... [[32mOK[0m in 0.28s]
[2025-11-14T18:10:40.450+0000] {subprocess.py:93} INFO - [0m18:10:40  3 of 10 OK created sql view model bronze.brnz_products ......................... [[32mOK[0m in 0.28s]
[2025-11-14T18:10:40.456+0000] {subprocess.py:93} INFO - [0m18:10:40  5 of 10 START sql table model silver.slvr_customers ............................ [RUN]
[2025-11-14T18:10:40.462+0000] {subprocess.py:93} INFO - [0m18:10:40  6 of 10 START sql table model silver.slvr_sales_orders ......................... [RUN]
[2025-11-14T18:10:40.464+0000] {subprocess.py:93} INFO - [0m18:10:40  7 of 10 START sql table model silver.slvr_products ............................. [RUN]
[2025-11-14T18:10:40.681+0000] {subprocess.py:93} INFO - [0m18:10:40  7 of 10 OK created sql table model silver.slvr_products ........................ [[32mOK[0m in 0.21s]
[2025-11-14T18:10:40.896+0000] {subprocess.py:93} INFO - [0m18:10:40  5 of 10 OK created sql table model silver.slvr_customers ....................... [[32mOK[0m in 0.43s]
[2025-11-14T18:10:41.402+0000] {subprocess.py:93} INFO - [0m18:10:41  6 of 10 OK created sql table model silver.slvr_sales_orders .................... [[32mOK[0m in 0.93s]
[2025-11-14T18:10:41.407+0000] {subprocess.py:93} INFO - [0m18:10:41  8 of 10 START sql table model gold.gld_customer_metrics ........................ [RUN]
[2025-11-14T18:10:41.408+0000] {subprocess.py:93} INFO - [0m18:10:41  9 of 10 START sql table model gold.gld_product_performance ..................... [RUN]
[2025-11-14T18:10:41.409+0000] {subprocess.py:93} INFO - [0m18:10:41  10 of 10 START sql table model gold.gld_sales_summary .......................... [RUN]
[2025-11-14T18:10:41.967+0000] {subprocess.py:93} INFO - [0m18:10:41  10 of 10 OK created sql table model gold.gld_sales_summary ..................... [[32mOK[0m in 0.55s]
[2025-11-14T18:10:42.063+0000] {subprocess.py:93} INFO - [0m18:10:42  9 of 10 OK created sql table model gold.gld_product_performance ................ [[32mOK[0m in 0.65s]
[2025-11-14T18:10:42.109+0000] {subprocess.py:93} INFO - [0m18:10:42  8 of 10 OK created sql table model gold.gld_customer_metrics ................... [[32mOK[0m in 0.70s]
[2025-11-14T18:10:42.120+0000] {subprocess.py:93} INFO - [0m18:10:42
[2025-11-14T18:10:42.121+0000] {subprocess.py:93} INFO - [0m18:10:42  Finished running 4 view models, 6 table models in 0 hours 0 minutes and 2.14 seconds (2.14s).
[2025-11-14T18:10:42.194+0000] {subprocess.py:93} INFO - [0m18:10:42
[2025-11-14T18:10:42.195+0000] {subprocess.py:93} INFO - [0m18:10:42  [32mCompleted successfully[0m
[2025-11-14T18:10:42.196+0000] {subprocess.py:93} INFO - [0m18:10:42
[2025-11-14T18:10:42.198+0000] {subprocess.py:93} INFO - [0m18:10:42  Done. PASS=10 WARN=0 ERROR=0 SKIP=0 TOTAL=10
[2025-11-14T18:10:44.102+0000] {subprocess.py:97} INFO - Command exited with return code 0
[2025-11-14T18:10:44.119+0000] {taskinstance.py:1398} INFO - Marking task as SUCCESS. dag_id=dbt_transform, task_id=dbt_run, execution_date=20251114T180535, start_date=20251114T181036, end_date=20251114T181044
[2025-11-14T18:10:44.161+0000] {local_task_job_runner.py:228} INFO - Task exited with return code 0
[2025-11-14T18:10:44.177+0000] {taskinstance.py:2776} INFO - 1 downstream tasks scheduled from follow-on schedule check
