[2025-11-15T01:00:36.434+0000] {taskinstance.py:1157} INFO - Dependencies all met for dep_context=non-requeueable deps ti=<TaskInstance: dbt_transform.dbt_run scheduled__2025-11-15T00:55:35.634758+00:00 [queued]>
[2025-11-15T01:00:36.440+0000] {taskinstance.py:1157} INFO - Dependencies all met for dep_context=requeueable deps ti=<TaskInstance: dbt_transform.dbt_run scheduled__2025-11-15T00:55:35.634758+00:00 [queued]>
[2025-11-15T01:00:36.441+0000] {taskinstance.py:1359} INFO - Starting attempt 1 of 2
[2025-11-15T01:00:36.450+0000] {taskinstance.py:1380} INFO - Executing <Task(BashOperator): dbt_run> on 2025-11-15 00:55:35.634758+00:00
[2025-11-15T01:00:36.454+0000] {standard_task_runner.py:57} INFO - Started process 9009 to run task
[2025-11-15T01:00:36.456+0000] {standard_task_runner.py:84} INFO - Running: ['***', 'tasks', 'run', 'dbt_transform', 'dbt_run', 'scheduled__2025-11-15T00:55:35.634758+00:00', '--job-id', '240', '--raw', '--subdir', 'DAGS_FOLDER/dbt_dag.py', '--cfg-path', '/tmp/tmp_9pq2mv1']
[2025-11-15T01:00:36.460+0000] {standard_task_runner.py:85} INFO - Job 240: Subtask dbt_run
[2025-11-15T01:00:36.521+0000] {task_command.py:415} INFO - Running <TaskInstance: dbt_transform.dbt_run scheduled__2025-11-15T00:55:35.634758+00:00 [running]> on host 3f4da400579d
[2025-11-15T01:00:36.585+0000] {taskinstance.py:1660} INFO - Exporting env vars: AIRFLOW_CTX_DAG_OWNER='***' AIRFLOW_CTX_DAG_ID='dbt_transform' AIRFLOW_CTX_TASK_ID='dbt_run' AIRFLOW_CTX_EXECUTION_DATE='2025-11-15T00:55:35.634758+00:00' AIRFLOW_CTX_TRY_NUMBER='1' AIRFLOW_CTX_DAG_RUN_ID='scheduled__2025-11-15T00:55:35.634758+00:00'
[2025-11-15T01:00:36.587+0000] {subprocess.py:63} INFO - Tmp dir root location: /tmp
[2025-11-15T01:00:36.588+0000] {subprocess.py:75} INFO - Running command: ['/bin/bash', '-c', 'docker exec dbt_***_project-dbt-1 dbt run']
[2025-11-15T01:00:36.596+0000] {subprocess.py:86} INFO - Output:
[2025-11-15T01:00:38.121+0000] {subprocess.py:93} INFO - [0m01:00:38  Running with dbt=1.8.7
[2025-11-15T01:00:38.483+0000] {subprocess.py:93} INFO - [0m01:00:38  Registered adapter: sqlserver=1.8.7
[2025-11-15T01:00:39.885+0000] {subprocess.py:93} INFO - [0m01:00:39  Found 10 models, 18 data tests, 13 sources, 614 macros
[2025-11-15T01:00:39.890+0000] {subprocess.py:93} INFO - [0m01:00:39
[2025-11-15T01:00:40.083+0000] {subprocess.py:93} INFO - [0m01:00:40  Concurrency: 4 threads (target='dev')
[2025-11-15T01:00:40.084+0000] {subprocess.py:93} INFO - [0m01:00:40
[2025-11-15T01:00:40.091+0000] {subprocess.py:93} INFO - [0m01:00:40  1 of 10 START sql view model bronze.brnz_customers ............................. [RUN]
[2025-11-15T01:00:40.092+0000] {subprocess.py:93} INFO - [0m01:00:40  2 of 10 START sql view model bronze.brnz_example ............................... [RUN]
[2025-11-15T01:00:40.094+0000] {subprocess.py:93} INFO - [0m01:00:40  3 of 10 START sql view model bronze.brnz_products .............................. [RUN]
[2025-11-15T01:00:40.095+0000] {subprocess.py:93} INFO - [0m01:00:40  4 of 10 START sql view model bronze.brnz_sales_orders .......................... [RUN]
[2025-11-15T01:00:40.443+0000] {subprocess.py:93} INFO - [0m01:00:40  1 of 10 OK created sql view model bronze.brnz_customers ........................ [[32mOK[0m in 0.34s]
[2025-11-15T01:00:40.448+0000] {subprocess.py:93} INFO - [0m01:00:40  2 of 10 OK created sql view model bronze.brnz_example .......................... [[32mOK[0m in 0.34s]
[2025-11-15T01:00:40.451+0000] {subprocess.py:93} INFO - [0m01:00:40  4 of 10 OK created sql view model bronze.brnz_sales_orders ..................... [[32mOK[0m in 0.34s]
[2025-11-15T01:00:40.452+0000] {subprocess.py:93} INFO - [0m01:00:40  3 of 10 OK created sql view model bronze.brnz_products ......................... [[32mOK[0m in 0.35s]
[2025-11-15T01:00:40.461+0000] {subprocess.py:93} INFO - [0m01:00:40  5 of 10 START sql table model silver.slvr_customers ............................ [RUN]
[2025-11-15T01:00:40.466+0000] {subprocess.py:93} INFO - [0m01:00:40  6 of 10 START sql table model silver.slvr_sales_orders ......................... [RUN]
[2025-11-15T01:00:40.468+0000] {subprocess.py:93} INFO - [0m01:00:40  7 of 10 START sql table model silver.slvr_products ............................. [RUN]
[2025-11-15T01:00:40.816+0000] {subprocess.py:93} INFO - [0m01:00:40  7 of 10 OK created sql table model silver.slvr_products ........................ [[32mOK[0m in 0.34s]
[2025-11-15T01:00:40.842+0000] {subprocess.py:93} INFO - [0m01:00:40  5 of 10 OK created sql table model silver.slvr_customers ....................... [[32mOK[0m in 0.38s]
[2025-11-15T01:00:41.425+0000] {subprocess.py:93} INFO - [0m01:00:41  6 of 10 OK created sql table model silver.slvr_sales_orders .................... [[32mOK[0m in 0.95s]
[2025-11-15T01:00:41.430+0000] {subprocess.py:93} INFO - [0m01:00:41  8 of 10 START sql table model gold.gld_customer_metrics ........................ [RUN]
[2025-11-15T01:00:41.431+0000] {subprocess.py:93} INFO - [0m01:00:41  9 of 10 START sql table model gold.gld_product_performance ..................... [RUN]
[2025-11-15T01:00:41.433+0000] {subprocess.py:93} INFO - [0m01:00:41  10 of 10 START sql table model gold.gld_sales_summary .......................... [RUN]
[2025-11-15T01:00:41.840+0000] {subprocess.py:93} INFO - [0m01:00:41  10 of 10 OK created sql table model gold.gld_sales_summary ..................... [[32mOK[0m in 0.40s]
[2025-11-15T01:00:42.055+0000] {subprocess.py:93} INFO - [0m01:00:42  9 of 10 OK created sql table model gold.gld_product_performance ................ [[32mOK[0m in 0.62s]
[2025-11-15T01:00:42.067+0000] {subprocess.py:93} INFO - [0m01:00:42  8 of 10 OK created sql table model gold.gld_customer_metrics ................... [[32mOK[0m in 0.63s]
[2025-11-15T01:00:42.077+0000] {subprocess.py:93} INFO - [0m01:00:42
[2025-11-15T01:00:42.078+0000] {subprocess.py:93} INFO - [0m01:00:42  Finished running 4 view models, 6 table models in 0 hours 0 minutes and 2.19 seconds (2.19s).
[2025-11-15T01:00:42.153+0000] {subprocess.py:93} INFO - [0m01:00:42
[2025-11-15T01:00:42.155+0000] {subprocess.py:93} INFO - [0m01:00:42  [32mCompleted successfully[0m
[2025-11-15T01:00:42.156+0000] {subprocess.py:93} INFO - [0m01:00:42
[2025-11-15T01:00:42.158+0000] {subprocess.py:93} INFO - [0m01:00:42  Done. PASS=10 WARN=0 ERROR=0 SKIP=0 TOTAL=10
[2025-11-15T01:00:43.800+0000] {subprocess.py:97} INFO - Command exited with return code 0
[2025-11-15T01:00:43.820+0000] {taskinstance.py:1398} INFO - Marking task as SUCCESS. dag_id=dbt_transform, task_id=dbt_run, execution_date=20251115T005535, start_date=20251115T010036, end_date=20251115T010043
[2025-11-15T01:00:43.872+0000] {local_task_job_runner.py:228} INFO - Task exited with return code 0
[2025-11-15T01:00:43.889+0000] {taskinstance.py:2776} INFO - 1 downstream tasks scheduled from follow-on schedule check
