[2025-11-14T16:35:36.770+0000] {taskinstance.py:1157} INFO - Dependencies all met for dep_context=non-requeueable deps ti=<TaskInstance: dbt_transform.dbt_run scheduled__2025-11-14T16:30:35.634758+00:00 [queued]>
[2025-11-14T16:35:36.776+0000] {taskinstance.py:1157} INFO - Dependencies all met for dep_context=requeueable deps ti=<TaskInstance: dbt_transform.dbt_run scheduled__2025-11-14T16:30:35.634758+00:00 [queued]>
[2025-11-14T16:35:36.777+0000] {taskinstance.py:1359} INFO - Starting attempt 1 of 2
[2025-11-14T16:35:36.785+0000] {taskinstance.py:1380} INFO - Executing <Task(BashOperator): dbt_run> on 2025-11-14 16:30:35.634758+00:00
[2025-11-14T16:35:36.789+0000] {standard_task_runner.py:57} INFO - Started process 1556 to run task
[2025-11-14T16:35:36.792+0000] {standard_task_runner.py:84} INFO - Running: ['***', 'tasks', 'run', 'dbt_transform', 'dbt_run', 'scheduled__2025-11-14T16:30:35.634758+00:00', '--job-id', '38', '--raw', '--subdir', 'DAGS_FOLDER/dbt_dag.py', '--cfg-path', '/tmp/tmp7_i6gebp']
[2025-11-14T16:35:36.795+0000] {standard_task_runner.py:85} INFO - Job 38: Subtask dbt_run
[2025-11-14T16:35:36.853+0000] {task_command.py:415} INFO - Running <TaskInstance: dbt_transform.dbt_run scheduled__2025-11-14T16:30:35.634758+00:00 [running]> on host 3f4da400579d
[2025-11-14T16:35:36.542+0000] {taskinstance.py:1660} INFO - Exporting env vars: AIRFLOW_CTX_DAG_OWNER='***' AIRFLOW_CTX_DAG_ID='dbt_transform' AIRFLOW_CTX_TASK_ID='dbt_run' AIRFLOW_CTX_EXECUTION_DATE='2025-11-14T16:30:35.634758+00:00' AIRFLOW_CTX_TRY_NUMBER='1' AIRFLOW_CTX_DAG_RUN_ID='scheduled__2025-11-14T16:30:35.634758+00:00'
[2025-11-14T16:35:36.544+0000] {subprocess.py:63} INFO - Tmp dir root location: /tmp
[2025-11-14T16:35:36.545+0000] {subprocess.py:75} INFO - Running command: ['/bin/bash', '-c', 'docker exec dbt_***_project-dbt-1 dbt run']
[2025-11-14T16:35:36.554+0000] {subprocess.py:86} INFO - Output:
[2025-11-14T16:35:37.582+0000] {subprocess.py:93} INFO - [0m16:35:37  Running with dbt=1.8.7
[2025-11-14T16:35:37.912+0000] {subprocess.py:93} INFO - [0m16:35:37  Registered adapter: sqlserver=1.8.7
[2025-11-14T16:35:39.124+0000] {subprocess.py:93} INFO - [0m16:35:39  Found 10 models, 18 data tests, 13 sources, 614 macros
[2025-11-14T16:35:39.128+0000] {subprocess.py:93} INFO - [0m16:35:39
[2025-11-14T16:35:39.331+0000] {subprocess.py:93} INFO - [0m16:35:39  Concurrency: 4 threads (target='dev')
[2025-11-14T16:35:39.332+0000] {subprocess.py:93} INFO - [0m16:35:39
[2025-11-14T16:35:39.339+0000] {subprocess.py:93} INFO - [0m16:35:39  1 of 10 START sql view model bronze.brnz_customers ............................. [RUN]
[2025-11-14T16:35:39.341+0000] {subprocess.py:93} INFO - [0m16:35:39  2 of 10 START sql view model bronze.brnz_example ............................... [RUN]
[2025-11-14T16:35:39.342+0000] {subprocess.py:93} INFO - [0m16:35:39  3 of 10 START sql view model bronze.brnz_products .............................. [RUN]
[2025-11-14T16:35:39.343+0000] {subprocess.py:93} INFO - [0m16:35:39  4 of 10 START sql view model bronze.brnz_sales_orders .......................... [RUN]
[2025-11-14T16:35:39.631+0000] {subprocess.py:93} INFO - [0m16:35:39  3 of 10 OK created sql view model bronze.brnz_products ......................... [[32mOK[0m in 0.28s]
[2025-11-14T16:35:39.635+0000] {subprocess.py:93} INFO - [0m16:35:39  1 of 10 OK created sql view model bronze.brnz_customers ........................ [[32mOK[0m in 0.29s]
[2025-11-14T16:35:39.637+0000] {subprocess.py:93} INFO - [0m16:35:39  2 of 10 OK created sql view model bronze.brnz_example .......................... [[32mOK[0m in 0.29s]
[2025-11-14T16:35:39.638+0000] {subprocess.py:93} INFO - [0m16:35:39  4 of 10 OK created sql view model bronze.brnz_sales_orders ..................... [[32mOK[0m in 0.28s]
[2025-11-14T16:35:39.645+0000] {subprocess.py:93} INFO - [0m16:35:39  5 of 10 START sql table model silver.slvr_products ............................. [RUN]
[2025-11-14T16:35:39.649+0000] {subprocess.py:93} INFO - [0m16:35:39  6 of 10 START sql table model silver.slvr_customers ............................ [RUN]
[2025-11-14T16:35:39.652+0000] {subprocess.py:93} INFO - [0m16:35:39  7 of 10 START sql table model silver.slvr_sales_orders ......................... [RUN]
[2025-11-14T16:35:39.954+0000] {subprocess.py:93} INFO - [0m16:35:39  6 of 10 OK created sql table model silver.slvr_customers ....................... [[32mOK[0m in 0.30s]
[2025-11-14T16:35:40.027+0000] {subprocess.py:93} INFO - [0m16:35:40  5 of 10 OK created sql table model silver.slvr_products ........................ [[32mOK[0m in 0.37s]
[2025-11-14T16:35:40.575+0000] {subprocess.py:93} INFO - [0m16:35:40  7 of 10 OK created sql table model silver.slvr_sales_orders .................... [[32mOK[0m in 0.92s]
[2025-11-14T16:35:40.579+0000] {subprocess.py:93} INFO - [0m16:35:40  8 of 10 START sql table model gold.gld_customer_metrics ........................ [RUN]
[2025-11-14T16:35:40.580+0000] {subprocess.py:93} INFO - [0m16:35:40  9 of 10 START sql table model gold.gld_product_performance ..................... [RUN]
[2025-11-14T16:35:40.581+0000] {subprocess.py:93} INFO - [0m16:35:40  10 of 10 START sql table model gold.gld_sales_summary .......................... [RUN]
[2025-11-14T16:35:41.015+0000] {subprocess.py:93} INFO - [0m16:35:41  10 of 10 OK created sql table model gold.gld_sales_summary ..................... [[32mOK[0m in 0.43s]
[2025-11-14T16:35:41.071+0000] {subprocess.py:93} INFO - [0m16:35:41  8 of 10 OK created sql table model gold.gld_customer_metrics ................... [[32mOK[0m in 0.49s]
[2025-11-14T16:35:41.134+0000] {subprocess.py:93} INFO - [0m16:35:41  9 of 10 OK created sql table model gold.gld_product_performance ................ [[32mOK[0m in 0.55s]
[2025-11-14T16:35:41.141+0000] {subprocess.py:93} INFO - [0m16:35:41
[2025-11-14T16:35:41.143+0000] {subprocess.py:93} INFO - [0m16:35:41  Finished running 4 view models, 6 table models in 0 hours 0 minutes and 2.01 seconds (2.01s).
[2025-11-14T16:35:41.211+0000] {subprocess.py:93} INFO - [0m16:35:41
[2025-11-14T16:35:41.212+0000] {subprocess.py:93} INFO - [0m16:35:41  [32mCompleted successfully[0m
[2025-11-14T16:35:41.213+0000] {subprocess.py:93} INFO - [0m16:35:41
[2025-11-14T16:35:41.214+0000] {subprocess.py:93} INFO - [0m16:35:41  Done. PASS=10 WARN=0 ERROR=0 SKIP=0 TOTAL=10
[2025-11-14T16:35:42.903+0000] {subprocess.py:97} INFO - Command exited with return code 0
[2025-11-14T16:35:42.923+0000] {taskinstance.py:1398} INFO - Marking task as SUCCESS. dag_id=dbt_transform, task_id=dbt_run, execution_date=20251114T163035, start_date=20251114T163536, end_date=20251114T163542
[2025-11-14T16:35:42.960+0000] {local_task_job_runner.py:228} INFO - Task exited with return code 0
[2025-11-14T16:35:42.975+0000] {taskinstance.py:2776} INFO - 1 downstream tasks scheduled from follow-on schedule check
