[2025-11-14T17:20:36.841+0000] {taskinstance.py:1157} INFO - Dependencies all met for dep_context=non-requeueable deps ti=<TaskInstance: dbt_transform.dbt_run scheduled__2025-11-14T17:15:35.634758+00:00 [queued]>
[2025-11-14T17:20:36.847+0000] {taskinstance.py:1157} INFO - Dependencies all met for dep_context=requeueable deps ti=<TaskInstance: dbt_transform.dbt_run scheduled__2025-11-14T17:15:35.634758+00:00 [queued]>
[2025-11-14T17:20:36.848+0000] {taskinstance.py:1359} INFO - Starting attempt 1 of 2
[2025-11-14T17:20:36.857+0000] {taskinstance.py:1380} INFO - Executing <Task(BashOperator): dbt_run> on 2025-11-14 17:15:35.634758+00:00
[2025-11-14T17:20:36.860+0000] {standard_task_runner.py:57} INFO - Started process 2222 to run task
[2025-11-14T17:20:36.863+0000] {standard_task_runner.py:84} INFO - Running: ['***', 'tasks', 'run', 'dbt_transform', 'dbt_run', 'scheduled__2025-11-14T17:15:35.634758+00:00', '--job-id', '56', '--raw', '--subdir', 'DAGS_FOLDER/dbt_dag.py', '--cfg-path', '/tmp/tmpbfooc9ii']
[2025-11-14T17:20:36.866+0000] {standard_task_runner.py:85} INFO - Job 56: Subtask dbt_run
[2025-11-14T17:20:36.930+0000] {task_command.py:415} INFO - Running <TaskInstance: dbt_transform.dbt_run scheduled__2025-11-14T17:15:35.634758+00:00 [running]> on host 3f4da400579d
[2025-11-14T17:20:36.990+0000] {taskinstance.py:1660} INFO - Exporting env vars: AIRFLOW_CTX_DAG_OWNER='***' AIRFLOW_CTX_DAG_ID='dbt_transform' AIRFLOW_CTX_TASK_ID='dbt_run' AIRFLOW_CTX_EXECUTION_DATE='2025-11-14T17:15:35.634758+00:00' AIRFLOW_CTX_TRY_NUMBER='1' AIRFLOW_CTX_DAG_RUN_ID='scheduled__2025-11-14T17:15:35.634758+00:00'
[2025-11-14T17:20:36.991+0000] {subprocess.py:63} INFO - Tmp dir root location: /tmp
[2025-11-14T17:20:36.993+0000] {subprocess.py:75} INFO - Running command: ['/bin/bash', '-c', 'docker exec dbt_***_project-dbt-1 dbt run']
[2025-11-14T17:20:37.000+0000] {subprocess.py:86} INFO - Output:
[2025-11-14T17:20:37.603+0000] {subprocess.py:93} INFO - [0m17:20:37  Running with dbt=1.8.7
[2025-11-14T17:20:37.933+0000] {subprocess.py:93} INFO - [0m17:20:37  Registered adapter: sqlserver=1.8.7
[2025-11-14T17:20:39.108+0000] {subprocess.py:93} INFO - [0m17:20:39  Found 10 models, 18 data tests, 13 sources, 614 macros
[2025-11-14T17:20:39.112+0000] {subprocess.py:93} INFO - [0m17:20:39
[2025-11-14T17:20:39.286+0000] {subprocess.py:93} INFO - [0m17:20:39  Concurrency: 4 threads (target='dev')
[2025-11-14T17:20:39.288+0000] {subprocess.py:93} INFO - [0m17:20:39
[2025-11-14T17:20:39.293+0000] {subprocess.py:93} INFO - [0m17:20:39  1 of 10 START sql view model bronze.brnz_customers ............................. [RUN]
[2025-11-14T17:20:39.295+0000] {subprocess.py:93} INFO - [0m17:20:39  2 of 10 START sql view model bronze.brnz_example ............................... [RUN]
[2025-11-14T17:20:39.296+0000] {subprocess.py:93} INFO - [0m17:20:39  3 of 10 START sql view model bronze.brnz_products .............................. [RUN]
[2025-11-14T17:20:39.297+0000] {subprocess.py:93} INFO - [0m17:20:39  4 of 10 START sql view model bronze.brnz_sales_orders .......................... [RUN]
[2025-11-14T17:20:39.608+0000] {subprocess.py:93} INFO - [0m17:20:39  3 of 10 OK created sql view model bronze.brnz_products ......................... [[32mOK[0m in 0.30s]
[2025-11-14T17:20:39.611+0000] {subprocess.py:93} INFO - [0m17:20:39  4 of 10 OK created sql view model bronze.brnz_sales_orders ..................... [[32mOK[0m in 0.30s]
[2025-11-14T17:20:39.613+0000] {subprocess.py:93} INFO - [0m17:20:39  2 of 10 OK created sql view model bronze.brnz_example .......................... [[32mOK[0m in 0.30s]
[2025-11-14T17:20:39.615+0000] {subprocess.py:93} INFO - [0m17:20:39  1 of 10 OK created sql view model bronze.brnz_customers ........................ [[32mOK[0m in 0.31s]
[2025-11-14T17:20:39.628+0000] {subprocess.py:93} INFO - [0m17:20:39  5 of 10 START sql table model silver.slvr_products ............................. [RUN]
[2025-11-14T17:20:39.630+0000] {subprocess.py:93} INFO - [0m17:20:39  6 of 10 START sql table model silver.slvr_sales_orders ......................... [RUN]
[2025-11-14T17:20:39.631+0000] {subprocess.py:93} INFO - [0m17:20:39  7 of 10 START sql table model silver.slvr_customers ............................ [RUN]
[2025-11-14T17:20:39.872+0000] {subprocess.py:93} INFO - [0m17:20:39  5 of 10 OK created sql table model silver.slvr_products ........................ [[32mOK[0m in 0.24s]
[2025-11-14T17:20:39.928+0000] {subprocess.py:93} INFO - [0m17:20:39  7 of 10 OK created sql table model silver.slvr_customers ....................... [[32mOK[0m in 0.29s]
[2025-11-14T17:20:40.490+0000] {subprocess.py:93} INFO - [0m17:20:40  6 of 10 OK created sql table model silver.slvr_sales_orders .................... [[32mOK[0m in 0.85s]
[2025-11-14T17:20:40.495+0000] {subprocess.py:93} INFO - [0m17:20:40  8 of 10 START sql table model gold.gld_customer_metrics ........................ [RUN]
[2025-11-14T17:20:40.496+0000] {subprocess.py:93} INFO - [0m17:20:40  9 of 10 START sql table model gold.gld_product_performance ..................... [RUN]
[2025-11-14T17:20:40.497+0000] {subprocess.py:93} INFO - [0m17:20:40  10 of 10 START sql table model gold.gld_sales_summary .......................... [RUN]
[2025-11-14T17:20:40.996+0000] {subprocess.py:93} INFO - [0m17:20:40  10 of 10 OK created sql table model gold.gld_sales_summary ..................... [[32mOK[0m in 0.49s]
[2025-11-14T17:20:41.070+0000] {subprocess.py:93} INFO - [0m17:20:41  8 of 10 OK created sql table model gold.gld_customer_metrics ................... [[32mOK[0m in 0.57s]
[2025-11-14T17:20:41.101+0000] {subprocess.py:93} INFO - [0m17:20:41  9 of 10 OK created sql table model gold.gld_product_performance ................ [[32mOK[0m in 0.60s]
[2025-11-14T17:20:41.109+0000] {subprocess.py:93} INFO - [0m17:20:41
[2025-11-14T17:20:41.110+0000] {subprocess.py:93} INFO - [0m17:20:41  Finished running 4 view models, 6 table models in 0 hours 0 minutes and 2.00 seconds (2.00s).
[2025-11-14T17:20:41.175+0000] {subprocess.py:93} INFO - [0m17:20:41
[2025-11-14T17:20:41.177+0000] {subprocess.py:93} INFO - [0m17:20:41  [32mCompleted successfully[0m
[2025-11-14T17:20:41.178+0000] {subprocess.py:93} INFO - [0m17:20:41
[2025-11-14T17:20:41.180+0000] {subprocess.py:93} INFO - [0m17:20:41  Done. PASS=10 WARN=0 ERROR=0 SKIP=0 TOTAL=10
[2025-11-14T17:20:43.099+0000] {subprocess.py:97} INFO - Command exited with return code 0
[2025-11-14T17:20:43.116+0000] {taskinstance.py:1398} INFO - Marking task as SUCCESS. dag_id=dbt_transform, task_id=dbt_run, execution_date=20251114T171535, start_date=20251114T172036, end_date=20251114T172043
[2025-11-14T17:20:43.164+0000] {local_task_job_runner.py:228} INFO - Task exited with return code 0
[2025-11-14T17:20:43.179+0000] {taskinstance.py:2776} INFO - 1 downstream tasks scheduled from follow-on schedule check
