[2025-11-14T15:30:20.349+0000] {taskinstance.py:1157} INFO - Dependencies all met for dep_context=non-requeueable deps ti=<TaskInstance: dbt_transform.dbt_run manual__2025-11-14T15:25:08.743346+00:00 [queued]>
[2025-11-14T15:30:20.356+0000] {taskinstance.py:1157} INFO - Dependencies all met for dep_context=requeueable deps ti=<TaskInstance: dbt_transform.dbt_run manual__2025-11-14T15:25:08.743346+00:00 [queued]>
[2025-11-14T15:30:20.357+0000] {taskinstance.py:1359} INFO - Starting attempt 2 of 2
[2025-11-14T15:30:20.366+0000] {taskinstance.py:1380} INFO - Executing <Task(BashOperator): dbt_run> on 2025-11-14 15:25:08.743346+00:00
[2025-11-14T15:30:20.370+0000] {standard_task_runner.py:57} INFO - Started process 515 to run task
[2025-11-14T15:30:20.373+0000] {standard_task_runner.py:84} INFO - Running: ['***', 'tasks', 'run', 'dbt_transform', 'dbt_run', 'manual__2025-11-14T15:25:08.743346+00:00', '--job-id', '6', '--raw', '--subdir', 'DAGS_FOLDER/dbt_dag.py', '--cfg-path', '/tmp/tmpohkc01md']
[2025-11-14T15:30:20.376+0000] {standard_task_runner.py:85} INFO - Job 6: Subtask dbt_run
[2025-11-14T15:30:20.440+0000] {task_command.py:415} INFO - Running <TaskInstance: dbt_transform.dbt_run manual__2025-11-14T15:25:08.743346+00:00 [running]> on host 3f4da400579d
[2025-11-14T15:30:20.500+0000] {taskinstance.py:1660} INFO - Exporting env vars: AIRFLOW_CTX_DAG_OWNER='***' AIRFLOW_CTX_DAG_ID='dbt_transform' AIRFLOW_CTX_TASK_ID='dbt_run' AIRFLOW_CTX_EXECUTION_DATE='2025-11-14T15:25:08.743346+00:00' AIRFLOW_CTX_TRY_NUMBER='2' AIRFLOW_CTX_DAG_RUN_ID='manual__2025-11-14T15:25:08.743346+00:00'
[2025-11-14T15:30:20.501+0000] {subprocess.py:63} INFO - Tmp dir root location: /tmp
[2025-11-14T15:30:20.502+0000] {subprocess.py:75} INFO - Running command: ['/bin/bash', '-c', 'docker exec dbt_***_project-dbt-1 dbt run']
[2025-11-14T15:30:20.508+0000] {subprocess.py:86} INFO - Output:
[2025-11-14T15:30:21.653+0000] {subprocess.py:93} INFO - [0m15:30:21  Running with dbt=1.8.7
[2025-11-14T15:30:21.946+0000] {subprocess.py:93} INFO - [0m15:30:21  Registered adapter: sqlserver=1.8.7
[2025-11-14T15:30:23.464+0000] {subprocess.py:93} INFO - [0m15:30:23  Found 10 models, 18 data tests, 13 sources, 614 macros
[2025-11-14T15:30:23.468+0000] {subprocess.py:93} INFO - [0m15:30:23
[2025-11-14T15:30:23.605+0000] {subprocess.py:93} INFO - [0m15:30:23  Concurrency: 4 threads (target='dev')
[2025-11-14T15:30:23.606+0000] {subprocess.py:93} INFO - [0m15:30:23
[2025-11-14T15:30:23.612+0000] {subprocess.py:93} INFO - [0m15:30:23  1 of 10 START sql view model bronze.brnz_customers ............................. [RUN]
[2025-11-14T15:30:23.613+0000] {subprocess.py:93} INFO - [0m15:30:23  2 of 10 START sql view model bronze.brnz_example ............................... [RUN]
[2025-11-14T15:30:23.614+0000] {subprocess.py:93} INFO - [0m15:30:23  3 of 10 START sql view model bronze.brnz_products .............................. [RUN]
[2025-11-14T15:30:23.615+0000] {subprocess.py:93} INFO - [0m15:30:23  4 of 10 START sql view model bronze.brnz_sales_orders .......................... [RUN]
[2025-11-14T15:30:23.409+0000] {subprocess.py:93} INFO - [0m15:30:23  3 of 10 OK created sql view model bronze.brnz_products ......................... [[32mOK[0m in -0.22s]
[2025-11-14T15:30:23.412+0000] {subprocess.py:93} INFO - [0m15:30:23  2 of 10 OK created sql view model bronze.brnz_example .......................... [[32mOK[0m in -0.21s]
[2025-11-14T15:30:23.413+0000] {subprocess.py:93} INFO - [0m15:30:23  1 of 10 OK created sql view model bronze.brnz_customers ........................ [[32mOK[0m in -0.21s]
[2025-11-14T15:30:23.423+0000] {subprocess.py:93} INFO - [0m15:30:23  5 of 10 START sql table model silver.slvr_products ............................. [RUN]
[2025-11-14T15:30:23.424+0000] {subprocess.py:93} INFO - [0m15:30:23  4 of 10 OK created sql view model bronze.brnz_sales_orders ..................... [[32mOK[0m in -0.20s]
[2025-11-14T15:30:23.426+0000] {subprocess.py:93} INFO - [0m15:30:23  6 of 10 START sql table model silver.slvr_customers ............................ [RUN]
[2025-11-14T15:30:23.440+0000] {subprocess.py:93} INFO - [0m15:30:23  7 of 10 START sql table model silver.slvr_sales_orders ......................... [RUN]
[2025-11-14T15:30:23.758+0000] {subprocess.py:93} INFO - [0m15:30:23  5 of 10 OK created sql table model silver.slvr_products ........................ [[32mOK[0m in 0.33s]
[2025-11-14T15:30:23.772+0000] {subprocess.py:93} INFO - [0m15:30:23  6 of 10 OK created sql table model silver.slvr_customers ....................... [[32mOK[0m in 0.34s]
[2025-11-14T15:30:24.419+0000] {subprocess.py:93} INFO - [0m15:30:24  7 of 10 OK created sql table model silver.slvr_sales_orders .................... [[32mOK[0m in 0.97s]
[2025-11-14T15:30:24.424+0000] {subprocess.py:93} INFO - [0m15:30:24  8 of 10 START sql table model gold.gld_customer_metrics ........................ [RUN]
[2025-11-14T15:30:24.426+0000] {subprocess.py:93} INFO - [0m15:30:24  9 of 10 START sql table model gold.gld_product_performance ..................... [RUN]
[2025-11-14T15:30:24.428+0000] {subprocess.py:93} INFO - [0m15:30:24  10 of 10 START sql table model gold.gld_sales_summary .......................... [RUN]
[2025-11-14T15:30:24.821+0000] {subprocess.py:93} INFO - [0m15:30:24  10 of 10 OK created sql table model gold.gld_sales_summary ..................... [[32mOK[0m in 0.39s]
[2025-11-14T15:30:25.113+0000] {subprocess.py:93} INFO - [0m15:30:25  9 of 10 OK created sql table model gold.gld_product_performance ................ [[32mOK[0m in 0.68s]
[2025-11-14T15:30:25.153+0000] {subprocess.py:93} INFO - [0m15:30:25  8 of 10 OK created sql table model gold.gld_customer_metrics ................... [[32mOK[0m in 0.72s]
[2025-11-14T15:30:25.164+0000] {subprocess.py:93} INFO - [0m15:30:25
[2025-11-14T15:30:25.165+0000] {subprocess.py:93} INFO - [0m15:30:25  Finished running 4 view models, 6 table models in 0 hours 0 minutes and 1.69 seconds (1.69s).
[2025-11-14T15:30:25.249+0000] {subprocess.py:93} INFO - [0m15:30:25
[2025-11-14T15:30:25.250+0000] {subprocess.py:93} INFO - [0m15:30:25  [32mCompleted successfully[0m
[2025-11-14T15:30:25.251+0000] {subprocess.py:93} INFO - [0m15:30:25
[2025-11-14T15:30:25.252+0000] {subprocess.py:93} INFO - [0m15:30:25  Done. PASS=10 WARN=0 ERROR=0 SKIP=0 TOTAL=10
[2025-11-14T15:30:26.781+0000] {subprocess.py:97} INFO - Command exited with return code 0
[2025-11-14T15:30:26.801+0000] {taskinstance.py:1398} INFO - Marking task as SUCCESS. dag_id=dbt_transform, task_id=dbt_run, execution_date=20251114T152508, start_date=20251114T153020, end_date=20251114T153026
[2025-11-14T15:30:26.852+0000] {local_task_job_runner.py:228} INFO - Task exited with return code 0
[2025-11-14T15:30:26.868+0000] {taskinstance.py:2776} INFO - 1 downstream tasks scheduled from follow-on schedule check
