[2025-11-14T15:25:12.022+0000] {taskinstance.py:1157} INFO - Dependencies all met for dep_context=non-requeueable deps ti=<TaskInstance: dbt_transform.dbt_run manual__2025-11-14T15:25:08.743346+00:00 [queued]>
[2025-11-14T15:25:12.029+0000] {taskinstance.py:1157} INFO - Dependencies all met for dep_context=requeueable deps ti=<TaskInstance: dbt_transform.dbt_run manual__2025-11-14T15:25:08.743346+00:00 [queued]>
[2025-11-14T15:25:12.030+0000] {taskinstance.py:1359} INFO - Starting attempt 1 of 2
[2025-11-14T15:25:12.045+0000] {taskinstance.py:1380} INFO - Executing <Task(BashOperator): dbt_run> on 2025-11-14 15:25:08.743346+00:00
[2025-11-14T15:25:12.051+0000] {standard_task_runner.py:57} INFO - Started process 415 to run task
[2025-11-14T15:25:12.054+0000] {standard_task_runner.py:84} INFO - Running: ['***', 'tasks', 'run', 'dbt_transform', 'dbt_run', 'manual__2025-11-14T15:25:08.743346+00:00', '--job-id', '3', '--raw', '--subdir', 'DAGS_FOLDER/dbt_dag.py', '--cfg-path', '/tmp/tmpvsrqfs1x']
[2025-11-14T15:25:12.058+0000] {standard_task_runner.py:85} INFO - Job 3: Subtask dbt_run
[2025-11-14T15:25:12.127+0000] {task_command.py:415} INFO - Running <TaskInstance: dbt_transform.dbt_run manual__2025-11-14T15:25:08.743346+00:00 [running]> on host 3f4da400579d
[2025-11-14T15:25:12.193+0000] {taskinstance.py:1660} INFO - Exporting env vars: AIRFLOW_CTX_DAG_OWNER='***' AIRFLOW_CTX_DAG_ID='dbt_transform' AIRFLOW_CTX_TASK_ID='dbt_run' AIRFLOW_CTX_EXECUTION_DATE='2025-11-14T15:25:08.743346+00:00' AIRFLOW_CTX_TRY_NUMBER='1' AIRFLOW_CTX_DAG_RUN_ID='manual__2025-11-14T15:25:08.743346+00:00'
[2025-11-14T15:25:12.195+0000] {subprocess.py:63} INFO - Tmp dir root location: /tmp
[2025-11-14T15:25:12.197+0000] {subprocess.py:75} INFO - Running command: ['/bin/bash', '-c', 'docker exec dbt_***_project-dbt-1 dbt run']
[2025-11-14T15:25:12.205+0000] {subprocess.py:86} INFO - Output:
[2025-11-14T15:25:14.099+0000] {subprocess.py:93} INFO - [0m15:25:14  Running with dbt=1.8.7
[2025-11-14T15:25:14.659+0000] {subprocess.py:93} INFO - [0m15:25:14  Registered adapter: sqlserver=1.8.7
[2025-11-14T15:25:16.284+0000] {subprocess.py:93} INFO - [0m15:25:16  Found 10 models, 18 data tests, 13 sources, 614 macros
[2025-11-14T15:25:16.290+0000] {subprocess.py:93} INFO - [0m15:25:16
[2025-11-14T15:25:16.528+0000] {subprocess.py:93} INFO - [0m15:25:16  Concurrency: 4 threads (target='dev')
[2025-11-14T15:25:16.529+0000] {subprocess.py:93} INFO - [0m15:25:16
[2025-11-14T15:25:16.541+0000] {subprocess.py:93} INFO - [0m15:25:16  1 of 10 START sql view model bronze.brnz_customers ............................. [RUN]
[2025-11-14T15:25:16.543+0000] {subprocess.py:93} INFO - [0m15:25:16  2 of 10 START sql view model bronze.brnz_example ............................... [RUN]
[2025-11-14T15:25:16.546+0000] {subprocess.py:93} INFO - [0m15:25:16  3 of 10 START sql view model bronze.brnz_products .............................. [RUN]
[2025-11-14T15:25:16.548+0000] {subprocess.py:93} INFO - [0m15:25:16  4 of 10 START sql view model bronze.brnz_sales_orders .......................... [RUN]
[2025-11-14T15:25:16.749+0000] {subprocess.py:93} INFO - [0m15:25:16  [31mUnhandled error while executing target/run/dbt_sqlserver_project/models/bronze/brnz_customers.sql[0m
[2025-11-14T15:25:16.750+0000] {subprocess.py:93} INFO - ('42S01', "[42S01] [Microsoft][ODBC Driver 17 for SQL Server][SQL Server]There is already an object named 'brnz_customers__dbt_tmp' in the database. (2714) (SQLMoreResults)")
[2025-11-14T15:25:16.760+0000] {subprocess.py:93} INFO - [0m15:25:16  [31mUnhandled error while executing target/run/dbt_sqlserver_project/models/bronze/brnz_sales_orders.sql[0m
[2025-11-14T15:25:16.760+0000] {subprocess.py:93} INFO - ('42S01', "[42S01] [Microsoft][ODBC Driver 17 for SQL Server][SQL Server]There is already an object named 'brnz_sales_orders__dbt_tmp' in the database. (2714) (SQLMoreResults)")
[2025-11-14T15:25:16.780+0000] {subprocess.py:93} INFO - [0m15:25:16  1 of 10 ERROR creating sql view model bronze.brnz_customers .................... [[31mERROR[0m in 0.22s]
[2025-11-14T15:25:16.788+0000] {subprocess.py:93} INFO - [0m15:25:16  4 of 10 ERROR creating sql view model bronze.brnz_sales_orders ................. [[31mERROR[0m in 0.22s]
[2025-11-14T15:25:16.793+0000] {subprocess.py:93} INFO - [0m15:25:16  [31mUnhandled error while executing target/run/dbt_sqlserver_project/models/bronze/brnz_example.sql[0m
[2025-11-14T15:25:16.793+0000] {subprocess.py:93} INFO - ('42S01', "[42S01] [Microsoft][ODBC Driver 17 for SQL Server][SQL Server]There is already an object named 'brnz_example__dbt_tmp' in the database. (2714) (SQLMoreResults)")
[2025-11-14T15:25:16.804+0000] {subprocess.py:93} INFO - [0m15:25:16  5 of 10 SKIP relation silver.slvr_customers .................................... [[33mSKIP[0m]
[2025-11-14T15:25:16.808+0000] {subprocess.py:93} INFO - [0m15:25:16  6 of 10 SKIP relation silver.slvr_sales_orders ................................. [[33mSKIP[0m]
[2025-11-14T15:25:16.832+0000] {subprocess.py:93} INFO - [0m15:25:16  2 of 10 ERROR creating sql view model bronze.brnz_example ...................... [[31mERROR[0m in 0.25s]
[2025-11-14T15:25:16.854+0000] {subprocess.py:93} INFO - [0m15:25:16  7 of 10 SKIP relation gold.gld_customer_metrics ................................ [[33mSKIP[0m]
[2025-11-14T15:25:16.855+0000] {subprocess.py:93} INFO - [0m15:25:16  8 of 10 SKIP relation gold.gld_sales_summary ................................... [[33mSKIP[0m]
[2025-11-14T15:25:16.891+0000] {subprocess.py:93} INFO - [0m15:25:16  3 of 10 OK created sql view model bronze.brnz_products ......................... [[32mOK[0m in 0.34s]
[2025-11-14T15:25:16.897+0000] {subprocess.py:93} INFO - [0m15:25:16  9 of 10 START sql table model silver.slvr_products ............................. [RUN]
[2025-11-14T15:25:17.116+0000] {subprocess.py:93} INFO - [0m15:25:17  9 of 10 OK created sql table model silver.slvr_products ........................ [[32mOK[0m in 0.22s]
[2025-11-14T15:25:17.121+0000] {subprocess.py:93} INFO - [0m15:25:17  10 of 10 SKIP relation gold.gld_product_performance ............................ [[33mSKIP[0m]
[2025-11-14T15:25:17.133+0000] {subprocess.py:93} INFO - [0m15:25:17
[2025-11-14T15:25:17.134+0000] {subprocess.py:93} INFO - [0m15:25:17  Finished running 4 view models, 6 table models in 0 hours 0 minutes and 0.84 seconds (0.84s).
[2025-11-14T15:25:17.218+0000] {subprocess.py:93} INFO - [0m15:25:17
[2025-11-14T15:25:17.219+0000] {subprocess.py:93} INFO - [0m15:25:17  [31mCompleted with 3 errors and 0 warnings:[0m
[2025-11-14T15:25:17.221+0000] {subprocess.py:93} INFO - [0m15:25:17
[2025-11-14T15:25:17.224+0000] {subprocess.py:93} INFO - [0m15:25:17    ('42S01', "[42S01] [Microsoft][ODBC Driver 17 for SQL Server][SQL Server]There is already an object named 'brnz_customers__dbt_tmp' in the database. (2714) (SQLMoreResults)")
[2025-11-14T15:25:17.225+0000] {subprocess.py:93} INFO - [0m15:25:17
[2025-11-14T15:25:17.227+0000] {subprocess.py:93} INFO - [0m15:25:17    ('42S01', "[42S01] [Microsoft][ODBC Driver 17 for SQL Server][SQL Server]There is already an object named 'brnz_sales_orders__dbt_tmp' in the database. (2714) (SQLMoreResults)")
[2025-11-14T15:25:17.228+0000] {subprocess.py:93} INFO - [0m15:25:17
[2025-11-14T15:25:17.230+0000] {subprocess.py:93} INFO - [0m15:25:17    ('42S01', "[42S01] [Microsoft][ODBC Driver 17 for SQL Server][SQL Server]There is already an object named 'brnz_example__dbt_tmp' in the database. (2714) (SQLMoreResults)")
[2025-11-14T15:25:17.231+0000] {subprocess.py:93} INFO - [0m15:25:17
[2025-11-14T15:25:17.233+0000] {subprocess.py:93} INFO - [0m15:25:17  Done. PASS=2 WARN=0 ERROR=3 SKIP=5 TOTAL=10
[2025-11-14T15:25:19.725+0000] {subprocess.py:97} INFO - Command exited with return code 1
[2025-11-14T15:25:19.740+0000] {taskinstance.py:1935} ERROR - Task failed with exception
Traceback (most recent call last):
  File "/home/airflow/.local/lib/python3.9/site-packages/airflow/operators/bash.py", line 210, in execute
    raise AirflowException(
airflow.exceptions.AirflowException: Bash command failed. The command returned a non-zero exit code 1.
[2025-11-14T15:25:19.748+0000] {taskinstance.py:1398} INFO - Marking task as UP_FOR_RETRY. dag_id=dbt_transform, task_id=dbt_run, execution_date=20251114T152508, start_date=20251114T152512, end_date=20251114T152519
[2025-11-14T15:25:19.765+0000] {standard_task_runner.py:104} ERROR - Failed to execute job 3 for task dbt_run (Bash command failed. The command returned a non-zero exit code 1.; 415)
[2025-11-14T15:25:19.779+0000] {local_task_job_runner.py:228} INFO - Task exited with return code 1
[2025-11-14T15:25:19.813+0000] {taskinstance.py:2776} INFO - 0 downstream tasks scheduled from follow-on schedule check
