[2025-11-14T17:45:36.285+0000] {taskinstance.py:1157} INFO - Dependencies all met for dep_context=non-requeueable deps ti=<TaskInstance: dbt_transform.dbt_run scheduled__2025-11-14T17:40:35.634758+00:00 [queued]>
[2025-11-14T17:45:36.290+0000] {taskinstance.py:1157} INFO - Dependencies all met for dep_context=requeueable deps ti=<TaskInstance: dbt_transform.dbt_run scheduled__2025-11-14T17:40:35.634758+00:00 [queued]>
[2025-11-14T17:45:36.291+0000] {taskinstance.py:1359} INFO - Starting attempt 1 of 2
[2025-11-14T17:45:36.299+0000] {taskinstance.py:1380} INFO - Executing <Task(BashOperator): dbt_run> on 2025-11-14 17:40:35.634758+00:00
[2025-11-14T17:45:36.303+0000] {standard_task_runner.py:57} INFO - Started process 2591 to run task
[2025-11-14T17:45:36.305+0000] {standard_task_runner.py:84} INFO - Running: ['***', 'tasks', 'run', 'dbt_transform', 'dbt_run', 'scheduled__2025-11-14T17:40:35.634758+00:00', '--job-id', '66', '--raw', '--subdir', 'DAGS_FOLDER/dbt_dag.py', '--cfg-path', '/tmp/tmpgjq47gd2']
[2025-11-14T17:45:36.308+0000] {standard_task_runner.py:85} INFO - Job 66: Subtask dbt_run
[2025-11-14T17:45:36.364+0000] {task_command.py:415} INFO - Running <TaskInstance: dbt_transform.dbt_run scheduled__2025-11-14T17:40:35.634758+00:00 [running]> on host 3f4da400579d
[2025-11-14T17:45:36.427+0000] {taskinstance.py:1660} INFO - Exporting env vars: AIRFLOW_CTX_DAG_OWNER='***' AIRFLOW_CTX_DAG_ID='dbt_transform' AIRFLOW_CTX_TASK_ID='dbt_run' AIRFLOW_CTX_EXECUTION_DATE='2025-11-14T17:40:35.634758+00:00' AIRFLOW_CTX_TRY_NUMBER='1' AIRFLOW_CTX_DAG_RUN_ID='scheduled__2025-11-14T17:40:35.634758+00:00'
[2025-11-14T17:45:36.429+0000] {subprocess.py:63} INFO - Tmp dir root location: /tmp
[2025-11-14T17:45:36.430+0000] {subprocess.py:75} INFO - Running command: ['/bin/bash', '-c', 'docker exec dbt_***_project-dbt-1 dbt run']
[2025-11-14T17:45:36.438+0000] {subprocess.py:86} INFO - Output:
[2025-11-14T17:45:38.040+0000] {subprocess.py:93} INFO - [0m17:45:38  Running with dbt=1.8.7
[2025-11-14T17:45:38.386+0000] {subprocess.py:93} INFO - [0m17:45:38  Registered adapter: sqlserver=1.8.7
[2025-11-14T17:45:39.776+0000] {subprocess.py:93} INFO - [0m17:45:39  Found 10 models, 18 data tests, 13 sources, 614 macros
[2025-11-14T17:45:39.780+0000] {subprocess.py:93} INFO - [0m17:45:39
[2025-11-14T17:45:39.955+0000] {subprocess.py:93} INFO - [0m17:45:39  Concurrency: 4 threads (target='dev')
[2025-11-14T17:45:39.956+0000] {subprocess.py:93} INFO - [0m17:45:39
[2025-11-14T17:45:39.962+0000] {subprocess.py:93} INFO - [0m17:45:39  1 of 10 START sql view model bronze.brnz_customers ............................. [RUN]
[2025-11-14T17:45:39.964+0000] {subprocess.py:93} INFO - [0m17:45:39  2 of 10 START sql view model bronze.brnz_example ............................... [RUN]
[2025-11-14T17:45:39.965+0000] {subprocess.py:93} INFO - [0m17:45:39  3 of 10 START sql view model bronze.brnz_products .............................. [RUN]
[2025-11-14T17:45:39.967+0000] {subprocess.py:93} INFO - [0m17:45:39  4 of 10 START sql view model bronze.brnz_sales_orders .......................... [RUN]
[2025-11-14T17:45:40.293+0000] {subprocess.py:93} INFO - [0m17:45:40  3 of 10 OK created sql view model bronze.brnz_products ......................... [[32mOK[0m in 0.32s]
[2025-11-14T17:45:40.294+0000] {subprocess.py:93} INFO - [0m17:45:40  2 of 10 OK created sql view model bronze.brnz_example .......................... [[32mOK[0m in 0.32s]
[2025-11-14T17:45:40.295+0000] {subprocess.py:93} INFO - [0m17:45:40  4 of 10 OK created sql view model bronze.brnz_sales_orders ..................... [[32mOK[0m in 0.32s]
[2025-11-14T17:45:40.306+0000] {subprocess.py:93} INFO - [0m17:45:40  5 of 10 START sql table model silver.slvr_products ............................. [RUN]
[2025-11-14T17:45:40.308+0000] {subprocess.py:93} INFO - [0m17:45:40  6 of 10 START sql table model silver.slvr_sales_orders ......................... [RUN]
[2025-11-14T17:45:40.314+0000] {subprocess.py:93} INFO - [0m17:45:40  1 of 10 OK created sql view model bronze.brnz_customers ........................ [[32mOK[0m in 0.34s]
[2025-11-14T17:45:40.332+0000] {subprocess.py:93} INFO - [0m17:45:40  7 of 10 START sql table model silver.slvr_customers ............................ [RUN]
[2025-11-14T17:45:40.688+0000] {subprocess.py:93} INFO - [0m17:45:40  7 of 10 OK created sql table model silver.slvr_customers ....................... [[32mOK[0m in 0.35s]
[2025-11-14T17:45:40.708+0000] {subprocess.py:93} INFO - [0m17:45:40  5 of 10 OK created sql table model silver.slvr_products ........................ [[32mOK[0m in 0.40s]
[2025-11-14T17:45:41.239+0000] {subprocess.py:93} INFO - [0m17:45:41  6 of 10 OK created sql table model silver.slvr_sales_orders .................... [[32mOK[0m in 0.93s]
[2025-11-14T17:45:41.242+0000] {subprocess.py:93} INFO - [0m17:45:41  8 of 10 START sql table model gold.gld_customer_metrics ........................ [RUN]
[2025-11-14T17:45:41.244+0000] {subprocess.py:93} INFO - [0m17:45:41  9 of 10 START sql table model gold.gld_product_performance ..................... [RUN]
[2025-11-14T17:45:41.245+0000] {subprocess.py:93} INFO - [0m17:45:41  10 of 10 START sql table model gold.gld_sales_summary .......................... [RUN]
[2025-11-14T17:45:41.754+0000] {subprocess.py:93} INFO - [0m17:45:41  10 of 10 OK created sql table model gold.gld_sales_summary ..................... [[32mOK[0m in 0.50s]
[2025-11-14T17:45:41.794+0000] {subprocess.py:93} INFO - [0m17:45:41  8 of 10 OK created sql table model gold.gld_customer_metrics ................... [[32mOK[0m in 0.55s]
[2025-11-14T17:45:41.828+0000] {subprocess.py:93} INFO - [0m17:45:41  9 of 10 OK created sql table model gold.gld_product_performance ................ [[32mOK[0m in 0.58s]
[2025-11-14T17:45:41.839+0000] {subprocess.py:93} INFO - [0m17:45:41
[2025-11-14T17:45:41.840+0000] {subprocess.py:93} INFO - [0m17:45:41  Finished running 4 view models, 6 table models in 0 hours 0 minutes and 2.06 seconds (2.06s).
[2025-11-14T17:45:41.903+0000] {subprocess.py:93} INFO - [0m17:45:41
[2025-11-14T17:45:41.904+0000] {subprocess.py:93} INFO - [0m17:45:41  [32mCompleted successfully[0m
[2025-11-14T17:45:41.906+0000] {subprocess.py:93} INFO - [0m17:45:41
[2025-11-14T17:45:41.907+0000] {subprocess.py:93} INFO - [0m17:45:41  Done. PASS=10 WARN=0 ERROR=0 SKIP=0 TOTAL=10
[2025-11-14T17:45:43.832+0000] {subprocess.py:97} INFO - Command exited with return code 0
[2025-11-14T17:45:43.851+0000] {taskinstance.py:1398} INFO - Marking task as SUCCESS. dag_id=dbt_transform, task_id=dbt_run, execution_date=20251114T174035, start_date=20251114T174536, end_date=20251114T174543
[2025-11-14T17:45:43.866+0000] {local_task_job_runner.py:228} INFO - Task exited with return code 0
[2025-11-14T17:45:43.884+0000] {taskinstance.py:2776} INFO - 1 downstream tasks scheduled from follow-on schedule check
