[2025-11-14T23:55:36.919+0000] {taskinstance.py:1157} INFO - Dependencies all met for dep_context=non-requeueable deps ti=<TaskInstance: dbt_transform.dbt_run scheduled__2025-11-14T23:50:35.634758+00:00 [queued]>
[2025-11-14T23:55:36.928+0000] {taskinstance.py:1157} INFO - Dependencies all met for dep_context=requeueable deps ti=<TaskInstance: dbt_transform.dbt_run scheduled__2025-11-14T23:50:35.634758+00:00 [queued]>
[2025-11-14T23:55:36.929+0000] {taskinstance.py:1359} INFO - Starting attempt 1 of 2
[2025-11-14T23:55:36.938+0000] {taskinstance.py:1380} INFO - Executing <Task(BashOperator): dbt_run> on 2025-11-14 23:50:35.634758+00:00
[2025-11-14T23:55:36.942+0000] {standard_task_runner.py:57} INFO - Started process 8053 to run task
[2025-11-14T23:55:36.945+0000] {standard_task_runner.py:84} INFO - Running: ['***', 'tasks', 'run', 'dbt_transform', 'dbt_run', 'scheduled__2025-11-14T23:50:35.634758+00:00', '--job-id', '214', '--raw', '--subdir', 'DAGS_FOLDER/dbt_dag.py', '--cfg-path', '/tmp/tmpw8tyceui']
[2025-11-14T23:55:36.947+0000] {standard_task_runner.py:85} INFO - Job 214: Subtask dbt_run
[2025-11-14T23:55:37.009+0000] {task_command.py:415} INFO - Running <TaskInstance: dbt_transform.dbt_run scheduled__2025-11-14T23:50:35.634758+00:00 [running]> on host 3f4da400579d
[2025-11-14T23:55:37.070+0000] {taskinstance.py:1660} INFO - Exporting env vars: AIRFLOW_CTX_DAG_OWNER='***' AIRFLOW_CTX_DAG_ID='dbt_transform' AIRFLOW_CTX_TASK_ID='dbt_run' AIRFLOW_CTX_EXECUTION_DATE='2025-11-14T23:50:35.634758+00:00' AIRFLOW_CTX_TRY_NUMBER='1' AIRFLOW_CTX_DAG_RUN_ID='scheduled__2025-11-14T23:50:35.634758+00:00'
[2025-11-14T23:55:37.072+0000] {subprocess.py:63} INFO - Tmp dir root location: /tmp
[2025-11-14T23:55:37.073+0000] {subprocess.py:75} INFO - Running command: ['/bin/bash', '-c', 'docker exec dbt_***_project-dbt-1 dbt run']
[2025-11-14T23:55:37.081+0000] {subprocess.py:86} INFO - Output:
[2025-11-14T23:55:38.715+0000] {subprocess.py:93} INFO - [0m23:55:38  Running with dbt=1.8.7
[2025-11-14T23:55:39.100+0000] {subprocess.py:93} INFO - [0m23:55:39  Registered adapter: sqlserver=1.8.7
[2025-11-14T23:55:40.584+0000] {subprocess.py:93} INFO - [0m23:55:40  Found 10 models, 18 data tests, 13 sources, 614 macros
[2025-11-14T23:55:40.589+0000] {subprocess.py:93} INFO - [0m23:55:40
[2025-11-14T23:55:40.783+0000] {subprocess.py:93} INFO - [0m23:55:40  Concurrency: 4 threads (target='dev')
[2025-11-14T23:55:40.784+0000] {subprocess.py:93} INFO - [0m23:55:40
[2025-11-14T23:55:40.790+0000] {subprocess.py:93} INFO - [0m23:55:40  1 of 10 START sql view model bronze.brnz_customers ............................. [RUN]
[2025-11-14T23:55:40.792+0000] {subprocess.py:93} INFO - [0m23:55:40  2 of 10 START sql view model bronze.brnz_example ............................... [RUN]
[2025-11-14T23:55:40.793+0000] {subprocess.py:93} INFO - [0m23:55:40  3 of 10 START sql view model bronze.brnz_products .............................. [RUN]
[2025-11-14T23:55:40.794+0000] {subprocess.py:93} INFO - [0m23:55:40  4 of 10 START sql view model bronze.brnz_sales_orders .......................... [RUN]
[2025-11-14T23:55:41.074+0000] {subprocess.py:93} INFO - [0m23:55:41  1 of 10 OK created sql view model bronze.brnz_customers ........................ [[32mOK[0m in 0.27s]
[2025-11-14T23:55:41.083+0000] {subprocess.py:93} INFO - [0m23:55:41  4 of 10 OK created sql view model bronze.brnz_sales_orders ..................... [[32mOK[0m in 0.28s]
[2025-11-14T23:55:41.087+0000] {subprocess.py:93} INFO - [0m23:55:41  5 of 10 START sql table model silver.slvr_customers ............................ [RUN]
[2025-11-14T23:55:41.093+0000] {subprocess.py:93} INFO - [0m23:55:41  6 of 10 START sql table model silver.slvr_sales_orders ......................... [RUN]
[2025-11-14T23:55:41.107+0000] {subprocess.py:93} INFO - [0m23:55:41  2 of 10 OK created sql view model bronze.brnz_example .......................... [[32mOK[0m in 0.30s]
[2025-11-14T23:55:41.108+0000] {subprocess.py:93} INFO - [0m23:55:41  3 of 10 OK created sql view model bronze.brnz_products ......................... [[32mOK[0m in 0.30s]
[2025-11-14T23:55:41.143+0000] {subprocess.py:93} INFO - [0m23:55:41  7 of 10 START sql table model silver.slvr_products ............................. [RUN]
[2025-11-14T23:55:41.415+0000] {subprocess.py:93} INFO - [0m23:55:41  7 of 10 OK created sql table model silver.slvr_products ........................ [[32mOK[0m in 0.26s]
[2025-11-14T23:55:41.429+0000] {subprocess.py:93} INFO - [0m23:55:41  5 of 10 OK created sql table model silver.slvr_customers ....................... [[32mOK[0m in 0.34s]
[2025-11-14T23:55:42.006+0000] {subprocess.py:93} INFO - [0m23:55:42  6 of 10 OK created sql table model silver.slvr_sales_orders .................... [[32mOK[0m in 0.90s]
[2025-11-14T23:55:42.012+0000] {subprocess.py:93} INFO - [0m23:55:42  8 of 10 START sql table model gold.gld_customer_metrics ........................ [RUN]
[2025-11-14T23:55:42.013+0000] {subprocess.py:93} INFO - [0m23:55:42  9 of 10 START sql table model gold.gld_product_performance ..................... [RUN]
[2025-11-14T23:55:42.016+0000] {subprocess.py:93} INFO - [0m23:55:42  10 of 10 START sql table model gold.gld_sales_summary .......................... [RUN]
[2025-11-14T23:55:42.439+0000] {subprocess.py:93} INFO - [0m23:55:42  10 of 10 OK created sql table model gold.gld_sales_summary ..................... [[32mOK[0m in 0.42s]
[2025-11-14T23:55:42.641+0000] {subprocess.py:93} INFO - [0m23:55:42  8 of 10 OK created sql table model gold.gld_customer_metrics ................... [[32mOK[0m in 0.62s]
[2025-11-14T23:55:42.642+0000] {subprocess.py:93} INFO - [0m23:55:42  9 of 10 OK created sql table model gold.gld_product_performance ................ [[32mOK[0m in 0.62s]
[2025-11-14T23:55:42.652+0000] {subprocess.py:93} INFO - [0m23:55:42
[2025-11-14T23:55:42.653+0000] {subprocess.py:93} INFO - [0m23:55:42  Finished running 4 view models, 6 table models in 0 hours 0 minutes and 2.06 seconds (2.06s).
[2025-11-14T23:55:42.718+0000] {subprocess.py:93} INFO - [0m23:55:42
[2025-11-14T23:55:42.719+0000] {subprocess.py:93} INFO - [0m23:55:42  [32mCompleted successfully[0m
[2025-11-14T23:55:42.721+0000] {subprocess.py:93} INFO - [0m23:55:42
[2025-11-14T23:55:42.722+0000] {subprocess.py:93} INFO - [0m23:55:42  Done. PASS=10 WARN=0 ERROR=0 SKIP=0 TOTAL=10
[2025-11-14T23:55:43.186+0000] {subprocess.py:97} INFO - Command exited with return code 0
[2025-11-14T23:55:43.205+0000] {taskinstance.py:1398} INFO - Marking task as SUCCESS. dag_id=dbt_transform, task_id=dbt_run, execution_date=20251114T235035, start_date=20251114T235536, end_date=20251114T235543
[2025-11-14T23:55:43.249+0000] {local_task_job_runner.py:228} INFO - Task exited with return code 0
[2025-11-14T23:55:43.267+0000] {taskinstance.py:2776} INFO - 1 downstream tasks scheduled from follow-on schedule check
