[2025-11-14T18:15:37.019+0000] {taskinstance.py:1157} INFO - Dependencies all met for dep_context=non-requeueable deps ti=<TaskInstance: dbt_transform.dbt_run scheduled__2025-11-14T18:10:35.634758+00:00 [queued]>
[2025-11-14T18:15:37.025+0000] {taskinstance.py:1157} INFO - Dependencies all met for dep_context=requeueable deps ti=<TaskInstance: dbt_transform.dbt_run scheduled__2025-11-14T18:10:35.634758+00:00 [queued]>
[2025-11-14T18:15:37.026+0000] {taskinstance.py:1359} INFO - Starting attempt 1 of 2
[2025-11-14T18:15:37.035+0000] {taskinstance.py:1380} INFO - Executing <Task(BashOperator): dbt_run> on 2025-11-14 18:10:35.634758+00:00
[2025-11-14T18:15:37.039+0000] {standard_task_runner.py:57} INFO - Started process 3038 to run task
[2025-11-14T18:15:37.041+0000] {standard_task_runner.py:84} INFO - Running: ['***', 'tasks', 'run', 'dbt_transform', 'dbt_run', 'scheduled__2025-11-14T18:10:35.634758+00:00', '--job-id', '78', '--raw', '--subdir', 'DAGS_FOLDER/dbt_dag.py', '--cfg-path', '/tmp/tmpiudhtdmu']
[2025-11-14T18:15:37.044+0000] {standard_task_runner.py:85} INFO - Job 78: Subtask dbt_run
[2025-11-14T18:15:37.109+0000] {task_command.py:415} INFO - Running <TaskInstance: dbt_transform.dbt_run scheduled__2025-11-14T18:10:35.634758+00:00 [running]> on host 3f4da400579d
[2025-11-14T18:15:37.173+0000] {taskinstance.py:1660} INFO - Exporting env vars: AIRFLOW_CTX_DAG_OWNER='***' AIRFLOW_CTX_DAG_ID='dbt_transform' AIRFLOW_CTX_TASK_ID='dbt_run' AIRFLOW_CTX_EXECUTION_DATE='2025-11-14T18:10:35.634758+00:00' AIRFLOW_CTX_TRY_NUMBER='1' AIRFLOW_CTX_DAG_RUN_ID='scheduled__2025-11-14T18:10:35.634758+00:00'
[2025-11-14T18:15:37.175+0000] {subprocess.py:63} INFO - Tmp dir root location: /tmp
[2025-11-14T18:15:37.176+0000] {subprocess.py:75} INFO - Running command: ['/bin/bash', '-c', 'docker exec dbt_***_project-dbt-1 dbt run']
[2025-11-14T18:15:37.183+0000] {subprocess.py:86} INFO - Output:
[2025-11-14T18:15:37.604+0000] {subprocess.py:93} INFO - [0m18:15:37  Running with dbt=1.8.7
[2025-11-14T18:15:37.963+0000] {subprocess.py:93} INFO - [0m18:15:37  Registered adapter: sqlserver=1.8.7
[2025-11-14T18:15:39.168+0000] {subprocess.py:93} INFO - [0m18:15:39  Found 10 models, 18 data tests, 13 sources, 614 macros
[2025-11-14T18:15:39.172+0000] {subprocess.py:93} INFO - [0m18:15:39
[2025-11-14T18:15:39.354+0000] {subprocess.py:93} INFO - [0m18:15:39  Concurrency: 4 threads (target='dev')
[2025-11-14T18:15:39.355+0000] {subprocess.py:93} INFO - [0m18:15:39
[2025-11-14T18:15:39.361+0000] {subprocess.py:93} INFO - [0m18:15:39  1 of 10 START sql view model bronze.brnz_customers ............................. [RUN]
[2025-11-14T18:15:39.363+0000] {subprocess.py:93} INFO - [0m18:15:39  2 of 10 START sql view model bronze.brnz_example ............................... [RUN]
[2025-11-14T18:15:39.363+0000] {subprocess.py:93} INFO - [0m18:15:39  3 of 10 START sql view model bronze.brnz_products .............................. [RUN]
[2025-11-14T18:15:39.365+0000] {subprocess.py:93} INFO - [0m18:15:39  4 of 10 START sql view model bronze.brnz_sales_orders .......................... [RUN]
[2025-11-14T18:15:39.646+0000] {subprocess.py:93} INFO - [0m18:15:39  1 of 10 OK created sql view model bronze.brnz_customers ........................ [[32mOK[0m in 0.27s]
[2025-11-14T18:15:39.649+0000] {subprocess.py:93} INFO - [0m18:15:39  3 of 10 OK created sql view model bronze.brnz_products ......................... [[32mOK[0m in 0.28s]
[2025-11-14T18:15:39.652+0000] {subprocess.py:93} INFO - [0m18:15:39  4 of 10 OK created sql view model bronze.brnz_sales_orders ..................... [[32mOK[0m in 0.28s]
[2025-11-14T18:15:39.654+0000] {subprocess.py:93} INFO - [0m18:15:39  2 of 10 OK created sql view model bronze.brnz_example .......................... [[32mOK[0m in 0.28s]
[2025-11-14T18:15:39.661+0000] {subprocess.py:93} INFO - [0m18:15:39  5 of 10 START sql table model silver.slvr_customers ............................ [RUN]
[2025-11-14T18:15:39.664+0000] {subprocess.py:93} INFO - [0m18:15:39  6 of 10 START sql table model silver.slvr_products ............................. [RUN]
[2025-11-14T18:15:39.666+0000] {subprocess.py:93} INFO - [0m18:15:39  7 of 10 START sql table model silver.slvr_sales_orders ......................... [RUN]
[2025-11-14T18:15:39.979+0000] {subprocess.py:93} INFO - [0m18:15:39  5 of 10 OK created sql table model silver.slvr_customers ....................... [[32mOK[0m in 0.31s]
[2025-11-14T18:15:40.013+0000] {subprocess.py:93} INFO - [0m18:15:40  6 of 10 OK created sql table model silver.slvr_products ........................ [[32mOK[0m in 0.34s]
[2025-11-14T18:15:40.544+0000] {subprocess.py:93} INFO - [0m18:15:40  7 of 10 OK created sql table model silver.slvr_sales_orders .................... [[32mOK[0m in 0.87s]
[2025-11-14T18:15:40.549+0000] {subprocess.py:93} INFO - [0m18:15:40  8 of 10 START sql table model gold.gld_customer_metrics ........................ [RUN]
[2025-11-14T18:15:40.550+0000] {subprocess.py:93} INFO - [0m18:15:40  9 of 10 START sql table model gold.gld_product_performance ..................... [RUN]
[2025-11-14T18:15:40.551+0000] {subprocess.py:93} INFO - [0m18:15:40  10 of 10 START sql table model gold.gld_sales_summary .......................... [RUN]
[2025-11-14T18:15:40.984+0000] {subprocess.py:93} INFO - [0m18:15:40  10 of 10 OK created sql table model gold.gld_sales_summary ..................... [[32mOK[0m in 0.43s]
[2025-11-14T18:15:41.184+0000] {subprocess.py:93} INFO - [0m18:15:41  9 of 10 OK created sql table model gold.gld_product_performance ................ [[32mOK[0m in 0.63s]
[2025-11-14T18:15:41.184+0000] {subprocess.py:93} INFO - [0m18:15:41  8 of 10 OK created sql table model gold.gld_customer_metrics ................... [[32mOK[0m in 0.63s]
[2025-11-14T18:15:41.197+0000] {subprocess.py:93} INFO - [0m18:15:41
[2025-11-14T18:15:41.198+0000] {subprocess.py:93} INFO - [0m18:15:41  Finished running 4 view models, 6 table models in 0 hours 0 minutes and 2.02 seconds (2.02s).
[2025-11-14T18:15:41.266+0000] {subprocess.py:93} INFO - [0m18:15:41
[2025-11-14T18:15:41.268+0000] {subprocess.py:93} INFO - [0m18:15:41  [32mCompleted successfully[0m
[2025-11-14T18:15:41.270+0000] {subprocess.py:93} INFO - [0m18:15:41
[2025-11-14T18:15:41.271+0000] {subprocess.py:93} INFO - [0m18:15:41  Done. PASS=10 WARN=0 ERROR=0 SKIP=0 TOTAL=10
[2025-11-14T18:15:43.131+0000] {subprocess.py:97} INFO - Command exited with return code 0
[2025-11-14T18:15:43.150+0000] {taskinstance.py:1398} INFO - Marking task as SUCCESS. dag_id=dbt_transform, task_id=dbt_run, execution_date=20251114T181035, start_date=20251114T181537, end_date=20251114T181543
[2025-11-14T18:15:43.174+0000] {local_task_job_runner.py:228} INFO - Task exited with return code 0
[2025-11-14T18:15:43.189+0000] {taskinstance.py:2776} INFO - 1 downstream tasks scheduled from follow-on schedule check
