[2025-11-14T21:45:36.949+0000] {taskinstance.py:1157} INFO - Dependencies all met for dep_context=non-requeueable deps ti=<TaskInstance: dbt_transform.dbt_run scheduled__2025-11-14T21:40:35.634758+00:00 [queued]>
[2025-11-14T21:45:36.955+0000] {taskinstance.py:1157} INFO - Dependencies all met for dep_context=requeueable deps ti=<TaskInstance: dbt_transform.dbt_run scheduled__2025-11-14T21:40:35.634758+00:00 [queued]>
[2025-11-14T21:45:36.956+0000] {taskinstance.py:1359} INFO - Starting attempt 1 of 2
[2025-11-14T21:45:36.965+0000] {taskinstance.py:1380} INFO - Executing <Task(BashOperator): dbt_run> on 2025-11-14 21:40:35.634758+00:00
[2025-11-14T21:45:36.969+0000] {standard_task_runner.py:57} INFO - Started process 6140 to run task
[2025-11-14T21:45:36.972+0000] {standard_task_runner.py:84} INFO - Running: ['***', 'tasks', 'run', 'dbt_transform', 'dbt_run', 'scheduled__2025-11-14T21:40:35.634758+00:00', '--job-id', '162', '--raw', '--subdir', 'DAGS_FOLDER/dbt_dag.py', '--cfg-path', '/tmp/tmpc0qb4dzi']
[2025-11-14T21:45:36.974+0000] {standard_task_runner.py:85} INFO - Job 162: Subtask dbt_run
[2025-11-14T21:45:37.034+0000] {task_command.py:415} INFO - Running <TaskInstance: dbt_transform.dbt_run scheduled__2025-11-14T21:40:35.634758+00:00 [running]> on host 3f4da400579d
[2025-11-14T21:45:37.102+0000] {taskinstance.py:1660} INFO - Exporting env vars: AIRFLOW_CTX_DAG_OWNER='***' AIRFLOW_CTX_DAG_ID='dbt_transform' AIRFLOW_CTX_TASK_ID='dbt_run' AIRFLOW_CTX_EXECUTION_DATE='2025-11-14T21:40:35.634758+00:00' AIRFLOW_CTX_TRY_NUMBER='1' AIRFLOW_CTX_DAG_RUN_ID='scheduled__2025-11-14T21:40:35.634758+00:00'
[2025-11-14T21:45:37.103+0000] {subprocess.py:63} INFO - Tmp dir root location: /tmp
[2025-11-14T21:45:37.105+0000] {subprocess.py:75} INFO - Running command: ['/bin/bash', '-c', 'docker exec dbt_***_project-dbt-1 dbt run']
[2025-11-14T21:45:37.113+0000] {subprocess.py:86} INFO - Output:
[2025-11-14T21:45:38.639+0000] {subprocess.py:93} INFO - [0m21:45:38  Running with dbt=1.8.7
[2025-11-14T21:45:38.978+0000] {subprocess.py:93} INFO - [0m21:45:38  Registered adapter: sqlserver=1.8.7
[2025-11-14T21:45:40.418+0000] {subprocess.py:93} INFO - [0m21:45:40  Found 10 models, 18 data tests, 13 sources, 614 macros
[2025-11-14T21:45:40.421+0000] {subprocess.py:93} INFO - [0m21:45:40
[2025-11-14T21:45:40.603+0000] {subprocess.py:93} INFO - [0m21:45:40  Concurrency: 4 threads (target='dev')
[2025-11-14T21:45:40.605+0000] {subprocess.py:93} INFO - [0m21:45:40
[2025-11-14T21:45:40.611+0000] {subprocess.py:93} INFO - [0m21:45:40  1 of 10 START sql view model bronze.brnz_customers ............................. [RUN]
[2025-11-14T21:45:40.612+0000] {subprocess.py:93} INFO - [0m21:45:40  2 of 10 START sql view model bronze.brnz_example ............................... [RUN]
[2025-11-14T21:45:40.613+0000] {subprocess.py:93} INFO - [0m21:45:40  3 of 10 START sql view model bronze.brnz_products .............................. [RUN]
[2025-11-14T21:45:40.615+0000] {subprocess.py:93} INFO - [0m21:45:40  4 of 10 START sql view model bronze.brnz_sales_orders .......................... [RUN]
[2025-11-14T21:45:40.918+0000] {subprocess.py:93} INFO - [0m21:45:40  3 of 10 OK created sql view model bronze.brnz_products ......................... [[32mOK[0m in 0.29s]
[2025-11-14T21:45:40.921+0000] {subprocess.py:93} INFO - [0m21:45:40  4 of 10 OK created sql view model bronze.brnz_sales_orders ..................... [[32mOK[0m in 0.29s]
[2025-11-14T21:45:40.923+0000] {subprocess.py:93} INFO - [0m21:45:40  2 of 10 OK created sql view model bronze.brnz_example .......................... [[32mOK[0m in 0.30s]
[2025-11-14T21:45:40.940+0000] {subprocess.py:93} INFO - [0m21:45:40  5 of 10 START sql table model silver.slvr_products ............................. [RUN]
[2025-11-14T21:45:40.942+0000] {subprocess.py:93} INFO - [0m21:45:40  6 of 10 START sql table model silver.slvr_sales_orders ......................... [RUN]
[2025-11-14T21:45:40.948+0000] {subprocess.py:93} INFO - [0m21:45:40  1 of 10 OK created sql view model bronze.brnz_customers ........................ [[32mOK[0m in 0.33s]
[2025-11-14T21:45:40.972+0000] {subprocess.py:93} INFO - [0m21:45:40  7 of 10 START sql table model silver.slvr_customers ............................ [RUN]
[2025-11-14T21:45:41.265+0000] {subprocess.py:93} INFO - [0m21:45:41  5 of 10 OK created sql table model silver.slvr_products ........................ [[32mOK[0m in 0.32s]
[2025-11-14T21:45:41.461+0000] {subprocess.py:93} INFO - [0m21:45:41  7 of 10 OK created sql table model silver.slvr_customers ....................... [[32mOK[0m in 0.49s]
[2025-11-14T21:45:41.986+0000] {subprocess.py:93} INFO - [0m21:45:41  6 of 10 OK created sql table model silver.slvr_sales_orders .................... [[32mOK[0m in 1.04s]
[2025-11-14T21:45:41.991+0000] {subprocess.py:93} INFO - [0m21:45:41  8 of 10 START sql table model gold.gld_customer_metrics ........................ [RUN]
[2025-11-14T21:45:41.992+0000] {subprocess.py:93} INFO - [0m21:45:41  9 of 10 START sql table model gold.gld_product_performance ..................... [RUN]
[2025-11-14T21:45:41.993+0000] {subprocess.py:93} INFO - [0m21:45:41  10 of 10 START sql table model gold.gld_sales_summary .......................... [RUN]
[2025-11-14T21:45:42.483+0000] {subprocess.py:93} INFO - [0m21:45:42  10 of 10 OK created sql table model gold.gld_sales_summary ..................... [[32mOK[0m in 0.48s]
[2025-11-14T21:45:42.878+0000] {subprocess.py:93} INFO - [0m21:45:42  9 of 10 OK created sql table model gold.gld_product_performance ................ [[32mOK[0m in 0.88s]
[2025-11-14T21:45:42.920+0000] {subprocess.py:93} INFO - [0m21:45:42  8 of 10 OK created sql table model gold.gld_customer_metrics ................... [[32mOK[0m in 0.92s]
[2025-11-14T21:45:42.932+0000] {subprocess.py:93} INFO - [0m21:45:42
[2025-11-14T21:45:42.934+0000] {subprocess.py:93} INFO - [0m21:45:42  Finished running 4 view models, 6 table models in 0 hours 0 minutes and 2.51 seconds (2.51s).
[2025-11-14T21:45:43.032+0000] {subprocess.py:93} INFO - [0m21:45:43
[2025-11-14T21:45:43.033+0000] {subprocess.py:93} INFO - [0m21:45:43  [32mCompleted successfully[0m
[2025-11-14T21:45:43.035+0000] {subprocess.py:93} INFO - [0m21:45:43
[2025-11-14T21:45:43.037+0000] {subprocess.py:93} INFO - [0m21:45:43  Done. PASS=10 WARN=0 ERROR=0 SKIP=0 TOTAL=10
[2025-11-14T21:45:44.555+0000] {subprocess.py:97} INFO - Command exited with return code 0
[2025-11-14T21:45:44.574+0000] {taskinstance.py:1398} INFO - Marking task as SUCCESS. dag_id=dbt_transform, task_id=dbt_run, execution_date=20251114T214035, start_date=20251114T214536, end_date=20251114T214544
[2025-11-14T21:45:44.617+0000] {local_task_job_runner.py:228} INFO - Task exited with return code 0
[2025-11-14T21:45:44.632+0000] {taskinstance.py:2776} INFO - 1 downstream tasks scheduled from follow-on schedule check
