[2025-11-14T20:10:37.088+0000] {taskinstance.py:1157} INFO - Dependencies all met for dep_context=non-requeueable deps ti=<TaskInstance: dbt_transform.dbt_run scheduled__2025-11-14T20:05:35.634758+00:00 [queued]>
[2025-11-14T20:10:37.094+0000] {taskinstance.py:1157} INFO - Dependencies all met for dep_context=requeueable deps ti=<TaskInstance: dbt_transform.dbt_run scheduled__2025-11-14T20:05:35.634758+00:00 [queued]>
[2025-11-14T20:10:37.095+0000] {taskinstance.py:1359} INFO - Starting attempt 1 of 2
[2025-11-14T20:10:37.104+0000] {taskinstance.py:1380} INFO - Executing <Task(BashOperator): dbt_run> on 2025-11-14 20:05:35.634758+00:00
[2025-11-14T20:10:37.107+0000] {standard_task_runner.py:57} INFO - Started process 4735 to run task
[2025-11-14T20:10:37.110+0000] {standard_task_runner.py:84} INFO - Running: ['***', 'tasks', 'run', 'dbt_transform', 'dbt_run', 'scheduled__2025-11-14T20:05:35.634758+00:00', '--job-id', '124', '--raw', '--subdir', 'DAGS_FOLDER/dbt_dag.py', '--cfg-path', '/tmp/tmpfhh4u008']
[2025-11-14T20:10:37.112+0000] {standard_task_runner.py:85} INFO - Job 124: Subtask dbt_run
[2025-11-14T20:10:37.169+0000] {task_command.py:415} INFO - Running <TaskInstance: dbt_transform.dbt_run scheduled__2025-11-14T20:05:35.634758+00:00 [running]> on host 3f4da400579d
[2025-11-14T20:10:37.231+0000] {taskinstance.py:1660} INFO - Exporting env vars: AIRFLOW_CTX_DAG_OWNER='***' AIRFLOW_CTX_DAG_ID='dbt_transform' AIRFLOW_CTX_TASK_ID='dbt_run' AIRFLOW_CTX_EXECUTION_DATE='2025-11-14T20:05:35.634758+00:00' AIRFLOW_CTX_TRY_NUMBER='1' AIRFLOW_CTX_DAG_RUN_ID='scheduled__2025-11-14T20:05:35.634758+00:00'
[2025-11-14T20:10:37.233+0000] {subprocess.py:63} INFO - Tmp dir root location: /tmp
[2025-11-14T20:10:37.234+0000] {subprocess.py:75} INFO - Running command: ['/bin/bash', '-c', 'docker exec dbt_***_project-dbt-1 dbt run']
[2025-11-14T20:10:37.240+0000] {subprocess.py:86} INFO - Output:
[2025-11-14T20:10:38.874+0000] {subprocess.py:93} INFO - [0m20:10:38  Running with dbt=1.8.7
[2025-11-14T20:10:39.266+0000] {subprocess.py:93} INFO - [0m20:10:39  Registered adapter: sqlserver=1.8.7
[2025-11-14T20:10:40.766+0000] {subprocess.py:93} INFO - [0m20:10:40  Found 10 models, 18 data tests, 13 sources, 614 macros
[2025-11-14T20:10:40.770+0000] {subprocess.py:93} INFO - [0m20:10:40
[2025-11-14T20:10:40.934+0000] {subprocess.py:93} INFO - [0m20:10:40  Concurrency: 4 threads (target='dev')
[2025-11-14T20:10:40.935+0000] {subprocess.py:93} INFO - [0m20:10:40
[2025-11-14T20:10:40.941+0000] {subprocess.py:93} INFO - [0m20:10:40  1 of 10 START sql view model bronze.brnz_customers ............................. [RUN]
[2025-11-14T20:10:40.943+0000] {subprocess.py:93} INFO - [0m20:10:40  2 of 10 START sql view model bronze.brnz_example ............................... [RUN]
[2025-11-14T20:10:40.945+0000] {subprocess.py:93} INFO - [0m20:10:40  3 of 10 START sql view model bronze.brnz_products .............................. [RUN]
[2025-11-14T20:10:40.946+0000] {subprocess.py:93} INFO - [0m20:10:40  4 of 10 START sql view model bronze.brnz_sales_orders .......................... [RUN]
[2025-11-14T20:10:41.273+0000] {subprocess.py:93} INFO - [0m20:10:41  2 of 10 OK created sql view model bronze.brnz_example .......................... [[32mOK[0m in 0.32s]
[2025-11-14T20:10:41.278+0000] {subprocess.py:93} INFO - [0m20:10:41  3 of 10 OK created sql view model bronze.brnz_products ......................... [[32mOK[0m in 0.32s]
[2025-11-14T20:10:41.281+0000] {subprocess.py:93} INFO - [0m20:10:41  4 of 10 OK created sql view model bronze.brnz_sales_orders ..................... [[32mOK[0m in 0.32s]
[2025-11-14T20:10:41.293+0000] {subprocess.py:93} INFO - [0m20:10:41  1 of 10 OK created sql view model bronze.brnz_customers ........................ [[32mOK[0m in 0.34s]
[2025-11-14T20:10:41.295+0000] {subprocess.py:93} INFO - [0m20:10:41  5 of 10 START sql table model silver.slvr_products ............................. [RUN]
[2025-11-14T20:10:41.297+0000] {subprocess.py:93} INFO - [0m20:10:41  6 of 10 START sql table model silver.slvr_sales_orders ......................... [RUN]
[2025-11-14T20:10:41.307+0000] {subprocess.py:93} INFO - [0m20:10:41  7 of 10 START sql table model silver.slvr_customers ............................ [RUN]
[2025-11-14T20:10:41.531+0000] {subprocess.py:93} INFO - [0m20:10:41  5 of 10 OK created sql table model silver.slvr_products ........................ [[32mOK[0m in 0.23s]
[2025-11-14T20:10:41.607+0000] {subprocess.py:93} INFO - [0m20:10:41  7 of 10 OK created sql table model silver.slvr_customers ....................... [[32mOK[0m in 0.29s]
[2025-11-14T20:10:42.206+0000] {subprocess.py:93} INFO - [0m20:10:42  6 of 10 OK created sql table model silver.slvr_sales_orders .................... [[32mOK[0m in 0.90s]
[2025-11-14T20:10:42.211+0000] {subprocess.py:93} INFO - [0m20:10:42  8 of 10 START sql table model gold.gld_customer_metrics ........................ [RUN]
[2025-11-14T20:10:42.213+0000] {subprocess.py:93} INFO - [0m20:10:42  9 of 10 START sql table model gold.gld_product_performance ..................... [RUN]
[2025-11-14T20:10:42.215+0000] {subprocess.py:93} INFO - [0m20:10:42  10 of 10 START sql table model gold.gld_sales_summary .......................... [RUN]
[2025-11-14T20:10:42.750+0000] {subprocess.py:93} INFO - [0m20:10:42  10 of 10 OK created sql table model gold.gld_sales_summary ..................... [[32mOK[0m in 0.53s]
[2025-11-14T20:10:43.204+0000] {subprocess.py:93} INFO - [0m20:10:43  8 of 10 OK created sql table model gold.gld_customer_metrics ................... [[32mOK[0m in 0.98s]
[2025-11-14T20:10:43.221+0000] {subprocess.py:93} INFO - [0m20:10:43  9 of 10 OK created sql table model gold.gld_product_performance ................ [[32mOK[0m in 1.00s]
[2025-11-14T20:10:43.233+0000] {subprocess.py:93} INFO - [0m20:10:43
[2025-11-14T20:10:43.234+0000] {subprocess.py:93} INFO - [0m20:10:43  Finished running 4 view models, 6 table models in 0 hours 0 minutes and 2.46 seconds (2.46s).
[2025-11-14T20:10:43.345+0000] {subprocess.py:93} INFO - [0m20:10:43
[2025-11-14T20:10:43.346+0000] {subprocess.py:93} INFO - [0m20:10:43  [32mCompleted successfully[0m
[2025-11-14T20:10:43.348+0000] {subprocess.py:93} INFO - [0m20:10:43
[2025-11-14T20:10:43.350+0000] {subprocess.py:93} INFO - [0m20:10:43  Done. PASS=10 WARN=0 ERROR=0 SKIP=0 TOTAL=10
[2025-11-14T20:10:45.006+0000] {subprocess.py:97} INFO - Command exited with return code 0
[2025-11-14T20:10:45.025+0000] {taskinstance.py:1398} INFO - Marking task as SUCCESS. dag_id=dbt_transform, task_id=dbt_run, execution_date=20251114T200535, start_date=20251114T201037, end_date=20251114T201045
[2025-11-14T20:10:45.043+0000] {local_task_job_runner.py:228} INFO - Task exited with return code 0
[2025-11-14T20:10:45.061+0000] {taskinstance.py:2776} INFO - 1 downstream tasks scheduled from follow-on schedule check
