[2025-11-14T20:20:36.958+0000] {taskinstance.py:1157} INFO - Dependencies all met for dep_context=non-requeueable deps ti=<TaskInstance: dbt_transform.dbt_run scheduled__2025-11-14T20:15:35.634758+00:00 [queued]>
[2025-11-14T20:20:36.965+0000] {taskinstance.py:1157} INFO - Dependencies all met for dep_context=requeueable deps ti=<TaskInstance: dbt_transform.dbt_run scheduled__2025-11-14T20:15:35.634758+00:00 [queued]>
[2025-11-14T20:20:36.965+0000] {taskinstance.py:1359} INFO - Starting attempt 1 of 2
[2025-11-14T20:20:36.974+0000] {taskinstance.py:1380} INFO - Executing <Task(BashOperator): dbt_run> on 2025-11-14 20:15:35.634758+00:00
[2025-11-14T20:20:36.977+0000] {standard_task_runner.py:57} INFO - Started process 4885 to run task
[2025-11-14T20:20:36.980+0000] {standard_task_runner.py:84} INFO - Running: ['***', 'tasks', 'run', 'dbt_transform', 'dbt_run', 'scheduled__2025-11-14T20:15:35.634758+00:00', '--job-id', '128', '--raw', '--subdir', 'DAGS_FOLDER/dbt_dag.py', '--cfg-path', '/tmp/tmpdbrx67qq']
[2025-11-14T20:20:36.983+0000] {standard_task_runner.py:85} INFO - Job 128: Subtask dbt_run
[2025-11-14T20:20:37.043+0000] {task_command.py:415} INFO - Running <TaskInstance: dbt_transform.dbt_run scheduled__2025-11-14T20:15:35.634758+00:00 [running]> on host 3f4da400579d
[2025-11-14T20:20:37.105+0000] {taskinstance.py:1660} INFO - Exporting env vars: AIRFLOW_CTX_DAG_OWNER='***' AIRFLOW_CTX_DAG_ID='dbt_transform' AIRFLOW_CTX_TASK_ID='dbt_run' AIRFLOW_CTX_EXECUTION_DATE='2025-11-14T20:15:35.634758+00:00' AIRFLOW_CTX_TRY_NUMBER='1' AIRFLOW_CTX_DAG_RUN_ID='scheduled__2025-11-14T20:15:35.634758+00:00'
[2025-11-14T20:20:37.107+0000] {subprocess.py:63} INFO - Tmp dir root location: /tmp
[2025-11-14T20:20:37.108+0000] {subprocess.py:75} INFO - Running command: ['/bin/bash', '-c', 'docker exec dbt_***_project-dbt-1 dbt run']
[2025-11-14T20:20:37.115+0000] {subprocess.py:86} INFO - Output:
[2025-11-14T20:20:38.640+0000] {subprocess.py:93} INFO - [0m20:20:38  Running with dbt=1.8.7
[2025-11-14T20:20:38.976+0000] {subprocess.py:93} INFO - [0m20:20:38  Registered adapter: sqlserver=1.8.7
[2025-11-14T20:20:40.301+0000] {subprocess.py:93} INFO - [0m20:20:40  Found 10 models, 18 data tests, 13 sources, 614 macros
[2025-11-14T20:20:40.306+0000] {subprocess.py:93} INFO - [0m20:20:40
[2025-11-14T20:20:40.481+0000] {subprocess.py:93} INFO - [0m20:20:40  Concurrency: 4 threads (target='dev')
[2025-11-14T20:20:40.482+0000] {subprocess.py:93} INFO - [0m20:20:40
[2025-11-14T20:20:40.487+0000] {subprocess.py:93} INFO - [0m20:20:40  1 of 10 START sql view model bronze.brnz_customers ............................. [RUN]
[2025-11-14T20:20:40.488+0000] {subprocess.py:93} INFO - [0m20:20:40  2 of 10 START sql view model bronze.brnz_example ............................... [RUN]
[2025-11-14T20:20:40.489+0000] {subprocess.py:93} INFO - [0m20:20:40  3 of 10 START sql view model bronze.brnz_products .............................. [RUN]
[2025-11-14T20:20:40.491+0000] {subprocess.py:93} INFO - [0m20:20:40  4 of 10 START sql view model bronze.brnz_sales_orders .......................... [RUN]
[2025-11-14T20:20:40.787+0000] {subprocess.py:93} INFO - [0m20:20:40  2 of 10 OK created sql view model bronze.brnz_example .......................... [[32mOK[0m in 0.29s]
[2025-11-14T20:20:40.789+0000] {subprocess.py:93} INFO - [0m20:20:40  3 of 10 OK created sql view model bronze.brnz_products ......................... [[32mOK[0m in 0.29s]
[2025-11-14T20:20:40.790+0000] {subprocess.py:93} INFO - [0m20:20:40  4 of 10 OK created sql view model bronze.brnz_sales_orders ..................... [[32mOK[0m in 0.29s]
[2025-11-14T20:20:40.792+0000] {subprocess.py:93} INFO - [0m20:20:40  1 of 10 OK created sql view model bronze.brnz_customers ........................ [[32mOK[0m in 0.30s]
[2025-11-14T20:20:40.801+0000] {subprocess.py:93} INFO - [0m20:20:40  5 of 10 START sql table model silver.slvr_products ............................. [RUN]
[2025-11-14T20:20:40.802+0000] {subprocess.py:93} INFO - [0m20:20:40  6 of 10 START sql table model silver.slvr_sales_orders ......................... [RUN]
[2025-11-14T20:20:40.803+0000] {subprocess.py:93} INFO - [0m20:20:40  7 of 10 START sql table model silver.slvr_customers ............................ [RUN]
[2025-11-14T20:20:41.031+0000] {subprocess.py:93} INFO - [0m20:20:41  5 of 10 OK created sql table model silver.slvr_products ........................ [[32mOK[0m in 0.22s]
[2025-11-14T20:20:41.091+0000] {subprocess.py:93} INFO - [0m20:20:41  7 of 10 OK created sql table model silver.slvr_customers ....................... [[32mOK[0m in 0.28s]
[2025-11-14T20:20:41.644+0000] {subprocess.py:93} INFO - [0m20:20:41  6 of 10 OK created sql table model silver.slvr_sales_orders .................... [[32mOK[0m in 0.84s]
[2025-11-14T20:20:41.648+0000] {subprocess.py:93} INFO - [0m20:20:41  8 of 10 START sql table model gold.gld_customer_metrics ........................ [RUN]
[2025-11-14T20:20:41.649+0000] {subprocess.py:93} INFO - [0m20:20:41  9 of 10 START sql table model gold.gld_product_performance ..................... [RUN]
[2025-11-14T20:20:41.650+0000] {subprocess.py:93} INFO - [0m20:20:41  10 of 10 START sql table model gold.gld_sales_summary .......................... [RUN]
[2025-11-14T20:20:42.099+0000] {subprocess.py:93} INFO - [0m20:20:42  10 of 10 OK created sql table model gold.gld_sales_summary ..................... [[32mOK[0m in 0.44s]
[2025-11-14T20:20:42.490+0000] {subprocess.py:93} INFO - [0m20:20:42  8 of 10 OK created sql table model gold.gld_customer_metrics ................... [[32mOK[0m in 0.84s]
[2025-11-14T20:20:42.492+0000] {subprocess.py:93} INFO - [0m20:20:42  9 of 10 OK created sql table model gold.gld_product_performance ................ [[32mOK[0m in 0.84s]
[2025-11-14T20:20:42.502+0000] {subprocess.py:93} INFO - [0m20:20:42
[2025-11-14T20:20:42.503+0000] {subprocess.py:93} INFO - [0m20:20:42  Finished running 4 view models, 6 table models in 0 hours 0 minutes and 2.20 seconds (2.20s).
[2025-11-14T20:20:42.566+0000] {subprocess.py:93} INFO - [0m20:20:42
[2025-11-14T20:20:42.567+0000] {subprocess.py:93} INFO - [0m20:20:42  [32mCompleted successfully[0m
[2025-11-14T20:20:42.569+0000] {subprocess.py:93} INFO - [0m20:20:42
[2025-11-14T20:20:42.570+0000] {subprocess.py:93} INFO - [0m20:20:42  Done. PASS=10 WARN=0 ERROR=0 SKIP=0 TOTAL=10
[2025-11-14T20:20:44.491+0000] {subprocess.py:97} INFO - Command exited with return code 0
[2025-11-14T20:20:44.508+0000] {taskinstance.py:1398} INFO - Marking task as SUCCESS. dag_id=dbt_transform, task_id=dbt_run, execution_date=20251114T201535, start_date=20251114T202036, end_date=20251114T202044
[2025-11-14T20:20:44.553+0000] {local_task_job_runner.py:228} INFO - Task exited with return code 0
[2025-11-14T20:20:44.572+0000] {taskinstance.py:2776} INFO - 1 downstream tasks scheduled from follow-on schedule check
