[2025-11-14T18:55:37.035+0000] {taskinstance.py:1157} INFO - Dependencies all met for dep_context=non-requeueable deps ti=<TaskInstance: dbt_transform.dbt_run scheduled__2025-11-14T18:50:35.634758+00:00 [queued]>
[2025-11-14T18:55:37.041+0000] {taskinstance.py:1157} INFO - Dependencies all met for dep_context=requeueable deps ti=<TaskInstance: dbt_transform.dbt_run scheduled__2025-11-14T18:50:35.634758+00:00 [queued]>
[2025-11-14T18:55:37.041+0000] {taskinstance.py:1359} INFO - Starting attempt 1 of 2
[2025-11-14T18:55:37.050+0000] {taskinstance.py:1380} INFO - Executing <Task(BashOperator): dbt_run> on 2025-11-14 18:50:35.634758+00:00
[2025-11-14T18:55:37.054+0000] {standard_task_runner.py:57} INFO - Started process 3629 to run task
[2025-11-14T18:55:37.057+0000] {standard_task_runner.py:84} INFO - Running: ['***', 'tasks', 'run', 'dbt_transform', 'dbt_run', 'scheduled__2025-11-14T18:50:35.634758+00:00', '--job-id', '94', '--raw', '--subdir', 'DAGS_FOLDER/dbt_dag.py', '--cfg-path', '/tmp/tmpapfizube']
[2025-11-14T18:55:37.059+0000] {standard_task_runner.py:85} INFO - Job 94: Subtask dbt_run
[2025-11-14T18:55:37.118+0000] {task_command.py:415} INFO - Running <TaskInstance: dbt_transform.dbt_run scheduled__2025-11-14T18:50:35.634758+00:00 [running]> on host 3f4da400579d
[2025-11-14T18:55:37.181+0000] {taskinstance.py:1660} INFO - Exporting env vars: AIRFLOW_CTX_DAG_OWNER='***' AIRFLOW_CTX_DAG_ID='dbt_transform' AIRFLOW_CTX_TASK_ID='dbt_run' AIRFLOW_CTX_EXECUTION_DATE='2025-11-14T18:50:35.634758+00:00' AIRFLOW_CTX_TRY_NUMBER='1' AIRFLOW_CTX_DAG_RUN_ID='scheduled__2025-11-14T18:50:35.634758+00:00'
[2025-11-14T18:55:37.182+0000] {subprocess.py:63} INFO - Tmp dir root location: /tmp
[2025-11-14T18:55:37.183+0000] {subprocess.py:75} INFO - Running command: ['/bin/bash', '-c', 'docker exec dbt_***_project-dbt-1 dbt run']
[2025-11-14T18:55:37.190+0000] {subprocess.py:86} INFO - Output:
[2025-11-14T18:55:38.866+0000] {subprocess.py:93} INFO - [0m18:55:38  Running with dbt=1.8.7
[2025-11-14T18:55:39.209+0000] {subprocess.py:93} INFO - [0m18:55:39  Registered adapter: sqlserver=1.8.7
[2025-11-14T18:55:40.355+0000] {subprocess.py:93} INFO - [0m18:55:40  Found 10 models, 18 data tests, 13 sources, 614 macros
[2025-11-14T18:55:40.360+0000] {subprocess.py:93} INFO - [0m18:55:40
[2025-11-14T18:55:40.534+0000] {subprocess.py:93} INFO - [0m18:55:40  Concurrency: 4 threads (target='dev')
[2025-11-14T18:55:40.535+0000] {subprocess.py:93} INFO - [0m18:55:40
[2025-11-14T18:55:40.542+0000] {subprocess.py:93} INFO - [0m18:55:40  1 of 10 START sql view model bronze.brnz_customers ............................. [RUN]
[2025-11-14T18:55:40.543+0000] {subprocess.py:93} INFO - [0m18:55:40  2 of 10 START sql view model bronze.brnz_example ............................... [RUN]
[2025-11-14T18:55:40.544+0000] {subprocess.py:93} INFO - [0m18:55:40  3 of 10 START sql view model bronze.brnz_products .............................. [RUN]
[2025-11-14T18:55:40.546+0000] {subprocess.py:93} INFO - [0m18:55:40  4 of 10 START sql view model bronze.brnz_sales_orders .......................... [RUN]
[2025-11-14T18:55:40.840+0000] {subprocess.py:93} INFO - [0m18:55:40  3 of 10 OK created sql view model bronze.brnz_products ......................... [[32mOK[0m in 0.28s]
[2025-11-14T18:55:40.842+0000] {subprocess.py:93} INFO - [0m18:55:40  2 of 10 OK created sql view model bronze.brnz_example .......................... [[32mOK[0m in 0.29s]
[2025-11-14T18:55:40.853+0000] {subprocess.py:93} INFO - [0m18:55:40  5 of 10 START sql table model silver.slvr_products ............................. [RUN]
[2025-11-14T18:55:40.865+0000] {subprocess.py:93} INFO - [0m18:55:40  4 of 10 OK created sql view model bronze.brnz_sales_orders ..................... [[32mOK[0m in 0.31s]
[2025-11-14T18:55:40.866+0000] {subprocess.py:93} INFO - [0m18:55:40  1 of 10 OK created sql view model bronze.brnz_customers ........................ [[32mOK[0m in 0.31s]
[2025-11-14T18:55:40.886+0000] {subprocess.py:93} INFO - [0m18:55:40  6 of 10 START sql table model silver.slvr_sales_orders ......................... [RUN]
[2025-11-14T18:55:40.888+0000] {subprocess.py:93} INFO - [0m18:55:40  7 of 10 START sql table model silver.slvr_customers ............................ [RUN]
[2025-11-14T18:55:41.103+0000] {subprocess.py:93} INFO - [0m18:55:41  5 of 10 OK created sql table model silver.slvr_products ........................ [[32mOK[0m in 0.24s]
[2025-11-14T18:55:41.179+0000] {subprocess.py:93} INFO - [0m18:55:41  7 of 10 OK created sql table model silver.slvr_customers ....................... [[32mOK[0m in 0.29s]
[2025-11-14T18:55:41.740+0000] {subprocess.py:93} INFO - [0m18:55:41  6 of 10 OK created sql table model silver.slvr_sales_orders .................... [[32mOK[0m in 0.85s]
[2025-11-14T18:55:41.745+0000] {subprocess.py:93} INFO - [0m18:55:41  8 of 10 START sql table model gold.gld_customer_metrics ........................ [RUN]
[2025-11-14T18:55:41.746+0000] {subprocess.py:93} INFO - [0m18:55:41  9 of 10 START sql table model gold.gld_product_performance ..................... [RUN]
[2025-11-14T18:55:41.748+0000] {subprocess.py:93} INFO - [0m18:55:41  10 of 10 START sql table model gold.gld_sales_summary .......................... [RUN]
[2025-11-14T18:55:42.220+0000] {subprocess.py:93} INFO - [0m18:55:42  10 of 10 OK created sql table model gold.gld_sales_summary ..................... [[32mOK[0m in 0.47s]
[2025-11-14T18:55:42.290+0000] {subprocess.py:93} INFO - [0m18:55:42  8 of 10 OK created sql table model gold.gld_customer_metrics ................... [[32mOK[0m in 0.54s]
[2025-11-14T18:55:42.323+0000] {subprocess.py:93} INFO - [0m18:55:42  9 of 10 OK created sql table model gold.gld_product_performance ................ [[32mOK[0m in 0.57s]
[2025-11-14T18:55:42.333+0000] {subprocess.py:93} INFO - [0m18:55:42
[2025-11-14T18:55:42.334+0000] {subprocess.py:93} INFO - [0m18:55:42  Finished running 4 view models, 6 table models in 0 hours 0 minutes and 1.97 seconds (1.97s).
[2025-11-14T18:55:42.409+0000] {subprocess.py:93} INFO - [0m18:55:42
[2025-11-14T18:55:42.411+0000] {subprocess.py:93} INFO - [0m18:55:42  [32mCompleted successfully[0m
[2025-11-14T18:55:42.412+0000] {subprocess.py:93} INFO - [0m18:55:42
[2025-11-14T18:55:42.413+0000] {subprocess.py:93} INFO - [0m18:55:42  Done. PASS=10 WARN=0 ERROR=0 SKIP=0 TOTAL=10
[2025-11-14T18:55:44.310+0000] {subprocess.py:97} INFO - Command exited with return code 0
[2025-11-14T18:55:44.333+0000] {taskinstance.py:1398} INFO - Marking task as SUCCESS. dag_id=dbt_transform, task_id=dbt_run, execution_date=20251114T185035, start_date=20251114T185537, end_date=20251114T185544
[2025-11-14T18:55:44.353+0000] {local_task_job_runner.py:228} INFO - Task exited with return code 0
[2025-11-14T18:55:44.371+0000] {taskinstance.py:2776} INFO - 1 downstream tasks scheduled from follow-on schedule check
