[2025-11-14T21:30:36.484+0000] {taskinstance.py:1157} INFO - Dependencies all met for dep_context=non-requeueable deps ti=<TaskInstance: dbt_transform.dbt_run scheduled__2025-11-14T21:25:35.634758+00:00 [queued]>
[2025-11-14T21:30:36.491+0000] {taskinstance.py:1157} INFO - Dependencies all met for dep_context=requeueable deps ti=<TaskInstance: dbt_transform.dbt_run scheduled__2025-11-14T21:25:35.634758+00:00 [queued]>
[2025-11-14T21:30:36.491+0000] {taskinstance.py:1359} INFO - Starting attempt 1 of 2
[2025-11-14T21:30:36.499+0000] {taskinstance.py:1380} INFO - Executing <Task(BashOperator): dbt_run> on 2025-11-14 21:25:35.634758+00:00
[2025-11-14T21:30:36.503+0000] {standard_task_runner.py:57} INFO - Started process 5916 to run task
[2025-11-14T21:30:36.505+0000] {standard_task_runner.py:84} INFO - Running: ['***', 'tasks', 'run', 'dbt_transform', 'dbt_run', 'scheduled__2025-11-14T21:25:35.634758+00:00', '--job-id', '156', '--raw', '--subdir', 'DAGS_FOLDER/dbt_dag.py', '--cfg-path', '/tmp/tmpv3ixisuf']
[2025-11-14T21:30:36.508+0000] {standard_task_runner.py:85} INFO - Job 156: Subtask dbt_run
[2025-11-14T21:30:36.567+0000] {task_command.py:415} INFO - Running <TaskInstance: dbt_transform.dbt_run scheduled__2025-11-14T21:25:35.634758+00:00 [running]> on host 3f4da400579d
[2025-11-14T21:30:36.628+0000] {taskinstance.py:1660} INFO - Exporting env vars: AIRFLOW_CTX_DAG_OWNER='***' AIRFLOW_CTX_DAG_ID='dbt_transform' AIRFLOW_CTX_TASK_ID='dbt_run' AIRFLOW_CTX_EXECUTION_DATE='2025-11-14T21:25:35.634758+00:00' AIRFLOW_CTX_TRY_NUMBER='1' AIRFLOW_CTX_DAG_RUN_ID='scheduled__2025-11-14T21:25:35.634758+00:00'
[2025-11-14T21:30:36.629+0000] {subprocess.py:63} INFO - Tmp dir root location: /tmp
[2025-11-14T21:30:36.630+0000] {subprocess.py:75} INFO - Running command: ['/bin/bash', '-c', 'docker exec dbt_***_project-dbt-1 dbt run']
[2025-11-14T21:30:36.638+0000] {subprocess.py:86} INFO - Output:
[2025-11-14T21:30:38.109+0000] {subprocess.py:93} INFO - [0m21:30:38  Running with dbt=1.8.7
[2025-11-14T21:30:38.458+0000] {subprocess.py:93} INFO - [0m21:30:38  Registered adapter: sqlserver=1.8.7
[2025-11-14T21:30:39.755+0000] {subprocess.py:93} INFO - [0m21:30:39  Found 10 models, 18 data tests, 13 sources, 614 macros
[2025-11-14T21:30:39.759+0000] {subprocess.py:93} INFO - [0m21:30:39
[2025-11-14T21:30:39.939+0000] {subprocess.py:93} INFO - [0m21:30:39  Concurrency: 4 threads (target='dev')
[2025-11-14T21:30:39.940+0000] {subprocess.py:93} INFO - [0m21:30:39
[2025-11-14T21:30:39.947+0000] {subprocess.py:93} INFO - [0m21:30:39  1 of 10 START sql view model bronze.brnz_customers ............................. [RUN]
[2025-11-14T21:30:39.948+0000] {subprocess.py:93} INFO - [0m21:30:39  2 of 10 START sql view model bronze.brnz_example ............................... [RUN]
[2025-11-14T21:30:39.949+0000] {subprocess.py:93} INFO - [0m21:30:39  3 of 10 START sql view model bronze.brnz_products .............................. [RUN]
[2025-11-14T21:30:39.951+0000] {subprocess.py:93} INFO - [0m21:30:39  4 of 10 START sql view model bronze.brnz_sales_orders .......................... [RUN]
[2025-11-14T21:30:40.272+0000] {subprocess.py:93} INFO - [0m21:30:40  1 of 10 OK created sql view model bronze.brnz_customers ........................ [[32mOK[0m in 0.31s]
[2025-11-14T21:30:40.276+0000] {subprocess.py:93} INFO - [0m21:30:40  2 of 10 OK created sql view model bronze.brnz_example .......................... [[32mOK[0m in 0.32s]
[2025-11-14T21:30:40.280+0000] {subprocess.py:93} INFO - [0m21:30:40  4 of 10 OK created sql view model bronze.brnz_sales_orders ..................... [[32mOK[0m in 0.32s]
[2025-11-14T21:30:40.283+0000] {subprocess.py:93} INFO - [0m21:30:40  3 of 10 OK created sql view model bronze.brnz_products ......................... [[32mOK[0m in 0.32s]
[2025-11-14T21:30:40.296+0000] {subprocess.py:93} INFO - [0m21:30:40  5 of 10 START sql table model silver.slvr_customers ............................ [RUN]
[2025-11-14T21:30:40.301+0000] {subprocess.py:93} INFO - [0m21:30:40  6 of 10 START sql table model silver.slvr_sales_orders ......................... [RUN]
[2025-11-14T21:30:40.302+0000] {subprocess.py:93} INFO - [0m21:30:40  7 of 10 START sql table model silver.slvr_products ............................. [RUN]
[2025-11-14T21:30:40.658+0000] {subprocess.py:93} INFO - [0m21:30:40  5 of 10 OK created sql table model silver.slvr_customers ....................... [[32mOK[0m in 0.36s]
[2025-11-14T21:30:40.687+0000] {subprocess.py:93} INFO - [0m21:30:40  7 of 10 OK created sql table model silver.slvr_products ........................ [[32mOK[0m in 0.38s]
[2025-11-14T21:30:41.298+0000] {subprocess.py:93} INFO - [0m21:30:41  6 of 10 OK created sql table model silver.slvr_sales_orders .................... [[32mOK[0m in 0.99s]
[2025-11-14T21:30:41.302+0000] {subprocess.py:93} INFO - [0m21:30:41  8 of 10 START sql table model gold.gld_customer_metrics ........................ [RUN]
[2025-11-14T21:30:41.304+0000] {subprocess.py:93} INFO - [0m21:30:41  9 of 10 START sql table model gold.gld_product_performance ..................... [RUN]
[2025-11-14T21:30:41.305+0000] {subprocess.py:93} INFO - [0m21:30:41  10 of 10 START sql table model gold.gld_sales_summary .......................... [RUN]
[2025-11-14T21:30:41.842+0000] {subprocess.py:93} INFO - [0m21:30:41  10 of 10 OK created sql table model gold.gld_sales_summary ..................... [[32mOK[0m in 0.53s]
[2025-11-14T21:30:41.907+0000] {subprocess.py:93} INFO - [0m21:30:41  8 of 10 OK created sql table model gold.gld_customer_metrics ................... [[32mOK[0m in 0.60s]
[2025-11-14T21:30:41.928+0000] {subprocess.py:93} INFO - [0m21:30:41  9 of 10 OK created sql table model gold.gld_product_performance ................ [[32mOK[0m in 0.62s]
[2025-11-14T21:30:41.938+0000] {subprocess.py:93} INFO - [0m21:30:41
[2025-11-14T21:30:41.939+0000] {subprocess.py:93} INFO - [0m21:30:41  Finished running 4 view models, 6 table models in 0 hours 0 minutes and 2.18 seconds (2.18s).
[2025-11-14T21:30:42.023+0000] {subprocess.py:93} INFO - [0m21:30:42
[2025-11-14T21:30:42.025+0000] {subprocess.py:93} INFO - [0m21:30:42  [32mCompleted successfully[0m
[2025-11-14T21:30:42.026+0000] {subprocess.py:93} INFO - [0m21:30:42
[2025-11-14T21:30:42.028+0000] {subprocess.py:93} INFO - [0m21:30:42  Done. PASS=10 WARN=0 ERROR=0 SKIP=0 TOTAL=10
[2025-11-14T21:30:44.036+0000] {subprocess.py:97} INFO - Command exited with return code 0
[2025-11-14T21:30:44.054+0000] {taskinstance.py:1398} INFO - Marking task as SUCCESS. dag_id=dbt_transform, task_id=dbt_run, execution_date=20251114T212535, start_date=20251114T213036, end_date=20251114T213044
[2025-11-14T21:30:44.069+0000] {local_task_job_runner.py:228} INFO - Task exited with return code 0
[2025-11-14T21:30:44.086+0000] {taskinstance.py:2776} INFO - 1 downstream tasks scheduled from follow-on schedule check
