[2025-11-14T23:10:37.147+0000] {taskinstance.py:1157} INFO - Dependencies all met for dep_context=non-requeueable deps ti=<TaskInstance: dbt_transform.dbt_run scheduled__2025-11-14T23:05:35.634758+00:00 [queued]>
[2025-11-14T23:10:37.153+0000] {taskinstance.py:1157} INFO - Dependencies all met for dep_context=requeueable deps ti=<TaskInstance: dbt_transform.dbt_run scheduled__2025-11-14T23:05:35.634758+00:00 [queued]>
[2025-11-14T23:10:37.154+0000] {taskinstance.py:1359} INFO - Starting attempt 1 of 2
[2025-11-14T23:10:37.163+0000] {taskinstance.py:1380} INFO - Executing <Task(BashOperator): dbt_run> on 2025-11-14 23:05:35.634758+00:00
[2025-11-14T23:10:37.167+0000] {standard_task_runner.py:57} INFO - Started process 7394 to run task
[2025-11-14T23:10:37.169+0000] {standard_task_runner.py:84} INFO - Running: ['***', 'tasks', 'run', 'dbt_transform', 'dbt_run', 'scheduled__2025-11-14T23:05:35.634758+00:00', '--job-id', '196', '--raw', '--subdir', 'DAGS_FOLDER/dbt_dag.py', '--cfg-path', '/tmp/tmplmruu2kj']
[2025-11-14T23:10:37.172+0000] {standard_task_runner.py:85} INFO - Job 196: Subtask dbt_run
[2025-11-14T23:10:37.230+0000] {task_command.py:415} INFO - Running <TaskInstance: dbt_transform.dbt_run scheduled__2025-11-14T23:05:35.634758+00:00 [running]> on host 3f4da400579d
[2025-11-14T23:10:37.291+0000] {taskinstance.py:1660} INFO - Exporting env vars: AIRFLOW_CTX_DAG_OWNER='***' AIRFLOW_CTX_DAG_ID='dbt_transform' AIRFLOW_CTX_TASK_ID='dbt_run' AIRFLOW_CTX_EXECUTION_DATE='2025-11-14T23:05:35.634758+00:00' AIRFLOW_CTX_TRY_NUMBER='1' AIRFLOW_CTX_DAG_RUN_ID='scheduled__2025-11-14T23:05:35.634758+00:00'
[2025-11-14T23:10:37.293+0000] {subprocess.py:63} INFO - Tmp dir root location: /tmp
[2025-11-14T23:10:37.295+0000] {subprocess.py:75} INFO - Running command: ['/bin/bash', '-c', 'docker exec dbt_***_project-dbt-1 dbt run']
[2025-11-14T23:10:37.302+0000] {subprocess.py:86} INFO - Output:
[2025-11-14T23:10:38.962+0000] {subprocess.py:93} INFO - [0m23:10:38  Running with dbt=1.8.7
[2025-11-14T23:10:39.338+0000] {subprocess.py:93} INFO - [0m23:10:39  Registered adapter: sqlserver=1.8.7
[2025-11-14T23:10:41.036+0000] {subprocess.py:93} INFO - [0m23:10:41  Found 10 models, 18 data tests, 13 sources, 614 macros
[2025-11-14T23:10:41.041+0000] {subprocess.py:93} INFO - [0m23:10:41
[2025-11-14T23:10:41.205+0000] {subprocess.py:93} INFO - [0m23:10:41  Concurrency: 4 threads (target='dev')
[2025-11-14T23:10:41.206+0000] {subprocess.py:93} INFO - [0m23:10:41
[2025-11-14T23:10:41.214+0000] {subprocess.py:93} INFO - [0m23:10:41  1 of 10 START sql view model bronze.brnz_customers ............................. [RUN]
[2025-11-14T23:10:41.215+0000] {subprocess.py:93} INFO - [0m23:10:41  2 of 10 START sql view model bronze.brnz_example ............................... [RUN]
[2025-11-14T23:10:41.218+0000] {subprocess.py:93} INFO - [0m23:10:41  3 of 10 START sql view model bronze.brnz_products .............................. [RUN]
[2025-11-14T23:10:41.219+0000] {subprocess.py:93} INFO - [0m23:10:41  4 of 10 START sql view model bronze.brnz_sales_orders .......................... [RUN]
[2025-11-14T23:10:41.527+0000] {subprocess.py:93} INFO - [0m23:10:41  2 of 10 OK created sql view model bronze.brnz_example .......................... [[32mOK[0m in 0.29s]
[2025-11-14T23:10:41.537+0000] {subprocess.py:93} INFO - [0m23:10:41  4 of 10 OK created sql view model bronze.brnz_sales_orders ..................... [[32mOK[0m in 0.30s]
[2025-11-14T23:10:41.544+0000] {subprocess.py:93} INFO - [0m23:10:41  1 of 10 OK created sql view model bronze.brnz_customers ........................ [[32mOK[0m in 0.31s]
[2025-11-14T23:10:41.553+0000] {subprocess.py:93} INFO - [0m23:10:41  3 of 10 OK created sql view model bronze.brnz_products ......................... [[32mOK[0m in 0.32s]
[2025-11-14T23:10:41.561+0000] {subprocess.py:93} INFO - [0m23:10:41  5 of 10 START sql table model silver.slvr_sales_orders ......................... [RUN]
[2025-11-14T23:10:41.565+0000] {subprocess.py:93} INFO - [0m23:10:41  6 of 10 START sql table model silver.slvr_customers ............................ [RUN]
[2025-11-14T23:10:41.569+0000] {subprocess.py:93} INFO - [0m23:10:41  7 of 10 START sql table model silver.slvr_products ............................. [RUN]
[2025-11-14T23:10:40.304+0000] {subprocess.py:93} INFO - [0m23:10:40  7 of 10 OK created sql table model silver.slvr_products ........................ [[32mOK[0m in -0.62s]
[2025-11-14T23:10:40.377+0000] {subprocess.py:93} INFO - [0m23:10:40  6 of 10 OK created sql table model silver.slvr_customers ....................... [[32mOK[0m in -1.20s]
[2025-11-14T23:10:40.932+0000] {subprocess.py:93} INFO - [0m23:10:40  5 of 10 OK created sql table model silver.slvr_sales_orders .................... [[32mOK[0m in -0.63s]
[2025-11-14T23:10:40.937+0000] {subprocess.py:93} INFO - [0m23:10:40  8 of 10 START sql table model gold.gld_customer_metrics ........................ [RUN]
[2025-11-14T23:10:40.938+0000] {subprocess.py:93} INFO - [0m23:10:40  9 of 10 START sql table model gold.gld_product_performance ..................... [RUN]
[2025-11-14T23:10:40.939+0000] {subprocess.py:93} INFO - [0m23:10:40  10 of 10 START sql table model gold.gld_sales_summary .......................... [RUN]
[2025-11-14T23:10:41.349+0000] {subprocess.py:93} INFO - [0m23:10:41  10 of 10 OK created sql table model gold.gld_sales_summary ..................... [[32mOK[0m in 0.41s]
[2025-11-14T23:10:41.532+0000] {subprocess.py:93} INFO - [0m23:10:41  8 of 10 OK created sql table model gold.gld_customer_metrics ................... [[32mOK[0m in 0.59s]
[2025-11-14T23:10:41.542+0000] {subprocess.py:93} INFO - [0m23:10:41  9 of 10 OK created sql table model gold.gld_product_performance ................ [[32mOK[0m in 0.60s]
[2025-11-14T23:10:41.551+0000] {subprocess.py:93} INFO - [0m23:10:41
[2025-11-14T23:10:41.552+0000] {subprocess.py:93} INFO - [0m23:10:41  Finished running 4 view models, 6 table models in 0 hours 0 minutes and 0.51 seconds (0.51s).
[2025-11-14T23:10:41.617+0000] {subprocess.py:93} INFO - [0m23:10:41
[2025-11-14T23:10:41.618+0000] {subprocess.py:93} INFO - [0m23:10:41  [32mCompleted successfully[0m
[2025-11-14T23:10:41.619+0000] {subprocess.py:93} INFO - [0m23:10:41
[2025-11-14T23:10:41.621+0000] {subprocess.py:93} INFO - [0m23:10:41  Done. PASS=10 WARN=0 ERROR=0 SKIP=0 TOTAL=10
[2025-11-14T23:10:43.524+0000] {subprocess.py:97} INFO - Command exited with return code 0
[2025-11-14T23:10:43.542+0000] {taskinstance.py:1398} INFO - Marking task as SUCCESS. dag_id=dbt_transform, task_id=dbt_run, execution_date=20251114T230535, start_date=20251114T231037, end_date=20251114T231043
[2025-11-14T23:10:43.558+0000] {local_task_job_runner.py:228} INFO - Task exited with return code 0
[2025-11-14T23:10:43.575+0000] {taskinstance.py:2776} INFO - 1 downstream tasks scheduled from follow-on schedule check
