[2025-11-14T15:50:36.422+0000] {taskinstance.py:1157} INFO - Dependencies all met for dep_context=non-requeueable deps ti=<TaskInstance: dbt_transform.dbt_run scheduled__2025-11-14T15:45:35.634758+00:00 [queued]>
[2025-11-14T15:50:36.431+0000] {taskinstance.py:1157} INFO - Dependencies all met for dep_context=requeueable deps ti=<TaskInstance: dbt_transform.dbt_run scheduled__2025-11-14T15:45:35.634758+00:00 [queued]>
[2025-11-14T15:50:36.431+0000] {taskinstance.py:1359} INFO - Starting attempt 1 of 2
[2025-11-14T15:50:36.442+0000] {taskinstance.py:1380} INFO - Executing <Task(BashOperator): dbt_run> on 2025-11-14 15:45:35.634758+00:00
[2025-11-14T15:50:36.446+0000] {standard_task_runner.py:57} INFO - Started process 894 to run task
[2025-11-14T15:50:36.449+0000] {standard_task_runner.py:84} INFO - Running: ['***', 'tasks', 'run', 'dbt_transform', 'dbt_run', 'scheduled__2025-11-14T15:45:35.634758+00:00', '--job-id', '20', '--raw', '--subdir', 'DAGS_FOLDER/dbt_dag.py', '--cfg-path', '/tmp/tmpeah2zga5']
[2025-11-14T15:50:36.452+0000] {standard_task_runner.py:85} INFO - Job 20: Subtask dbt_run
[2025-11-14T15:50:36.513+0000] {task_command.py:415} INFO - Running <TaskInstance: dbt_transform.dbt_run scheduled__2025-11-14T15:45:35.634758+00:00 [running]> on host 3f4da400579d
[2025-11-14T15:50:36.581+0000] {taskinstance.py:1660} INFO - Exporting env vars: AIRFLOW_CTX_DAG_OWNER='***' AIRFLOW_CTX_DAG_ID='dbt_transform' AIRFLOW_CTX_TASK_ID='dbt_run' AIRFLOW_CTX_EXECUTION_DATE='2025-11-14T15:45:35.634758+00:00' AIRFLOW_CTX_TRY_NUMBER='1' AIRFLOW_CTX_DAG_RUN_ID='scheduled__2025-11-14T15:45:35.634758+00:00'
[2025-11-14T15:50:36.582+0000] {subprocess.py:63} INFO - Tmp dir root location: /tmp
[2025-11-14T15:50:36.583+0000] {subprocess.py:75} INFO - Running command: ['/bin/bash', '-c', 'docker exec dbt_***_project-dbt-1 dbt run']
[2025-11-14T15:50:36.591+0000] {subprocess.py:86} INFO - Output:
[2025-11-14T15:50:38.457+0000] {subprocess.py:93} INFO - [0m15:50:38  Running with dbt=1.8.7
[2025-11-14T15:50:38.850+0000] {subprocess.py:93} INFO - [0m15:50:38  Registered adapter: sqlserver=1.8.7
[2025-11-14T15:50:41.011+0000] {subprocess.py:93} INFO - [0m15:50:41  Found 10 models, 18 data tests, 13 sources, 614 macros
[2025-11-14T15:50:41.017+0000] {subprocess.py:93} INFO - [0m15:50:41
[2025-11-14T15:50:41.237+0000] {subprocess.py:93} INFO - [0m15:50:41  Concurrency: 4 threads (target='dev')
[2025-11-14T15:50:41.239+0000] {subprocess.py:93} INFO - [0m15:50:41
[2025-11-14T15:50:41.247+0000] {subprocess.py:93} INFO - [0m15:50:41  1 of 10 START sql view model bronze.brnz_customers ............................. [RUN]
[2025-11-14T15:50:41.249+0000] {subprocess.py:93} INFO - [0m15:50:41  2 of 10 START sql view model bronze.brnz_example ............................... [RUN]
[2025-11-14T15:50:41.251+0000] {subprocess.py:93} INFO - [0m15:50:41  3 of 10 START sql view model bronze.brnz_products .............................. [RUN]
[2025-11-14T15:50:41.253+0000] {subprocess.py:93} INFO - [0m15:50:41  4 of 10 START sql view model bronze.brnz_sales_orders .......................... [RUN]
[2025-11-14T15:50:41.634+0000] {subprocess.py:93} INFO - [0m15:50:41  3 of 10 OK created sql view model bronze.brnz_products ......................... [[32mOK[0m in 0.37s]
[2025-11-14T15:50:41.639+0000] {subprocess.py:93} INFO - [0m15:50:41  1 of 10 OK created sql view model bronze.brnz_customers ........................ [[32mOK[0m in 0.38s]
[2025-11-14T15:50:41.644+0000] {subprocess.py:93} INFO - [0m15:50:41  2 of 10 OK created sql view model bronze.brnz_example .......................... [[32mOK[0m in 0.38s]
[2025-11-14T15:50:41.651+0000] {subprocess.py:93} INFO - [0m15:50:41  5 of 10 START sql table model silver.slvr_products ............................. [RUN]
[2025-11-14T15:50:41.657+0000] {subprocess.py:93} INFO - [0m15:50:41  6 of 10 START sql table model silver.slvr_customers ............................ [RUN]
[2025-11-14T15:50:41.676+0000] {subprocess.py:93} INFO - [0m15:50:41  4 of 10 OK created sql view model bronze.brnz_sales_orders ..................... [[32mOK[0m in 0.41s]
[2025-11-14T15:50:41.690+0000] {subprocess.py:93} INFO - [0m15:50:41  7 of 10 START sql table model silver.slvr_sales_orders ......................... [RUN]
[2025-11-14T15:50:42.013+0000] {subprocess.py:93} INFO - [0m15:50:42  5 of 10 OK created sql table model silver.slvr_products ........................ [[32mOK[0m in 0.35s]
[2025-11-14T15:50:42.040+0000] {subprocess.py:93} INFO - [0m15:50:42  6 of 10 OK created sql table model silver.slvr_customers ....................... [[32mOK[0m in 0.38s]
[2025-11-14T15:50:42.691+0000] {subprocess.py:93} INFO - [0m15:50:42  7 of 10 OK created sql table model silver.slvr_sales_orders .................... [[32mOK[0m in 1.00s]
[2025-11-14T15:50:42.698+0000] {subprocess.py:93} INFO - [0m15:50:42  8 of 10 START sql table model gold.gld_customer_metrics ........................ [RUN]
[2025-11-14T15:50:42.700+0000] {subprocess.py:93} INFO - [0m15:50:42  9 of 10 START sql table model gold.gld_product_performance ..................... [RUN]
[2025-11-14T15:50:42.702+0000] {subprocess.py:93} INFO - [0m15:50:42  10 of 10 START sql table model gold.gld_sales_summary .......................... [RUN]
[2025-11-14T15:50:43.194+0000] {subprocess.py:93} INFO - [0m15:50:43  10 of 10 OK created sql table model gold.gld_sales_summary ..................... [[32mOK[0m in 0.49s]
[2025-11-14T15:50:43.381+0000] {subprocess.py:93} INFO - [0m15:50:43  9 of 10 OK created sql table model gold.gld_product_performance ................ [[32mOK[0m in 0.68s]
[2025-11-14T15:50:43.449+0000] {subprocess.py:93} INFO - [0m15:50:43  8 of 10 OK created sql table model gold.gld_customer_metrics ................... [[32mOK[0m in 0.74s]
[2025-11-14T15:50:43.461+0000] {subprocess.py:93} INFO - [0m15:50:43
[2025-11-14T15:50:43.462+0000] {subprocess.py:93} INFO - [0m15:50:43  Finished running 4 view models, 6 table models in 0 hours 0 minutes and 2.44 seconds (2.44s).
[2025-11-14T15:50:43.550+0000] {subprocess.py:93} INFO - [0m15:50:43
[2025-11-14T15:50:43.552+0000] {subprocess.py:93} INFO - [0m15:50:43  [32mCompleted successfully[0m
[2025-11-14T15:50:43.553+0000] {subprocess.py:93} INFO - [0m15:50:43
[2025-11-14T15:50:43.555+0000] {subprocess.py:93} INFO - [0m15:50:43  Done. PASS=10 WARN=0 ERROR=0 SKIP=0 TOTAL=10
[2025-11-14T15:50:45.345+0000] {subprocess.py:97} INFO - Command exited with return code 0
[2025-11-14T15:50:45.377+0000] {taskinstance.py:1398} INFO - Marking task as SUCCESS. dag_id=dbt_transform, task_id=dbt_run, execution_date=20251114T154535, start_date=20251114T155036, end_date=20251114T155045
[2025-11-14T15:50:45.396+0000] {local_task_job_runner.py:228} INFO - Task exited with return code 0
[2025-11-14T15:50:45.422+0000] {taskinstance.py:2776} INFO - 1 downstream tasks scheduled from follow-on schedule check
