[2025-11-14T16:30:36.848+0000] {taskinstance.py:1157} INFO - Dependencies all met for dep_context=non-requeueable deps ti=<TaskInstance: dbt_transform.dbt_run scheduled__2025-11-14T16:25:35.634758+00:00 [queued]>
[2025-11-14T16:30:36.855+0000] {taskinstance.py:1157} INFO - Dependencies all met for dep_context=requeueable deps ti=<TaskInstance: dbt_transform.dbt_run scheduled__2025-11-14T16:25:35.634758+00:00 [queued]>
[2025-11-14T16:30:36.855+0000] {taskinstance.py:1359} INFO - Starting attempt 1 of 2
[2025-11-14T16:30:36.866+0000] {taskinstance.py:1380} INFO - Executing <Task(BashOperator): dbt_run> on 2025-11-14 16:25:35.634758+00:00
[2025-11-14T16:30:36.869+0000] {standard_task_runner.py:57} INFO - Started process 1480 to run task
[2025-11-14T16:30:36.872+0000] {standard_task_runner.py:84} INFO - Running: ['***', 'tasks', 'run', 'dbt_transform', 'dbt_run', 'scheduled__2025-11-14T16:25:35.634758+00:00', '--job-id', '36', '--raw', '--subdir', 'DAGS_FOLDER/dbt_dag.py', '--cfg-path', '/tmp/tmpl9644ibp']
[2025-11-14T16:30:36.875+0000] {standard_task_runner.py:85} INFO - Job 36: Subtask dbt_run
[2025-11-14T16:30:36.936+0000] {task_command.py:415} INFO - Running <TaskInstance: dbt_transform.dbt_run scheduled__2025-11-14T16:25:35.634758+00:00 [running]> on host 3f4da400579d
[2025-11-14T16:30:36.998+0000] {taskinstance.py:1660} INFO - Exporting env vars: AIRFLOW_CTX_DAG_OWNER='***' AIRFLOW_CTX_DAG_ID='dbt_transform' AIRFLOW_CTX_TASK_ID='dbt_run' AIRFLOW_CTX_EXECUTION_DATE='2025-11-14T16:25:35.634758+00:00' AIRFLOW_CTX_TRY_NUMBER='1' AIRFLOW_CTX_DAG_RUN_ID='scheduled__2025-11-14T16:25:35.634758+00:00'
[2025-11-14T16:30:36.999+0000] {subprocess.py:63} INFO - Tmp dir root location: /tmp
[2025-11-14T16:30:37.000+0000] {subprocess.py:75} INFO - Running command: ['/bin/bash', '-c', 'docker exec dbt_***_project-dbt-1 dbt run']
[2025-11-14T16:30:37.007+0000] {subprocess.py:86} INFO - Output:
[2025-11-14T16:30:38.580+0000] {subprocess.py:93} INFO - [0m16:30:38  Running with dbt=1.8.7
[2025-11-14T16:30:38.931+0000] {subprocess.py:93} INFO - [0m16:30:38  Registered adapter: sqlserver=1.8.7
[2025-11-14T16:30:40.135+0000] {subprocess.py:93} INFO - [0m16:30:40  Found 10 models, 18 data tests, 13 sources, 614 macros
[2025-11-14T16:30:40.139+0000] {subprocess.py:93} INFO - [0m16:30:40
[2025-11-14T16:30:40.312+0000] {subprocess.py:93} INFO - [0m16:30:40  Concurrency: 4 threads (target='dev')
[2025-11-14T16:30:40.313+0000] {subprocess.py:93} INFO - [0m16:30:40
[2025-11-14T16:30:40.320+0000] {subprocess.py:93} INFO - [0m16:30:40  1 of 10 START sql view model bronze.brnz_customers ............................. [RUN]
[2025-11-14T16:30:40.321+0000] {subprocess.py:93} INFO - [0m16:30:40  2 of 10 START sql view model bronze.brnz_example ............................... [RUN]
[2025-11-14T16:30:40.322+0000] {subprocess.py:93} INFO - [0m16:30:40  3 of 10 START sql view model bronze.brnz_products .............................. [RUN]
[2025-11-14T16:30:40.324+0000] {subprocess.py:93} INFO - [0m16:30:40  4 of 10 START sql view model bronze.brnz_sales_orders .......................... [RUN]
[2025-11-14T16:30:40.611+0000] {subprocess.py:93} INFO - [0m16:30:40  2 of 10 OK created sql view model bronze.brnz_example .......................... [[32mOK[0m in 0.28s]
[2025-11-14T16:30:40.617+0000] {subprocess.py:93} INFO - [0m16:30:40  4 of 10 OK created sql view model bronze.brnz_sales_orders ..................... [[32mOK[0m in 0.28s]
[2025-11-14T16:30:40.619+0000] {subprocess.py:93} INFO - [0m16:30:40  1 of 10 OK created sql view model bronze.brnz_customers ........................ [[32mOK[0m in 0.29s]
[2025-11-14T16:30:40.625+0000] {subprocess.py:93} INFO - [0m16:30:40  3 of 10 OK created sql view model bronze.brnz_products ......................... [[32mOK[0m in 0.29s]
[2025-11-14T16:30:40.630+0000] {subprocess.py:93} INFO - [0m16:30:40  5 of 10 START sql table model silver.slvr_sales_orders ......................... [RUN]
[2025-11-14T16:30:40.632+0000] {subprocess.py:93} INFO - [0m16:30:40  6 of 10 START sql table model silver.slvr_customers ............................ [RUN]
[2025-11-14T16:30:40.636+0000] {subprocess.py:93} INFO - [0m16:30:40  7 of 10 START sql table model silver.slvr_products ............................. [RUN]
[2025-11-14T16:30:40.915+0000] {subprocess.py:93} INFO - [0m16:30:40  7 of 10 OK created sql table model silver.slvr_products ........................ [[32mOK[0m in 0.27s]
[2025-11-14T16:30:40.963+0000] {subprocess.py:93} INFO - [0m16:30:40  6 of 10 OK created sql table model silver.slvr_customers ....................... [[32mOK[0m in 0.33s]
[2025-11-14T16:30:41.506+0000] {subprocess.py:93} INFO - [0m16:30:41  5 of 10 OK created sql table model silver.slvr_sales_orders .................... [[32mOK[0m in 0.87s]
[2025-11-14T16:30:41.511+0000] {subprocess.py:93} INFO - [0m16:30:41  8 of 10 START sql table model gold.gld_customer_metrics ........................ [RUN]
[2025-11-14T16:30:41.512+0000] {subprocess.py:93} INFO - [0m16:30:41  9 of 10 START sql table model gold.gld_product_performance ..................... [RUN]
[2025-11-14T16:30:41.513+0000] {subprocess.py:93} INFO - [0m16:30:41  10 of 10 START sql table model gold.gld_sales_summary .......................... [RUN]
[2025-11-14T16:30:41.922+0000] {subprocess.py:93} INFO - [0m16:30:41  10 of 10 OK created sql table model gold.gld_sales_summary ..................... [[32mOK[0m in 0.40s]
[2025-11-14T16:30:42.090+0000] {subprocess.py:93} INFO - [0m16:30:42  9 of 10 OK created sql table model gold.gld_product_performance ................ [[32mOK[0m in 0.57s]
[2025-11-14T16:30:42.101+0000] {subprocess.py:93} INFO - [0m16:30:42  8 of 10 OK created sql table model gold.gld_customer_metrics ................... [[32mOK[0m in 0.59s]
[2025-11-14T16:30:42.112+0000] {subprocess.py:93} INFO - [0m16:30:42
[2025-11-14T16:30:42.113+0000] {subprocess.py:93} INFO - [0m16:30:42  Finished running 4 view models, 6 table models in 0 hours 0 minutes and 1.97 seconds (1.97s).
[2025-11-14T16:30:42.183+0000] {subprocess.py:93} INFO - [0m16:30:42
[2025-11-14T16:30:42.184+0000] {subprocess.py:93} INFO - [0m16:30:42  [32mCompleted successfully[0m
[2025-11-14T16:30:42.186+0000] {subprocess.py:93} INFO - [0m16:30:42
[2025-11-14T16:30:42.187+0000] {subprocess.py:93} INFO - [0m16:30:42  Done. PASS=10 WARN=0 ERROR=0 SKIP=0 TOTAL=10
[2025-11-14T16:30:45.023+0000] {subprocess.py:97} INFO - Command exited with return code 0
[2025-11-14T16:30:45.040+0000] {taskinstance.py:1398} INFO - Marking task as SUCCESS. dag_id=dbt_transform, task_id=dbt_run, execution_date=20251114T162535, start_date=20251114T163036, end_date=20251114T163045
[2025-11-14T16:30:45.086+0000] {local_task_job_runner.py:228} INFO - Task exited with return code 0
[2025-11-14T16:30:45.101+0000] {taskinstance.py:2776} INFO - 1 downstream tasks scheduled from follow-on schedule check
