[2025-11-14T22:50:37.027+0000] {taskinstance.py:1157} INFO - Dependencies all met for dep_context=non-requeueable deps ti=<TaskInstance: dbt_transform.dbt_run scheduled__2025-11-14T22:45:35.634758+00:00 [queued]>
[2025-11-14T22:50:37.033+0000] {taskinstance.py:1157} INFO - Dependencies all met for dep_context=requeueable deps ti=<TaskInstance: dbt_transform.dbt_run scheduled__2025-11-14T22:45:35.634758+00:00 [queued]>
[2025-11-14T22:50:37.034+0000] {taskinstance.py:1359} INFO - Starting attempt 1 of 2
[2025-11-14T22:50:37.042+0000] {taskinstance.py:1380} INFO - Executing <Task(BashOperator): dbt_run> on 2025-11-14 22:45:35.634758+00:00
[2025-11-14T22:50:37.045+0000] {standard_task_runner.py:57} INFO - Started process 7097 to run task
[2025-11-14T22:50:37.048+0000] {standard_task_runner.py:84} INFO - Running: ['***', 'tasks', 'run', 'dbt_transform', 'dbt_run', 'scheduled__2025-11-14T22:45:35.634758+00:00', '--job-id', '188', '--raw', '--subdir', 'DAGS_FOLDER/dbt_dag.py', '--cfg-path', '/tmp/tmpod85wfmr']
[2025-11-14T22:50:37.051+0000] {standard_task_runner.py:85} INFO - Job 188: Subtask dbt_run
[2025-11-14T22:50:37.110+0000] {task_command.py:415} INFO - Running <TaskInstance: dbt_transform.dbt_run scheduled__2025-11-14T22:45:35.634758+00:00 [running]> on host 3f4da400579d
[2025-11-14T22:50:37.174+0000] {taskinstance.py:1660} INFO - Exporting env vars: AIRFLOW_CTX_DAG_OWNER='***' AIRFLOW_CTX_DAG_ID='dbt_transform' AIRFLOW_CTX_TASK_ID='dbt_run' AIRFLOW_CTX_EXECUTION_DATE='2025-11-14T22:45:35.634758+00:00' AIRFLOW_CTX_TRY_NUMBER='1' AIRFLOW_CTX_DAG_RUN_ID='scheduled__2025-11-14T22:45:35.634758+00:00'
[2025-11-14T22:50:37.176+0000] {subprocess.py:63} INFO - Tmp dir root location: /tmp
[2025-11-14T22:50:37.178+0000] {subprocess.py:75} INFO - Running command: ['/bin/bash', '-c', 'docker exec dbt_***_project-dbt-1 dbt run']
[2025-11-14T22:50:37.186+0000] {subprocess.py:86} INFO - Output:
[2025-11-14T22:50:38.799+0000] {subprocess.py:93} INFO - [0m22:50:38  Running with dbt=1.8.7
[2025-11-14T22:50:39.162+0000] {subprocess.py:93} INFO - [0m22:50:39  Registered adapter: sqlserver=1.8.7
[2025-11-14T22:50:40.624+0000] {subprocess.py:93} INFO - [0m22:50:40  Found 10 models, 18 data tests, 13 sources, 614 macros
[2025-11-14T22:50:40.627+0000] {subprocess.py:93} INFO - [0m22:50:40
[2025-11-14T22:50:40.799+0000] {subprocess.py:93} INFO - [0m22:50:40  Concurrency: 4 threads (target='dev')
[2025-11-14T22:50:40.801+0000] {subprocess.py:93} INFO - [0m22:50:40
[2025-11-14T22:50:40.809+0000] {subprocess.py:93} INFO - [0m22:50:40  1 of 10 START sql view model bronze.brnz_customers ............................. [RUN]
[2025-11-14T22:50:40.810+0000] {subprocess.py:93} INFO - [0m22:50:40  2 of 10 START sql view model bronze.brnz_example ............................... [RUN]
[2025-11-14T22:50:40.812+0000] {subprocess.py:93} INFO - [0m22:50:40  3 of 10 START sql view model bronze.brnz_products .............................. [RUN]
[2025-11-14T22:50:40.814+0000] {subprocess.py:93} INFO - [0m22:50:40  4 of 10 START sql view model bronze.brnz_sales_orders .......................... [RUN]
[2025-11-14T22:50:41.118+0000] {subprocess.py:93} INFO - [0m22:50:41  1 of 10 OK created sql view model bronze.brnz_customers ........................ [[32mOK[0m in 0.29s]
[2025-11-14T22:50:41.119+0000] {subprocess.py:93} INFO - [0m22:50:41  4 of 10 OK created sql view model bronze.brnz_sales_orders ..................... [[32mOK[0m in 0.29s]
[2025-11-14T22:50:41.124+0000] {subprocess.py:93} INFO - [0m22:50:41  2 of 10 OK created sql view model bronze.brnz_example .......................... [[32mOK[0m in 0.30s]
[2025-11-14T22:50:41.131+0000] {subprocess.py:93} INFO - [0m22:50:41  3 of 10 OK created sql view model bronze.brnz_products ......................... [[32mOK[0m in 0.30s]
[2025-11-14T22:50:41.141+0000] {subprocess.py:93} INFO - [0m22:50:41  5 of 10 START sql table model silver.slvr_customers ............................ [RUN]
[2025-11-14T22:50:41.143+0000] {subprocess.py:93} INFO - [0m22:50:41  6 of 10 START sql table model silver.slvr_sales_orders ......................... [RUN]
[2025-11-14T22:50:41.150+0000] {subprocess.py:93} INFO - [0m22:50:41  7 of 10 START sql table model silver.slvr_products ............................. [RUN]
[2025-11-14T22:50:41.459+0000] {subprocess.py:93} INFO - [0m22:50:41  7 of 10 OK created sql table model silver.slvr_products ........................ [[32mOK[0m in 0.30s]
[2025-11-14T22:50:41.482+0000] {subprocess.py:93} INFO - [0m22:50:41  5 of 10 OK created sql table model silver.slvr_customers ....................... [[32mOK[0m in 0.33s]
[2025-11-14T22:50:42.022+0000] {subprocess.py:93} INFO - [0m22:50:42  6 of 10 OK created sql table model silver.slvr_sales_orders .................... [[32mOK[0m in 0.87s]
[2025-11-14T22:50:42.026+0000] {subprocess.py:93} INFO - [0m22:50:42  8 of 10 START sql table model gold.gld_customer_metrics ........................ [RUN]
[2025-11-14T22:50:42.027+0000] {subprocess.py:93} INFO - [0m22:50:42  9 of 10 START sql table model gold.gld_product_performance ..................... [RUN]
[2025-11-14T22:50:42.028+0000] {subprocess.py:93} INFO - [0m22:50:42  10 of 10 START sql table model gold.gld_sales_summary .......................... [RUN]
[2025-11-14T22:50:42.413+0000] {subprocess.py:93} INFO - [0m22:50:42  10 of 10 OK created sql table model gold.gld_sales_summary ..................... [[32mOK[0m in 0.38s]
[2025-11-14T22:50:42.647+0000] {subprocess.py:93} INFO - [0m22:50:42  9 of 10 OK created sql table model gold.gld_product_performance ................ [[32mOK[0m in 0.61s]
[2025-11-14T22:50:42.668+0000] {subprocess.py:93} INFO - [0m22:50:42  8 of 10 OK created sql table model gold.gld_customer_metrics ................... [[32mOK[0m in 0.64s]
[2025-11-14T22:50:42.678+0000] {subprocess.py:93} INFO - [0m22:50:42
[2025-11-14T22:50:42.679+0000] {subprocess.py:93} INFO - [0m22:50:42  Finished running 4 view models, 6 table models in 0 hours 0 minutes and 2.05 seconds (2.05s).
[2025-11-14T22:50:42.742+0000] {subprocess.py:93} INFO - [0m22:50:42
[2025-11-14T22:50:42.744+0000] {subprocess.py:93} INFO - [0m22:50:42  [32mCompleted successfully[0m
[2025-11-14T22:50:42.745+0000] {subprocess.py:93} INFO - [0m22:50:42
[2025-11-14T22:50:42.747+0000] {subprocess.py:93} INFO - [0m22:50:42  Done. PASS=10 WARN=0 ERROR=0 SKIP=0 TOTAL=10
[2025-11-14T22:50:44.298+0000] {subprocess.py:97} INFO - Command exited with return code 0
[2025-11-14T22:50:44.316+0000] {taskinstance.py:1398} INFO - Marking task as SUCCESS. dag_id=dbt_transform, task_id=dbt_run, execution_date=20251114T224535, start_date=20251114T225037, end_date=20251114T225044
[2025-11-14T22:50:44.346+0000] {local_task_job_runner.py:228} INFO - Task exited with return code 0
[2025-11-14T22:50:44.362+0000] {taskinstance.py:2776} INFO - 1 downstream tasks scheduled from follow-on schedule check
