[2025-11-14T16:25:36.731+0000] {taskinstance.py:1157} INFO - Dependencies all met for dep_context=non-requeueable deps ti=<TaskInstance: dbt_transform.dbt_run scheduled__2025-11-14T16:20:35.634758+00:00 [queued]>
[2025-11-14T16:25:36.737+0000] {taskinstance.py:1157} INFO - Dependencies all met for dep_context=requeueable deps ti=<TaskInstance: dbt_transform.dbt_run scheduled__2025-11-14T16:20:35.634758+00:00 [queued]>
[2025-11-14T16:25:36.738+0000] {taskinstance.py:1359} INFO - Starting attempt 1 of 2
[2025-11-14T16:25:36.746+0000] {taskinstance.py:1380} INFO - Executing <Task(BashOperator): dbt_run> on 2025-11-14 16:20:35.634758+00:00
[2025-11-14T16:25:36.750+0000] {standard_task_runner.py:57} INFO - Started process 1406 to run task
[2025-11-14T16:25:36.753+0000] {standard_task_runner.py:84} INFO - Running: ['***', 'tasks', 'run', 'dbt_transform', 'dbt_run', 'scheduled__2025-11-14T16:20:35.634758+00:00', '--job-id', '34', '--raw', '--subdir', 'DAGS_FOLDER/dbt_dag.py', '--cfg-path', '/tmp/tmpt9ovba2g']
[2025-11-14T16:25:36.755+0000] {standard_task_runner.py:85} INFO - Job 34: Subtask dbt_run
[2025-11-14T16:25:36.816+0000] {task_command.py:415} INFO - Running <TaskInstance: dbt_transform.dbt_run scheduled__2025-11-14T16:20:35.634758+00:00 [running]> on host 3f4da400579d
[2025-11-14T16:25:36.876+0000] {taskinstance.py:1660} INFO - Exporting env vars: AIRFLOW_CTX_DAG_OWNER='***' AIRFLOW_CTX_DAG_ID='dbt_transform' AIRFLOW_CTX_TASK_ID='dbt_run' AIRFLOW_CTX_EXECUTION_DATE='2025-11-14T16:20:35.634758+00:00' AIRFLOW_CTX_TRY_NUMBER='1' AIRFLOW_CTX_DAG_RUN_ID='scheduled__2025-11-14T16:20:35.634758+00:00'
[2025-11-14T16:25:36.877+0000] {subprocess.py:63} INFO - Tmp dir root location: /tmp
[2025-11-14T16:25:36.878+0000] {subprocess.py:75} INFO - Running command: ['/bin/bash', '-c', 'docker exec dbt_***_project-dbt-1 dbt run']
[2025-11-14T16:25:36.887+0000] {subprocess.py:86} INFO - Output:
[2025-11-14T16:25:38.378+0000] {subprocess.py:93} INFO - [0m16:25:38  Running with dbt=1.8.7
[2025-11-14T16:25:38.719+0000] {subprocess.py:93} INFO - [0m16:25:38  Registered adapter: sqlserver=1.8.7
[2025-11-14T16:25:39.949+0000] {subprocess.py:93} INFO - [0m16:25:39  Found 10 models, 18 data tests, 13 sources, 614 macros
[2025-11-14T16:25:39.953+0000] {subprocess.py:93} INFO - [0m16:25:39
[2025-11-14T16:25:40.119+0000] {subprocess.py:93} INFO - [0m16:25:40  Concurrency: 4 threads (target='dev')
[2025-11-14T16:25:40.120+0000] {subprocess.py:93} INFO - [0m16:25:40
[2025-11-14T16:25:40.127+0000] {subprocess.py:93} INFO - [0m16:25:40  1 of 10 START sql view model bronze.brnz_customers ............................. [RUN]
[2025-11-14T16:25:40.129+0000] {subprocess.py:93} INFO - [0m16:25:40  2 of 10 START sql view model bronze.brnz_example ............................... [RUN]
[2025-11-14T16:25:40.130+0000] {subprocess.py:93} INFO - [0m16:25:40  3 of 10 START sql view model bronze.brnz_products .............................. [RUN]
[2025-11-14T16:25:40.131+0000] {subprocess.py:93} INFO - [0m16:25:40  4 of 10 START sql view model bronze.brnz_sales_orders .......................... [RUN]
[2025-11-14T16:25:40.421+0000] {subprocess.py:93} INFO - [0m16:25:40  3 of 10 OK created sql view model bronze.brnz_products ......................... [[32mOK[0m in 0.28s]
[2025-11-14T16:25:40.426+0000] {subprocess.py:93} INFO - [0m16:25:40  1 of 10 OK created sql view model bronze.brnz_customers ........................ [[32mOK[0m in 0.29s]
[2025-11-14T16:25:40.434+0000] {subprocess.py:93} INFO - [0m16:25:40  5 of 10 START sql table model silver.slvr_products ............................. [RUN]
[2025-11-14T16:25:40.443+0000] {subprocess.py:93} INFO - [0m16:25:40  6 of 10 START sql table model silver.slvr_customers ............................ [RUN]
[2025-11-14T16:25:40.445+0000] {subprocess.py:93} INFO - [0m16:25:40  4 of 10 OK created sql view model bronze.brnz_sales_orders ..................... [[32mOK[0m in 0.30s]
[2025-11-14T16:25:40.446+0000] {subprocess.py:93} INFO - [0m16:25:40  2 of 10 OK created sql view model bronze.brnz_example .......................... [[32mOK[0m in 0.31s]
[2025-11-14T16:25:40.463+0000] {subprocess.py:93} INFO - [0m16:25:40  7 of 10 START sql table model silver.slvr_sales_orders ......................... [RUN]
[2025-11-14T16:25:40.710+0000] {subprocess.py:93} INFO - [0m16:25:40  5 of 10 OK created sql table model silver.slvr_products ........................ [[32mOK[0m in 0.27s]
[2025-11-14T16:25:40.768+0000] {subprocess.py:93} INFO - [0m16:25:40  6 of 10 OK created sql table model silver.slvr_customers ....................... [[32mOK[0m in 0.32s]
[2025-11-14T16:25:41.328+0000] {subprocess.py:93} INFO - [0m16:25:41  7 of 10 OK created sql table model silver.slvr_sales_orders .................... [[32mOK[0m in 0.86s]
[2025-11-14T16:25:41.332+0000] {subprocess.py:93} INFO - [0m16:25:41  8 of 10 START sql table model gold.gld_customer_metrics ........................ [RUN]
[2025-11-14T16:25:41.334+0000] {subprocess.py:93} INFO - [0m16:25:41  9 of 10 START sql table model gold.gld_product_performance ..................... [RUN]
[2025-11-14T16:25:41.335+0000] {subprocess.py:93} INFO - [0m16:25:41  10 of 10 START sql table model gold.gld_sales_summary .......................... [RUN]
[2025-11-14T16:25:41.749+0000] {subprocess.py:93} INFO - [0m16:25:41  10 of 10 OK created sql table model gold.gld_sales_summary ..................... [[32mOK[0m in 0.41s]
[2025-11-14T16:25:41.889+0000] {subprocess.py:93} INFO - [0m16:25:41  8 of 10 OK created sql table model gold.gld_customer_metrics ................... [[32mOK[0m in 0.55s]
[2025-11-14T16:25:42.015+0000] {subprocess.py:93} INFO - [0m16:25:42  9 of 10 OK created sql table model gold.gld_product_performance ................ [[32mOK[0m in 0.68s]
[2025-11-14T16:25:42.028+0000] {subprocess.py:93} INFO - [0m16:25:42
[2025-11-14T16:25:42.029+0000] {subprocess.py:93} INFO - [0m16:25:42  Finished running 4 view models, 6 table models in 0 hours 0 minutes and 2.07 seconds (2.07s).
[2025-11-14T16:25:42.132+0000] {subprocess.py:93} INFO - [0m16:25:42
[2025-11-14T16:25:42.132+0000] {subprocess.py:93} INFO - [0m16:25:42  [32mCompleted successfully[0m
[2025-11-14T16:25:42.134+0000] {subprocess.py:93} INFO - [0m16:25:42
[2025-11-14T16:25:42.135+0000] {subprocess.py:93} INFO - [0m16:25:42  Done. PASS=10 WARN=0 ERROR=0 SKIP=0 TOTAL=10
[2025-11-14T16:25:44.090+0000] {subprocess.py:97} INFO - Command exited with return code 0
[2025-11-14T16:25:44.106+0000] {taskinstance.py:1398} INFO - Marking task as SUCCESS. dag_id=dbt_transform, task_id=dbt_run, execution_date=20251114T162035, start_date=20251114T162536, end_date=20251114T162544
[2025-11-14T16:25:44.121+0000] {local_task_job_runner.py:228} INFO - Task exited with return code 0
[2025-11-14T16:25:44.136+0000] {taskinstance.py:2776} INFO - 1 downstream tasks scheduled from follow-on schedule check
