[2025-11-14T17:25:36.924+0000] {taskinstance.py:1157} INFO - Dependencies all met for dep_context=non-requeueable deps ti=<TaskInstance: dbt_transform.dbt_run scheduled__2025-11-14T17:20:35.634758+00:00 [queued]>
[2025-11-14T17:25:36.930+0000] {taskinstance.py:1157} INFO - Dependencies all met for dep_context=requeueable deps ti=<TaskInstance: dbt_transform.dbt_run scheduled__2025-11-14T17:20:35.634758+00:00 [queued]>
[2025-11-14T17:25:36.931+0000] {taskinstance.py:1359} INFO - Starting attempt 1 of 2
[2025-11-14T17:25:36.940+0000] {taskinstance.py:1380} INFO - Executing <Task(BashOperator): dbt_run> on 2025-11-14 17:20:35.634758+00:00
[2025-11-14T17:25:36.944+0000] {standard_task_runner.py:57} INFO - Started process 2297 to run task
[2025-11-14T17:25:36.947+0000] {standard_task_runner.py:84} INFO - Running: ['***', 'tasks', 'run', 'dbt_transform', 'dbt_run', 'scheduled__2025-11-14T17:20:35.634758+00:00', '--job-id', '58', '--raw', '--subdir', 'DAGS_FOLDER/dbt_dag.py', '--cfg-path', '/tmp/tmpcnwl0cot']
[2025-11-14T17:25:36.950+0000] {standard_task_runner.py:85} INFO - Job 58: Subtask dbt_run
[2025-11-14T17:25:37.018+0000] {task_command.py:415} INFO - Running <TaskInstance: dbt_transform.dbt_run scheduled__2025-11-14T17:20:35.634758+00:00 [running]> on host 3f4da400579d
[2025-11-14T17:25:37.084+0000] {taskinstance.py:1660} INFO - Exporting env vars: AIRFLOW_CTX_DAG_OWNER='***' AIRFLOW_CTX_DAG_ID='dbt_transform' AIRFLOW_CTX_TASK_ID='dbt_run' AIRFLOW_CTX_EXECUTION_DATE='2025-11-14T17:20:35.634758+00:00' AIRFLOW_CTX_TRY_NUMBER='1' AIRFLOW_CTX_DAG_RUN_ID='scheduled__2025-11-14T17:20:35.634758+00:00'
[2025-11-14T17:25:37.086+0000] {subprocess.py:63} INFO - Tmp dir root location: /tmp
[2025-11-14T17:25:37.087+0000] {subprocess.py:75} INFO - Running command: ['/bin/bash', '-c', 'docker exec dbt_***_project-dbt-1 dbt run']
[2025-11-14T17:25:37.096+0000] {subprocess.py:86} INFO - Output:
[2025-11-14T17:25:38.704+0000] {subprocess.py:93} INFO - [0m17:25:38  Running with dbt=1.8.7
[2025-11-14T17:25:39.028+0000] {subprocess.py:93} INFO - [0m17:25:39  Registered adapter: sqlserver=1.8.7
[2025-11-14T17:25:40.364+0000] {subprocess.py:93} INFO - [0m17:25:40  Found 10 models, 18 data tests, 13 sources, 614 macros
[2025-11-14T17:25:40.368+0000] {subprocess.py:93} INFO - [0m17:25:40
[2025-11-14T17:25:40.543+0000] {subprocess.py:93} INFO - [0m17:25:40  Concurrency: 4 threads (target='dev')
[2025-11-14T17:25:40.544+0000] {subprocess.py:93} INFO - [0m17:25:40
[2025-11-14T17:25:40.550+0000] {subprocess.py:93} INFO - [0m17:25:40  1 of 10 START sql view model bronze.brnz_customers ............................. [RUN]
[2025-11-14T17:25:40.551+0000] {subprocess.py:93} INFO - [0m17:25:40  2 of 10 START sql view model bronze.brnz_example ............................... [RUN]
[2025-11-14T17:25:40.552+0000] {subprocess.py:93} INFO - [0m17:25:40  3 of 10 START sql view model bronze.brnz_products .............................. [RUN]
[2025-11-14T17:25:40.553+0000] {subprocess.py:93} INFO - [0m17:25:40  4 of 10 START sql view model bronze.brnz_sales_orders .......................... [RUN]
[2025-11-14T17:25:40.830+0000] {subprocess.py:93} INFO - [0m17:25:40  2 of 10 OK created sql view model bronze.brnz_example .......................... [[32mOK[0m in 0.27s]
[2025-11-14T17:25:40.836+0000] {subprocess.py:93} INFO - [0m17:25:40  4 of 10 OK created sql view model bronze.brnz_sales_orders ..................... [[32mOK[0m in 0.27s]
[2025-11-14T17:25:40.838+0000] {subprocess.py:93} INFO - [0m17:25:40  3 of 10 OK created sql view model bronze.brnz_products ......................... [[32mOK[0m in 0.28s]
[2025-11-14T17:25:40.841+0000] {subprocess.py:93} INFO - [0m17:25:40  1 of 10 OK created sql view model bronze.brnz_customers ........................ [[32mOK[0m in 0.28s]
[2025-11-14T17:25:40.846+0000] {subprocess.py:93} INFO - [0m17:25:40  5 of 10 START sql table model silver.slvr_sales_orders ......................... [RUN]
[2025-11-14T17:25:40.849+0000] {subprocess.py:93} INFO - [0m17:25:40  6 of 10 START sql table model silver.slvr_products ............................. [RUN]
[2025-11-14T17:25:40.851+0000] {subprocess.py:93} INFO - [0m17:25:40  7 of 10 START sql table model silver.slvr_customers ............................ [RUN]
[2025-11-14T17:25:41.108+0000] {subprocess.py:93} INFO - [0m17:25:41  6 of 10 OK created sql table model silver.slvr_products ........................ [[32mOK[0m in 0.25s]
[2025-11-14T17:25:41.138+0000] {subprocess.py:93} INFO - [0m17:25:41  7 of 10 OK created sql table model silver.slvr_customers ....................... [[32mOK[0m in 0.28s]
[2025-11-14T17:25:41.775+0000] {subprocess.py:93} INFO - [0m17:25:41  5 of 10 OK created sql table model silver.slvr_sales_orders .................... [[32mOK[0m in 0.92s]
[2025-11-14T17:25:41.779+0000] {subprocess.py:93} INFO - [0m17:25:41  8 of 10 START sql table model gold.gld_customer_metrics ........................ [RUN]
[2025-11-14T17:25:41.781+0000] {subprocess.py:93} INFO - [0m17:25:41  9 of 10 START sql table model gold.gld_product_performance ..................... [RUN]
[2025-11-14T17:25:41.782+0000] {subprocess.py:93} INFO - [0m17:25:41  10 of 10 START sql table model gold.gld_sales_summary .......................... [RUN]
[2025-11-14T17:25:42.216+0000] {subprocess.py:93} INFO - [0m17:25:42  10 of 10 OK created sql table model gold.gld_sales_summary ..................... [[32mOK[0m in 0.43s]
[2025-11-14T17:25:42.287+0000] {subprocess.py:93} INFO - [0m17:25:42  8 of 10 OK created sql table model gold.gld_customer_metrics ................... [[32mOK[0m in 0.50s]
[2025-11-14T17:25:42.325+0000] {subprocess.py:93} INFO - [0m17:25:42  9 of 10 OK created sql table model gold.gld_product_performance ................ [[32mOK[0m in 0.54s]
[2025-11-14T17:25:42.340+0000] {subprocess.py:93} INFO - [0m17:25:42
[2025-11-14T17:25:42.341+0000] {subprocess.py:93} INFO - [0m17:25:42  Finished running 4 view models, 6 table models in 0 hours 0 minutes and 1.97 seconds (1.97s).
[2025-11-14T17:25:42.445+0000] {subprocess.py:93} INFO - [0m17:25:42
[2025-11-14T17:25:42.446+0000] {subprocess.py:93} INFO - [0m17:25:42  [32mCompleted successfully[0m
[2025-11-14T17:25:42.447+0000] {subprocess.py:93} INFO - [0m17:25:42
[2025-11-14T17:25:42.449+0000] {subprocess.py:93} INFO - [0m17:25:42  Done. PASS=10 WARN=0 ERROR=0 SKIP=0 TOTAL=10
[2025-11-14T17:25:44.005+0000] {subprocess.py:97} INFO - Command exited with return code 0
[2025-11-14T17:25:44.023+0000] {taskinstance.py:1398} INFO - Marking task as SUCCESS. dag_id=dbt_transform, task_id=dbt_run, execution_date=20251114T172035, start_date=20251114T172536, end_date=20251114T172544
[2025-11-14T17:25:44.042+0000] {local_task_job_runner.py:228} INFO - Task exited with return code 0
[2025-11-14T17:25:44.058+0000] {taskinstance.py:2776} INFO - 1 downstream tasks scheduled from follow-on schedule check
