[2025-11-14T23:45:37.028+0000] {taskinstance.py:1157} INFO - Dependencies all met for dep_context=non-requeueable deps ti=<TaskInstance: dbt_transform.dbt_run scheduled__2025-11-14T23:40:35.634758+00:00 [queued]>
[2025-11-14T23:45:37.034+0000] {taskinstance.py:1157} INFO - Dependencies all met for dep_context=requeueable deps ti=<TaskInstance: dbt_transform.dbt_run scheduled__2025-11-14T23:40:35.634758+00:00 [queued]>
[2025-11-14T23:45:37.035+0000] {taskinstance.py:1359} INFO - Starting attempt 1 of 2
[2025-11-14T23:45:37.044+0000] {taskinstance.py:1380} INFO - Executing <Task(BashOperator): dbt_run> on 2025-11-14 23:40:35.634758+00:00
[2025-11-14T23:45:37.047+0000] {standard_task_runner.py:57} INFO - Started process 7907 to run task
[2025-11-14T23:45:37.050+0000] {standard_task_runner.py:84} INFO - Running: ['***', 'tasks', 'run', 'dbt_transform', 'dbt_run', 'scheduled__2025-11-14T23:40:35.634758+00:00', '--job-id', '210', '--raw', '--subdir', 'DAGS_FOLDER/dbt_dag.py', '--cfg-path', '/tmp/tmp92gitj8d']
[2025-11-14T23:45:37.053+0000] {standard_task_runner.py:85} INFO - Job 210: Subtask dbt_run
[2025-11-14T23:45:37.111+0000] {task_command.py:415} INFO - Running <TaskInstance: dbt_transform.dbt_run scheduled__2025-11-14T23:40:35.634758+00:00 [running]> on host 3f4da400579d
[2025-11-14T23:45:37.175+0000] {taskinstance.py:1660} INFO - Exporting env vars: AIRFLOW_CTX_DAG_OWNER='***' AIRFLOW_CTX_DAG_ID='dbt_transform' AIRFLOW_CTX_TASK_ID='dbt_run' AIRFLOW_CTX_EXECUTION_DATE='2025-11-14T23:40:35.634758+00:00' AIRFLOW_CTX_TRY_NUMBER='1' AIRFLOW_CTX_DAG_RUN_ID='scheduled__2025-11-14T23:40:35.634758+00:00'
[2025-11-14T23:45:37.176+0000] {subprocess.py:63} INFO - Tmp dir root location: /tmp
[2025-11-14T23:45:37.178+0000] {subprocess.py:75} INFO - Running command: ['/bin/bash', '-c', 'docker exec dbt_***_project-dbt-1 dbt run']
[2025-11-14T23:45:37.186+0000] {subprocess.py:86} INFO - Output:
[2025-11-14T23:45:38.718+0000] {subprocess.py:93} INFO - [0m23:45:38  Running with dbt=1.8.7
[2025-11-14T23:45:39.055+0000] {subprocess.py:93} INFO - [0m23:45:39  Registered adapter: sqlserver=1.8.7
[2025-11-14T23:45:40.212+0000] {subprocess.py:93} INFO - [0m23:45:40  Found 10 models, 18 data tests, 13 sources, 614 macros
[2025-11-14T23:45:40.218+0000] {subprocess.py:93} INFO - [0m23:45:40
[2025-11-14T23:45:40.399+0000] {subprocess.py:93} INFO - [0m23:45:40  Concurrency: 4 threads (target='dev')
[2025-11-14T23:45:40.400+0000] {subprocess.py:93} INFO - [0m23:45:40
[2025-11-14T23:45:40.407+0000] {subprocess.py:93} INFO - [0m23:45:40  1 of 10 START sql view model bronze.brnz_customers ............................. [RUN]
[2025-11-14T23:45:40.409+0000] {subprocess.py:93} INFO - [0m23:45:40  2 of 10 START sql view model bronze.brnz_example ............................... [RUN]
[2025-11-14T23:45:40.410+0000] {subprocess.py:93} INFO - [0m23:45:40  3 of 10 START sql view model bronze.brnz_products .............................. [RUN]
[2025-11-14T23:45:40.412+0000] {subprocess.py:93} INFO - [0m23:45:40  4 of 10 START sql view model bronze.brnz_sales_orders .......................... [RUN]
[2025-11-14T23:45:40.716+0000] {subprocess.py:93} INFO - [0m23:45:40  2 of 10 OK created sql view model bronze.brnz_example .......................... [[32mOK[0m in 0.30s]
[2025-11-14T23:45:40.718+0000] {subprocess.py:93} INFO - [0m23:45:40  3 of 10 OK created sql view model bronze.brnz_products ......................... [[32mOK[0m in 0.30s]
[2025-11-14T23:45:40.733+0000] {subprocess.py:93} INFO - [0m23:45:40  1 of 10 OK created sql view model bronze.brnz_customers ........................ [[32mOK[0m in 0.32s]
[2025-11-14T23:45:40.734+0000] {subprocess.py:93} INFO - [0m23:45:40  5 of 10 START sql table model silver.slvr_products ............................. [RUN]
[2025-11-14T23:45:40.736+0000] {subprocess.py:93} INFO - [0m23:45:40  4 of 10 OK created sql view model bronze.brnz_sales_orders ..................... [[32mOK[0m in 0.31s]
[2025-11-14T23:45:40.744+0000] {subprocess.py:93} INFO - [0m23:45:40  6 of 10 START sql table model silver.slvr_customers ............................ [RUN]
[2025-11-14T23:45:40.750+0000] {subprocess.py:93} INFO - [0m23:45:40  7 of 10 START sql table model silver.slvr_sales_orders ......................... [RUN]
[2025-11-14T23:45:41.044+0000] {subprocess.py:93} INFO - [0m23:45:41  5 of 10 OK created sql table model silver.slvr_products ........................ [[32mOK[0m in 0.30s]
[2025-11-14T23:45:41.070+0000] {subprocess.py:93} INFO - [0m23:45:41  6 of 10 OK created sql table model silver.slvr_customers ....................... [[32mOK[0m in 0.32s]
[2025-11-14T23:45:41.641+0000] {subprocess.py:93} INFO - [0m23:45:41  7 of 10 OK created sql table model silver.slvr_sales_orders .................... [[32mOK[0m in 0.88s]
[2025-11-14T23:45:41.646+0000] {subprocess.py:93} INFO - [0m23:45:41  8 of 10 START sql table model gold.gld_customer_metrics ........................ [RUN]
[2025-11-14T23:45:41.648+0000] {subprocess.py:93} INFO - [0m23:45:41  9 of 10 START sql table model gold.gld_product_performance ..................... [RUN]
[2025-11-14T23:45:41.650+0000] {subprocess.py:93} INFO - [0m23:45:41  10 of 10 START sql table model gold.gld_sales_summary .......................... [RUN]
[2025-11-14T23:45:42.120+0000] {subprocess.py:93} INFO - [0m23:45:42  10 of 10 OK created sql table model gold.gld_sales_summary ..................... [[32mOK[0m in 0.46s]
[2025-11-14T23:45:42.195+0000] {subprocess.py:93} INFO - [0m23:45:42  8 of 10 OK created sql table model gold.gld_customer_metrics ................... [[32mOK[0m in 0.54s]
[2025-11-14T23:45:42.218+0000] {subprocess.py:93} INFO - [0m23:45:42  9 of 10 OK created sql table model gold.gld_product_performance ................ [[32mOK[0m in 0.56s]
[2025-11-14T23:45:42.226+0000] {subprocess.py:93} INFO - [0m23:45:42
[2025-11-14T23:45:42.227+0000] {subprocess.py:93} INFO - [0m23:45:42  Finished running 4 view models, 6 table models in 0 hours 0 minutes and 2.01 seconds (2.01s).
[2025-11-14T23:45:42.294+0000] {subprocess.py:93} INFO - [0m23:45:42
[2025-11-14T23:45:42.296+0000] {subprocess.py:93} INFO - [0m23:45:42  [32mCompleted successfully[0m
[2025-11-14T23:45:42.298+0000] {subprocess.py:93} INFO - [0m23:45:42
[2025-11-14T23:45:42.299+0000] {subprocess.py:93} INFO - [0m23:45:42  Done. PASS=10 WARN=0 ERROR=0 SKIP=0 TOTAL=10
[2025-11-14T23:45:44.202+0000] {subprocess.py:97} INFO - Command exited with return code 0
[2025-11-14T23:45:44.219+0000] {taskinstance.py:1398} INFO - Marking task as SUCCESS. dag_id=dbt_transform, task_id=dbt_run, execution_date=20251114T234035, start_date=20251114T234537, end_date=20251114T234544
[2025-11-14T23:45:44.256+0000] {local_task_job_runner.py:228} INFO - Task exited with return code 0
[2025-11-14T23:45:44.273+0000] {taskinstance.py:2776} INFO - 1 downstream tasks scheduled from follow-on schedule check
