[2025-11-14T16:00:36.425+0000] {taskinstance.py:1157} INFO - Dependencies all met for dep_context=non-requeueable deps ti=<TaskInstance: dbt_transform.dbt_run scheduled__2025-11-14T15:55:35.634758+00:00 [queued]>
[2025-11-14T16:00:36.431+0000] {taskinstance.py:1157} INFO - Dependencies all met for dep_context=requeueable deps ti=<TaskInstance: dbt_transform.dbt_run scheduled__2025-11-14T15:55:35.634758+00:00 [queued]>
[2025-11-14T16:00:36.432+0000] {taskinstance.py:1359} INFO - Starting attempt 1 of 2
[2025-11-14T16:00:36.440+0000] {taskinstance.py:1380} INFO - Executing <Task(BashOperator): dbt_run> on 2025-11-14 15:55:35.634758+00:00
[2025-11-14T16:00:36.444+0000] {standard_task_runner.py:57} INFO - Started process 1039 to run task
[2025-11-14T16:00:36.447+0000] {standard_task_runner.py:84} INFO - Running: ['***', 'tasks', 'run', 'dbt_transform', 'dbt_run', 'scheduled__2025-11-14T15:55:35.634758+00:00', '--job-id', '24', '--raw', '--subdir', 'DAGS_FOLDER/dbt_dag.py', '--cfg-path', '/tmp/tmpc1cxhg7_']
[2025-11-14T16:00:36.450+0000] {standard_task_runner.py:85} INFO - Job 24: Subtask dbt_run
[2025-11-14T16:00:36.510+0000] {task_command.py:415} INFO - Running <TaskInstance: dbt_transform.dbt_run scheduled__2025-11-14T15:55:35.634758+00:00 [running]> on host 3f4da400579d
[2025-11-14T16:00:36.570+0000] {taskinstance.py:1660} INFO - Exporting env vars: AIRFLOW_CTX_DAG_OWNER='***' AIRFLOW_CTX_DAG_ID='dbt_transform' AIRFLOW_CTX_TASK_ID='dbt_run' AIRFLOW_CTX_EXECUTION_DATE='2025-11-14T15:55:35.634758+00:00' AIRFLOW_CTX_TRY_NUMBER='1' AIRFLOW_CTX_DAG_RUN_ID='scheduled__2025-11-14T15:55:35.634758+00:00'
[2025-11-14T16:00:36.572+0000] {subprocess.py:63} INFO - Tmp dir root location: /tmp
[2025-11-14T16:00:36.573+0000] {subprocess.py:75} INFO - Running command: ['/bin/bash', '-c', 'docker exec dbt_***_project-dbt-1 dbt run']
[2025-11-14T16:00:36.582+0000] {subprocess.py:86} INFO - Output:
[2025-11-14T16:00:38.092+0000] {subprocess.py:93} INFO - [0m16:00:38  Running with dbt=1.8.7
[2025-11-14T16:00:38.464+0000] {subprocess.py:93} INFO - [0m16:00:38  Registered adapter: sqlserver=1.8.7
[2025-11-14T16:00:39.201+0000] {subprocess.py:93} INFO - [0m16:00:39  Found 10 models, 18 data tests, 13 sources, 614 macros
[2025-11-14T16:00:39.206+0000] {subprocess.py:93} INFO - [0m16:00:39
[2025-11-14T16:00:39.401+0000] {subprocess.py:93} INFO - [0m16:00:39  Concurrency: 4 threads (target='dev')
[2025-11-14T16:00:39.402+0000] {subprocess.py:93} INFO - [0m16:00:39
[2025-11-14T16:00:39.409+0000] {subprocess.py:93} INFO - [0m16:00:39  1 of 10 START sql view model bronze.brnz_customers ............................. [RUN]
[2025-11-14T16:00:39.410+0000] {subprocess.py:93} INFO - [0m16:00:39  2 of 10 START sql view model bronze.brnz_example ............................... [RUN]
[2025-11-14T16:00:39.412+0000] {subprocess.py:93} INFO - [0m16:00:39  3 of 10 START sql view model bronze.brnz_products .............................. [RUN]
[2025-11-14T16:00:39.413+0000] {subprocess.py:93} INFO - [0m16:00:39  4 of 10 START sql view model bronze.brnz_sales_orders .......................... [RUN]
[2025-11-14T16:00:39.727+0000] {subprocess.py:93} INFO - [0m16:00:39  2 of 10 OK created sql view model bronze.brnz_example .......................... [[32mOK[0m in 0.30s]
[2025-11-14T16:00:39.728+0000] {subprocess.py:93} INFO - [0m16:00:39  1 of 10 OK created sql view model bronze.brnz_customers ........................ [[32mOK[0m in 0.31s]
[2025-11-14T16:00:39.732+0000] {subprocess.py:93} INFO - [0m16:00:39  4 of 10 OK created sql view model bronze.brnz_sales_orders ..................... [[32mOK[0m in 0.31s]
[2025-11-14T16:00:39.740+0000] {subprocess.py:93} INFO - [0m16:00:39  3 of 10 OK created sql view model bronze.brnz_products ......................... [[32mOK[0m in 0.32s]
[2025-11-14T16:00:39.743+0000] {subprocess.py:93} INFO - [0m16:00:39  5 of 10 START sql table model silver.slvr_customers ............................ [RUN]
[2025-11-14T16:00:39.746+0000] {subprocess.py:93} INFO - [0m16:00:39  6 of 10 START sql table model silver.slvr_sales_orders ......................... [RUN]
[2025-11-14T16:00:39.751+0000] {subprocess.py:93} INFO - [0m16:00:39  7 of 10 START sql table model silver.slvr_products ............................. [RUN]
[2025-11-14T16:00:40.034+0000] {subprocess.py:93} INFO - [0m16:00:40  7 of 10 OK created sql table model silver.slvr_products ........................ [[32mOK[0m in 0.27s]
[2025-11-14T16:00:40.104+0000] {subprocess.py:93} INFO - [0m16:00:40  5 of 10 OK created sql table model silver.slvr_customers ....................... [[32mOK[0m in 0.35s]
[2025-11-14T16:00:40.695+0000] {subprocess.py:93} INFO - [0m16:00:40  6 of 10 OK created sql table model silver.slvr_sales_orders .................... [[32mOK[0m in 0.94s]
[2025-11-14T16:00:40.700+0000] {subprocess.py:93} INFO - [0m16:00:40  8 of 10 START sql table model gold.gld_customer_metrics ........................ [RUN]
[2025-11-14T16:00:40.701+0000] {subprocess.py:93} INFO - [0m16:00:40  9 of 10 START sql table model gold.gld_product_performance ..................... [RUN]
[2025-11-14T16:00:40.702+0000] {subprocess.py:93} INFO - [0m16:00:40  10 of 10 START sql table model gold.gld_sales_summary .......................... [RUN]
[2025-11-14T16:00:41.150+0000] {subprocess.py:93} INFO - [0m16:00:41  10 of 10 OK created sql table model gold.gld_sales_summary ..................... [[32mOK[0m in 0.44s]
[2025-11-14T16:00:41.326+0000] {subprocess.py:93} INFO - [0m16:00:41  9 of 10 OK created sql table model gold.gld_product_performance ................ [[32mOK[0m in 0.62s]
[2025-11-14T16:00:41.371+0000] {subprocess.py:93} INFO - [0m16:00:41  8 of 10 OK created sql table model gold.gld_customer_metrics ................... [[32mOK[0m in 0.67s]
[2025-11-14T16:00:41.382+0000] {subprocess.py:93} INFO - [0m16:00:41
[2025-11-14T16:00:41.383+0000] {subprocess.py:93} INFO - [0m16:00:41  Finished running 4 view models, 6 table models in 0 hours 0 minutes and 2.17 seconds (2.17s).
[2025-11-14T16:00:41.475+0000] {subprocess.py:93} INFO - [0m16:00:41
[2025-11-14T16:00:41.477+0000] {subprocess.py:93} INFO - [0m16:00:41  [32mCompleted successfully[0m
[2025-11-14T16:00:41.478+0000] {subprocess.py:93} INFO - [0m16:00:41
[2025-11-14T16:00:41.479+0000] {subprocess.py:93} INFO - [0m16:00:41  Done. PASS=10 WARN=0 ERROR=0 SKIP=0 TOTAL=10
[2025-11-14T16:00:43.094+0000] {subprocess.py:97} INFO - Command exited with return code 0
[2025-11-14T16:00:43.113+0000] {taskinstance.py:1398} INFO - Marking task as SUCCESS. dag_id=dbt_transform, task_id=dbt_run, execution_date=20251114T155535, start_date=20251114T160036, end_date=20251114T160043
[2025-11-14T16:00:43.141+0000] {local_task_job_runner.py:228} INFO - Task exited with return code 0
[2025-11-14T16:00:43.157+0000] {taskinstance.py:2776} INFO - 1 downstream tasks scheduled from follow-on schedule check
