[2025-11-14T19:25:36.684+0000] {taskinstance.py:1157} INFO - Dependencies all met for dep_context=non-requeueable deps ti=<TaskInstance: dbt_transform.dbt_run scheduled__2025-11-14T19:20:35.634758+00:00 [queued]>
[2025-11-14T19:25:36.690+0000] {taskinstance.py:1157} INFO - Dependencies all met for dep_context=requeueable deps ti=<TaskInstance: dbt_transform.dbt_run scheduled__2025-11-14T19:20:35.634758+00:00 [queued]>
[2025-11-14T19:25:36.691+0000] {taskinstance.py:1359} INFO - Starting attempt 1 of 2
[2025-11-14T19:25:36.701+0000] {taskinstance.py:1380} INFO - Executing <Task(BashOperator): dbt_run> on 2025-11-14 19:20:35.634758+00:00
[2025-11-14T19:25:36.705+0000] {standard_task_runner.py:57} INFO - Started process 4070 to run task
[2025-11-14T19:25:36.708+0000] {standard_task_runner.py:84} INFO - Running: ['***', 'tasks', 'run', 'dbt_transform', 'dbt_run', 'scheduled__2025-11-14T19:20:35.634758+00:00', '--job-id', '106', '--raw', '--subdir', 'DAGS_FOLDER/dbt_dag.py', '--cfg-path', '/tmp/tmpk1xy6hx0']
[2025-11-14T19:25:36.711+0000] {standard_task_runner.py:85} INFO - Job 106: Subtask dbt_run
[2025-11-14T19:25:36.768+0000] {task_command.py:415} INFO - Running <TaskInstance: dbt_transform.dbt_run scheduled__2025-11-14T19:20:35.634758+00:00 [running]> on host 3f4da400579d
[2025-11-14T19:25:36.826+0000] {taskinstance.py:1660} INFO - Exporting env vars: AIRFLOW_CTX_DAG_OWNER='***' AIRFLOW_CTX_DAG_ID='dbt_transform' AIRFLOW_CTX_TASK_ID='dbt_run' AIRFLOW_CTX_EXECUTION_DATE='2025-11-14T19:20:35.634758+00:00' AIRFLOW_CTX_TRY_NUMBER='1' AIRFLOW_CTX_DAG_RUN_ID='scheduled__2025-11-14T19:20:35.634758+00:00'
[2025-11-14T19:25:36.828+0000] {subprocess.py:63} INFO - Tmp dir root location: /tmp
[2025-11-14T19:25:36.829+0000] {subprocess.py:75} INFO - Running command: ['/bin/bash', '-c', 'docker exec dbt_***_project-dbt-1 dbt run']
[2025-11-14T19:25:36.836+0000] {subprocess.py:86} INFO - Output:
[2025-11-14T19:25:38.424+0000] {subprocess.py:93} INFO - [0m19:25:38  Running with dbt=1.8.7
[2025-11-14T19:25:38.794+0000] {subprocess.py:93} INFO - [0m19:25:38  Registered adapter: sqlserver=1.8.7
[2025-11-14T19:25:40.412+0000] {subprocess.py:93} INFO - [0m19:25:40  Found 10 models, 18 data tests, 13 sources, 614 macros
[2025-11-14T19:25:40.416+0000] {subprocess.py:93} INFO - [0m19:25:40
[2025-11-14T19:25:40.635+0000] {subprocess.py:93} INFO - [0m19:25:40  Concurrency: 4 threads (target='dev')
[2025-11-14T19:25:40.637+0000] {subprocess.py:93} INFO - [0m19:25:40
[2025-11-14T19:25:40.643+0000] {subprocess.py:93} INFO - [0m19:25:40  1 of 10 START sql view model bronze.brnz_customers ............................. [RUN]
[2025-11-14T19:25:40.645+0000] {subprocess.py:93} INFO - [0m19:25:40  2 of 10 START sql view model bronze.brnz_example ............................... [RUN]
[2025-11-14T19:25:40.647+0000] {subprocess.py:93} INFO - [0m19:25:40  3 of 10 START sql view model bronze.brnz_products .............................. [RUN]
[2025-11-14T19:25:40.648+0000] {subprocess.py:93} INFO - [0m19:25:40  4 of 10 START sql view model bronze.brnz_sales_orders .......................... [RUN]
[2025-11-14T19:25:40.952+0000] {subprocess.py:93} INFO - [0m19:25:40  2 of 10 OK created sql view model bronze.brnz_example .......................... [[32mOK[0m in 0.29s]
[2025-11-14T19:25:40.955+0000] {subprocess.py:93} INFO - [0m19:25:40  4 of 10 OK created sql view model bronze.brnz_sales_orders ..................... [[32mOK[0m in 0.30s]
[2025-11-14T19:25:40.958+0000] {subprocess.py:93} INFO - [0m19:25:40  3 of 10 OK created sql view model bronze.brnz_products ......................... [[32mOK[0m in 0.30s]
[2025-11-14T19:25:40.959+0000] {subprocess.py:93} INFO - [0m19:25:40  1 of 10 OK created sql view model bronze.brnz_customers ........................ [[32mOK[0m in 0.30s]
[2025-11-14T19:25:40.969+0000] {subprocess.py:93} INFO - [0m19:25:40  5 of 10 START sql table model silver.slvr_sales_orders ......................... [RUN]
[2025-11-14T19:25:40.970+0000] {subprocess.py:93} INFO - [0m19:25:40  6 of 10 START sql table model silver.slvr_products ............................. [RUN]
[2025-11-14T19:25:40.972+0000] {subprocess.py:93} INFO - [0m19:25:40  7 of 10 START sql table model silver.slvr_customers ............................ [RUN]
[2025-11-14T19:25:41.226+0000] {subprocess.py:93} INFO - [0m19:25:41  6 of 10 OK created sql table model silver.slvr_products ........................ [[32mOK[0m in 0.25s]
[2025-11-14T19:25:41.300+0000] {subprocess.py:93} INFO - [0m19:25:41  7 of 10 OK created sql table model silver.slvr_customers ....................... [[32mOK[0m in 0.32s]
[2025-11-14T19:25:41.855+0000] {subprocess.py:93} INFO - [0m19:25:41  5 of 10 OK created sql table model silver.slvr_sales_orders .................... [[32mOK[0m in 0.88s]
[2025-11-14T19:25:41.859+0000] {subprocess.py:93} INFO - [0m19:25:41  8 of 10 START sql table model gold.gld_customer_metrics ........................ [RUN]
[2025-11-14T19:25:41.860+0000] {subprocess.py:93} INFO - [0m19:25:41  9 of 10 START sql table model gold.gld_product_performance ..................... [RUN]
[2025-11-14T19:25:41.861+0000] {subprocess.py:93} INFO - [0m19:25:41  10 of 10 START sql table model gold.gld_sales_summary .......................... [RUN]
[2025-11-14T19:25:42.364+0000] {subprocess.py:93} INFO - [0m19:25:42  10 of 10 OK created sql table model gold.gld_sales_summary ..................... [[32mOK[0m in 0.50s]
[2025-11-14T19:25:42.387+0000] {subprocess.py:93} INFO - [0m19:25:42  8 of 10 OK created sql table model gold.gld_customer_metrics ................... [[32mOK[0m in 0.52s]
[2025-11-14T19:25:42.461+0000] {subprocess.py:93} INFO - [0m19:25:42  9 of 10 OK created sql table model gold.gld_product_performance ................ [[32mOK[0m in 0.59s]
[2025-11-14T19:25:42.471+0000] {subprocess.py:93} INFO - [0m19:25:42
[2025-11-14T19:25:42.471+0000] {subprocess.py:93} INFO - [0m19:25:42  Finished running 4 view models, 6 table models in 0 hours 0 minutes and 2.05 seconds (2.05s).
[2025-11-14T19:25:42.536+0000] {subprocess.py:93} INFO - [0m19:25:42
[2025-11-14T19:25:42.537+0000] {subprocess.py:93} INFO - [0m19:25:42  [32mCompleted successfully[0m
[2025-11-14T19:25:42.538+0000] {subprocess.py:93} INFO - [0m19:25:42
[2025-11-14T19:25:42.539+0000] {subprocess.py:93} INFO - [0m19:25:42  Done. PASS=10 WARN=0 ERROR=0 SKIP=0 TOTAL=10
[2025-11-14T19:25:44.099+0000] {subprocess.py:97} INFO - Command exited with return code 0
[2025-11-14T19:25:44.117+0000] {taskinstance.py:1398} INFO - Marking task as SUCCESS. dag_id=dbt_transform, task_id=dbt_run, execution_date=20251114T192035, start_date=20251114T192536, end_date=20251114T192544
[2025-11-14T19:25:44.135+0000] {local_task_job_runner.py:228} INFO - Task exited with return code 0
[2025-11-14T19:25:44.152+0000] {taskinstance.py:2776} INFO - 1 downstream tasks scheduled from follow-on schedule check
