[2025-11-14T22:55:36.648+0000] {taskinstance.py:1157} INFO - Dependencies all met for dep_context=non-requeueable deps ti=<TaskInstance: dbt_transform.dbt_run scheduled__2025-11-14T22:50:35.634758+00:00 [queued]>
[2025-11-14T22:55:36.654+0000] {taskinstance.py:1157} INFO - Dependencies all met for dep_context=requeueable deps ti=<TaskInstance: dbt_transform.dbt_run scheduled__2025-11-14T22:50:35.634758+00:00 [queued]>
[2025-11-14T22:55:36.655+0000] {taskinstance.py:1359} INFO - Starting attempt 1 of 2
[2025-11-14T22:55:36.664+0000] {taskinstance.py:1380} INFO - Executing <Task(BashOperator): dbt_run> on 2025-11-14 22:50:35.634758+00:00
[2025-11-14T22:55:36.668+0000] {standard_task_runner.py:57} INFO - Started process 7170 to run task
[2025-11-14T22:55:36.670+0000] {standard_task_runner.py:84} INFO - Running: ['***', 'tasks', 'run', 'dbt_transform', 'dbt_run', 'scheduled__2025-11-14T22:50:35.634758+00:00', '--job-id', '190', '--raw', '--subdir', 'DAGS_FOLDER/dbt_dag.py', '--cfg-path', '/tmp/tmpi9xkmmad']
[2025-11-14T22:55:36.673+0000] {standard_task_runner.py:85} INFO - Job 190: Subtask dbt_run
[2025-11-14T22:55:36.734+0000] {task_command.py:415} INFO - Running <TaskInstance: dbt_transform.dbt_run scheduled__2025-11-14T22:50:35.634758+00:00 [running]> on host 3f4da400579d
[2025-11-14T22:55:36.804+0000] {taskinstance.py:1660} INFO - Exporting env vars: AIRFLOW_CTX_DAG_OWNER='***' AIRFLOW_CTX_DAG_ID='dbt_transform' AIRFLOW_CTX_TASK_ID='dbt_run' AIRFLOW_CTX_EXECUTION_DATE='2025-11-14T22:50:35.634758+00:00' AIRFLOW_CTX_TRY_NUMBER='1' AIRFLOW_CTX_DAG_RUN_ID='scheduled__2025-11-14T22:50:35.634758+00:00'
[2025-11-14T22:55:36.805+0000] {subprocess.py:63} INFO - Tmp dir root location: /tmp
[2025-11-14T22:55:36.806+0000] {subprocess.py:75} INFO - Running command: ['/bin/bash', '-c', 'docker exec dbt_***_project-dbt-1 dbt run']
[2025-11-14T22:55:36.814+0000] {subprocess.py:86} INFO - Output:
[2025-11-14T22:55:38.450+0000] {subprocess.py:93} INFO - [0m22:55:38  Running with dbt=1.8.7
[2025-11-14T22:55:38.837+0000] {subprocess.py:93} INFO - [0m22:55:38  Registered adapter: sqlserver=1.8.7
[2025-11-14T22:55:40.144+0000] {subprocess.py:93} INFO - [0m22:55:40  Found 10 models, 18 data tests, 13 sources, 614 macros
[2025-11-14T22:55:40.147+0000] {subprocess.py:93} INFO - [0m22:55:40
[2025-11-14T22:55:40.322+0000] {subprocess.py:93} INFO - [0m22:55:40  Concurrency: 4 threads (target='dev')
[2025-11-14T22:55:40.323+0000] {subprocess.py:93} INFO - [0m22:55:40
[2025-11-14T22:55:40.328+0000] {subprocess.py:93} INFO - [0m22:55:40  1 of 10 START sql view model bronze.brnz_customers ............................. [RUN]
[2025-11-14T22:55:40.330+0000] {subprocess.py:93} INFO - [0m22:55:40  2 of 10 START sql view model bronze.brnz_example ............................... [RUN]
[2025-11-14T22:55:40.331+0000] {subprocess.py:93} INFO - [0m22:55:40  3 of 10 START sql view model bronze.brnz_products .............................. [RUN]
[2025-11-14T22:55:40.332+0000] {subprocess.py:93} INFO - [0m22:55:40  4 of 10 START sql view model bronze.brnz_sales_orders .......................... [RUN]
[2025-11-14T22:55:40.663+0000] {subprocess.py:93} INFO - [0m22:55:40  2 of 10 OK created sql view model bronze.brnz_example .......................... [[32mOK[0m in 0.32s]
[2025-11-14T22:55:40.666+0000] {subprocess.py:93} INFO - [0m22:55:40  1 of 10 OK created sql view model bronze.brnz_customers ........................ [[32mOK[0m in 0.33s]
[2025-11-14T22:55:40.667+0000] {subprocess.py:93} INFO - [0m22:55:40  4 of 10 OK created sql view model bronze.brnz_sales_orders ..................... [[32mOK[0m in 0.32s]
[2025-11-14T22:55:40.670+0000] {subprocess.py:93} INFO - [0m22:55:40  3 of 10 OK created sql view model bronze.brnz_products ......................... [[32mOK[0m in 0.33s]
[2025-11-14T22:55:40.679+0000] {subprocess.py:93} INFO - [0m22:55:40  5 of 10 START sql table model silver.slvr_customers ............................ [RUN]
[2025-11-14T22:55:40.681+0000] {subprocess.py:93} INFO - [0m22:55:40  6 of 10 START sql table model silver.slvr_sales_orders ......................... [RUN]
[2025-11-14T22:55:40.682+0000] {subprocess.py:93} INFO - [0m22:55:40  7 of 10 START sql table model silver.slvr_products ............................. [RUN]
[2025-11-14T22:55:40.962+0000] {subprocess.py:93} INFO - [0m22:55:40  7 of 10 OK created sql table model silver.slvr_products ........................ [[32mOK[0m in 0.27s]
[2025-11-14T22:55:41.002+0000] {subprocess.py:93} INFO - [0m22:55:41  5 of 10 OK created sql table model silver.slvr_customers ....................... [[32mOK[0m in 0.32s]
[2025-11-14T22:55:41.545+0000] {subprocess.py:93} INFO - [0m22:55:41  6 of 10 OK created sql table model silver.slvr_sales_orders .................... [[32mOK[0m in 0.86s]
[2025-11-14T22:55:41.550+0000] {subprocess.py:93} INFO - [0m22:55:41  8 of 10 START sql table model gold.gld_customer_metrics ........................ [RUN]
[2025-11-14T22:55:41.551+0000] {subprocess.py:93} INFO - [0m22:55:41  9 of 10 START sql table model gold.gld_product_performance ..................... [RUN]
[2025-11-14T22:55:41.552+0000] {subprocess.py:93} INFO - [0m22:55:41  10 of 10 START sql table model gold.gld_sales_summary .......................... [RUN]
[2025-11-14T22:55:41.999+0000] {subprocess.py:93} INFO - [0m22:55:41  10 of 10 OK created sql table model gold.gld_sales_summary ..................... [[32mOK[0m in 0.44s]
[2025-11-14T22:55:42.416+0000] {subprocess.py:93} INFO - [0m22:55:42  8 of 10 OK created sql table model gold.gld_customer_metrics ................... [[32mOK[0m in 0.86s]
[2025-11-14T22:55:42.428+0000] {subprocess.py:93} INFO - [0m22:55:42  9 of 10 OK created sql table model gold.gld_product_performance ................ [[32mOK[0m in 0.87s]
[2025-11-14T22:55:42.437+0000] {subprocess.py:93} INFO - [0m22:55:42
[2025-11-14T22:55:42.438+0000] {subprocess.py:93} INFO - [0m22:55:42  Finished running 4 view models, 6 table models in 0 hours 0 minutes and 2.29 seconds (2.29s).
[2025-11-14T22:55:42.503+0000] {subprocess.py:93} INFO - [0m22:55:42
[2025-11-14T22:55:42.503+0000] {subprocess.py:93} INFO - [0m22:55:42  [32mCompleted successfully[0m
[2025-11-14T22:55:42.505+0000] {subprocess.py:93} INFO - [0m22:55:42
[2025-11-14T22:55:42.506+0000] {subprocess.py:93} INFO - [0m22:55:42  Done. PASS=10 WARN=0 ERROR=0 SKIP=0 TOTAL=10
[2025-11-14T22:55:44.058+0000] {subprocess.py:97} INFO - Command exited with return code 0
[2025-11-14T22:55:44.076+0000] {taskinstance.py:1398} INFO - Marking task as SUCCESS. dag_id=dbt_transform, task_id=dbt_run, execution_date=20251114T225035, start_date=20251114T225536, end_date=20251114T225544
[2025-11-14T22:55:44.113+0000] {local_task_job_runner.py:228} INFO - Task exited with return code 0
[2025-11-14T22:55:44.129+0000] {taskinstance.py:2776} INFO - 1 downstream tasks scheduled from follow-on schedule check
