[2025-11-14T19:20:37.274+0000] {taskinstance.py:1157} INFO - Dependencies all met for dep_context=non-requeueable deps ti=<TaskInstance: dbt_transform.dbt_run scheduled__2025-11-14T19:15:35.634758+00:00 [queued]>
[2025-11-14T19:20:37.281+0000] {taskinstance.py:1157} INFO - Dependencies all met for dep_context=requeueable deps ti=<TaskInstance: dbt_transform.dbt_run scheduled__2025-11-14T19:15:35.634758+00:00 [queued]>
[2025-11-14T19:20:37.282+0000] {taskinstance.py:1359} INFO - Starting attempt 1 of 2
[2025-11-14T19:20:37.291+0000] {taskinstance.py:1380} INFO - Executing <Task(BashOperator): dbt_run> on 2025-11-14 19:15:35.634758+00:00
[2025-11-14T19:20:37.295+0000] {standard_task_runner.py:57} INFO - Started process 3997 to run task
[2025-11-14T19:20:37.298+0000] {standard_task_runner.py:84} INFO - Running: ['***', 'tasks', 'run', 'dbt_transform', 'dbt_run', 'scheduled__2025-11-14T19:15:35.634758+00:00', '--job-id', '104', '--raw', '--subdir', 'DAGS_FOLDER/dbt_dag.py', '--cfg-path', '/tmp/tmpv0uvzjh8']
[2025-11-14T19:20:37.301+0000] {standard_task_runner.py:85} INFO - Job 104: Subtask dbt_run
[2025-11-14T19:20:37.360+0000] {task_command.py:415} INFO - Running <TaskInstance: dbt_transform.dbt_run scheduled__2025-11-14T19:15:35.634758+00:00 [running]> on host 3f4da400579d
[2025-11-14T19:20:37.422+0000] {taskinstance.py:1660} INFO - Exporting env vars: AIRFLOW_CTX_DAG_OWNER='***' AIRFLOW_CTX_DAG_ID='dbt_transform' AIRFLOW_CTX_TASK_ID='dbt_run' AIRFLOW_CTX_EXECUTION_DATE='2025-11-14T19:15:35.634758+00:00' AIRFLOW_CTX_TRY_NUMBER='1' AIRFLOW_CTX_DAG_RUN_ID='scheduled__2025-11-14T19:15:35.634758+00:00'
[2025-11-14T19:20:37.423+0000] {subprocess.py:63} INFO - Tmp dir root location: /tmp
[2025-11-14T19:20:37.425+0000] {subprocess.py:75} INFO - Running command: ['/bin/bash', '-c', 'docker exec dbt_***_project-dbt-1 dbt run']
[2025-11-14T19:20:37.432+0000] {subprocess.py:86} INFO - Output:
[2025-11-14T19:20:38.963+0000] {subprocess.py:93} INFO - [0m19:20:38  Running with dbt=1.8.7
[2025-11-14T19:20:39.301+0000] {subprocess.py:93} INFO - [0m19:20:39  Registered adapter: sqlserver=1.8.7
[2025-11-14T19:20:40.596+0000] {subprocess.py:93} INFO - [0m19:20:40  Found 10 models, 18 data tests, 13 sources, 614 macros
[2025-11-14T19:20:40.601+0000] {subprocess.py:93} INFO - [0m19:20:40
[2025-11-14T19:20:40.768+0000] {subprocess.py:93} INFO - [0m19:20:40  Concurrency: 4 threads (target='dev')
[2025-11-14T19:20:40.769+0000] {subprocess.py:93} INFO - [0m19:20:40
[2025-11-14T19:20:40.776+0000] {subprocess.py:93} INFO - [0m19:20:40  1 of 10 START sql view model bronze.brnz_customers ............................. [RUN]
[2025-11-14T19:20:40.777+0000] {subprocess.py:93} INFO - [0m19:20:40  2 of 10 START sql view model bronze.brnz_example ............................... [RUN]
[2025-11-14T19:20:40.779+0000] {subprocess.py:93} INFO - [0m19:20:40  3 of 10 START sql view model bronze.brnz_products .............................. [RUN]
[2025-11-14T19:20:40.780+0000] {subprocess.py:93} INFO - [0m19:20:40  4 of 10 START sql view model bronze.brnz_sales_orders .......................... [RUN]
[2025-11-14T19:20:41.074+0000] {subprocess.py:93} INFO - [0m19:20:41  1 of 10 OK created sql view model bronze.brnz_customers ........................ [[32mOK[0m in 0.29s]
[2025-11-14T19:20:41.077+0000] {subprocess.py:93} INFO - [0m19:20:41  2 of 10 OK created sql view model bronze.brnz_example .......................... [[32mOK[0m in 0.29s]
[2025-11-14T19:20:41.080+0000] {subprocess.py:93} INFO - [0m19:20:41  3 of 10 OK created sql view model bronze.brnz_products ......................... [[32mOK[0m in 0.29s]
[2025-11-14T19:20:41.083+0000] {subprocess.py:93} INFO - [0m19:20:41  4 of 10 OK created sql view model bronze.brnz_sales_orders ..................... [[32mOK[0m in 0.29s]
[2025-11-14T19:20:41.090+0000] {subprocess.py:93} INFO - [0m19:20:41  5 of 10 START sql table model silver.slvr_customers ............................ [RUN]
[2025-11-14T19:20:41.094+0000] {subprocess.py:93} INFO - [0m19:20:41  6 of 10 START sql table model silver.slvr_products ............................. [RUN]
[2025-11-14T19:20:41.095+0000] {subprocess.py:93} INFO - [0m19:20:41  7 of 10 START sql table model silver.slvr_sales_orders ......................... [RUN]
[2025-11-14T19:20:41.388+0000] {subprocess.py:93} INFO - [0m19:20:41  6 of 10 OK created sql table model silver.slvr_products ........................ [[32mOK[0m in 0.29s]
[2025-11-14T19:20:41.412+0000] {subprocess.py:93} INFO - [0m19:20:41  5 of 10 OK created sql table model silver.slvr_customers ....................... [[32mOK[0m in 0.32s]
[2025-11-14T19:20:41.976+0000] {subprocess.py:93} INFO - [0m19:20:41  7 of 10 OK created sql table model silver.slvr_sales_orders .................... [[32mOK[0m in 0.88s]
[2025-11-14T19:20:41.981+0000] {subprocess.py:93} INFO - [0m19:20:41  8 of 10 START sql table model gold.gld_customer_metrics ........................ [RUN]
[2025-11-14T19:20:41.982+0000] {subprocess.py:93} INFO - [0m19:20:41  9 of 10 START sql table model gold.gld_product_performance ..................... [RUN]
[2025-11-14T19:20:41.984+0000] {subprocess.py:93} INFO - [0m19:20:41  10 of 10 START sql table model gold.gld_sales_summary .......................... [RUN]
[2025-11-14T19:20:42.454+0000] {subprocess.py:93} INFO - [0m19:20:42  10 of 10 OK created sql table model gold.gld_sales_summary ..................... [[32mOK[0m in 0.47s]
[2025-11-14T19:20:42.561+0000] {subprocess.py:93} INFO - [0m19:20:42  8 of 10 OK created sql table model gold.gld_customer_metrics ................... [[32mOK[0m in 0.57s]
[2025-11-14T19:20:42.571+0000] {subprocess.py:93} INFO - [0m19:20:42  9 of 10 OK created sql table model gold.gld_product_performance ................ [[32mOK[0m in 0.58s]
[2025-11-14T19:20:42.584+0000] {subprocess.py:93} INFO - [0m19:20:42
[2025-11-14T19:20:42.586+0000] {subprocess.py:93} INFO - [0m19:20:42  Finished running 4 view models, 6 table models in 0 hours 0 minutes and 1.98 seconds (1.98s).
[2025-11-14T19:20:42.678+0000] {subprocess.py:93} INFO - [0m19:20:42
[2025-11-14T19:20:42.679+0000] {subprocess.py:93} INFO - [0m19:20:42  [32mCompleted successfully[0m
[2025-11-14T19:20:42.681+0000] {subprocess.py:93} INFO - [0m19:20:42
[2025-11-14T19:20:42.682+0000] {subprocess.py:93} INFO - [0m19:20:42  Done. PASS=10 WARN=0 ERROR=0 SKIP=0 TOTAL=10
[2025-11-14T19:20:44.691+0000] {subprocess.py:97} INFO - Command exited with return code 0
[2025-11-14T19:20:44.712+0000] {taskinstance.py:1398} INFO - Marking task as SUCCESS. dag_id=dbt_transform, task_id=dbt_run, execution_date=20251114T191535, start_date=20251114T192037, end_date=20251114T192044
[2025-11-14T19:20:44.751+0000] {local_task_job_runner.py:228} INFO - Task exited with return code 0
[2025-11-14T19:20:44.769+0000] {taskinstance.py:2776} INFO - 1 downstream tasks scheduled from follow-on schedule check
