[2025-11-14T23:15:37.000+0000] {taskinstance.py:1157} INFO - Dependencies all met for dep_context=non-requeueable deps ti=<TaskInstance: dbt_transform.dbt_run scheduled__2025-11-14T23:10:35.634758+00:00 [queued]>
[2025-11-14T23:15:37.006+0000] {taskinstance.py:1157} INFO - Dependencies all met for dep_context=requeueable deps ti=<TaskInstance: dbt_transform.dbt_run scheduled__2025-11-14T23:10:35.634758+00:00 [queued]>
[2025-11-14T23:15:37.007+0000] {taskinstance.py:1359} INFO - Starting attempt 1 of 2
[2025-11-14T23:15:37.015+0000] {taskinstance.py:1380} INFO - Executing <Task(BashOperator): dbt_run> on 2025-11-14 23:10:35.634758+00:00
[2025-11-14T23:15:37.019+0000] {standard_task_runner.py:57} INFO - Started process 7463 to run task
[2025-11-14T23:15:37.022+0000] {standard_task_runner.py:84} INFO - Running: ['***', 'tasks', 'run', 'dbt_transform', 'dbt_run', 'scheduled__2025-11-14T23:10:35.634758+00:00', '--job-id', '198', '--raw', '--subdir', 'DAGS_FOLDER/dbt_dag.py', '--cfg-path', '/tmp/tmplfrnaa9o']
[2025-11-14T23:15:37.024+0000] {standard_task_runner.py:85} INFO - Job 198: Subtask dbt_run
[2025-11-14T23:15:37.087+0000] {task_command.py:415} INFO - Running <TaskInstance: dbt_transform.dbt_run scheduled__2025-11-14T23:10:35.634758+00:00 [running]> on host 3f4da400579d
[2025-11-14T23:15:37.150+0000] {taskinstance.py:1660} INFO - Exporting env vars: AIRFLOW_CTX_DAG_OWNER='***' AIRFLOW_CTX_DAG_ID='dbt_transform' AIRFLOW_CTX_TASK_ID='dbt_run' AIRFLOW_CTX_EXECUTION_DATE='2025-11-14T23:10:35.634758+00:00' AIRFLOW_CTX_TRY_NUMBER='1' AIRFLOW_CTX_DAG_RUN_ID='scheduled__2025-11-14T23:10:35.634758+00:00'
[2025-11-14T23:15:37.151+0000] {subprocess.py:63} INFO - Tmp dir root location: /tmp
[2025-11-14T23:15:37.153+0000] {subprocess.py:75} INFO - Running command: ['/bin/bash', '-c', 'docker exec dbt_***_project-dbt-1 dbt run']
[2025-11-14T23:15:37.161+0000] {subprocess.py:86} INFO - Output:
[2025-11-14T23:15:38.849+0000] {subprocess.py:93} INFO - [0m23:15:38  Running with dbt=1.8.7
[2025-11-14T23:15:39.230+0000] {subprocess.py:93} INFO - [0m23:15:39  Registered adapter: sqlserver=1.8.7
[2025-11-14T23:15:40.690+0000] {subprocess.py:93} INFO - [0m23:15:40  Found 10 models, 18 data tests, 13 sources, 614 macros
[2025-11-14T23:15:40.694+0000] {subprocess.py:93} INFO - [0m23:15:40
[2025-11-14T23:15:40.886+0000] {subprocess.py:93} INFO - [0m23:15:40  Concurrency: 4 threads (target='dev')
[2025-11-14T23:15:40.888+0000] {subprocess.py:93} INFO - [0m23:15:40
[2025-11-14T23:15:40.897+0000] {subprocess.py:93} INFO - [0m23:15:40  1 of 10 START sql view model bronze.brnz_customers ............................. [RUN]
[2025-11-14T23:15:40.899+0000] {subprocess.py:93} INFO - [0m23:15:40  2 of 10 START sql view model bronze.brnz_example ............................... [RUN]
[2025-11-14T23:15:40.901+0000] {subprocess.py:93} INFO - [0m23:15:40  3 of 10 START sql view model bronze.brnz_products .............................. [RUN]
[2025-11-14T23:15:40.902+0000] {subprocess.py:93} INFO - [0m23:15:40  4 of 10 START sql view model bronze.brnz_sales_orders .......................... [RUN]
[2025-11-14T23:15:41.232+0000] {subprocess.py:93} INFO - [0m23:15:41  2 of 10 OK created sql view model bronze.brnz_example .......................... [[32mOK[0m in 0.32s]
[2025-11-14T23:15:41.234+0000] {subprocess.py:93} INFO - [0m23:15:41  1 of 10 OK created sql view model bronze.brnz_customers ........................ [[32mOK[0m in 0.33s]
[2025-11-14T23:15:41.236+0000] {subprocess.py:93} INFO - [0m23:15:41  4 of 10 OK created sql view model bronze.brnz_sales_orders ..................... [[32mOK[0m in 0.32s]
[2025-11-14T23:15:41.238+0000] {subprocess.py:93} INFO - [0m23:15:41  3 of 10 OK created sql view model bronze.brnz_products ......................... [[32mOK[0m in 0.33s]
[2025-11-14T23:15:41.248+0000] {subprocess.py:93} INFO - [0m23:15:41  5 of 10 START sql table model silver.slvr_customers ............................ [RUN]
[2025-11-14T23:15:41.249+0000] {subprocess.py:93} INFO - [0m23:15:41  6 of 10 START sql table model silver.slvr_sales_orders ......................... [RUN]
[2025-11-14T23:15:41.250+0000] {subprocess.py:93} INFO - [0m23:15:41  7 of 10 START sql table model silver.slvr_products ............................. [RUN]
[2025-11-14T23:15:41.531+0000] {subprocess.py:93} INFO - [0m23:15:41  7 of 10 OK created sql table model silver.slvr_products ........................ [[32mOK[0m in 0.27s]
[2025-11-14T23:15:41.589+0000] {subprocess.py:93} INFO - [0m23:15:41  5 of 10 OK created sql table model silver.slvr_customers ....................... [[32mOK[0m in 0.34s]
[2025-11-14T23:15:42.152+0000] {subprocess.py:93} INFO - [0m23:15:42  6 of 10 OK created sql table model silver.slvr_sales_orders .................... [[32mOK[0m in 0.90s]
[2025-11-14T23:15:42.156+0000] {subprocess.py:93} INFO - [0m23:15:42  8 of 10 START sql table model gold.gld_customer_metrics ........................ [RUN]
[2025-11-14T23:15:42.158+0000] {subprocess.py:93} INFO - [0m23:15:42  9 of 10 START sql table model gold.gld_product_performance ..................... [RUN]
[2025-11-14T23:15:42.158+0000] {subprocess.py:93} INFO - [0m23:15:42  10 of 10 START sql table model gold.gld_sales_summary .......................... [RUN]
[2025-11-14T23:15:42.624+0000] {subprocess.py:93} INFO - [0m23:15:42  10 of 10 OK created sql table model gold.gld_sales_summary ..................... [[32mOK[0m in 0.46s]
[2025-11-14T23:15:42.706+0000] {subprocess.py:93} INFO - [0m23:15:42  8 of 10 OK created sql table model gold.gld_customer_metrics ................... [[32mOK[0m in 0.54s]
[2025-11-14T23:15:42.763+0000] {subprocess.py:93} INFO - [0m23:15:42  9 of 10 OK created sql table model gold.gld_product_performance ................ [[32mOK[0m in 0.60s]
[2025-11-14T23:15:42.773+0000] {subprocess.py:93} INFO - [0m23:15:42
[2025-11-14T23:15:42.774+0000] {subprocess.py:93} INFO - [0m23:15:42  Finished running 4 view models, 6 table models in 0 hours 0 minutes and 2.08 seconds (2.08s).
[2025-11-14T23:15:42.837+0000] {subprocess.py:93} INFO - [0m23:15:42
[2025-11-14T23:15:42.838+0000] {subprocess.py:93} INFO - [0m23:15:42  [32mCompleted successfully[0m
[2025-11-14T23:15:42.840+0000] {subprocess.py:93} INFO - [0m23:15:42
[2025-11-14T23:15:42.842+0000] {subprocess.py:93} INFO - [0m23:15:42  Done. PASS=10 WARN=0 ERROR=0 SKIP=0 TOTAL=10
[2025-11-14T23:15:44.469+0000] {subprocess.py:97} INFO - Command exited with return code 0
[2025-11-14T23:15:44.488+0000] {taskinstance.py:1398} INFO - Marking task as SUCCESS. dag_id=dbt_transform, task_id=dbt_run, execution_date=20251114T231035, start_date=20251114T231537, end_date=20251114T231544
[2025-11-14T23:15:44.544+0000] {local_task_job_runner.py:228} INFO - Task exited with return code 0
[2025-11-14T23:15:44.562+0000] {taskinstance.py:2776} INFO - 1 downstream tasks scheduled from follow-on schedule check
