[2025-11-14T23:40:36.395+0000] {taskinstance.py:1157} INFO - Dependencies all met for dep_context=non-requeueable deps ti=<TaskInstance: dbt_transform.dbt_run scheduled__2025-11-14T23:35:35.634758+00:00 [queued]>
[2025-11-14T23:40:36.401+0000] {taskinstance.py:1157} INFO - Dependencies all met for dep_context=requeueable deps ti=<TaskInstance: dbt_transform.dbt_run scheduled__2025-11-14T23:35:35.634758+00:00 [queued]>
[2025-11-14T23:40:36.402+0000] {taskinstance.py:1359} INFO - Starting attempt 1 of 2
[2025-11-14T23:40:36.412+0000] {taskinstance.py:1380} INFO - Executing <Task(BashOperator): dbt_run> on 2025-11-14 23:35:35.634758+00:00
[2025-11-14T23:40:36.415+0000] {standard_task_runner.py:57} INFO - Started process 7832 to run task
[2025-11-14T23:40:36.418+0000] {standard_task_runner.py:84} INFO - Running: ['***', 'tasks', 'run', 'dbt_transform', 'dbt_run', 'scheduled__2025-11-14T23:35:35.634758+00:00', '--job-id', '208', '--raw', '--subdir', 'DAGS_FOLDER/dbt_dag.py', '--cfg-path', '/tmp/tmpxwb7rrdx']
[2025-11-14T23:40:36.421+0000] {standard_task_runner.py:85} INFO - Job 208: Subtask dbt_run
[2025-11-14T23:40:36.482+0000] {task_command.py:415} INFO - Running <TaskInstance: dbt_transform.dbt_run scheduled__2025-11-14T23:35:35.634758+00:00 [running]> on host 3f4da400579d
[2025-11-14T23:40:36.546+0000] {taskinstance.py:1660} INFO - Exporting env vars: AIRFLOW_CTX_DAG_OWNER='***' AIRFLOW_CTX_DAG_ID='dbt_transform' AIRFLOW_CTX_TASK_ID='dbt_run' AIRFLOW_CTX_EXECUTION_DATE='2025-11-14T23:35:35.634758+00:00' AIRFLOW_CTX_TRY_NUMBER='1' AIRFLOW_CTX_DAG_RUN_ID='scheduled__2025-11-14T23:35:35.634758+00:00'
[2025-11-14T23:40:36.548+0000] {subprocess.py:63} INFO - Tmp dir root location: /tmp
[2025-11-14T23:40:36.549+0000] {subprocess.py:75} INFO - Running command: ['/bin/bash', '-c', 'docker exec dbt_***_project-dbt-1 dbt run']
[2025-11-14T23:40:36.557+0000] {subprocess.py:86} INFO - Output:
[2025-11-14T23:40:38.063+0000] {subprocess.py:93} INFO - [0m23:40:38  Running with dbt=1.8.7
[2025-11-14T23:40:38.420+0000] {subprocess.py:93} INFO - [0m23:40:38  Registered adapter: sqlserver=1.8.7
[2025-11-14T23:40:39.608+0000] {subprocess.py:93} INFO - [0m23:40:39  Found 10 models, 18 data tests, 13 sources, 614 macros
[2025-11-14T23:40:39.612+0000] {subprocess.py:93} INFO - [0m23:40:39
[2025-11-14T23:40:39.824+0000] {subprocess.py:93} INFO - [0m23:40:39  Concurrency: 4 threads (target='dev')
[2025-11-14T23:40:39.826+0000] {subprocess.py:93} INFO - [0m23:40:39
[2025-11-14T23:40:39.831+0000] {subprocess.py:93} INFO - [0m23:40:39  1 of 10 START sql view model bronze.brnz_customers ............................. [RUN]
[2025-11-14T23:40:39.832+0000] {subprocess.py:93} INFO - [0m23:40:39  2 of 10 START sql view model bronze.brnz_example ............................... [RUN]
[2025-11-14T23:40:39.833+0000] {subprocess.py:93} INFO - [0m23:40:39  3 of 10 START sql view model bronze.brnz_products .............................. [RUN]
[2025-11-14T23:40:39.835+0000] {subprocess.py:93} INFO - [0m23:40:39  4 of 10 START sql view model bronze.brnz_sales_orders .......................... [RUN]
[2025-11-14T23:40:40.130+0000] {subprocess.py:93} INFO - [0m23:40:40  2 of 10 OK created sql view model bronze.brnz_example .......................... [[32mOK[0m in 0.29s]
[2025-11-14T23:40:40.132+0000] {subprocess.py:93} INFO - [0m23:40:40  3 of 10 OK created sql view model bronze.brnz_products ......................... [[32mOK[0m in 0.29s]
[2025-11-14T23:40:40.134+0000] {subprocess.py:93} INFO - [0m23:40:40  4 of 10 OK created sql view model bronze.brnz_sales_orders ..................... [[32mOK[0m in 0.29s]
[2025-11-14T23:40:40.136+0000] {subprocess.py:93} INFO - [0m23:40:40  1 of 10 OK created sql view model bronze.brnz_customers ........................ [[32mOK[0m in 0.30s]
[2025-11-14T23:40:40.145+0000] {subprocess.py:93} INFO - [0m23:40:40  5 of 10 START sql table model silver.slvr_products ............................. [RUN]
[2025-11-14T23:40:40.146+0000] {subprocess.py:93} INFO - [0m23:40:40  6 of 10 START sql table model silver.slvr_sales_orders ......................... [RUN]
[2025-11-14T23:40:40.147+0000] {subprocess.py:93} INFO - [0m23:40:40  7 of 10 START sql table model silver.slvr_customers ............................ [RUN]
[2025-11-14T23:40:40.410+0000] {subprocess.py:93} INFO - [0m23:40:40  5 of 10 OK created sql table model silver.slvr_products ........................ [[32mOK[0m in 0.26s]
[2025-11-14T23:40:40.475+0000] {subprocess.py:93} INFO - [0m23:40:40  7 of 10 OK created sql table model silver.slvr_customers ....................... [[32mOK[0m in 0.32s]
[2025-11-14T23:40:41.078+0000] {subprocess.py:93} INFO - [0m23:40:41  6 of 10 OK created sql table model silver.slvr_sales_orders .................... [[32mOK[0m in 0.93s]
[2025-11-14T23:40:41.083+0000] {subprocess.py:93} INFO - [0m23:40:41  8 of 10 START sql table model gold.gld_customer_metrics ........................ [RUN]
[2025-11-14T23:40:41.085+0000] {subprocess.py:93} INFO - [0m23:40:41  9 of 10 START sql table model gold.gld_product_performance ..................... [RUN]
[2025-11-14T23:40:41.086+0000] {subprocess.py:93} INFO - [0m23:40:41  10 of 10 START sql table model gold.gld_sales_summary .......................... [RUN]
[2025-11-14T23:40:41.462+0000] {subprocess.py:93} INFO - [0m23:40:41  10 of 10 OK created sql table model gold.gld_sales_summary ..................... [[32mOK[0m in 0.37s]
[2025-11-14T23:40:41.687+0000] {subprocess.py:93} INFO - [0m23:40:41  9 of 10 OK created sql table model gold.gld_product_performance ................ [[32mOK[0m in 0.60s]
[2025-11-14T23:40:41.696+0000] {subprocess.py:93} INFO - [0m23:40:41  8 of 10 OK created sql table model gold.gld_customer_metrics ................... [[32mOK[0m in 0.61s]
[2025-11-14T23:40:41.705+0000] {subprocess.py:93} INFO - [0m23:40:41
[2025-11-14T23:40:41.706+0000] {subprocess.py:93} INFO - [0m23:40:41  Finished running 4 view models, 6 table models in 0 hours 0 minutes and 2.09 seconds (2.09s).
[2025-11-14T23:40:41.792+0000] {subprocess.py:93} INFO - [0m23:40:41
[2025-11-14T23:40:41.793+0000] {subprocess.py:93} INFO - [0m23:40:41  [32mCompleted successfully[0m
[2025-11-14T23:40:41.794+0000] {subprocess.py:93} INFO - [0m23:40:41
[2025-11-14T23:40:41.796+0000] {subprocess.py:93} INFO - [0m23:40:41  Done. PASS=10 WARN=0 ERROR=0 SKIP=0 TOTAL=10
[2025-11-14T23:40:43.687+0000] {subprocess.py:97} INFO - Command exited with return code 0
[2025-11-14T23:40:43.704+0000] {taskinstance.py:1398} INFO - Marking task as SUCCESS. dag_id=dbt_transform, task_id=dbt_run, execution_date=20251114T233535, start_date=20251114T234036, end_date=20251114T234043
[2025-11-14T23:40:43.764+0000] {local_task_job_runner.py:228} INFO - Task exited with return code 0
[2025-11-14T23:40:43.780+0000] {taskinstance.py:2776} INFO - 1 downstream tasks scheduled from follow-on schedule check
