[2025-11-14T19:10:37.127+0000] {taskinstance.py:1157} INFO - Dependencies all met for dep_context=non-requeueable deps ti=<TaskInstance: dbt_transform.dbt_run scheduled__2025-11-14T19:05:35.634758+00:00 [queued]>
[2025-11-14T19:10:37.133+0000] {taskinstance.py:1157} INFO - Dependencies all met for dep_context=requeueable deps ti=<TaskInstance: dbt_transform.dbt_run scheduled__2025-11-14T19:05:35.634758+00:00 [queued]>
[2025-11-14T19:10:37.134+0000] {taskinstance.py:1359} INFO - Starting attempt 1 of 2
[2025-11-14T19:10:37.143+0000] {taskinstance.py:1380} INFO - Executing <Task(BashOperator): dbt_run> on 2025-11-14 19:05:35.634758+00:00
[2025-11-14T19:10:37.147+0000] {standard_task_runner.py:57} INFO - Started process 3851 to run task
[2025-11-14T19:10:37.150+0000] {standard_task_runner.py:84} INFO - Running: ['***', 'tasks', 'run', 'dbt_transform', 'dbt_run', 'scheduled__2025-11-14T19:05:35.634758+00:00', '--job-id', '100', '--raw', '--subdir', 'DAGS_FOLDER/dbt_dag.py', '--cfg-path', '/tmp/tmpoh0vt_s3']
[2025-11-14T19:10:37.152+0000] {standard_task_runner.py:85} INFO - Job 100: Subtask dbt_run
[2025-11-14T19:10:37.214+0000] {task_command.py:415} INFO - Running <TaskInstance: dbt_transform.dbt_run scheduled__2025-11-14T19:05:35.634758+00:00 [running]> on host 3f4da400579d
[2025-11-14T19:10:37.277+0000] {taskinstance.py:1660} INFO - Exporting env vars: AIRFLOW_CTX_DAG_OWNER='***' AIRFLOW_CTX_DAG_ID='dbt_transform' AIRFLOW_CTX_TASK_ID='dbt_run' AIRFLOW_CTX_EXECUTION_DATE='2025-11-14T19:05:35.634758+00:00' AIRFLOW_CTX_TRY_NUMBER='1' AIRFLOW_CTX_DAG_RUN_ID='scheduled__2025-11-14T19:05:35.634758+00:00'
[2025-11-14T19:10:37.279+0000] {subprocess.py:63} INFO - Tmp dir root location: /tmp
[2025-11-14T19:10:37.280+0000] {subprocess.py:75} INFO - Running command: ['/bin/bash', '-c', 'docker exec dbt_***_project-dbt-1 dbt run']
[2025-11-14T19:10:37.288+0000] {subprocess.py:86} INFO - Output:
[2025-11-14T19:10:38.786+0000] {subprocess.py:93} INFO - [0m19:10:38  Running with dbt=1.8.7
[2025-11-14T19:10:39.128+0000] {subprocess.py:93} INFO - [0m19:10:39  Registered adapter: sqlserver=1.8.7
[2025-11-14T19:10:40.237+0000] {subprocess.py:93} INFO - [0m19:10:40  Found 10 models, 18 data tests, 13 sources, 614 macros
[2025-11-14T19:10:40.241+0000] {subprocess.py:93} INFO - [0m19:10:40
[2025-11-14T19:10:40.405+0000] {subprocess.py:93} INFO - [0m19:10:40  Concurrency: 4 threads (target='dev')
[2025-11-14T19:10:40.407+0000] {subprocess.py:93} INFO - [0m19:10:40
[2025-11-14T19:10:40.414+0000] {subprocess.py:93} INFO - [0m19:10:40  1 of 10 START sql view model bronze.brnz_customers ............................. [RUN]
[2025-11-14T19:10:40.415+0000] {subprocess.py:93} INFO - [0m19:10:40  2 of 10 START sql view model bronze.brnz_example ............................... [RUN]
[2025-11-14T19:10:40.416+0000] {subprocess.py:93} INFO - [0m19:10:40  3 of 10 START sql view model bronze.brnz_products .............................. [RUN]
[2025-11-14T19:10:40.418+0000] {subprocess.py:93} INFO - [0m19:10:40  4 of 10 START sql view model bronze.brnz_sales_orders .......................... [RUN]
[2025-11-14T19:10:40.710+0000] {subprocess.py:93} INFO - [0m19:10:40  2 of 10 OK created sql view model bronze.brnz_example .......................... [[32mOK[0m in 0.28s]
[2025-11-14T19:10:40.712+0000] {subprocess.py:93} INFO - [0m19:10:40  3 of 10 OK created sql view model bronze.brnz_products ......................... [[32mOK[0m in 0.29s]
[2025-11-14T19:10:40.713+0000] {subprocess.py:93} INFO - [0m19:10:40  1 of 10 OK created sql view model bronze.brnz_customers ........................ [[32mOK[0m in 0.29s]
[2025-11-14T19:10:40.715+0000] {subprocess.py:93} INFO - [0m19:10:40  4 of 10 OK created sql view model bronze.brnz_sales_orders ..................... [[32mOK[0m in 0.29s]
[2025-11-14T19:10:40.724+0000] {subprocess.py:93} INFO - [0m19:10:40  5 of 10 START sql table model silver.slvr_products ............................. [RUN]
[2025-11-14T19:10:40.725+0000] {subprocess.py:93} INFO - [0m19:10:40  6 of 10 START sql table model silver.slvr_customers ............................ [RUN]
[2025-11-14T19:10:40.726+0000] {subprocess.py:93} INFO - [0m19:10:40  7 of 10 START sql table model silver.slvr_sales_orders ......................... [RUN]
[2025-11-14T19:10:40.974+0000] {subprocess.py:93} INFO - [0m19:10:40  5 of 10 OK created sql table model silver.slvr_products ........................ [[32mOK[0m in 0.24s]
[2025-11-14T19:10:41.201+0000] {subprocess.py:93} INFO - [0m19:10:41  6 of 10 OK created sql table model silver.slvr_customers ....................... [[32mOK[0m in 0.47s]
[2025-11-14T19:10:41.763+0000] {subprocess.py:93} INFO - [0m19:10:41  7 of 10 OK created sql table model silver.slvr_sales_orders .................... [[32mOK[0m in 1.03s]
[2025-11-14T19:10:41.768+0000] {subprocess.py:93} INFO - [0m19:10:41  8 of 10 START sql table model gold.gld_customer_metrics ........................ [RUN]
[2025-11-14T19:10:41.769+0000] {subprocess.py:93} INFO - [0m19:10:41  9 of 10 START sql table model gold.gld_product_performance ..................... [RUN]
[2025-11-14T19:10:41.770+0000] {subprocess.py:93} INFO - [0m19:10:41  10 of 10 START sql table model gold.gld_sales_summary .......................... [RUN]
[2025-11-14T19:10:42.201+0000] {subprocess.py:93} INFO - [0m19:10:42  10 of 10 OK created sql table model gold.gld_sales_summary ..................... [[32mOK[0m in 0.42s]
[2025-11-14T19:10:42.313+0000] {subprocess.py:93} INFO - [0m19:10:42  8 of 10 OK created sql table model gold.gld_customer_metrics ................... [[32mOK[0m in 0.54s]
[2025-11-14T19:10:42.418+0000] {subprocess.py:93} INFO - [0m19:10:42  9 of 10 OK created sql table model gold.gld_product_performance ................ [[32mOK[0m in 0.64s]
[2025-11-14T19:10:42.428+0000] {subprocess.py:93} INFO - [0m19:10:42
[2025-11-14T19:10:42.430+0000] {subprocess.py:93} INFO - [0m19:10:42  Finished running 4 view models, 6 table models in 0 hours 0 minutes and 2.19 seconds (2.19s).
[2025-11-14T19:10:42.495+0000] {subprocess.py:93} INFO - [0m19:10:42
[2025-11-14T19:10:42.497+0000] {subprocess.py:93} INFO - [0m19:10:42  [32mCompleted successfully[0m
[2025-11-14T19:10:42.498+0000] {subprocess.py:93} INFO - [0m19:10:42
[2025-11-14T19:10:42.499+0000] {subprocess.py:93} INFO - [0m19:10:42  Done. PASS=10 WARN=0 ERROR=0 SKIP=0 TOTAL=10
[2025-11-14T19:10:44.107+0000] {subprocess.py:97} INFO - Command exited with return code 0
[2025-11-14T19:10:44.128+0000] {taskinstance.py:1398} INFO - Marking task as SUCCESS. dag_id=dbt_transform, task_id=dbt_run, execution_date=20251114T190535, start_date=20251114T191037, end_date=20251114T191044
[2025-11-14T19:10:44.164+0000] {local_task_job_runner.py:228} INFO - Task exited with return code 0
[2025-11-14T19:10:44.182+0000] {taskinstance.py:2776} INFO - 1 downstream tasks scheduled from follow-on schedule check
