[2025-11-14T21:40:37.192+0000] {taskinstance.py:1157} INFO - Dependencies all met for dep_context=non-requeueable deps ti=<TaskInstance: dbt_transform.dbt_run scheduled__2025-11-14T21:35:35.634758+00:00 [queued]>
[2025-11-14T21:40:37.199+0000] {taskinstance.py:1157} INFO - Dependencies all met for dep_context=requeueable deps ti=<TaskInstance: dbt_transform.dbt_run scheduled__2025-11-14T21:35:35.634758+00:00 [queued]>
[2025-11-14T21:40:37.200+0000] {taskinstance.py:1359} INFO - Starting attempt 1 of 2
[2025-11-14T21:40:37.210+0000] {taskinstance.py:1380} INFO - Executing <Task(BashOperator): dbt_run> on 2025-11-14 21:35:35.634758+00:00
[2025-11-14T21:40:37.214+0000] {standard_task_runner.py:57} INFO - Started process 6064 to run task
[2025-11-14T21:40:37.216+0000] {standard_task_runner.py:84} INFO - Running: ['***', 'tasks', 'run', 'dbt_transform', 'dbt_run', 'scheduled__2025-11-14T21:35:35.634758+00:00', '--job-id', '160', '--raw', '--subdir', 'DAGS_FOLDER/dbt_dag.py', '--cfg-path', '/tmp/tmpkj_8c87o']
[2025-11-14T21:40:37.219+0000] {standard_task_runner.py:85} INFO - Job 160: Subtask dbt_run
[2025-11-14T21:40:37.278+0000] {task_command.py:415} INFO - Running <TaskInstance: dbt_transform.dbt_run scheduled__2025-11-14T21:35:35.634758+00:00 [running]> on host 3f4da400579d
[2025-11-14T21:40:37.340+0000] {taskinstance.py:1660} INFO - Exporting env vars: AIRFLOW_CTX_DAG_OWNER='***' AIRFLOW_CTX_DAG_ID='dbt_transform' AIRFLOW_CTX_TASK_ID='dbt_run' AIRFLOW_CTX_EXECUTION_DATE='2025-11-14T21:35:35.634758+00:00' AIRFLOW_CTX_TRY_NUMBER='1' AIRFLOW_CTX_DAG_RUN_ID='scheduled__2025-11-14T21:35:35.634758+00:00'
[2025-11-14T21:40:37.342+0000] {subprocess.py:63} INFO - Tmp dir root location: /tmp
[2025-11-14T21:40:37.343+0000] {subprocess.py:75} INFO - Running command: ['/bin/bash', '-c', 'docker exec dbt_***_project-dbt-1 dbt run']
[2025-11-14T21:40:37.351+0000] {subprocess.py:86} INFO - Output:
[2025-11-14T21:40:38.866+0000] {subprocess.py:93} INFO - [0m21:40:38  Running with dbt=1.8.7
[2025-11-14T21:40:39.209+0000] {subprocess.py:93} INFO - [0m21:40:39  Registered adapter: sqlserver=1.8.7
[2025-11-14T21:40:40.538+0000] {subprocess.py:93} INFO - [0m21:40:40  Found 10 models, 18 data tests, 13 sources, 614 macros
[2025-11-14T21:40:40.543+0000] {subprocess.py:93} INFO - [0m21:40:40
[2025-11-14T21:40:40.719+0000] {subprocess.py:93} INFO - [0m21:40:40  Concurrency: 4 threads (target='dev')
[2025-11-14T21:40:40.720+0000] {subprocess.py:93} INFO - [0m21:40:40
[2025-11-14T21:40:40.725+0000] {subprocess.py:93} INFO - [0m21:40:40  1 of 10 START sql view model bronze.brnz_customers ............................. [RUN]
[2025-11-14T21:40:40.727+0000] {subprocess.py:93} INFO - [0m21:40:40  2 of 10 START sql view model bronze.brnz_example ............................... [RUN]
[2025-11-14T21:40:40.728+0000] {subprocess.py:93} INFO - [0m21:40:40  3 of 10 START sql view model bronze.brnz_products .............................. [RUN]
[2025-11-14T21:40:40.729+0000] {subprocess.py:93} INFO - [0m21:40:40  4 of 10 START sql view model bronze.brnz_sales_orders .......................... [RUN]
[2025-11-14T21:40:41.012+0000] {subprocess.py:93} INFO - [0m21:40:41  4 of 10 OK created sql view model bronze.brnz_sales_orders ..................... [[32mOK[0m in 0.27s]
[2025-11-14T21:40:41.015+0000] {subprocess.py:93} INFO - [0m21:40:41  3 of 10 OK created sql view model bronze.brnz_products ......................... [[32mOK[0m in 0.28s]
[2025-11-14T21:40:41.016+0000] {subprocess.py:93} INFO - [0m21:40:41  1 of 10 OK created sql view model bronze.brnz_customers ........................ [[32mOK[0m in 0.28s]
[2025-11-14T21:40:41.026+0000] {subprocess.py:93} INFO - [0m21:40:41  5 of 10 START sql table model silver.slvr_sales_orders ......................... [RUN]
[2025-11-14T21:40:41.027+0000] {subprocess.py:93} INFO - [0m21:40:41  2 of 10 OK created sql view model bronze.brnz_example .......................... [[32mOK[0m in 0.29s]
[2025-11-14T21:40:41.028+0000] {subprocess.py:93} INFO - [0m21:40:41  6 of 10 START sql table model silver.slvr_products ............................. [RUN]
[2025-11-14T21:40:41.030+0000] {subprocess.py:93} INFO - [0m21:40:41  7 of 10 START sql table model silver.slvr_customers ............................ [RUN]
[2025-11-14T21:40:41.310+0000] {subprocess.py:93} INFO - [0m21:40:41  6 of 10 OK created sql table model silver.slvr_products ........................ [[32mOK[0m in 0.27s]
[2025-11-14T21:40:41.333+0000] {subprocess.py:93} INFO - [0m21:40:41  7 of 10 OK created sql table model silver.slvr_customers ....................... [[32mOK[0m in 0.30s]
[2025-11-14T21:40:41.879+0000] {subprocess.py:93} INFO - [0m21:40:41  5 of 10 OK created sql table model silver.slvr_sales_orders .................... [[32mOK[0m in 0.85s]
[2025-11-14T21:40:41.883+0000] {subprocess.py:93} INFO - [0m21:40:41  8 of 10 START sql table model gold.gld_customer_metrics ........................ [RUN]
[2025-11-14T21:40:41.885+0000] {subprocess.py:93} INFO - [0m21:40:41  9 of 10 START sql table model gold.gld_product_performance ..................... [RUN]
[2025-11-14T21:40:41.886+0000] {subprocess.py:93} INFO - [0m21:40:41  10 of 10 START sql table model gold.gld_sales_summary .......................... [RUN]
[2025-11-14T21:40:42.384+0000] {subprocess.py:93} INFO - [0m21:40:42  10 of 10 OK created sql table model gold.gld_sales_summary ..................... [[32mOK[0m in 0.49s]
[2025-11-14T21:40:42.437+0000] {subprocess.py:93} INFO - [0m21:40:42  8 of 10 OK created sql table model gold.gld_customer_metrics ................... [[32mOK[0m in 0.55s]
[2025-11-14T21:40:42.517+0000] {subprocess.py:93} INFO - [0m21:40:42  9 of 10 OK created sql table model gold.gld_product_performance ................ [[32mOK[0m in 0.63s]
[2025-11-14T21:40:42.529+0000] {subprocess.py:93} INFO - [0m21:40:42
[2025-11-14T21:40:42.530+0000] {subprocess.py:93} INFO - [0m21:40:42  Finished running 4 view models, 6 table models in 0 hours 0 minutes and 1.98 seconds (1.98s).
[2025-11-14T21:40:42.618+0000] {subprocess.py:93} INFO - [0m21:40:42
[2025-11-14T21:40:42.619+0000] {subprocess.py:93} INFO - [0m21:40:42  [32mCompleted successfully[0m
[2025-11-14T21:40:42.620+0000] {subprocess.py:93} INFO - [0m21:40:42
[2025-11-14T21:40:42.622+0000] {subprocess.py:93} INFO - [0m21:40:42  Done. PASS=10 WARN=0 ERROR=0 SKIP=0 TOTAL=10
[2025-11-14T21:40:44.204+0000] {subprocess.py:97} INFO - Command exited with return code 0
[2025-11-14T21:40:44.225+0000] {taskinstance.py:1398} INFO - Marking task as SUCCESS. dag_id=dbt_transform, task_id=dbt_run, execution_date=20251114T213535, start_date=20251114T214037, end_date=20251114T214044
[2025-11-14T21:40:44.253+0000] {local_task_job_runner.py:228} INFO - Task exited with return code 0
[2025-11-14T21:40:44.271+0000] {taskinstance.py:2776} INFO - 1 downstream tasks scheduled from follow-on schedule check
