[2025-11-14T21:55:36.745+0000] {taskinstance.py:1157} INFO - Dependencies all met for dep_context=non-requeueable deps ti=<TaskInstance: dbt_transform.dbt_run scheduled__2025-11-14T21:50:35.634758+00:00 [queued]>
[2025-11-14T21:55:36.751+0000] {taskinstance.py:1157} INFO - Dependencies all met for dep_context=requeueable deps ti=<TaskInstance: dbt_transform.dbt_run scheduled__2025-11-14T21:50:35.634758+00:00 [queued]>
[2025-11-14T21:55:36.752+0000] {taskinstance.py:1359} INFO - Starting attempt 1 of 2
[2025-11-14T21:55:36.762+0000] {taskinstance.py:1380} INFO - Executing <Task(BashOperator): dbt_run> on 2025-11-14 21:50:35.634758+00:00
[2025-11-14T21:55:36.766+0000] {standard_task_runner.py:57} INFO - Started process 6284 to run task
[2025-11-14T21:55:36.769+0000] {standard_task_runner.py:84} INFO - Running: ['***', 'tasks', 'run', 'dbt_transform', 'dbt_run', 'scheduled__2025-11-14T21:50:35.634758+00:00', '--job-id', '166', '--raw', '--subdir', 'DAGS_FOLDER/dbt_dag.py', '--cfg-path', '/tmp/tmp7yng4zr_']
[2025-11-14T21:55:36.772+0000] {standard_task_runner.py:85} INFO - Job 166: Subtask dbt_run
[2025-11-14T21:55:36.833+0000] {task_command.py:415} INFO - Running <TaskInstance: dbt_transform.dbt_run scheduled__2025-11-14T21:50:35.634758+00:00 [running]> on host 3f4da400579d
[2025-11-14T21:55:36.898+0000] {taskinstance.py:1660} INFO - Exporting env vars: AIRFLOW_CTX_DAG_OWNER='***' AIRFLOW_CTX_DAG_ID='dbt_transform' AIRFLOW_CTX_TASK_ID='dbt_run' AIRFLOW_CTX_EXECUTION_DATE='2025-11-14T21:50:35.634758+00:00' AIRFLOW_CTX_TRY_NUMBER='1' AIRFLOW_CTX_DAG_RUN_ID='scheduled__2025-11-14T21:50:35.634758+00:00'
[2025-11-14T21:55:36.900+0000] {subprocess.py:63} INFO - Tmp dir root location: /tmp
[2025-11-14T21:55:36.901+0000] {subprocess.py:75} INFO - Running command: ['/bin/bash', '-c', 'docker exec dbt_***_project-dbt-1 dbt run']
[2025-11-14T21:55:36.907+0000] {subprocess.py:86} INFO - Output:
[2025-11-14T21:55:38.449+0000] {subprocess.py:93} INFO - [0m21:55:38  Running with dbt=1.8.7
[2025-11-14T21:55:38.790+0000] {subprocess.py:93} INFO - [0m21:55:38  Registered adapter: sqlserver=1.8.7
[2025-11-14T21:55:40.180+0000] {subprocess.py:93} INFO - [0m21:55:40  Found 10 models, 18 data tests, 13 sources, 614 macros
[2025-11-14T21:55:40.185+0000] {subprocess.py:93} INFO - [0m21:55:40
[2025-11-14T21:55:40.398+0000] {subprocess.py:93} INFO - [0m21:55:40  Concurrency: 4 threads (target='dev')
[2025-11-14T21:55:40.400+0000] {subprocess.py:93} INFO - [0m21:55:40
[2025-11-14T21:55:40.406+0000] {subprocess.py:93} INFO - [0m21:55:40  1 of 10 START sql view model bronze.brnz_customers ............................. [RUN]
[2025-11-14T21:55:40.408+0000] {subprocess.py:93} INFO - [0m21:55:40  2 of 10 START sql view model bronze.brnz_example ............................... [RUN]
[2025-11-14T21:55:40.409+0000] {subprocess.py:93} INFO - [0m21:55:40  3 of 10 START sql view model bronze.brnz_products .............................. [RUN]
[2025-11-14T21:55:40.411+0000] {subprocess.py:93} INFO - [0m21:55:40  4 of 10 START sql view model bronze.brnz_sales_orders .......................... [RUN]
[2025-11-14T21:55:40.697+0000] {subprocess.py:93} INFO - [0m21:55:40  2 of 10 OK created sql view model bronze.brnz_example .......................... [[32mOK[0m in 0.28s]
[2025-11-14T21:55:40.700+0000] {subprocess.py:93} INFO - [0m21:55:40  1 of 10 OK created sql view model bronze.brnz_customers ........................ [[32mOK[0m in 0.28s]
[2025-11-14T21:55:40.702+0000] {subprocess.py:93} INFO - [0m21:55:40  4 of 10 OK created sql view model bronze.brnz_sales_orders ..................... [[32mOK[0m in 0.28s]
[2025-11-14T21:55:40.703+0000] {subprocess.py:93} INFO - [0m21:55:40  3 of 10 OK created sql view model bronze.brnz_products ......................... [[32mOK[0m in 0.28s]
[2025-11-14T21:55:40.712+0000] {subprocess.py:93} INFO - [0m21:55:40  5 of 10 START sql table model silver.slvr_customers ............................ [RUN]
[2025-11-14T21:55:40.713+0000] {subprocess.py:93} INFO - [0m21:55:40  6 of 10 START sql table model silver.slvr_sales_orders ......................... [RUN]
[2025-11-14T21:55:40.714+0000] {subprocess.py:93} INFO - [0m21:55:40  7 of 10 START sql table model silver.slvr_products ............................. [RUN]
[2025-11-14T21:55:41.030+0000] {subprocess.py:93} INFO - [0m21:55:41  5 of 10 OK created sql table model silver.slvr_customers ....................... [[32mOK[0m in 0.31s]
[2025-11-14T21:55:41.070+0000] {subprocess.py:93} INFO - [0m21:55:41  7 of 10 OK created sql table model silver.slvr_products ........................ [[32mOK[0m in 0.35s]
[2025-11-14T21:55:41.592+0000] {subprocess.py:93} INFO - [0m21:55:41  6 of 10 OK created sql table model silver.slvr_sales_orders .................... [[32mOK[0m in 0.87s]
[2025-11-14T21:55:41.597+0000] {subprocess.py:93} INFO - [0m21:55:41  8 of 10 START sql table model gold.gld_customer_metrics ........................ [RUN]
[2025-11-14T21:55:41.598+0000] {subprocess.py:93} INFO - [0m21:55:41  9 of 10 START sql table model gold.gld_product_performance ..................... [RUN]
[2025-11-14T21:55:41.599+0000] {subprocess.py:93} INFO - [0m21:55:41  10 of 10 START sql table model gold.gld_sales_summary .......................... [RUN]
[2025-11-14T21:55:42.036+0000] {subprocess.py:93} INFO - [0m21:55:42  10 of 10 OK created sql table model gold.gld_sales_summary ..................... [[32mOK[0m in 0.43s]
[2025-11-14T21:55:42.194+0000] {subprocess.py:93} INFO - [0m21:55:42  9 of 10 OK created sql table model gold.gld_product_performance ................ [[32mOK[0m in 0.59s]
[2025-11-14T21:55:42.203+0000] {subprocess.py:93} INFO - [0m21:55:42  8 of 10 OK created sql table model gold.gld_customer_metrics ................... [[32mOK[0m in 0.60s]
[2025-11-14T21:55:42.214+0000] {subprocess.py:93} INFO - [0m21:55:42
[2025-11-14T21:55:42.215+0000] {subprocess.py:93} INFO - [0m21:55:42  Finished running 4 view models, 6 table models in 0 hours 0 minutes and 2.03 seconds (2.03s).
[2025-11-14T21:55:42.285+0000] {subprocess.py:93} INFO - [0m21:55:42
[2025-11-14T21:55:42.285+0000] {subprocess.py:93} INFO - [0m21:55:42  [32mCompleted successfully[0m
[2025-11-14T21:55:42.287+0000] {subprocess.py:93} INFO - [0m21:55:42
[2025-11-14T21:55:42.288+0000] {subprocess.py:93} INFO - [0m21:55:42  Done. PASS=10 WARN=0 ERROR=0 SKIP=0 TOTAL=10
[2025-11-14T21:55:43.873+0000] {subprocess.py:97} INFO - Command exited with return code 0
[2025-11-14T21:55:43.893+0000] {taskinstance.py:1398} INFO - Marking task as SUCCESS. dag_id=dbt_transform, task_id=dbt_run, execution_date=20251114T215035, start_date=20251114T215536, end_date=20251114T215543
[2025-11-14T21:55:43.920+0000] {local_task_job_runner.py:228} INFO - Task exited with return code 0
[2025-11-14T21:55:43.940+0000] {taskinstance.py:2776} INFO - 1 downstream tasks scheduled from follow-on schedule check
