[2025-11-14T18:35:36.597+0000] {taskinstance.py:1157} INFO - Dependencies all met for dep_context=non-requeueable deps ti=<TaskInstance: dbt_transform.dbt_run scheduled__2025-11-14T18:30:35.634758+00:00 [queued]>
[2025-11-14T18:35:36.603+0000] {taskinstance.py:1157} INFO - Dependencies all met for dep_context=requeueable deps ti=<TaskInstance: dbt_transform.dbt_run scheduled__2025-11-14T18:30:35.634758+00:00 [queued]>
[2025-11-14T18:35:36.604+0000] {taskinstance.py:1359} INFO - Starting attempt 1 of 2
[2025-11-14T18:35:36.612+0000] {taskinstance.py:1380} INFO - Executing <Task(BashOperator): dbt_run> on 2025-11-14 18:30:35.634758+00:00
[2025-11-14T18:35:36.616+0000] {standard_task_runner.py:57} INFO - Started process 3331 to run task
[2025-11-14T18:35:36.619+0000] {standard_task_runner.py:84} INFO - Running: ['***', 'tasks', 'run', 'dbt_transform', 'dbt_run', 'scheduled__2025-11-14T18:30:35.634758+00:00', '--job-id', '86', '--raw', '--subdir', 'DAGS_FOLDER/dbt_dag.py', '--cfg-path', '/tmp/tmpg2aqtg4q']
[2025-11-14T18:35:36.622+0000] {standard_task_runner.py:85} INFO - Job 86: Subtask dbt_run
[2025-11-14T18:35:36.683+0000] {task_command.py:415} INFO - Running <TaskInstance: dbt_transform.dbt_run scheduled__2025-11-14T18:30:35.634758+00:00 [running]> on host 3f4da400579d
[2025-11-14T18:35:36.745+0000] {taskinstance.py:1660} INFO - Exporting env vars: AIRFLOW_CTX_DAG_OWNER='***' AIRFLOW_CTX_DAG_ID='dbt_transform' AIRFLOW_CTX_TASK_ID='dbt_run' AIRFLOW_CTX_EXECUTION_DATE='2025-11-14T18:30:35.634758+00:00' AIRFLOW_CTX_TRY_NUMBER='1' AIRFLOW_CTX_DAG_RUN_ID='scheduled__2025-11-14T18:30:35.634758+00:00'
[2025-11-14T18:35:36.746+0000] {subprocess.py:63} INFO - Tmp dir root location: /tmp
[2025-11-14T18:35:36.747+0000] {subprocess.py:75} INFO - Running command: ['/bin/bash', '-c', 'docker exec dbt_***_project-dbt-1 dbt run']
[2025-11-14T18:35:36.755+0000] {subprocess.py:86} INFO - Output:
[2025-11-14T18:35:38.268+0000] {subprocess.py:93} INFO - [0m18:35:38  Running with dbt=1.8.7
[2025-11-14T18:35:38.640+0000] {subprocess.py:93} INFO - [0m18:35:38  Registered adapter: sqlserver=1.8.7
[2025-11-14T18:35:39.999+0000] {subprocess.py:93} INFO - [0m18:35:39  Found 10 models, 18 data tests, 13 sources, 614 macros
[2025-11-14T18:35:40.002+0000] {subprocess.py:93} INFO - [0m18:35:40
[2025-11-14T18:35:40.167+0000] {subprocess.py:93} INFO - [0m18:35:40  Concurrency: 4 threads (target='dev')
[2025-11-14T18:35:40.168+0000] {subprocess.py:93} INFO - [0m18:35:40
[2025-11-14T18:35:40.175+0000] {subprocess.py:93} INFO - [0m18:35:40  1 of 10 START sql view model bronze.brnz_customers ............................. [RUN]
[2025-11-14T18:35:40.176+0000] {subprocess.py:93} INFO - [0m18:35:40  2 of 10 START sql view model bronze.brnz_example ............................... [RUN]
[2025-11-14T18:35:40.178+0000] {subprocess.py:93} INFO - [0m18:35:40  3 of 10 START sql view model bronze.brnz_products .............................. [RUN]
[2025-11-14T18:35:40.179+0000] {subprocess.py:93} INFO - [0m18:35:40  4 of 10 START sql view model bronze.brnz_sales_orders .......................... [RUN]
[2025-11-14T18:35:40.479+0000] {subprocess.py:93} INFO - [0m18:35:40  3 of 10 OK created sql view model bronze.brnz_products ......................... [[32mOK[0m in 0.29s]
[2025-11-14T18:35:40.482+0000] {subprocess.py:93} INFO - [0m18:35:40  1 of 10 OK created sql view model bronze.brnz_customers ........................ [[32mOK[0m in 0.30s]
[2025-11-14T18:35:40.484+0000] {subprocess.py:93} INFO - [0m18:35:40  4 of 10 OK created sql view model bronze.brnz_sales_orders ..................... [[32mOK[0m in 0.30s]
[2025-11-14T18:35:40.486+0000] {subprocess.py:93} INFO - [0m18:35:40  2 of 10 OK created sql view model bronze.brnz_example .......................... [[32mOK[0m in 0.30s]
[2025-11-14T18:35:40.495+0000] {subprocess.py:93} INFO - [0m18:35:40  5 of 10 START sql table model silver.slvr_products ............................. [RUN]
[2025-11-14T18:35:40.498+0000] {subprocess.py:93} INFO - [0m18:35:40  6 of 10 START sql table model silver.slvr_customers ............................ [RUN]
[2025-11-14T18:35:40.500+0000] {subprocess.py:93} INFO - [0m18:35:40  7 of 10 START sql table model silver.slvr_sales_orders ......................... [RUN]
[2025-11-14T18:35:40.733+0000] {subprocess.py:93} INFO - [0m18:35:40  5 of 10 OK created sql table model silver.slvr_products ........................ [[32mOK[0m in 0.23s]
[2025-11-14T18:35:40.798+0000] {subprocess.py:93} INFO - [0m18:35:40  6 of 10 OK created sql table model silver.slvr_customers ....................... [[32mOK[0m in 0.29s]
[2025-11-14T18:35:41.356+0000] {subprocess.py:93} INFO - [0m18:35:41  7 of 10 OK created sql table model silver.slvr_sales_orders .................... [[32mOK[0m in 0.85s]
[2025-11-14T18:35:41.361+0000] {subprocess.py:93} INFO - [0m18:35:41  8 of 10 START sql table model gold.gld_customer_metrics ........................ [RUN]
[2025-11-14T18:35:41.362+0000] {subprocess.py:93} INFO - [0m18:35:41  9 of 10 START sql table model gold.gld_product_performance ..................... [RUN]
[2025-11-14T18:35:41.363+0000] {subprocess.py:93} INFO - [0m18:35:41  10 of 10 START sql table model gold.gld_sales_summary .......................... [RUN]
[2025-11-14T18:35:41.780+0000] {subprocess.py:93} INFO - [0m18:35:41  10 of 10 OK created sql table model gold.gld_sales_summary ..................... [[32mOK[0m in 0.41s]
[2025-11-14T18:35:41.926+0000] {subprocess.py:93} INFO - [0m18:35:41  9 of 10 OK created sql table model gold.gld_product_performance ................ [[32mOK[0m in 0.56s]
[2025-11-14T18:35:41.960+0000] {subprocess.py:93} INFO - [0m18:35:41  8 of 10 OK created sql table model gold.gld_customer_metrics ................... [[32mOK[0m in 0.59s]
[2025-11-14T18:35:41.968+0000] {subprocess.py:93} INFO - [0m18:35:41
[2025-11-14T18:35:41.969+0000] {subprocess.py:93} INFO - [0m18:35:41  Finished running 4 view models, 6 table models in 0 hours 0 minutes and 1.96 seconds (1.96s).
[2025-11-14T18:35:42.037+0000] {subprocess.py:93} INFO - [0m18:35:42
[2025-11-14T18:35:42.038+0000] {subprocess.py:93} INFO - [0m18:35:42  [32mCompleted successfully[0m
[2025-11-14T18:35:42.040+0000] {subprocess.py:93} INFO - [0m18:35:42
[2025-11-14T18:35:42.041+0000] {subprocess.py:93} INFO - [0m18:35:42  Done. PASS=10 WARN=0 ERROR=0 SKIP=0 TOTAL=10
[2025-11-14T18:35:43.624+0000] {subprocess.py:97} INFO - Command exited with return code 0
[2025-11-14T18:35:43.642+0000] {taskinstance.py:1398} INFO - Marking task as SUCCESS. dag_id=dbt_transform, task_id=dbt_run, execution_date=20251114T183035, start_date=20251114T183536, end_date=20251114T183543
[2025-11-14T18:35:43.656+0000] {local_task_job_runner.py:228} INFO - Task exited with return code 0
[2025-11-14T18:35:43.671+0000] {taskinstance.py:2776} INFO - 1 downstream tasks scheduled from follow-on schedule check
