[2025-11-14T20:25:36.802+0000] {taskinstance.py:1157} INFO - Dependencies all met for dep_context=non-requeueable deps ti=<TaskInstance: dbt_transform.dbt_run scheduled__2025-11-14T20:20:35.634758+00:00 [queued]>
[2025-11-14T20:25:36.808+0000] {taskinstance.py:1157} INFO - Dependencies all met for dep_context=requeueable deps ti=<TaskInstance: dbt_transform.dbt_run scheduled__2025-11-14T20:20:35.634758+00:00 [queued]>
[2025-11-14T20:25:36.809+0000] {taskinstance.py:1359} INFO - Starting attempt 1 of 2
[2025-11-14T20:25:36.818+0000] {taskinstance.py:1380} INFO - Executing <Task(BashOperator): dbt_run> on 2025-11-14 20:20:35.634758+00:00
[2025-11-14T20:25:36.822+0000] {standard_task_runner.py:57} INFO - Started process 4959 to run task
[2025-11-14T20:25:36.825+0000] {standard_task_runner.py:84} INFO - Running: ['***', 'tasks', 'run', 'dbt_transform', 'dbt_run', 'scheduled__2025-11-14T20:20:35.634758+00:00', '--job-id', '130', '--raw', '--subdir', 'DAGS_FOLDER/dbt_dag.py', '--cfg-path', '/tmp/tmp0h02hxo5']
[2025-11-14T20:25:36.827+0000] {standard_task_runner.py:85} INFO - Job 130: Subtask dbt_run
[2025-11-14T20:25:36.882+0000] {task_command.py:415} INFO - Running <TaskInstance: dbt_transform.dbt_run scheduled__2025-11-14T20:20:35.634758+00:00 [running]> on host 3f4da400579d
[2025-11-14T20:25:36.945+0000] {taskinstance.py:1660} INFO - Exporting env vars: AIRFLOW_CTX_DAG_OWNER='***' AIRFLOW_CTX_DAG_ID='dbt_transform' AIRFLOW_CTX_TASK_ID='dbt_run' AIRFLOW_CTX_EXECUTION_DATE='2025-11-14T20:20:35.634758+00:00' AIRFLOW_CTX_TRY_NUMBER='1' AIRFLOW_CTX_DAG_RUN_ID='scheduled__2025-11-14T20:20:35.634758+00:00'
[2025-11-14T20:25:36.947+0000] {subprocess.py:63} INFO - Tmp dir root location: /tmp
[2025-11-14T20:25:36.949+0000] {subprocess.py:75} INFO - Running command: ['/bin/bash', '-c', 'docker exec dbt_***_project-dbt-1 dbt run']
[2025-11-14T20:25:36.956+0000] {subprocess.py:86} INFO - Output:
[2025-11-14T20:25:38.410+0000] {subprocess.py:93} INFO - [0m20:25:38  Running with dbt=1.8.7
[2025-11-14T20:25:38.742+0000] {subprocess.py:93} INFO - [0m20:25:38  Registered adapter: sqlserver=1.8.7
[2025-11-14T20:25:40.054+0000] {subprocess.py:93} INFO - [0m20:25:40  Found 10 models, 18 data tests, 13 sources, 614 macros
[2025-11-14T20:25:40.059+0000] {subprocess.py:93} INFO - [0m20:25:40
[2025-11-14T20:25:40.227+0000] {subprocess.py:93} INFO - [0m20:25:40  Concurrency: 4 threads (target='dev')
[2025-11-14T20:25:40.228+0000] {subprocess.py:93} INFO - [0m20:25:40
[2025-11-14T20:25:40.236+0000] {subprocess.py:93} INFO - [0m20:25:40  1 of 10 START sql view model bronze.brnz_customers ............................. [RUN]
[2025-11-14T20:25:40.237+0000] {subprocess.py:93} INFO - [0m20:25:40  2 of 10 START sql view model bronze.brnz_example ............................... [RUN]
[2025-11-14T20:25:40.239+0000] {subprocess.py:93} INFO - [0m20:25:40  3 of 10 START sql view model bronze.brnz_products .............................. [RUN]
[2025-11-14T20:25:40.240+0000] {subprocess.py:93} INFO - [0m20:25:40  4 of 10 START sql view model bronze.brnz_sales_orders .......................... [RUN]
[2025-11-14T20:25:40.524+0000] {subprocess.py:93} INFO - [0m20:25:40  3 of 10 OK created sql view model bronze.brnz_products ......................... [[32mOK[0m in 0.27s]
[2025-11-14T20:25:40.527+0000] {subprocess.py:93} INFO - [0m20:25:40  2 of 10 OK created sql view model bronze.brnz_example .......................... [[32mOK[0m in 0.28s]
[2025-11-14T20:25:40.534+0000] {subprocess.py:93} INFO - [0m20:25:40  4 of 10 OK created sql view model bronze.brnz_sales_orders ..................... [[32mOK[0m in 0.28s]
[2025-11-14T20:25:40.539+0000] {subprocess.py:93} INFO - [0m20:25:40  5 of 10 START sql table model silver.slvr_products ............................. [RUN]
[2025-11-14T20:25:40.547+0000] {subprocess.py:93} INFO - [0m20:25:40  6 of 10 START sql table model silver.slvr_sales_orders ......................... [RUN]
[2025-11-14T20:25:40.549+0000] {subprocess.py:93} INFO - [0m20:25:40  1 of 10 OK created sql view model bronze.brnz_customers ........................ [[32mOK[0m in 0.30s]
[2025-11-14T20:25:40.565+0000] {subprocess.py:93} INFO - [0m20:25:40  7 of 10 START sql table model silver.slvr_customers ............................ [RUN]
[2025-11-14T20:25:40.802+0000] {subprocess.py:93} INFO - [0m20:25:40  5 of 10 OK created sql table model silver.slvr_products ........................ [[32mOK[0m in 0.26s]
[2025-11-14T20:25:40.841+0000] {subprocess.py:93} INFO - [0m20:25:40  7 of 10 OK created sql table model silver.slvr_customers ....................... [[32mOK[0m in 0.27s]
[2025-11-14T20:25:41.409+0000] {subprocess.py:93} INFO - [0m20:25:41  6 of 10 OK created sql table model silver.slvr_sales_orders .................... [[32mOK[0m in 0.85s]
[2025-11-14T20:25:41.414+0000] {subprocess.py:93} INFO - [0m20:25:41  8 of 10 START sql table model gold.gld_customer_metrics ........................ [RUN]
[2025-11-14T20:25:41.416+0000] {subprocess.py:93} INFO - [0m20:25:41  9 of 10 START sql table model gold.gld_product_performance ..................... [RUN]
[2025-11-14T20:25:41.417+0000] {subprocess.py:93} INFO - [0m20:25:41  10 of 10 START sql table model gold.gld_sales_summary .......................... [RUN]
[2025-11-14T20:25:41.872+0000] {subprocess.py:93} INFO - [0m20:25:41  10 of 10 OK created sql table model gold.gld_sales_summary ..................... [[32mOK[0m in 0.45s]
[2025-11-14T20:25:41.990+0000] {subprocess.py:93} INFO - [0m20:25:41  8 of 10 OK created sql table model gold.gld_customer_metrics ................... [[32mOK[0m in 0.57s]
[2025-11-14T20:25:42.100+0000] {subprocess.py:93} INFO - [0m20:25:42  9 of 10 OK created sql table model gold.gld_product_performance ................ [[32mOK[0m in 0.68s]
[2025-11-14T20:25:42.108+0000] {subprocess.py:93} INFO - [0m20:25:42
[2025-11-14T20:25:42.109+0000] {subprocess.py:93} INFO - [0m20:25:42  Finished running 4 view models, 6 table models in 0 hours 0 minutes and 2.05 seconds (2.05s).
[2025-11-14T20:25:42.178+0000] {subprocess.py:93} INFO - [0m20:25:42
[2025-11-14T20:25:42.179+0000] {subprocess.py:93} INFO - [0m20:25:42  [32mCompleted successfully[0m
[2025-11-14T20:25:42.180+0000] {subprocess.py:93} INFO - [0m20:25:42
[2025-11-14T20:25:42.181+0000] {subprocess.py:93} INFO - [0m20:25:42  Done. PASS=10 WARN=0 ERROR=0 SKIP=0 TOTAL=10
[2025-11-14T20:25:43.864+0000] {subprocess.py:97} INFO - Command exited with return code 0
[2025-11-14T20:25:43.881+0000] {taskinstance.py:1398} INFO - Marking task as SUCCESS. dag_id=dbt_transform, task_id=dbt_run, execution_date=20251114T202035, start_date=20251114T202536, end_date=20251114T202543
[2025-11-14T20:25:43.903+0000] {local_task_job_runner.py:228} INFO - Task exited with return code 0
[2025-11-14T20:25:43.918+0000] {taskinstance.py:2776} INFO - 1 downstream tasks scheduled from follow-on schedule check
