[2025-11-14T22:15:36.304+0000] {taskinstance.py:1157} INFO - Dependencies all met for dep_context=non-requeueable deps ti=<TaskInstance: dbt_transform.dbt_run scheduled__2025-11-14T22:10:35.634758+00:00 [queued]>
[2025-11-14T22:15:36.310+0000] {taskinstance.py:1157} INFO - Dependencies all met for dep_context=requeueable deps ti=<TaskInstance: dbt_transform.dbt_run scheduled__2025-11-14T22:10:35.634758+00:00 [queued]>
[2025-11-14T22:15:36.310+0000] {taskinstance.py:1359} INFO - Starting attempt 1 of 2
[2025-11-14T22:15:36.318+0000] {taskinstance.py:1380} INFO - Executing <Task(BashOperator): dbt_run> on 2025-11-14 22:10:35.634758+00:00
[2025-11-14T22:15:36.322+0000] {standard_task_runner.py:57} INFO - Started process 6577 to run task
[2025-11-14T22:15:36.325+0000] {standard_task_runner.py:84} INFO - Running: ['***', 'tasks', 'run', 'dbt_transform', 'dbt_run', 'scheduled__2025-11-14T22:10:35.634758+00:00', '--job-id', '174', '--raw', '--subdir', 'DAGS_FOLDER/dbt_dag.py', '--cfg-path', '/tmp/tmpd9gw686x']
[2025-11-14T22:15:36.328+0000] {standard_task_runner.py:85} INFO - Job 174: Subtask dbt_run
[2025-11-14T22:15:36.386+0000] {task_command.py:415} INFO - Running <TaskInstance: dbt_transform.dbt_run scheduled__2025-11-14T22:10:35.634758+00:00 [running]> on host 3f4da400579d
[2025-11-14T22:15:36.450+0000] {taskinstance.py:1660} INFO - Exporting env vars: AIRFLOW_CTX_DAG_OWNER='***' AIRFLOW_CTX_DAG_ID='dbt_transform' AIRFLOW_CTX_TASK_ID='dbt_run' AIRFLOW_CTX_EXECUTION_DATE='2025-11-14T22:10:35.634758+00:00' AIRFLOW_CTX_TRY_NUMBER='1' AIRFLOW_CTX_DAG_RUN_ID='scheduled__2025-11-14T22:10:35.634758+00:00'
[2025-11-14T22:15:36.451+0000] {subprocess.py:63} INFO - Tmp dir root location: /tmp
[2025-11-14T22:15:36.452+0000] {subprocess.py:75} INFO - Running command: ['/bin/bash', '-c', 'docker exec dbt_***_project-dbt-1 dbt run']
[2025-11-14T22:15:36.461+0000] {subprocess.py:86} INFO - Output:
[2025-11-14T22:15:37.963+0000] {subprocess.py:93} INFO - [0m22:15:37  Running with dbt=1.8.7
[2025-11-14T22:15:38.289+0000] {subprocess.py:93} INFO - [0m22:15:38  Registered adapter: sqlserver=1.8.7
[2025-11-14T22:15:39.590+0000] {subprocess.py:93} INFO - [0m22:15:39  Found 10 models, 18 data tests, 13 sources, 614 macros
[2025-11-14T22:15:39.594+0000] {subprocess.py:93} INFO - [0m22:15:39
[2025-11-14T22:15:39.829+0000] {subprocess.py:93} INFO - [0m22:15:39  Concurrency: 4 threads (target='dev')
[2025-11-14T22:15:39.829+0000] {subprocess.py:93} INFO - [0m22:15:39
[2025-11-14T22:15:39.836+0000] {subprocess.py:93} INFO - [0m22:15:39  1 of 10 START sql view model bronze.brnz_customers ............................. [RUN]
[2025-11-14T22:15:39.837+0000] {subprocess.py:93} INFO - [0m22:15:39  2 of 10 START sql view model bronze.brnz_example ............................... [RUN]
[2025-11-14T22:15:39.838+0000] {subprocess.py:93} INFO - [0m22:15:39  3 of 10 START sql view model bronze.brnz_products .............................. [RUN]
[2025-11-14T22:15:39.839+0000] {subprocess.py:93} INFO - [0m22:15:39  4 of 10 START sql view model bronze.brnz_sales_orders .......................... [RUN]
[2025-11-14T22:15:40.144+0000] {subprocess.py:93} INFO - [0m22:15:40  1 of 10 OK created sql view model bronze.brnz_customers ........................ [[32mOK[0m in 0.30s]
[2025-11-14T22:15:40.148+0000] {subprocess.py:93} INFO - [0m22:15:40  3 of 10 OK created sql view model bronze.brnz_products ......................... [[32mOK[0m in 0.30s]
[2025-11-14T22:15:40.152+0000] {subprocess.py:93} INFO - [0m22:15:40  4 of 10 OK created sql view model bronze.brnz_sales_orders ..................... [[32mOK[0m in 0.30s]
[2025-11-14T22:15:40.160+0000] {subprocess.py:93} INFO - [0m22:15:40  5 of 10 START sql table model silver.slvr_customers ............................ [RUN]
[2025-11-14T22:15:40.161+0000] {subprocess.py:93} INFO - [0m22:15:40  2 of 10 OK created sql view model bronze.brnz_example .......................... [[32mOK[0m in 0.31s]
[2025-11-14T22:15:40.163+0000] {subprocess.py:93} INFO - [0m22:15:40  6 of 10 START sql table model silver.slvr_products ............................. [RUN]
[2025-11-14T22:15:40.167+0000] {subprocess.py:93} INFO - [0m22:15:40  7 of 10 START sql table model silver.slvr_sales_orders ......................... [RUN]
[2025-11-14T22:15:40.555+0000] {subprocess.py:93} INFO - [0m22:15:40  5 of 10 OK created sql table model silver.slvr_customers ....................... [[32mOK[0m in 0.39s]
[2025-11-14T22:15:40.585+0000] {subprocess.py:93} INFO - [0m22:15:40  6 of 10 OK created sql table model silver.slvr_products ........................ [[32mOK[0m in 0.41s]
[2025-11-14T22:15:41.179+0000] {subprocess.py:93} INFO - [0m22:15:41  7 of 10 OK created sql table model silver.slvr_sales_orders .................... [[32mOK[0m in 1.01s]
[2025-11-14T22:15:41.184+0000] {subprocess.py:93} INFO - [0m22:15:41  8 of 10 START sql table model gold.gld_customer_metrics ........................ [RUN]
[2025-11-14T22:15:41.186+0000] {subprocess.py:93} INFO - [0m22:15:41  9 of 10 START sql table model gold.gld_product_performance ..................... [RUN]
[2025-11-14T22:15:41.187+0000] {subprocess.py:93} INFO - [0m22:15:41  10 of 10 START sql table model gold.gld_sales_summary .......................... [RUN]
[2025-11-14T22:15:41.584+0000] {subprocess.py:93} INFO - [0m22:15:41  10 of 10 OK created sql table model gold.gld_sales_summary ..................... [[32mOK[0m in 0.39s]
[2025-11-14T22:15:41.865+0000] {subprocess.py:93} INFO - [0m22:15:41  9 of 10 OK created sql table model gold.gld_product_performance ................ [[32mOK[0m in 0.67s]
[2025-11-14T22:15:41.873+0000] {subprocess.py:93} INFO - [0m22:15:41  8 of 10 OK created sql table model gold.gld_customer_metrics ................... [[32mOK[0m in 0.68s]
[2025-11-14T22:15:41.885+0000] {subprocess.py:93} INFO - [0m22:15:41
[2025-11-14T22:15:41.886+0000] {subprocess.py:93} INFO - [0m22:15:41  Finished running 4 view models, 6 table models in 0 hours 0 minutes and 2.29 seconds (2.29s).
[2025-11-14T22:15:42.002+0000] {subprocess.py:93} INFO - [0m22:15:42
[2025-11-14T22:15:42.003+0000] {subprocess.py:93} INFO - [0m22:15:42  [32mCompleted successfully[0m
[2025-11-14T22:15:42.005+0000] {subprocess.py:93} INFO - [0m22:15:42
[2025-11-14T22:15:42.006+0000] {subprocess.py:93} INFO - [0m22:15:42  Done. PASS=10 WARN=0 ERROR=0 SKIP=0 TOTAL=10
[2025-11-14T22:15:44.086+0000] {subprocess.py:97} INFO - Command exited with return code 0
[2025-11-14T22:15:44.107+0000] {taskinstance.py:1398} INFO - Marking task as SUCCESS. dag_id=dbt_transform, task_id=dbt_run, execution_date=20251114T221035, start_date=20251114T221536, end_date=20251114T221544
[2025-11-14T22:15:44.154+0000] {local_task_job_runner.py:228} INFO - Task exited with return code 0
[2025-11-14T22:15:44.174+0000] {taskinstance.py:2776} INFO - 1 downstream tasks scheduled from follow-on schedule check
