[2025-11-14T17:30:36.270+0000] {taskinstance.py:1157} INFO - Dependencies all met for dep_context=non-requeueable deps ti=<TaskInstance: dbt_transform.dbt_run scheduled__2025-11-14T17:25:35.634758+00:00 [queued]>
[2025-11-14T17:30:36.275+0000] {taskinstance.py:1157} INFO - Dependencies all met for dep_context=requeueable deps ti=<TaskInstance: dbt_transform.dbt_run scheduled__2025-11-14T17:25:35.634758+00:00 [queued]>
[2025-11-14T17:30:36.276+0000] {taskinstance.py:1359} INFO - Starting attempt 1 of 2
[2025-11-14T17:30:36.284+0000] {taskinstance.py:1380} INFO - Executing <Task(BashOperator): dbt_run> on 2025-11-14 17:25:35.634758+00:00
[2025-11-14T17:30:36.288+0000] {standard_task_runner.py:57} INFO - Started process 2366 to run task
[2025-11-14T17:30:36.291+0000] {standard_task_runner.py:84} INFO - Running: ['***', 'tasks', 'run', 'dbt_transform', 'dbt_run', 'scheduled__2025-11-14T17:25:35.634758+00:00', '--job-id', '60', '--raw', '--subdir', 'DAGS_FOLDER/dbt_dag.py', '--cfg-path', '/tmp/tmpmn5sqv7a']
[2025-11-14T17:30:36.293+0000] {standard_task_runner.py:85} INFO - Job 60: Subtask dbt_run
[2025-11-14T17:30:36.351+0000] {task_command.py:415} INFO - Running <TaskInstance: dbt_transform.dbt_run scheduled__2025-11-14T17:25:35.634758+00:00 [running]> on host 3f4da400579d
[2025-11-14T17:30:36.414+0000] {taskinstance.py:1660} INFO - Exporting env vars: AIRFLOW_CTX_DAG_OWNER='***' AIRFLOW_CTX_DAG_ID='dbt_transform' AIRFLOW_CTX_TASK_ID='dbt_run' AIRFLOW_CTX_EXECUTION_DATE='2025-11-14T17:25:35.634758+00:00' AIRFLOW_CTX_TRY_NUMBER='1' AIRFLOW_CTX_DAG_RUN_ID='scheduled__2025-11-14T17:25:35.634758+00:00'
[2025-11-14T17:30:36.415+0000] {subprocess.py:63} INFO - Tmp dir root location: /tmp
[2025-11-14T17:30:36.416+0000] {subprocess.py:75} INFO - Running command: ['/bin/bash', '-c', 'docker exec dbt_***_project-dbt-1 dbt run']
[2025-11-14T17:30:36.424+0000] {subprocess.py:86} INFO - Output:
[2025-11-14T17:30:38.050+0000] {subprocess.py:93} INFO - [0m17:30:38  Running with dbt=1.8.7
[2025-11-14T17:30:38.418+0000] {subprocess.py:93} INFO - [0m17:30:38  Registered adapter: sqlserver=1.8.7
[2025-11-14T17:30:39.605+0000] {subprocess.py:93} INFO - [0m17:30:39  Found 10 models, 18 data tests, 13 sources, 614 macros
[2025-11-14T17:30:39.609+0000] {subprocess.py:93} INFO - [0m17:30:39
[2025-11-14T17:30:39.777+0000] {subprocess.py:93} INFO - [0m17:30:39  Concurrency: 4 threads (target='dev')
[2025-11-14T17:30:39.778+0000] {subprocess.py:93} INFO - [0m17:30:39
[2025-11-14T17:30:39.785+0000] {subprocess.py:93} INFO - [0m17:30:39  1 of 10 START sql view model bronze.brnz_customers ............................. [RUN]
[2025-11-14T17:30:39.786+0000] {subprocess.py:93} INFO - [0m17:30:39  2 of 10 START sql view model bronze.brnz_example ............................... [RUN]
[2025-11-14T17:30:39.788+0000] {subprocess.py:93} INFO - [0m17:30:39  3 of 10 START sql view model bronze.brnz_products .............................. [RUN]
[2025-11-14T17:30:39.789+0000] {subprocess.py:93} INFO - [0m17:30:39  4 of 10 START sql view model bronze.brnz_sales_orders .......................... [RUN]
[2025-11-14T17:30:40.065+0000] {subprocess.py:93} INFO - [0m17:30:40  3 of 10 OK created sql view model bronze.brnz_products ......................... [[32mOK[0m in 0.27s]
[2025-11-14T17:30:40.068+0000] {subprocess.py:93} INFO - [0m17:30:40  2 of 10 OK created sql view model bronze.brnz_example .......................... [[32mOK[0m in 0.27s]
[2025-11-14T17:30:40.069+0000] {subprocess.py:93} INFO - [0m17:30:40  4 of 10 OK created sql view model bronze.brnz_sales_orders ..................... [[32mOK[0m in 0.27s]
[2025-11-14T17:30:40.072+0000] {subprocess.py:93} INFO - [0m17:30:40  1 of 10 OK created sql view model bronze.brnz_customers ........................ [[32mOK[0m in 0.28s]
[2025-11-14T17:30:40.079+0000] {subprocess.py:93} INFO - [0m17:30:40  5 of 10 START sql table model silver.slvr_products ............................. [RUN]
[2025-11-14T17:30:40.081+0000] {subprocess.py:93} INFO - [0m17:30:40  6 of 10 START sql table model silver.slvr_sales_orders ......................... [RUN]
[2025-11-14T17:30:40.084+0000] {subprocess.py:93} INFO - [0m17:30:40  7 of 10 START sql table model silver.slvr_customers ............................ [RUN]
[2025-11-14T17:30:40.402+0000] {subprocess.py:93} INFO - [0m17:30:40  5 of 10 OK created sql table model silver.slvr_products ........................ [[32mOK[0m in 0.32s]
[2025-11-14T17:30:40.415+0000] {subprocess.py:93} INFO - [0m17:30:40  7 of 10 OK created sql table model silver.slvr_customers ....................... [[32mOK[0m in 0.33s]
[2025-11-14T17:30:40.977+0000] {subprocess.py:93} INFO - [0m17:30:40  6 of 10 OK created sql table model silver.slvr_sales_orders .................... [[32mOK[0m in 0.89s]
[2025-11-14T17:30:40.982+0000] {subprocess.py:93} INFO - [0m17:30:40  8 of 10 START sql table model gold.gld_customer_metrics ........................ [RUN]
[2025-11-14T17:30:40.983+0000] {subprocess.py:93} INFO - [0m17:30:40  9 of 10 START sql table model gold.gld_product_performance ..................... [RUN]
[2025-11-14T17:30:40.985+0000] {subprocess.py:93} INFO - [0m17:30:40  10 of 10 START sql table model gold.gld_sales_summary .......................... [RUN]
[2025-11-14T17:30:41.409+0000] {subprocess.py:93} INFO - [0m17:30:41  10 of 10 OK created sql table model gold.gld_sales_summary ..................... [[32mOK[0m in 0.42s]
[2025-11-14T17:30:41.545+0000] {subprocess.py:93} INFO - [0m17:30:41  8 of 10 OK created sql table model gold.gld_customer_metrics ................... [[32mOK[0m in 0.56s]
[2025-11-14T17:30:41.659+0000] {subprocess.py:93} INFO - [0m17:30:41  9 of 10 OK created sql table model gold.gld_product_performance ................ [[32mOK[0m in 0.67s]
[2025-11-14T17:30:41.669+0000] {subprocess.py:93} INFO - [0m17:30:41
[2025-11-14T17:30:41.669+0000] {subprocess.py:93} INFO - [0m17:30:41  Finished running 4 view models, 6 table models in 0 hours 0 minutes and 2.06 seconds (2.06s).
[2025-11-14T17:30:41.742+0000] {subprocess.py:93} INFO - [0m17:30:41
[2025-11-14T17:30:41.743+0000] {subprocess.py:93} INFO - [0m17:30:41  [32mCompleted successfully[0m
[2025-11-14T17:30:41.744+0000] {subprocess.py:93} INFO - [0m17:30:41
[2025-11-14T17:30:41.745+0000] {subprocess.py:93} INFO - [0m17:30:41  Done. PASS=10 WARN=0 ERROR=0 SKIP=0 TOTAL=10
[2025-11-14T17:30:43.311+0000] {subprocess.py:97} INFO - Command exited with return code 0
[2025-11-14T17:30:43.329+0000] {taskinstance.py:1398} INFO - Marking task as SUCCESS. dag_id=dbt_transform, task_id=dbt_run, execution_date=20251114T172535, start_date=20251114T173036, end_date=20251114T173043
[2025-11-14T17:30:43.352+0000] {local_task_job_runner.py:228} INFO - Task exited with return code 0
[2025-11-14T17:30:43.367+0000] {taskinstance.py:2776} INFO - 1 downstream tasks scheduled from follow-on schedule check
