[2025-11-14T20:35:36.743+0000] {taskinstance.py:1157} INFO - Dependencies all met for dep_context=non-requeueable deps ti=<TaskInstance: dbt_transform.dbt_run scheduled__2025-11-14T20:30:35.634758+00:00 [queued]>
[2025-11-14T20:35:36.750+0000] {taskinstance.py:1157} INFO - Dependencies all met for dep_context=requeueable deps ti=<TaskInstance: dbt_transform.dbt_run scheduled__2025-11-14T20:30:35.634758+00:00 [queued]>
[2025-11-14T20:35:36.750+0000] {taskinstance.py:1359} INFO - Starting attempt 1 of 2
[2025-11-14T20:35:36.759+0000] {taskinstance.py:1380} INFO - Executing <Task(BashOperator): dbt_run> on 2025-11-14 20:30:35.634758+00:00
[2025-11-14T20:35:36.763+0000] {standard_task_runner.py:57} INFO - Started process 5103 to run task
[2025-11-14T20:35:36.766+0000] {standard_task_runner.py:84} INFO - Running: ['***', 'tasks', 'run', 'dbt_transform', 'dbt_run', 'scheduled__2025-11-14T20:30:35.634758+00:00', '--job-id', '134', '--raw', '--subdir', 'DAGS_FOLDER/dbt_dag.py', '--cfg-path', '/tmp/tmps3gm3pgo']
[2025-11-14T20:35:36.769+0000] {standard_task_runner.py:85} INFO - Job 134: Subtask dbt_run
[2025-11-14T20:35:36.833+0000] {task_command.py:415} INFO - Running <TaskInstance: dbt_transform.dbt_run scheduled__2025-11-14T20:30:35.634758+00:00 [running]> on host 3f4da400579d
[2025-11-14T20:35:36.894+0000] {taskinstance.py:1660} INFO - Exporting env vars: AIRFLOW_CTX_DAG_OWNER='***' AIRFLOW_CTX_DAG_ID='dbt_transform' AIRFLOW_CTX_TASK_ID='dbt_run' AIRFLOW_CTX_EXECUTION_DATE='2025-11-14T20:30:35.634758+00:00' AIRFLOW_CTX_TRY_NUMBER='1' AIRFLOW_CTX_DAG_RUN_ID='scheduled__2025-11-14T20:30:35.634758+00:00'
[2025-11-14T20:35:36.896+0000] {subprocess.py:63} INFO - Tmp dir root location: /tmp
[2025-11-14T20:35:36.897+0000] {subprocess.py:75} INFO - Running command: ['/bin/bash', '-c', 'docker exec dbt_***_project-dbt-1 dbt run']
[2025-11-14T20:35:36.904+0000] {subprocess.py:86} INFO - Output:
[2025-11-14T20:35:38.394+0000] {subprocess.py:93} INFO - [0m20:35:38  Running with dbt=1.8.7
[2025-11-14T20:35:38.729+0000] {subprocess.py:93} INFO - [0m20:35:38  Registered adapter: sqlserver=1.8.7
[2025-11-14T20:35:39.913+0000] {subprocess.py:93} INFO - [0m20:35:39  Found 10 models, 18 data tests, 13 sources, 614 macros
[2025-11-14T20:35:39.918+0000] {subprocess.py:93} INFO - [0m20:35:39
[2025-11-14T20:35:40.086+0000] {subprocess.py:93} INFO - [0m20:35:40  Concurrency: 4 threads (target='dev')
[2025-11-14T20:35:40.087+0000] {subprocess.py:93} INFO - [0m20:35:40
[2025-11-14T20:35:40.093+0000] {subprocess.py:93} INFO - [0m20:35:40  1 of 10 START sql view model bronze.brnz_customers ............................. [RUN]
[2025-11-14T20:35:40.095+0000] {subprocess.py:93} INFO - [0m20:35:40  2 of 10 START sql view model bronze.brnz_example ............................... [RUN]
[2025-11-14T20:35:40.096+0000] {subprocess.py:93} INFO - [0m20:35:40  3 of 10 START sql view model bronze.brnz_products .............................. [RUN]
[2025-11-14T20:35:40.097+0000] {subprocess.py:93} INFO - [0m20:35:40  4 of 10 START sql view model bronze.brnz_sales_orders .......................... [RUN]
[2025-11-14T20:35:40.389+0000] {subprocess.py:93} INFO - [0m20:35:40  3 of 10 OK created sql view model bronze.brnz_products ......................... [[32mOK[0m in 0.28s]
[2025-11-14T20:35:40.392+0000] {subprocess.py:93} INFO - [0m20:35:40  1 of 10 OK created sql view model bronze.brnz_customers ........................ [[32mOK[0m in 0.29s]
[2025-11-14T20:35:40.394+0000] {subprocess.py:93} INFO - [0m20:35:40  4 of 10 OK created sql view model bronze.brnz_sales_orders ..................... [[32mOK[0m in 0.29s]
[2025-11-14T20:35:40.404+0000] {subprocess.py:93} INFO - [0m20:35:40  5 of 10 START sql table model silver.slvr_products ............................. [RUN]
[2025-11-14T20:35:40.407+0000] {subprocess.py:93} INFO - [0m20:35:40  6 of 10 START sql table model silver.slvr_customers ............................ [RUN]
[2025-11-14T20:35:40.410+0000] {subprocess.py:93} INFO - [0m20:35:40  7 of 10 START sql table model silver.slvr_sales_orders ......................... [RUN]
[2025-11-14T20:35:40.411+0000] {subprocess.py:93} INFO - [0m20:35:40  2 of 10 OK created sql view model bronze.brnz_example .......................... [[32mOK[0m in 0.31s]
[2025-11-14T20:35:40.723+0000] {subprocess.py:93} INFO - [0m20:35:40  5 of 10 OK created sql table model silver.slvr_products ........................ [[32mOK[0m in 0.31s]
[2025-11-14T20:35:40.749+0000] {subprocess.py:93} INFO - [0m20:35:40  6 of 10 OK created sql table model silver.slvr_customers ....................... [[32mOK[0m in 0.33s]
[2025-11-14T20:35:41.280+0000] {subprocess.py:93} INFO - [0m20:35:41  7 of 10 OK created sql table model silver.slvr_sales_orders .................... [[32mOK[0m in 0.86s]
[2025-11-14T20:35:41.285+0000] {subprocess.py:93} INFO - [0m20:35:41  8 of 10 START sql table model gold.gld_customer_metrics ........................ [RUN]
[2025-11-14T20:35:41.286+0000] {subprocess.py:93} INFO - [0m20:35:41  9 of 10 START sql table model gold.gld_product_performance ..................... [RUN]
[2025-11-14T20:35:41.287+0000] {subprocess.py:93} INFO - [0m20:35:41  10 of 10 START sql table model gold.gld_sales_summary .......................... [RUN]
[2025-11-14T20:35:41.812+0000] {subprocess.py:93} INFO - [0m20:35:41  8 of 10 OK created sql table model gold.gld_customer_metrics ................... [[32mOK[0m in 0.52s]
[2025-11-14T20:35:42.062+0000] {subprocess.py:93} INFO - [0m20:35:42  10 of 10 OK created sql table model gold.gld_sales_summary ..................... [[32mOK[0m in 0.77s]
[2025-11-14T20:35:42.074+0000] {subprocess.py:93} INFO - [0m20:35:42  9 of 10 OK created sql table model gold.gld_product_performance ................ [[32mOK[0m in 0.78s]
[2025-11-14T20:35:42.083+0000] {subprocess.py:93} INFO - [0m20:35:42
[2025-11-14T20:35:42.084+0000] {subprocess.py:93} INFO - [0m20:35:42  Finished running 4 view models, 6 table models in 0 hours 0 minutes and 2.16 seconds (2.16s).
[2025-11-14T20:35:42.148+0000] {subprocess.py:93} INFO - [0m20:35:42
[2025-11-14T20:35:42.149+0000] {subprocess.py:93} INFO - [0m20:35:42  [32mCompleted successfully[0m
[2025-11-14T20:35:42.150+0000] {subprocess.py:93} INFO - [0m20:35:42
[2025-11-14T20:35:42.151+0000] {subprocess.py:93} INFO - [0m20:35:42  Done. PASS=10 WARN=0 ERROR=0 SKIP=0 TOTAL=10
[2025-11-14T20:35:44.046+0000] {subprocess.py:97} INFO - Command exited with return code 0
[2025-11-14T20:35:44.063+0000] {taskinstance.py:1398} INFO - Marking task as SUCCESS. dag_id=dbt_transform, task_id=dbt_run, execution_date=20251114T203035, start_date=20251114T203536, end_date=20251114T203544
[2025-11-14T20:35:44.088+0000] {local_task_job_runner.py:228} INFO - Task exited with return code 0
[2025-11-14T20:35:44.104+0000] {taskinstance.py:2776} INFO - 1 downstream tasks scheduled from follow-on schedule check
