[2025-11-14T19:00:36.299+0000] {taskinstance.py:1157} INFO - Dependencies all met for dep_context=non-requeueable deps ti=<TaskInstance: dbt_transform.dbt_run scheduled__2025-11-14T18:55:35.634758+00:00 [queued]>
[2025-11-14T19:00:36.305+0000] {taskinstance.py:1157} INFO - Dependencies all met for dep_context=requeueable deps ti=<TaskInstance: dbt_transform.dbt_run scheduled__2025-11-14T18:55:35.634758+00:00 [queued]>
[2025-11-14T19:00:36.306+0000] {taskinstance.py:1359} INFO - Starting attempt 1 of 2
[2025-11-14T19:00:36.316+0000] {taskinstance.py:1380} INFO - Executing <Task(BashOperator): dbt_run> on 2025-11-14 18:55:35.634758+00:00
[2025-11-14T19:00:36.320+0000] {standard_task_runner.py:57} INFO - Started process 3703 to run task
[2025-11-14T19:00:36.322+0000] {standard_task_runner.py:84} INFO - Running: ['***', 'tasks', 'run', 'dbt_transform', 'dbt_run', 'scheduled__2025-11-14T18:55:35.634758+00:00', '--job-id', '96', '--raw', '--subdir', 'DAGS_FOLDER/dbt_dag.py', '--cfg-path', '/tmp/tmp1yq2mov6']
[2025-11-14T19:00:36.325+0000] {standard_task_runner.py:85} INFO - Job 96: Subtask dbt_run
[2025-11-14T19:00:36.386+0000] {task_command.py:415} INFO - Running <TaskInstance: dbt_transform.dbt_run scheduled__2025-11-14T18:55:35.634758+00:00 [running]> on host 3f4da400579d
[2025-11-14T19:00:36.447+0000] {taskinstance.py:1660} INFO - Exporting env vars: AIRFLOW_CTX_DAG_OWNER='***' AIRFLOW_CTX_DAG_ID='dbt_transform' AIRFLOW_CTX_TASK_ID='dbt_run' AIRFLOW_CTX_EXECUTION_DATE='2025-11-14T18:55:35.634758+00:00' AIRFLOW_CTX_TRY_NUMBER='1' AIRFLOW_CTX_DAG_RUN_ID='scheduled__2025-11-14T18:55:35.634758+00:00'
[2025-11-14T19:00:36.448+0000] {subprocess.py:63} INFO - Tmp dir root location: /tmp
[2025-11-14T19:00:36.450+0000] {subprocess.py:75} INFO - Running command: ['/bin/bash', '-c', 'docker exec dbt_***_project-dbt-1 dbt run']
[2025-11-14T19:00:36.458+0000] {subprocess.py:86} INFO - Output:
[2025-11-14T19:00:38.099+0000] {subprocess.py:93} INFO - [0m19:00:38  Running with dbt=1.8.7
[2025-11-14T19:00:38.499+0000] {subprocess.py:93} INFO - [0m19:00:38  Registered adapter: sqlserver=1.8.7
[2025-11-14T19:00:39.970+0000] {subprocess.py:93} INFO - [0m19:00:39  Found 10 models, 18 data tests, 13 sources, 614 macros
[2025-11-14T19:00:39.974+0000] {subprocess.py:93} INFO - [0m19:00:39
[2025-11-14T19:00:40.149+0000] {subprocess.py:93} INFO - [0m19:00:40  Concurrency: 4 threads (target='dev')
[2025-11-14T19:00:40.150+0000] {subprocess.py:93} INFO - [0m19:00:40
[2025-11-14T19:00:40.157+0000] {subprocess.py:93} INFO - [0m19:00:40  1 of 10 START sql view model bronze.brnz_customers ............................. [RUN]
[2025-11-14T19:00:40.158+0000] {subprocess.py:93} INFO - [0m19:00:40  2 of 10 START sql view model bronze.brnz_example ............................... [RUN]
[2025-11-14T19:00:40.160+0000] {subprocess.py:93} INFO - [0m19:00:40  3 of 10 START sql view model bronze.brnz_products .............................. [RUN]
[2025-11-14T19:00:40.161+0000] {subprocess.py:93} INFO - [0m19:00:40  4 of 10 START sql view model bronze.brnz_sales_orders .......................... [RUN]
[2025-11-14T19:00:40.444+0000] {subprocess.py:93} INFO - [0m19:00:40  4 of 10 OK created sql view model bronze.brnz_sales_orders ..................... [[32mOK[0m in 0.27s]
[2025-11-14T19:00:40.445+0000] {subprocess.py:93} INFO - [0m19:00:40  1 of 10 OK created sql view model bronze.brnz_customers ........................ [[32mOK[0m in 0.28s]
[2025-11-14T19:00:40.451+0000] {subprocess.py:93} INFO - [0m19:00:40  2 of 10 OK created sql view model bronze.brnz_example .......................... [[32mOK[0m in 0.28s]
[2025-11-14T19:00:40.452+0000] {subprocess.py:93} INFO - [0m19:00:40  3 of 10 OK created sql view model bronze.brnz_products ......................... [[32mOK[0m in 0.28s]
[2025-11-14T19:00:40.458+0000] {subprocess.py:93} INFO - [0m19:00:40  5 of 10 START sql table model silver.slvr_sales_orders ......................... [RUN]
[2025-11-14T19:00:40.459+0000] {subprocess.py:93} INFO - [0m19:00:40  6 of 10 START sql table model silver.slvr_customers ............................ [RUN]
[2025-11-14T19:00:40.466+0000] {subprocess.py:93} INFO - [0m19:00:40  7 of 10 START sql table model silver.slvr_products ............................. [RUN]
[2025-11-14T19:00:40.720+0000] {subprocess.py:93} INFO - [0m19:00:40  7 of 10 OK created sql table model silver.slvr_products ........................ [[32mOK[0m in 0.25s]
[2025-11-14T19:00:40.779+0000] {subprocess.py:93} INFO - [0m19:00:40  6 of 10 OK created sql table model silver.slvr_customers ....................... [[32mOK[0m in 0.31s]
[2025-11-14T19:00:41.331+0000] {subprocess.py:93} INFO - [0m19:00:41  5 of 10 OK created sql table model silver.slvr_sales_orders .................... [[32mOK[0m in 0.87s]
[2025-11-14T19:00:41.337+0000] {subprocess.py:93} INFO - [0m19:00:41  8 of 10 START sql table model gold.gld_customer_metrics ........................ [RUN]
[2025-11-14T19:00:41.338+0000] {subprocess.py:93} INFO - [0m19:00:41  9 of 10 START sql table model gold.gld_product_performance ..................... [RUN]
[2025-11-14T19:00:41.339+0000] {subprocess.py:93} INFO - [0m19:00:41  10 of 10 START sql table model gold.gld_sales_summary .......................... [RUN]
[2025-11-14T19:00:41.875+0000] {subprocess.py:93} INFO - [0m19:00:41  10 of 10 OK created sql table model gold.gld_sales_summary ..................... [[32mOK[0m in 0.53s]
[2025-11-14T19:00:41.906+0000] {subprocess.py:93} INFO - [0m19:00:41  8 of 10 OK created sql table model gold.gld_customer_metrics ................... [[32mOK[0m in 0.56s]
[2025-11-14T19:00:41.934+0000] {subprocess.py:93} INFO - [0m19:00:41  9 of 10 OK created sql table model gold.gld_product_performance ................ [[32mOK[0m in 0.59s]
[2025-11-14T19:00:41.944+0000] {subprocess.py:93} INFO - [0m19:00:41
[2025-11-14T19:00:41.945+0000] {subprocess.py:93} INFO - [0m19:00:41  Finished running 4 view models, 6 table models in 0 hours 0 minutes and 1.97 seconds (1.97s).
[2025-11-14T19:00:42.018+0000] {subprocess.py:93} INFO - [0m19:00:42
[2025-11-14T19:00:42.019+0000] {subprocess.py:93} INFO - [0m19:00:42  [32mCompleted successfully[0m
[2025-11-14T19:00:42.021+0000] {subprocess.py:93} INFO - [0m19:00:42
[2025-11-14T19:00:42.022+0000] {subprocess.py:93} INFO - [0m19:00:42  Done. PASS=10 WARN=0 ERROR=0 SKIP=0 TOTAL=10
[2025-11-14T19:00:43.548+0000] {subprocess.py:97} INFO - Command exited with return code 0
[2025-11-14T19:00:43.566+0000] {taskinstance.py:1398} INFO - Marking task as SUCCESS. dag_id=dbt_transform, task_id=dbt_run, execution_date=20251114T185535, start_date=20251114T190036, end_date=20251114T190043
[2025-11-14T19:00:43.601+0000] {local_task_job_runner.py:228} INFO - Task exited with return code 0
[2025-11-14T19:00:43.618+0000] {taskinstance.py:2776} INFO - 1 downstream tasks scheduled from follow-on schedule check
