[2025-11-15T00:20:36.404+0000] {taskinstance.py:1157} INFO - Dependencies all met for dep_context=non-requeueable deps ti=<TaskInstance: dbt_transform.dbt_run scheduled__2025-11-15T00:15:35.634758+00:00 [queued]>
[2025-11-15T00:20:36.410+0000] {taskinstance.py:1157} INFO - Dependencies all met for dep_context=requeueable deps ti=<TaskInstance: dbt_transform.dbt_run scheduled__2025-11-15T00:15:35.634758+00:00 [queued]>
[2025-11-15T00:20:36.410+0000] {taskinstance.py:1359} INFO - Starting attempt 1 of 2
[2025-11-15T00:20:36.419+0000] {taskinstance.py:1380} INFO - Executing <Task(BashOperator): dbt_run> on 2025-11-15 00:15:35.634758+00:00
[2025-11-15T00:20:36.422+0000] {standard_task_runner.py:57} INFO - Started process 8425 to run task
[2025-11-15T00:20:36.425+0000] {standard_task_runner.py:84} INFO - Running: ['***', 'tasks', 'run', 'dbt_transform', 'dbt_run', 'scheduled__2025-11-15T00:15:35.634758+00:00', '--job-id', '224', '--raw', '--subdir', 'DAGS_FOLDER/dbt_dag.py', '--cfg-path', '/tmp/tmpjmqkrqw1']
[2025-11-15T00:20:36.428+0000] {standard_task_runner.py:85} INFO - Job 224: Subtask dbt_run
[2025-11-15T00:20:36.490+0000] {task_command.py:415} INFO - Running <TaskInstance: dbt_transform.dbt_run scheduled__2025-11-15T00:15:35.634758+00:00 [running]> on host 3f4da400579d
[2025-11-15T00:20:36.553+0000] {taskinstance.py:1660} INFO - Exporting env vars: AIRFLOW_CTX_DAG_OWNER='***' AIRFLOW_CTX_DAG_ID='dbt_transform' AIRFLOW_CTX_TASK_ID='dbt_run' AIRFLOW_CTX_EXECUTION_DATE='2025-11-15T00:15:35.634758+00:00' AIRFLOW_CTX_TRY_NUMBER='1' AIRFLOW_CTX_DAG_RUN_ID='scheduled__2025-11-15T00:15:35.634758+00:00'
[2025-11-15T00:20:36.554+0000] {subprocess.py:63} INFO - Tmp dir root location: /tmp
[2025-11-15T00:20:36.556+0000] {subprocess.py:75} INFO - Running command: ['/bin/bash', '-c', 'docker exec dbt_***_project-dbt-1 dbt run']
[2025-11-15T00:20:36.564+0000] {subprocess.py:86} INFO - Output:
[2025-11-15T00:20:38.042+0000] {subprocess.py:93} INFO - [0m00:20:38  Running with dbt=1.8.7
[2025-11-15T00:20:38.378+0000] {subprocess.py:93} INFO - [0m00:20:38  Registered adapter: sqlserver=1.8.7
[2025-11-15T00:20:39.554+0000] {subprocess.py:93} INFO - [0m00:20:39  Found 10 models, 18 data tests, 13 sources, 614 macros
[2025-11-15T00:20:39.558+0000] {subprocess.py:93} INFO - [0m00:20:39
[2025-11-15T00:20:39.721+0000] {subprocess.py:93} INFO - [0m00:20:39  Concurrency: 4 threads (target='dev')
[2025-11-15T00:20:39.722+0000] {subprocess.py:93} INFO - [0m00:20:39
[2025-11-15T00:20:39.728+0000] {subprocess.py:93} INFO - [0m00:20:39  1 of 10 START sql view model bronze.brnz_customers ............................. [RUN]
[2025-11-15T00:20:39.730+0000] {subprocess.py:93} INFO - [0m00:20:39  2 of 10 START sql view model bronze.brnz_example ............................... [RUN]
[2025-11-15T00:20:39.731+0000] {subprocess.py:93} INFO - [0m00:20:39  3 of 10 START sql view model bronze.brnz_products .............................. [RUN]
[2025-11-15T00:20:39.732+0000] {subprocess.py:93} INFO - [0m00:20:39  4 of 10 START sql view model bronze.brnz_sales_orders .......................... [RUN]
[2025-11-15T00:20:40.037+0000] {subprocess.py:93} INFO - [0m00:20:40  2 of 10 OK created sql view model bronze.brnz_example .......................... [[32mOK[0m in 0.30s]
[2025-11-15T00:20:40.039+0000] {subprocess.py:93} INFO - [0m00:20:40  3 of 10 OK created sql view model bronze.brnz_products ......................... [[32mOK[0m in 0.30s]
[2025-11-15T00:20:40.051+0000] {subprocess.py:93} INFO - [0m00:20:40  1 of 10 OK created sql view model bronze.brnz_customers ........................ [[32mOK[0m in 0.31s]
[2025-11-15T00:20:40.052+0000] {subprocess.py:93} INFO - [0m00:20:40  5 of 10 START sql table model silver.slvr_products ............................. [RUN]
[2025-11-15T00:20:40.057+0000] {subprocess.py:93} INFO - [0m00:20:40  4 of 10 OK created sql view model bronze.brnz_sales_orders ..................... [[32mOK[0m in 0.32s]
[2025-11-15T00:20:40.063+0000] {subprocess.py:93} INFO - [0m00:20:40  6 of 10 START sql table model silver.slvr_customers ............................ [RUN]
[2025-11-15T00:20:40.071+0000] {subprocess.py:93} INFO - [0m00:20:40  7 of 10 START sql table model silver.slvr_sales_orders ......................... [RUN]
[2025-11-15T00:20:40.328+0000] {subprocess.py:93} INFO - [0m00:20:40  5 of 10 OK created sql table model silver.slvr_products ........................ [[32mOK[0m in 0.27s]
[2025-11-15T00:20:40.384+0000] {subprocess.py:93} INFO - [0m00:20:40  6 of 10 OK created sql table model silver.slvr_customers ....................... [[32mOK[0m in 0.31s]
[2025-11-15T00:20:40.953+0000] {subprocess.py:93} INFO - [0m00:20:40  7 of 10 OK created sql table model silver.slvr_sales_orders .................... [[32mOK[0m in 0.88s]
[2025-11-15T00:20:40.957+0000] {subprocess.py:93} INFO - [0m00:20:40  8 of 10 START sql table model gold.gld_customer_metrics ........................ [RUN]
[2025-11-15T00:20:40.958+0000] {subprocess.py:93} INFO - [0m00:20:40  9 of 10 START sql table model gold.gld_product_performance ..................... [RUN]
[2025-11-15T00:20:40.960+0000] {subprocess.py:93} INFO - [0m00:20:40  10 of 10 START sql table model gold.gld_sales_summary .......................... [RUN]
[2025-11-15T00:20:41.502+0000] {subprocess.py:93} INFO - [0m00:20:41  8 of 10 OK created sql table model gold.gld_customer_metrics ................... [[32mOK[0m in 0.54s]
[2025-11-15T00:20:41.776+0000] {subprocess.py:93} INFO - [0m00:20:41  10 of 10 OK created sql table model gold.gld_sales_summary ..................... [[32mOK[0m in 0.81s]
[2025-11-15T00:20:41.788+0000] {subprocess.py:93} INFO - [0m00:20:41  9 of 10 OK created sql table model gold.gld_product_performance ................ [[32mOK[0m in 0.83s]
[2025-11-15T00:20:41.797+0000] {subprocess.py:93} INFO - [0m00:20:41
[2025-11-15T00:20:41.798+0000] {subprocess.py:93} INFO - [0m00:20:41  Finished running 4 view models, 6 table models in 0 hours 0 minutes and 2.24 seconds (2.24s).
[2025-11-15T00:20:41.891+0000] {subprocess.py:93} INFO - [0m00:20:41
[2025-11-15T00:20:41.893+0000] {subprocess.py:93} INFO - [0m00:20:41  [32mCompleted successfully[0m
[2025-11-15T00:20:41.894+0000] {subprocess.py:93} INFO - [0m00:20:41
[2025-11-15T00:20:41.897+0000] {subprocess.py:93} INFO - [0m00:20:41  Done. PASS=10 WARN=0 ERROR=0 SKIP=0 TOTAL=10
[2025-11-15T00:20:43.638+0000] {subprocess.py:97} INFO - Command exited with return code 0
[2025-11-15T00:20:43.655+0000] {taskinstance.py:1398} INFO - Marking task as SUCCESS. dag_id=dbt_transform, task_id=dbt_run, execution_date=20251115T001535, start_date=20251115T002036, end_date=20251115T002043
[2025-11-15T00:20:43.688+0000] {local_task_job_runner.py:228} INFO - Task exited with return code 0
[2025-11-15T00:20:43.703+0000] {taskinstance.py:2776} INFO - 1 downstream tasks scheduled from follow-on schedule check
