[2025-11-14T17:10:36.265+0000] {taskinstance.py:1157} INFO - Dependencies all met for dep_context=non-requeueable deps ti=<TaskInstance: dbt_transform.dbt_run scheduled__2025-11-14T17:05:35.634758+00:00 [queued]>
[2025-11-14T17:10:36.271+0000] {taskinstance.py:1157} INFO - Dependencies all met for dep_context=requeueable deps ti=<TaskInstance: dbt_transform.dbt_run scheduled__2025-11-14T17:05:35.634758+00:00 [queued]>
[2025-11-14T17:10:36.272+0000] {taskinstance.py:1359} INFO - Starting attempt 1 of 2
[2025-11-14T17:10:36.281+0000] {taskinstance.py:1380} INFO - Executing <Task(BashOperator): dbt_run> on 2025-11-14 17:05:35.634758+00:00
[2025-11-14T17:10:36.285+0000] {standard_task_runner.py:57} INFO - Started process 2073 to run task
[2025-11-14T17:10:36.288+0000] {standard_task_runner.py:84} INFO - Running: ['***', 'tasks', 'run', 'dbt_transform', 'dbt_run', 'scheduled__2025-11-14T17:05:35.634758+00:00', '--job-id', '52', '--raw', '--subdir', 'DAGS_FOLDER/dbt_dag.py', '--cfg-path', '/tmp/tmp1mscgx5p']
[2025-11-14T17:10:36.291+0000] {standard_task_runner.py:85} INFO - Job 52: Subtask dbt_run
[2025-11-14T17:10:36.353+0000] {task_command.py:415} INFO - Running <TaskInstance: dbt_transform.dbt_run scheduled__2025-11-14T17:05:35.634758+00:00 [running]> on host 3f4da400579d
[2025-11-14T17:10:36.413+0000] {taskinstance.py:1660} INFO - Exporting env vars: AIRFLOW_CTX_DAG_OWNER='***' AIRFLOW_CTX_DAG_ID='dbt_transform' AIRFLOW_CTX_TASK_ID='dbt_run' AIRFLOW_CTX_EXECUTION_DATE='2025-11-14T17:05:35.634758+00:00' AIRFLOW_CTX_TRY_NUMBER='1' AIRFLOW_CTX_DAG_RUN_ID='scheduled__2025-11-14T17:05:35.634758+00:00'
[2025-11-14T17:10:36.415+0000] {subprocess.py:63} INFO - Tmp dir root location: /tmp
[2025-11-14T17:10:36.416+0000] {subprocess.py:75} INFO - Running command: ['/bin/bash', '-c', 'docker exec dbt_***_project-dbt-1 dbt run']
[2025-11-14T17:10:36.425+0000] {subprocess.py:86} INFO - Output:
[2025-11-14T17:10:37.990+0000] {subprocess.py:93} INFO - [0m17:10:37  Running with dbt=1.8.7
[2025-11-14T17:10:38.312+0000] {subprocess.py:93} INFO - [0m17:10:38  Registered adapter: sqlserver=1.8.7
[2025-11-14T17:10:39.492+0000] {subprocess.py:93} INFO - [0m17:10:39  Found 10 models, 18 data tests, 13 sources, 614 macros
[2025-11-14T17:10:39.496+0000] {subprocess.py:93} INFO - [0m17:10:39
[2025-11-14T17:10:39.670+0000] {subprocess.py:93} INFO - [0m17:10:39  Concurrency: 4 threads (target='dev')
[2025-11-14T17:10:39.671+0000] {subprocess.py:93} INFO - [0m17:10:39
[2025-11-14T17:10:39.677+0000] {subprocess.py:93} INFO - [0m17:10:39  1 of 10 START sql view model bronze.brnz_customers ............................. [RUN]
[2025-11-14T17:10:39.678+0000] {subprocess.py:93} INFO - [0m17:10:39  2 of 10 START sql view model bronze.brnz_example ............................... [RUN]
[2025-11-14T17:10:39.680+0000] {subprocess.py:93} INFO - [0m17:10:39  3 of 10 START sql view model bronze.brnz_products .............................. [RUN]
[2025-11-14T17:10:39.681+0000] {subprocess.py:93} INFO - [0m17:10:39  4 of 10 START sql view model bronze.brnz_sales_orders .......................... [RUN]
[2025-11-14T17:10:39.963+0000] {subprocess.py:93} INFO - [0m17:10:39  4 of 10 OK created sql view model bronze.brnz_sales_orders ..................... [[32mOK[0m in 0.27s]
[2025-11-14T17:10:39.964+0000] {subprocess.py:93} INFO - [0m17:10:39  3 of 10 OK created sql view model bronze.brnz_products ......................... [[32mOK[0m in 0.27s]
[2025-11-14T17:10:39.966+0000] {subprocess.py:93} INFO - [0m17:10:39  2 of 10 OK created sql view model bronze.brnz_example .......................... [[32mOK[0m in 0.28s]
[2025-11-14T17:10:39.970+0000] {subprocess.py:93} INFO - [0m17:10:39  1 of 10 OK created sql view model bronze.brnz_customers ........................ [[32mOK[0m in 0.28s]
[2025-11-14T17:10:39.976+0000] {subprocess.py:93} INFO - [0m17:10:39  5 of 10 START sql table model silver.slvr_sales_orders ......................... [RUN]
[2025-11-14T17:10:39.978+0000] {subprocess.py:93} INFO - [0m17:10:39  6 of 10 START sql table model silver.slvr_products ............................. [RUN]
[2025-11-14T17:10:39.982+0000] {subprocess.py:93} INFO - [0m17:10:39  7 of 10 START sql table model silver.slvr_customers ............................ [RUN]
[2025-11-14T17:10:40.230+0000] {subprocess.py:93} INFO - [0m17:10:40  6 of 10 OK created sql table model silver.slvr_products ........................ [[32mOK[0m in 0.25s]
[2025-11-14T17:10:40.294+0000] {subprocess.py:93} INFO - [0m17:10:40  7 of 10 OK created sql table model silver.slvr_customers ....................... [[32mOK[0m in 0.31s]
[2025-11-14T17:10:40.831+0000] {subprocess.py:93} INFO - [0m17:10:40  5 of 10 OK created sql table model silver.slvr_sales_orders .................... [[32mOK[0m in 0.85s]
[2025-11-14T17:10:40.836+0000] {subprocess.py:93} INFO - [0m17:10:40  8 of 10 START sql table model gold.gld_customer_metrics ........................ [RUN]
[2025-11-14T17:10:40.838+0000] {subprocess.py:93} INFO - [0m17:10:40  9 of 10 START sql table model gold.gld_product_performance ..................... [RUN]
[2025-11-14T17:10:40.839+0000] {subprocess.py:93} INFO - [0m17:10:40  10 of 10 START sql table model gold.gld_sales_summary .......................... [RUN]
[2025-11-14T17:10:41.301+0000] {subprocess.py:93} INFO - [0m17:10:41  10 of 10 OK created sql table model gold.gld_sales_summary ..................... [[32mOK[0m in 0.46s]
[2025-11-14T17:10:41.376+0000] {subprocess.py:93} INFO - [0m17:10:41  8 of 10 OK created sql table model gold.gld_customer_metrics ................... [[32mOK[0m in 0.53s]
[2025-11-14T17:10:41.418+0000] {subprocess.py:93} INFO - [0m17:10:41  9 of 10 OK created sql table model gold.gld_product_performance ................ [[32mOK[0m in 0.58s]
[2025-11-14T17:10:41.428+0000] {subprocess.py:93} INFO - [0m17:10:41
[2025-11-14T17:10:41.429+0000] {subprocess.py:93} INFO - [0m17:10:41  Finished running 4 view models, 6 table models in 0 hours 0 minutes and 1.93 seconds (1.93s).
[2025-11-14T17:10:41.501+0000] {subprocess.py:93} INFO - [0m17:10:41
[2025-11-14T17:10:41.502+0000] {subprocess.py:93} INFO - [0m17:10:41  [32mCompleted successfully[0m
[2025-11-14T17:10:41.504+0000] {subprocess.py:93} INFO - [0m17:10:41
[2025-11-14T17:10:41.505+0000] {subprocess.py:93} INFO - [0m17:10:41  Done. PASS=10 WARN=0 ERROR=0 SKIP=0 TOTAL=10
[2025-11-14T17:10:43.096+0000] {subprocess.py:97} INFO - Command exited with return code 0
[2025-11-14T17:10:43.112+0000] {taskinstance.py:1398} INFO - Marking task as SUCCESS. dag_id=dbt_transform, task_id=dbt_run, execution_date=20251114T170535, start_date=20251114T171036, end_date=20251114T171043
[2025-11-14T17:10:43.141+0000] {local_task_job_runner.py:228} INFO - Task exited with return code 0
[2025-11-14T17:10:43.156+0000] {taskinstance.py:2776} INFO - 1 downstream tasks scheduled from follow-on schedule check
