[2025-11-14T20:55:36.676+0000] {taskinstance.py:1157} INFO - Dependencies all met for dep_context=non-requeueable deps ti=<TaskInstance: dbt_transform.dbt_run scheduled__2025-11-14T20:50:35.634758+00:00 [queued]>
[2025-11-14T20:55:36.682+0000] {taskinstance.py:1157} INFO - Dependencies all met for dep_context=requeueable deps ti=<TaskInstance: dbt_transform.dbt_run scheduled__2025-11-14T20:50:35.634758+00:00 [queued]>
[2025-11-14T20:55:36.683+0000] {taskinstance.py:1359} INFO - Starting attempt 1 of 2
[2025-11-14T20:55:36.692+0000] {taskinstance.py:1380} INFO - Executing <Task(BashOperator): dbt_run> on 2025-11-14 20:50:35.634758+00:00
[2025-11-14T20:55:36.695+0000] {standard_task_runner.py:57} INFO - Started process 5400 to run task
[2025-11-14T20:55:36.698+0000] {standard_task_runner.py:84} INFO - Running: ['***', 'tasks', 'run', 'dbt_transform', 'dbt_run', 'scheduled__2025-11-14T20:50:35.634758+00:00', '--job-id', '142', '--raw', '--subdir', 'DAGS_FOLDER/dbt_dag.py', '--cfg-path', '/tmp/tmpnx1eqbtt']
[2025-11-14T20:55:36.701+0000] {standard_task_runner.py:85} INFO - Job 142: Subtask dbt_run
[2025-11-14T20:55:36.758+0000] {task_command.py:415} INFO - Running <TaskInstance: dbt_transform.dbt_run scheduled__2025-11-14T20:50:35.634758+00:00 [running]> on host 3f4da400579d
[2025-11-14T20:55:36.827+0000] {taskinstance.py:1660} INFO - Exporting env vars: AIRFLOW_CTX_DAG_OWNER='***' AIRFLOW_CTX_DAG_ID='dbt_transform' AIRFLOW_CTX_TASK_ID='dbt_run' AIRFLOW_CTX_EXECUTION_DATE='2025-11-14T20:50:35.634758+00:00' AIRFLOW_CTX_TRY_NUMBER='1' AIRFLOW_CTX_DAG_RUN_ID='scheduled__2025-11-14T20:50:35.634758+00:00'
[2025-11-14T20:55:36.829+0000] {subprocess.py:63} INFO - Tmp dir root location: /tmp
[2025-11-14T20:55:36.830+0000] {subprocess.py:75} INFO - Running command: ['/bin/bash', '-c', 'docker exec dbt_***_project-dbt-1 dbt run']
[2025-11-14T20:55:36.838+0000] {subprocess.py:86} INFO - Output:
[2025-11-14T20:55:38.445+0000] {subprocess.py:93} INFO - [0m20:55:38  Running with dbt=1.8.7
[2025-11-14T20:55:38.792+0000] {subprocess.py:93} INFO - [0m20:55:38  Registered adapter: sqlserver=1.8.7
[2025-11-14T20:55:40.208+0000] {subprocess.py:93} INFO - [0m20:55:40  Found 10 models, 18 data tests, 13 sources, 614 macros
[2025-11-14T20:55:40.211+0000] {subprocess.py:93} INFO - [0m20:55:40
[2025-11-14T20:55:40.376+0000] {subprocess.py:93} INFO - [0m20:55:40  Concurrency: 4 threads (target='dev')
[2025-11-14T20:55:40.378+0000] {subprocess.py:93} INFO - [0m20:55:40
[2025-11-14T20:55:40.384+0000] {subprocess.py:93} INFO - [0m20:55:40  1 of 10 START sql view model bronze.brnz_customers ............................. [RUN]
[2025-11-14T20:55:40.385+0000] {subprocess.py:93} INFO - [0m20:55:40  2 of 10 START sql view model bronze.brnz_example ............................... [RUN]
[2025-11-14T20:55:40.387+0000] {subprocess.py:93} INFO - [0m20:55:40  3 of 10 START sql view model bronze.brnz_products .............................. [RUN]
[2025-11-14T20:55:40.389+0000] {subprocess.py:93} INFO - [0m20:55:40  4 of 10 START sql view model bronze.brnz_sales_orders .......................... [RUN]
[2025-11-14T20:55:40.679+0000] {subprocess.py:93} INFO - [0m20:55:40  3 of 10 OK created sql view model bronze.brnz_products ......................... [[32mOK[0m in 0.28s]
[2025-11-14T20:55:40.683+0000] {subprocess.py:93} INFO - [0m20:55:40  4 of 10 OK created sql view model bronze.brnz_sales_orders ..................... [[32mOK[0m in 0.28s]
[2025-11-14T20:55:40.685+0000] {subprocess.py:93} INFO - [0m20:55:40  1 of 10 OK created sql view model bronze.brnz_customers ........................ [[32mOK[0m in 0.29s]
[2025-11-14T20:55:40.686+0000] {subprocess.py:93} INFO - [0m20:55:40  2 of 10 OK created sql view model bronze.brnz_example .......................... [[32mOK[0m in 0.29s]
[2025-11-14T20:55:40.693+0000] {subprocess.py:93} INFO - [0m20:55:40  5 of 10 START sql table model silver.slvr_products ............................. [RUN]
[2025-11-14T20:55:40.696+0000] {subprocess.py:93} INFO - [0m20:55:40  6 of 10 START sql table model silver.slvr_sales_orders ......................... [RUN]
[2025-11-14T20:55:40.698+0000] {subprocess.py:93} INFO - [0m20:55:40  7 of 10 START sql table model silver.slvr_customers ............................ [RUN]
[2025-11-14T20:55:40.916+0000] {subprocess.py:93} INFO - [0m20:55:40  5 of 10 OK created sql table model silver.slvr_products ........................ [[32mOK[0m in 0.22s]
[2025-11-14T20:55:40.977+0000] {subprocess.py:93} INFO - [0m20:55:40  7 of 10 OK created sql table model silver.slvr_customers ....................... [[32mOK[0m in 0.27s]
[2025-11-14T20:55:41.536+0000] {subprocess.py:93} INFO - [0m20:55:41  6 of 10 OK created sql table model silver.slvr_sales_orders .................... [[32mOK[0m in 0.83s]
[2025-11-14T20:55:41.540+0000] {subprocess.py:93} INFO - [0m20:55:41  8 of 10 START sql table model gold.gld_customer_metrics ........................ [RUN]
[2025-11-14T20:55:41.541+0000] {subprocess.py:93} INFO - [0m20:55:41  9 of 10 START sql table model gold.gld_product_performance ..................... [RUN]
[2025-11-14T20:55:41.542+0000] {subprocess.py:93} INFO - [0m20:55:41  10 of 10 START sql table model gold.gld_sales_summary .......................... [RUN]
[2025-11-14T20:55:41.934+0000] {subprocess.py:93} INFO - [0m20:55:41  10 of 10 OK created sql table model gold.gld_sales_summary ..................... [[32mOK[0m in 0.39s]
[2025-11-14T20:55:42.120+0000] {subprocess.py:93} INFO - [0m20:55:42  9 of 10 OK created sql table model gold.gld_product_performance ................ [[32mOK[0m in 0.57s]
[2025-11-14T20:55:42.122+0000] {subprocess.py:93} INFO - [0m20:55:42  8 of 10 OK created sql table model gold.gld_customer_metrics ................... [[32mOK[0m in 0.58s]
[2025-11-14T20:55:42.132+0000] {subprocess.py:93} INFO - [0m20:55:42
[2025-11-14T20:55:42.133+0000] {subprocess.py:93} INFO - [0m20:55:42  Finished running 4 view models, 6 table models in 0 hours 0 minutes and 1.92 seconds (1.92s).
[2025-11-14T20:55:42.208+0000] {subprocess.py:93} INFO - [0m20:55:42
[2025-11-14T20:55:42.209+0000] {subprocess.py:93} INFO - [0m20:55:42  [32mCompleted successfully[0m
[2025-11-14T20:55:42.212+0000] {subprocess.py:93} INFO - [0m20:55:42
[2025-11-14T20:55:42.212+0000] {subprocess.py:93} INFO - [0m20:55:42  Done. PASS=10 WARN=0 ERROR=0 SKIP=0 TOTAL=10
[2025-11-14T20:55:43.761+0000] {subprocess.py:97} INFO - Command exited with return code 0
[2025-11-14T20:55:43.778+0000] {taskinstance.py:1398} INFO - Marking task as SUCCESS. dag_id=dbt_transform, task_id=dbt_run, execution_date=20251114T205035, start_date=20251114T205536, end_date=20251114T205543
[2025-11-14T20:55:43.801+0000] {local_task_job_runner.py:228} INFO - Task exited with return code 0
[2025-11-14T20:55:43.817+0000] {taskinstance.py:2776} INFO - 1 downstream tasks scheduled from follow-on schedule check
