[2025-11-14T18:30:36.670+0000] {taskinstance.py:1157} INFO - Dependencies all met for dep_context=non-requeueable deps ti=<TaskInstance: dbt_transform.dbt_run scheduled__2025-11-14T18:25:35.634758+00:00 [queued]>
[2025-11-14T18:30:36.676+0000] {taskinstance.py:1157} INFO - Dependencies all met for dep_context=requeueable deps ti=<TaskInstance: dbt_transform.dbt_run scheduled__2025-11-14T18:25:35.634758+00:00 [queued]>
[2025-11-14T18:30:36.677+0000] {taskinstance.py:1359} INFO - Starting attempt 1 of 2
[2025-11-14T18:30:36.686+0000] {taskinstance.py:1380} INFO - Executing <Task(BashOperator): dbt_run> on 2025-11-14 18:25:35.634758+00:00
[2025-11-14T18:30:36.690+0000] {standard_task_runner.py:57} INFO - Started process 3263 to run task
[2025-11-14T18:30:36.693+0000] {standard_task_runner.py:84} INFO - Running: ['***', 'tasks', 'run', 'dbt_transform', 'dbt_run', 'scheduled__2025-11-14T18:25:35.634758+00:00', '--job-id', '84', '--raw', '--subdir', 'DAGS_FOLDER/dbt_dag.py', '--cfg-path', '/tmp/tmpyh4g42vy']
[2025-11-14T18:30:36.696+0000] {standard_task_runner.py:85} INFO - Job 84: Subtask dbt_run
[2025-11-14T18:30:36.756+0000] {task_command.py:415} INFO - Running <TaskInstance: dbt_transform.dbt_run scheduled__2025-11-14T18:25:35.634758+00:00 [running]> on host 3f4da400579d
[2025-11-14T18:30:36.816+0000] {taskinstance.py:1660} INFO - Exporting env vars: AIRFLOW_CTX_DAG_OWNER='***' AIRFLOW_CTX_DAG_ID='dbt_transform' AIRFLOW_CTX_TASK_ID='dbt_run' AIRFLOW_CTX_EXECUTION_DATE='2025-11-14T18:25:35.634758+00:00' AIRFLOW_CTX_TRY_NUMBER='1' AIRFLOW_CTX_DAG_RUN_ID='scheduled__2025-11-14T18:25:35.634758+00:00'
[2025-11-14T18:30:36.818+0000] {subprocess.py:63} INFO - Tmp dir root location: /tmp
[2025-11-14T18:30:36.819+0000] {subprocess.py:75} INFO - Running command: ['/bin/bash', '-c', 'docker exec dbt_***_project-dbt-1 dbt run']
[2025-11-14T18:30:36.827+0000] {subprocess.py:86} INFO - Output:
[2025-11-14T18:30:38.499+0000] {subprocess.py:93} INFO - [0m18:30:38  Running with dbt=1.8.7
[2025-11-14T18:30:38.858+0000] {subprocess.py:93} INFO - [0m18:30:38  Registered adapter: sqlserver=1.8.7
[2025-11-14T18:30:40.111+0000] {subprocess.py:93} INFO - [0m18:30:40  Found 10 models, 18 data tests, 13 sources, 614 macros
[2025-11-14T18:30:40.115+0000] {subprocess.py:93} INFO - [0m18:30:40
[2025-11-14T18:30:40.300+0000] {subprocess.py:93} INFO - [0m18:30:40  Concurrency: 4 threads (target='dev')
[2025-11-14T18:30:40.301+0000] {subprocess.py:93} INFO - [0m18:30:40
[2025-11-14T18:30:40.309+0000] {subprocess.py:93} INFO - [0m18:30:40  1 of 10 START sql view model bronze.brnz_customers ............................. [RUN]
[2025-11-14T18:30:40.311+0000] {subprocess.py:93} INFO - [0m18:30:40  2 of 10 START sql view model bronze.brnz_example ............................... [RUN]
[2025-11-14T18:30:40.312+0000] {subprocess.py:93} INFO - [0m18:30:40  3 of 10 START sql view model bronze.brnz_products .............................. [RUN]
[2025-11-14T18:30:40.314+0000] {subprocess.py:93} INFO - [0m18:30:40  4 of 10 START sql view model bronze.brnz_sales_orders .......................... [RUN]
[2025-11-14T18:30:40.611+0000] {subprocess.py:93} INFO - [0m18:30:40  3 of 10 OK created sql view model bronze.brnz_products ......................... [[32mOK[0m in 0.29s]
[2025-11-14T18:30:40.618+0000] {subprocess.py:93} INFO - [0m18:30:40  2 of 10 OK created sql view model bronze.brnz_example .......................... [[32mOK[0m in 0.30s]
[2025-11-14T18:30:40.626+0000] {subprocess.py:93} INFO - [0m18:30:40  5 of 10 START sql table model silver.slvr_products ............................. [RUN]
[2025-11-14T18:30:40.634+0000] {subprocess.py:93} INFO - [0m18:30:40  1 of 10 OK created sql view model bronze.brnz_customers ........................ [[32mOK[0m in 0.32s]
[2025-11-14T18:30:40.635+0000] {subprocess.py:93} INFO - [0m18:30:40  4 of 10 OK created sql view model bronze.brnz_sales_orders ..................... [[32mOK[0m in 0.31s]
[2025-11-14T18:30:40.646+0000] {subprocess.py:93} INFO - [0m18:30:40  6 of 10 START sql table model silver.slvr_customers ............................ [RUN]
[2025-11-14T18:30:40.648+0000] {subprocess.py:93} INFO - [0m18:30:40  7 of 10 START sql table model silver.slvr_sales_orders ......................... [RUN]
[2025-11-14T18:30:40.900+0000] {subprocess.py:93} INFO - [0m18:30:40  5 of 10 OK created sql table model silver.slvr_products ........................ [[32mOK[0m in 0.27s]
[2025-11-14T18:30:40.963+0000] {subprocess.py:93} INFO - [0m18:30:40  6 of 10 OK created sql table model silver.slvr_customers ....................... [[32mOK[0m in 0.31s]
[2025-11-14T18:30:41.549+0000] {subprocess.py:93} INFO - [0m18:30:41  7 of 10 OK created sql table model silver.slvr_sales_orders .................... [[32mOK[0m in 0.90s]
[2025-11-14T18:30:41.553+0000] {subprocess.py:93} INFO - [0m18:30:41  8 of 10 START sql table model gold.gld_customer_metrics ........................ [RUN]
[2025-11-14T18:30:41.555+0000] {subprocess.py:93} INFO - [0m18:30:41  9 of 10 START sql table model gold.gld_product_performance ..................... [RUN]
[2025-11-14T18:30:41.557+0000] {subprocess.py:93} INFO - [0m18:30:41  10 of 10 START sql table model gold.gld_sales_summary .......................... [RUN]
[2025-11-14T18:30:42.080+0000] {subprocess.py:93} INFO - [0m18:30:42  8 of 10 OK created sql table model gold.gld_customer_metrics ................... [[32mOK[0m in 0.52s]
[2025-11-14T18:30:42.331+0000] {subprocess.py:93} INFO - [0m18:30:42  10 of 10 OK created sql table model gold.gld_sales_summary ..................... [[32mOK[0m in 0.77s]
[2025-11-14T18:30:42.351+0000] {subprocess.py:93} INFO - [0m18:30:42  9 of 10 OK created sql table model gold.gld_product_performance ................ [[32mOK[0m in 0.79s]
[2025-11-14T18:30:42.360+0000] {subprocess.py:93} INFO - [0m18:30:42
[2025-11-14T18:30:42.361+0000] {subprocess.py:93} INFO - [0m18:30:42  Finished running 4 view models, 6 table models in 0 hours 0 minutes and 2.24 seconds (2.24s).
[2025-11-14T18:30:42.423+0000] {subprocess.py:93} INFO - [0m18:30:42
[2025-11-14T18:30:42.424+0000] {subprocess.py:93} INFO - [0m18:30:42  [32mCompleted successfully[0m
[2025-11-14T18:30:42.426+0000] {subprocess.py:93} INFO - [0m18:30:42
[2025-11-14T18:30:42.427+0000] {subprocess.py:93} INFO - [0m18:30:42  Done. PASS=10 WARN=0 ERROR=0 SKIP=0 TOTAL=10
[2025-11-14T18:30:44.463+0000] {subprocess.py:97} INFO - Command exited with return code 0
[2025-11-14T18:30:44.481+0000] {taskinstance.py:1398} INFO - Marking task as SUCCESS. dag_id=dbt_transform, task_id=dbt_run, execution_date=20251114T182535, start_date=20251114T183036, end_date=20251114T183044
[2025-11-14T18:30:44.522+0000] {local_task_job_runner.py:228} INFO - Task exited with return code 0
[2025-11-14T18:30:44.537+0000] {taskinstance.py:2776} INFO - 1 downstream tasks scheduled from follow-on schedule check
