[2025-11-15T01:25:37.119+0000] {taskinstance.py:1157} INFO - Dependencies all met for dep_context=non-requeueable deps ti=<TaskInstance: dbt_transform.dbt_run scheduled__2025-11-15T01:20:35.634758+00:00 [queued]>
[2025-11-15T01:25:37.125+0000] {taskinstance.py:1157} INFO - Dependencies all met for dep_context=requeueable deps ti=<TaskInstance: dbt_transform.dbt_run scheduled__2025-11-15T01:20:35.634758+00:00 [queued]>
[2025-11-15T01:25:37.126+0000] {taskinstance.py:1359} INFO - Starting attempt 1 of 2
[2025-11-15T01:25:37.134+0000] {taskinstance.py:1380} INFO - Executing <Task(BashOperator): dbt_run> on 2025-11-15 01:20:35.634758+00:00
[2025-11-15T01:25:37.137+0000] {standard_task_runner.py:57} INFO - Started process 9380 to run task
[2025-11-15T01:25:37.140+0000] {standard_task_runner.py:84} INFO - Running: ['***', 'tasks', 'run', 'dbt_transform', 'dbt_run', 'scheduled__2025-11-15T01:20:35.634758+00:00', '--job-id', '250', '--raw', '--subdir', 'DAGS_FOLDER/dbt_dag.py', '--cfg-path', '/tmp/tmplp9kems7']
[2025-11-15T01:25:37.143+0000] {standard_task_runner.py:85} INFO - Job 250: Subtask dbt_run
[2025-11-15T01:25:37.204+0000] {task_command.py:415} INFO - Running <TaskInstance: dbt_transform.dbt_run scheduled__2025-11-15T01:20:35.634758+00:00 [running]> on host 3f4da400579d
[2025-11-15T01:25:37.266+0000] {taskinstance.py:1660} INFO - Exporting env vars: AIRFLOW_CTX_DAG_OWNER='***' AIRFLOW_CTX_DAG_ID='dbt_transform' AIRFLOW_CTX_TASK_ID='dbt_run' AIRFLOW_CTX_EXECUTION_DATE='2025-11-15T01:20:35.634758+00:00' AIRFLOW_CTX_TRY_NUMBER='1' AIRFLOW_CTX_DAG_RUN_ID='scheduled__2025-11-15T01:20:35.634758+00:00'
[2025-11-15T01:25:37.268+0000] {subprocess.py:63} INFO - Tmp dir root location: /tmp
[2025-11-15T01:25:37.269+0000] {subprocess.py:75} INFO - Running command: ['/bin/bash', '-c', 'docker exec dbt_***_project-dbt-1 dbt run']
[2025-11-15T01:25:37.277+0000] {subprocess.py:86} INFO - Output:
[2025-11-15T01:25:38.825+0000] {subprocess.py:93} INFO - [0m01:25:38  Running with dbt=1.8.7
[2025-11-15T01:25:39.157+0000] {subprocess.py:93} INFO - [0m01:25:39  Registered adapter: sqlserver=1.8.7
[2025-11-15T01:25:40.353+0000] {subprocess.py:93} INFO - [0m01:25:40  Found 10 models, 18 data tests, 13 sources, 614 macros
[2025-11-15T01:25:40.358+0000] {subprocess.py:93} INFO - [0m01:25:40
[2025-11-15T01:25:40.560+0000] {subprocess.py:93} INFO - [0m01:25:40  Concurrency: 4 threads (target='dev')
[2025-11-15T01:25:40.560+0000] {subprocess.py:93} INFO - [0m01:25:40
[2025-11-15T01:25:40.567+0000] {subprocess.py:93} INFO - [0m01:25:40  1 of 10 START sql view model bronze.brnz_customers ............................. [RUN]
[2025-11-15T01:25:40.568+0000] {subprocess.py:93} INFO - [0m01:25:40  2 of 10 START sql view model bronze.brnz_example ............................... [RUN]
[2025-11-15T01:25:40.569+0000] {subprocess.py:93} INFO - [0m01:25:40  3 of 10 START sql view model bronze.brnz_products .............................. [RUN]
[2025-11-15T01:25:40.570+0000] {subprocess.py:93} INFO - [0m01:25:40  4 of 10 START sql view model bronze.brnz_sales_orders .......................... [RUN]
[2025-11-15T01:25:40.868+0000] {subprocess.py:93} INFO - [0m01:25:40  2 of 10 OK created sql view model bronze.brnz_example .......................... [[32mOK[0m in 0.29s]
[2025-11-15T01:25:40.880+0000] {subprocess.py:93} INFO - [0m01:25:40  3 of 10 OK created sql view model bronze.brnz_products ......................... [[32mOK[0m in 0.30s]
[2025-11-15T01:25:40.881+0000] {subprocess.py:93} INFO - [0m01:25:40  1 of 10 OK created sql view model bronze.brnz_customers ........................ [[32mOK[0m in 0.30s]
[2025-11-15T01:25:40.883+0000] {subprocess.py:93} INFO - [0m01:25:40  4 of 10 OK created sql view model bronze.brnz_sales_orders ..................... [[32mOK[0m in 0.30s]
[2025-11-15T01:25:40.891+0000] {subprocess.py:93} INFO - [0m01:25:40  5 of 10 START sql table model silver.slvr_products ............................. [RUN]
[2025-11-15T01:25:40.892+0000] {subprocess.py:93} INFO - [0m01:25:40  6 of 10 START sql table model silver.slvr_customers ............................ [RUN]
[2025-11-15T01:25:40.894+0000] {subprocess.py:93} INFO - [0m01:25:40  7 of 10 START sql table model silver.slvr_sales_orders ......................... [RUN]
[2025-11-15T01:25:41.244+0000] {subprocess.py:93} INFO - [0m01:25:41  6 of 10 OK created sql table model silver.slvr_customers ....................... [[32mOK[0m in 0.34s]
[2025-11-15T01:25:41.245+0000] {subprocess.py:93} INFO - [0m01:25:41  5 of 10 OK created sql table model silver.slvr_products ........................ [[32mOK[0m in 0.35s]
[2025-11-15T01:25:41.781+0000] {subprocess.py:93} INFO - [0m01:25:41  7 of 10 OK created sql table model silver.slvr_sales_orders .................... [[32mOK[0m in 0.88s]
[2025-11-15T01:25:41.786+0000] {subprocess.py:93} INFO - [0m01:25:41  8 of 10 START sql table model gold.gld_customer_metrics ........................ [RUN]
[2025-11-15T01:25:41.788+0000] {subprocess.py:93} INFO - [0m01:25:41  9 of 10 START sql table model gold.gld_product_performance ..................... [RUN]
[2025-11-15T01:25:41.790+0000] {subprocess.py:93} INFO - [0m01:25:41  10 of 10 START sql table model gold.gld_sales_summary .......................... [RUN]
[2025-11-15T01:25:42.256+0000] {subprocess.py:93} INFO - [0m01:25:42  10 of 10 OK created sql table model gold.gld_sales_summary ..................... [[32mOK[0m in 0.46s]
[2025-11-15T01:25:42.367+0000] {subprocess.py:93} INFO - [0m01:25:42  8 of 10 OK created sql table model gold.gld_customer_metrics ................... [[32mOK[0m in 0.57s]
[2025-11-15T01:25:42.484+0000] {subprocess.py:93} INFO - [0m01:25:42  9 of 10 OK created sql table model gold.gld_product_performance ................ [[32mOK[0m in 0.69s]
[2025-11-15T01:25:42.493+0000] {subprocess.py:93} INFO - [0m01:25:42
[2025-11-15T01:25:42.494+0000] {subprocess.py:93} INFO - [0m01:25:42  Finished running 4 view models, 6 table models in 0 hours 0 minutes and 2.13 seconds (2.13s).
[2025-11-15T01:25:42.572+0000] {subprocess.py:93} INFO - [0m01:25:42
[2025-11-15T01:25:42.574+0000] {subprocess.py:93} INFO - [0m01:25:42  [32mCompleted successfully[0m
[2025-11-15T01:25:42.575+0000] {subprocess.py:93} INFO - [0m01:25:42
[2025-11-15T01:25:42.577+0000] {subprocess.py:93} INFO - [0m01:25:42  Done. PASS=10 WARN=0 ERROR=0 SKIP=0 TOTAL=10
[2025-11-15T01:25:44.107+0000] {subprocess.py:97} INFO - Command exited with return code 0
[2025-11-15T01:25:44.126+0000] {taskinstance.py:1398} INFO - Marking task as SUCCESS. dag_id=dbt_transform, task_id=dbt_run, execution_date=20251115T012035, start_date=20251115T012537, end_date=20251115T012544
[2025-11-15T01:25:44.141+0000] {local_task_job_runner.py:228} INFO - Task exited with return code 0
[2025-11-15T01:25:44.157+0000] {taskinstance.py:2776} INFO - 1 downstream tasks scheduled from follow-on schedule check
