[2025-11-14T19:50:36.414+0000] {taskinstance.py:1157} INFO - Dependencies all met for dep_context=non-requeueable deps ti=<TaskInstance: dbt_transform.dbt_run scheduled__2025-11-14T19:45:35.634758+00:00 [queued]>
[2025-11-14T19:50:36.420+0000] {taskinstance.py:1157} INFO - Dependencies all met for dep_context=requeueable deps ti=<TaskInstance: dbt_transform.dbt_run scheduled__2025-11-14T19:45:35.634758+00:00 [queued]>
[2025-11-14T19:50:36.421+0000] {taskinstance.py:1359} INFO - Starting attempt 1 of 2
[2025-11-14T19:50:36.430+0000] {taskinstance.py:1380} INFO - Executing <Task(BashOperator): dbt_run> on 2025-11-14 19:45:35.634758+00:00
[2025-11-14T19:50:36.434+0000] {standard_task_runner.py:57} INFO - Started process 4444 to run task
[2025-11-14T19:50:36.436+0000] {standard_task_runner.py:84} INFO - Running: ['***', 'tasks', 'run', 'dbt_transform', 'dbt_run', 'scheduled__2025-11-14T19:45:35.634758+00:00', '--job-id', '116', '--raw', '--subdir', 'DAGS_FOLDER/dbt_dag.py', '--cfg-path', '/tmp/tmpcqgz_r7p']
[2025-11-14T19:50:36.439+0000] {standard_task_runner.py:85} INFO - Job 116: Subtask dbt_run
[2025-11-14T19:50:36.500+0000] {task_command.py:415} INFO - Running <TaskInstance: dbt_transform.dbt_run scheduled__2025-11-14T19:45:35.634758+00:00 [running]> on host 3f4da400579d
[2025-11-14T19:50:36.561+0000] {taskinstance.py:1660} INFO - Exporting env vars: AIRFLOW_CTX_DAG_OWNER='***' AIRFLOW_CTX_DAG_ID='dbt_transform' AIRFLOW_CTX_TASK_ID='dbt_run' AIRFLOW_CTX_EXECUTION_DATE='2025-11-14T19:45:35.634758+00:00' AIRFLOW_CTX_TRY_NUMBER='1' AIRFLOW_CTX_DAG_RUN_ID='scheduled__2025-11-14T19:45:35.634758+00:00'
[2025-11-14T19:50:36.563+0000] {subprocess.py:63} INFO - Tmp dir root location: /tmp
[2025-11-14T19:50:36.564+0000] {subprocess.py:75} INFO - Running command: ['/bin/bash', '-c', 'docker exec dbt_***_project-dbt-1 dbt run']
[2025-11-14T19:50:36.571+0000] {subprocess.py:86} INFO - Output:
[2025-11-14T19:50:38.092+0000] {subprocess.py:93} INFO - [0m19:50:38  Running with dbt=1.8.7
[2025-11-14T19:50:38.423+0000] {subprocess.py:93} INFO - [0m19:50:38  Registered adapter: sqlserver=1.8.7
[2025-11-14T19:50:39.749+0000] {subprocess.py:93} INFO - [0m19:50:39  Found 10 models, 18 data tests, 13 sources, 614 macros
[2025-11-14T19:50:39.754+0000] {subprocess.py:93} INFO - [0m19:50:39
[2025-11-14T19:50:39.923+0000] {subprocess.py:93} INFO - [0m19:50:39  Concurrency: 4 threads (target='dev')
[2025-11-14T19:50:39.924+0000] {subprocess.py:93} INFO - [0m19:50:39
[2025-11-14T19:50:39.931+0000] {subprocess.py:93} INFO - [0m19:50:39  1 of 10 START sql view model bronze.brnz_customers ............................. [RUN]
[2025-11-14T19:50:39.933+0000] {subprocess.py:93} INFO - [0m19:50:39  2 of 10 START sql view model bronze.brnz_example ............................... [RUN]
[2025-11-14T19:50:39.934+0000] {subprocess.py:93} INFO - [0m19:50:39  3 of 10 START sql view model bronze.brnz_products .............................. [RUN]
[2025-11-14T19:50:39.936+0000] {subprocess.py:93} INFO - [0m19:50:39  4 of 10 START sql view model bronze.brnz_sales_orders .......................... [RUN]
[2025-11-14T19:50:40.250+0000] {subprocess.py:93} INFO - [0m19:50:40  4 of 10 OK created sql view model bronze.brnz_sales_orders ..................... [[32mOK[0m in 0.30s]
[2025-11-14T19:50:40.257+0000] {subprocess.py:93} INFO - [0m19:50:40  3 of 10 OK created sql view model bronze.brnz_products ......................... [[32mOK[0m in 0.31s]
[2025-11-14T19:50:40.259+0000] {subprocess.py:93} INFO - [0m19:50:40  2 of 10 OK created sql view model bronze.brnz_example .......................... [[32mOK[0m in 0.31s]
[2025-11-14T19:50:40.263+0000] {subprocess.py:93} INFO - [0m19:50:40  1 of 10 OK created sql view model bronze.brnz_customers ........................ [[32mOK[0m in 0.32s]
[2025-11-14T19:50:40.266+0000] {subprocess.py:93} INFO - [0m19:50:40  5 of 10 START sql table model silver.slvr_sales_orders ......................... [RUN]
[2025-11-14T19:50:40.272+0000] {subprocess.py:93} INFO - [0m19:50:40  6 of 10 START sql table model silver.slvr_products ............................. [RUN]
[2025-11-14T19:50:40.276+0000] {subprocess.py:93} INFO - [0m19:50:40  7 of 10 START sql table model silver.slvr_customers ............................ [RUN]
[2025-11-14T19:50:40.491+0000] {subprocess.py:93} INFO - [0m19:50:40  6 of 10 OK created sql table model silver.slvr_products ........................ [[32mOK[0m in 0.21s]
[2025-11-14T19:50:40.563+0000] {subprocess.py:93} INFO - [0m19:50:40  7 of 10 OK created sql table model silver.slvr_customers ....................... [[32mOK[0m in 0.28s]
[2025-11-14T19:50:41.114+0000] {subprocess.py:93} INFO - [0m19:50:41  5 of 10 OK created sql table model silver.slvr_sales_orders .................... [[32mOK[0m in 0.84s]
[2025-11-14T19:50:41.118+0000] {subprocess.py:93} INFO - [0m19:50:41  8 of 10 START sql table model gold.gld_customer_metrics ........................ [RUN]
[2025-11-14T19:50:41.119+0000] {subprocess.py:93} INFO - [0m19:50:41  9 of 10 START sql table model gold.gld_product_performance ..................... [RUN]
[2025-11-14T19:50:41.120+0000] {subprocess.py:93} INFO - [0m19:50:41  10 of 10 START sql table model gold.gld_sales_summary .......................... [RUN]
[2025-11-14T19:50:41.614+0000] {subprocess.py:93} INFO - [0m19:50:41  10 of 10 OK created sql table model gold.gld_sales_summary ..................... [[32mOK[0m in 0.49s]
[2025-11-14T19:50:41.666+0000] {subprocess.py:93} INFO - [0m19:50:41  8 of 10 OK created sql table model gold.gld_customer_metrics ................... [[32mOK[0m in 0.54s]
[2025-11-14T19:50:41.701+0000] {subprocess.py:93} INFO - [0m19:50:41  9 of 10 OK created sql table model gold.gld_product_performance ................ [[32mOK[0m in 0.58s]
[2025-11-14T19:50:41.710+0000] {subprocess.py:93} INFO - [0m19:50:41
[2025-11-14T19:50:41.711+0000] {subprocess.py:93} INFO - [0m19:50:41  Finished running 4 view models, 6 table models in 0 hours 0 minutes and 1.96 seconds (1.96s).
[2025-11-14T19:50:41.775+0000] {subprocess.py:93} INFO - [0m19:50:41
[2025-11-14T19:50:41.776+0000] {subprocess.py:93} INFO - [0m19:50:41  [32mCompleted successfully[0m
[2025-11-14T19:50:41.777+0000] {subprocess.py:93} INFO - [0m19:50:41
[2025-11-14T19:50:41.779+0000] {subprocess.py:93} INFO - [0m19:50:41  Done. PASS=10 WARN=0 ERROR=0 SKIP=0 TOTAL=10
[2025-11-14T19:50:43.748+0000] {subprocess.py:97} INFO - Command exited with return code 0
[2025-11-14T19:50:43.765+0000] {taskinstance.py:1398} INFO - Marking task as SUCCESS. dag_id=dbt_transform, task_id=dbt_run, execution_date=20251114T194535, start_date=20251114T195036, end_date=20251114T195043
[2025-11-14T19:50:43.802+0000] {local_task_job_runner.py:228} INFO - Task exited with return code 0
[2025-11-14T19:50:43.819+0000] {taskinstance.py:2776} INFO - 1 downstream tasks scheduled from follow-on schedule check
