[2025-11-14T23:05:36.350+0000] {taskinstance.py:1157} INFO - Dependencies all met for dep_context=non-requeueable deps ti=<TaskInstance: dbt_transform.dbt_run scheduled__2025-11-14T23:00:35.634758+00:00 [queued]>
[2025-11-14T23:05:36.356+0000] {taskinstance.py:1157} INFO - Dependencies all met for dep_context=requeueable deps ti=<TaskInstance: dbt_transform.dbt_run scheduled__2025-11-14T23:00:35.634758+00:00 [queued]>
[2025-11-14T23:05:36.357+0000] {taskinstance.py:1359} INFO - Starting attempt 1 of 2
[2025-11-14T23:05:36.365+0000] {taskinstance.py:1380} INFO - Executing <Task(BashOperator): dbt_run> on 2025-11-14 23:00:35.634758+00:00
[2025-11-14T23:05:36.369+0000] {standard_task_runner.py:57} INFO - Started process 7319 to run task
[2025-11-14T23:05:36.371+0000] {standard_task_runner.py:84} INFO - Running: ['***', 'tasks', 'run', 'dbt_transform', 'dbt_run', 'scheduled__2025-11-14T23:00:35.634758+00:00', '--job-id', '194', '--raw', '--subdir', 'DAGS_FOLDER/dbt_dag.py', '--cfg-path', '/tmp/tmpxsmvp1t4']
[2025-11-14T23:05:36.374+0000] {standard_task_runner.py:85} INFO - Job 194: Subtask dbt_run
[2025-11-14T23:05:36.433+0000] {task_command.py:415} INFO - Running <TaskInstance: dbt_transform.dbt_run scheduled__2025-11-14T23:00:35.634758+00:00 [running]> on host 3f4da400579d
[2025-11-14T23:05:36.499+0000] {taskinstance.py:1660} INFO - Exporting env vars: AIRFLOW_CTX_DAG_OWNER='***' AIRFLOW_CTX_DAG_ID='dbt_transform' AIRFLOW_CTX_TASK_ID='dbt_run' AIRFLOW_CTX_EXECUTION_DATE='2025-11-14T23:00:35.634758+00:00' AIRFLOW_CTX_TRY_NUMBER='1' AIRFLOW_CTX_DAG_RUN_ID='scheduled__2025-11-14T23:00:35.634758+00:00'
[2025-11-14T23:05:36.501+0000] {subprocess.py:63} INFO - Tmp dir root location: /tmp
[2025-11-14T23:05:36.503+0000] {subprocess.py:75} INFO - Running command: ['/bin/bash', '-c', 'docker exec dbt_***_project-dbt-1 dbt run']
[2025-11-14T23:05:36.512+0000] {subprocess.py:86} INFO - Output:
[2025-11-14T23:05:38.059+0000] {subprocess.py:93} INFO - [0m23:05:38  Running with dbt=1.8.7
[2025-11-14T23:05:38.430+0000] {subprocess.py:93} INFO - [0m23:05:38  Registered adapter: sqlserver=1.8.7
[2025-11-14T23:05:39.905+0000] {subprocess.py:93} INFO - [0m23:05:39  Found 10 models, 18 data tests, 13 sources, 614 macros
[2025-11-14T23:05:39.909+0000] {subprocess.py:93} INFO - [0m23:05:39
[2025-11-14T23:05:40.107+0000] {subprocess.py:93} INFO - [0m23:05:40  Concurrency: 4 threads (target='dev')
[2025-11-14T23:05:40.108+0000] {subprocess.py:93} INFO - [0m23:05:40
[2025-11-14T23:05:40.114+0000] {subprocess.py:93} INFO - [0m23:05:40  1 of 10 START sql view model bronze.brnz_customers ............................. [RUN]
[2025-11-14T23:05:40.115+0000] {subprocess.py:93} INFO - [0m23:05:40  2 of 10 START sql view model bronze.brnz_example ............................... [RUN]
[2025-11-14T23:05:40.116+0000] {subprocess.py:93} INFO - [0m23:05:40  3 of 10 START sql view model bronze.brnz_products .............................. [RUN]
[2025-11-14T23:05:40.117+0000] {subprocess.py:93} INFO - [0m23:05:40  4 of 10 START sql view model bronze.brnz_sales_orders .......................... [RUN]
[2025-11-14T23:05:40.397+0000] {subprocess.py:93} INFO - [0m23:05:40  4 of 10 OK created sql view model bronze.brnz_sales_orders ..................... [[32mOK[0m in 0.27s]
[2025-11-14T23:05:40.400+0000] {subprocess.py:93} INFO - [0m23:05:40  2 of 10 OK created sql view model bronze.brnz_example .......................... [[32mOK[0m in 0.28s]
[2025-11-14T23:05:40.412+0000] {subprocess.py:93} INFO - [0m23:05:40  5 of 10 START sql table model silver.slvr_sales_orders ......................... [RUN]
[2025-11-14T23:05:40.419+0000] {subprocess.py:93} INFO - [0m23:05:40  3 of 10 OK created sql view model bronze.brnz_products ......................... [[32mOK[0m in 0.29s]
[2025-11-14T23:05:40.432+0000] {subprocess.py:93} INFO - [0m23:05:40  6 of 10 START sql table model silver.slvr_products ............................. [RUN]
[2025-11-14T23:05:40.433+0000] {subprocess.py:93} INFO - [0m23:05:40  1 of 10 OK created sql view model bronze.brnz_customers ........................ [[32mOK[0m in 0.31s]
[2025-11-14T23:05:40.465+0000] {subprocess.py:93} INFO - [0m23:05:40  7 of 10 START sql table model silver.slvr_customers ............................ [RUN]
[2025-11-14T23:05:40.663+0000] {subprocess.py:93} INFO - [0m23:05:40  6 of 10 OK created sql table model silver.slvr_products ........................ [[32mOK[0m in 0.23s]
[2025-11-14T23:05:40.742+0000] {subprocess.py:93} INFO - [0m23:05:40  7 of 10 OK created sql table model silver.slvr_customers ....................... [[32mOK[0m in 0.27s]
[2025-11-14T23:05:41.310+0000] {subprocess.py:93} INFO - [0m23:05:41  5 of 10 OK created sql table model silver.slvr_sales_orders .................... [[32mOK[0m in 0.89s]
[2025-11-14T23:05:41.315+0000] {subprocess.py:93} INFO - [0m23:05:41  8 of 10 START sql table model gold.gld_customer_metrics ........................ [RUN]
[2025-11-14T23:05:41.317+0000] {subprocess.py:93} INFO - [0m23:05:41  9 of 10 START sql table model gold.gld_product_performance ..................... [RUN]
[2025-11-14T23:05:41.318+0000] {subprocess.py:93} INFO - [0m23:05:41  10 of 10 START sql table model gold.gld_sales_summary .......................... [RUN]
[2025-11-14T23:05:41.879+0000] {subprocess.py:93} INFO - [0m23:05:41  10 of 10 OK created sql table model gold.gld_sales_summary ..................... [[32mOK[0m in 0.55s]
[2025-11-14T23:05:41.928+0000] {subprocess.py:93} INFO - [0m23:05:41  8 of 10 OK created sql table model gold.gld_customer_metrics ................... [[32mOK[0m in 0.61s]
[2025-11-14T23:05:42.046+0000] {subprocess.py:93} INFO - [0m23:05:42  9 of 10 OK created sql table model gold.gld_product_performance ................ [[32mOK[0m in 0.72s]
[2025-11-14T23:05:42.056+0000] {subprocess.py:93} INFO - [0m23:05:42
[2025-11-14T23:05:42.056+0000] {subprocess.py:93} INFO - [0m23:05:42  Finished running 4 view models, 6 table models in 0 hours 0 minutes and 2.14 seconds (2.14s).
[2025-11-14T23:05:42.119+0000] {subprocess.py:93} INFO - [0m23:05:42
[2025-11-14T23:05:42.121+0000] {subprocess.py:93} INFO - [0m23:05:42  [32mCompleted successfully[0m
[2025-11-14T23:05:42.122+0000] {subprocess.py:93} INFO - [0m23:05:42
[2025-11-14T23:05:42.124+0000] {subprocess.py:93} INFO - [0m23:05:42  Done. PASS=10 WARN=0 ERROR=0 SKIP=0 TOTAL=10
[2025-11-14T23:05:43.873+0000] {subprocess.py:97} INFO - Command exited with return code 0
[2025-11-14T23:05:43.893+0000] {taskinstance.py:1398} INFO - Marking task as SUCCESS. dag_id=dbt_transform, task_id=dbt_run, execution_date=20251114T230035, start_date=20251114T230536, end_date=20251114T230543
[2025-11-14T23:05:43.915+0000] {local_task_job_runner.py:228} INFO - Task exited with return code 0
[2025-11-14T23:05:43.931+0000] {taskinstance.py:2776} INFO - 1 downstream tasks scheduled from follow-on schedule check
