[2025-11-14T22:20:36.288+0000] {taskinstance.py:1157} INFO - Dependencies all met for dep_context=non-requeueable deps ti=<TaskInstance: dbt_transform.dbt_run scheduled__2025-11-14T22:15:35.634758+00:00 [queued]>
[2025-11-14T22:20:36.294+0000] {taskinstance.py:1157} INFO - Dependencies all met for dep_context=requeueable deps ti=<TaskInstance: dbt_transform.dbt_run scheduled__2025-11-14T22:15:35.634758+00:00 [queued]>
[2025-11-14T22:20:36.294+0000] {taskinstance.py:1359} INFO - Starting attempt 1 of 2
[2025-11-14T22:20:36.304+0000] {taskinstance.py:1380} INFO - Executing <Task(BashOperator): dbt_run> on 2025-11-14 22:15:35.634758+00:00
[2025-11-14T22:20:36.308+0000] {standard_task_runner.py:57} INFO - Started process 6652 to run task
[2025-11-14T22:20:36.311+0000] {standard_task_runner.py:84} INFO - Running: ['***', 'tasks', 'run', 'dbt_transform', 'dbt_run', 'scheduled__2025-11-14T22:15:35.634758+00:00', '--job-id', '176', '--raw', '--subdir', 'DAGS_FOLDER/dbt_dag.py', '--cfg-path', '/tmp/tmppbnlbhkv']
[2025-11-14T22:20:36.314+0000] {standard_task_runner.py:85} INFO - Job 176: Subtask dbt_run
[2025-11-14T22:20:36.381+0000] {task_command.py:415} INFO - Running <TaskInstance: dbt_transform.dbt_run scheduled__2025-11-14T22:15:35.634758+00:00 [running]> on host 3f4da400579d
[2025-11-14T22:20:36.452+0000] {taskinstance.py:1660} INFO - Exporting env vars: AIRFLOW_CTX_DAG_OWNER='***' AIRFLOW_CTX_DAG_ID='dbt_transform' AIRFLOW_CTX_TASK_ID='dbt_run' AIRFLOW_CTX_EXECUTION_DATE='2025-11-14T22:15:35.634758+00:00' AIRFLOW_CTX_TRY_NUMBER='1' AIRFLOW_CTX_DAG_RUN_ID='scheduled__2025-11-14T22:15:35.634758+00:00'
[2025-11-14T22:20:36.453+0000] {subprocess.py:63} INFO - Tmp dir root location: /tmp
[2025-11-14T22:20:36.454+0000] {subprocess.py:75} INFO - Running command: ['/bin/bash', '-c', 'docker exec dbt_***_project-dbt-1 dbt run']
[2025-11-14T22:20:36.462+0000] {subprocess.py:86} INFO - Output:
[2025-11-14T22:20:38.124+0000] {subprocess.py:93} INFO - [0m22:20:38  Running with dbt=1.8.7
[2025-11-14T22:20:38.459+0000] {subprocess.py:93} INFO - [0m22:20:38  Registered adapter: sqlserver=1.8.7
[2025-11-14T22:20:39.747+0000] {subprocess.py:93} INFO - [0m22:20:39  Found 10 models, 18 data tests, 13 sources, 614 macros
[2025-11-14T22:20:39.751+0000] {subprocess.py:93} INFO - [0m22:20:39
[2025-11-14T22:20:39.952+0000] {subprocess.py:93} INFO - [0m22:20:39  Concurrency: 4 threads (target='dev')
[2025-11-14T22:20:39.953+0000] {subprocess.py:93} INFO - [0m22:20:39
[2025-11-14T22:20:39.960+0000] {subprocess.py:93} INFO - [0m22:20:39  1 of 10 START sql view model bronze.brnz_customers ............................. [RUN]
[2025-11-14T22:20:39.962+0000] {subprocess.py:93} INFO - [0m22:20:39  2 of 10 START sql view model bronze.brnz_example ............................... [RUN]
[2025-11-14T22:20:39.963+0000] {subprocess.py:93} INFO - [0m22:20:39  3 of 10 START sql view model bronze.brnz_products .............................. [RUN]
[2025-11-14T22:20:39.965+0000] {subprocess.py:93} INFO - [0m22:20:39  4 of 10 START sql view model bronze.brnz_sales_orders .......................... [RUN]
[2025-11-14T22:20:40.280+0000] {subprocess.py:93} INFO - [0m22:20:40  4 of 10 OK created sql view model bronze.brnz_sales_orders ..................... [[32mOK[0m in 0.30s]
[2025-11-14T22:20:40.286+0000] {subprocess.py:93} INFO - [0m22:20:40  2 of 10 OK created sql view model bronze.brnz_example .......................... [[32mOK[0m in 0.31s]
[2025-11-14T22:20:40.287+0000] {subprocess.py:93} INFO - [0m22:20:40  3 of 10 OK created sql view model bronze.brnz_products ......................... [[32mOK[0m in 0.31s]
[2025-11-14T22:20:40.288+0000] {subprocess.py:93} INFO - [0m22:20:40  1 of 10 OK created sql view model bronze.brnz_customers ........................ [[32mOK[0m in 0.32s]
[2025-11-14T22:20:40.295+0000] {subprocess.py:93} INFO - [0m22:20:40  5 of 10 START sql table model silver.slvr_sales_orders ......................... [RUN]
[2025-11-14T22:20:40.301+0000] {subprocess.py:93} INFO - [0m22:20:40  6 of 10 START sql table model silver.slvr_products ............................. [RUN]
[2025-11-14T22:20:40.302+0000] {subprocess.py:93} INFO - [0m22:20:40  7 of 10 START sql table model silver.slvr_customers ............................ [RUN]
[2025-11-14T22:20:40.612+0000] {subprocess.py:93} INFO - [0m22:20:40  6 of 10 OK created sql table model silver.slvr_products ........................ [[32mOK[0m in 0.30s]
[2025-11-14T22:20:40.653+0000] {subprocess.py:93} INFO - [0m22:20:40  7 of 10 OK created sql table model silver.slvr_customers ....................... [[32mOK[0m in 0.35s]
[2025-11-14T22:20:41.201+0000] {subprocess.py:93} INFO - [0m22:20:41  5 of 10 OK created sql table model silver.slvr_sales_orders .................... [[32mOK[0m in 0.90s]
[2025-11-14T22:20:41.207+0000] {subprocess.py:93} INFO - [0m22:20:41  8 of 10 START sql table model gold.gld_customer_metrics ........................ [RUN]
[2025-11-14T22:20:41.208+0000] {subprocess.py:93} INFO - [0m22:20:41  9 of 10 START sql table model gold.gld_product_performance ..................... [RUN]
[2025-11-14T22:20:41.209+0000] {subprocess.py:93} INFO - [0m22:20:41  10 of 10 START sql table model gold.gld_sales_summary .......................... [RUN]
[2025-11-14T22:20:41.740+0000] {subprocess.py:93} INFO - [0m22:20:41  10 of 10 OK created sql table model gold.gld_sales_summary ..................... [[32mOK[0m in 0.52s]
[2025-11-14T22:20:41.776+0000] {subprocess.py:93} INFO - [0m22:20:41  8 of 10 OK created sql table model gold.gld_customer_metrics ................... [[32mOK[0m in 0.56s]
[2025-11-14T22:20:41.799+0000] {subprocess.py:93} INFO - [0m22:20:41  9 of 10 OK created sql table model gold.gld_product_performance ................ [[32mOK[0m in 0.59s]
[2025-11-14T22:20:41.810+0000] {subprocess.py:93} INFO - [0m22:20:41
[2025-11-14T22:20:41.812+0000] {subprocess.py:93} INFO - [0m22:20:41  Finished running 4 view models, 6 table models in 0 hours 0 minutes and 2.06 seconds (2.06s).
[2025-11-14T22:20:41.901+0000] {subprocess.py:93} INFO - [0m22:20:41
[2025-11-14T22:20:41.904+0000] {subprocess.py:93} INFO - [0m22:20:41  [32mCompleted successfully[0m
[2025-11-14T22:20:41.905+0000] {subprocess.py:93} INFO - [0m22:20:41
[2025-11-14T22:20:41.906+0000] {subprocess.py:93} INFO - [0m22:20:41  Done. PASS=10 WARN=0 ERROR=0 SKIP=0 TOTAL=10
[2025-11-14T22:20:43.581+0000] {subprocess.py:97} INFO - Command exited with return code 0
[2025-11-14T22:20:43.600+0000] {taskinstance.py:1398} INFO - Marking task as SUCCESS. dag_id=dbt_transform, task_id=dbt_run, execution_date=20251114T221535, start_date=20251114T222036, end_date=20251114T222043
[2025-11-14T22:20:43.645+0000] {local_task_job_runner.py:228} INFO - Task exited with return code 0
[2025-11-14T22:20:43.662+0000] {taskinstance.py:2776} INFO - 1 downstream tasks scheduled from follow-on schedule check
