[2025-11-14T20:15:36.591+0000] {taskinstance.py:1157} INFO - Dependencies all met for dep_context=non-requeueable deps ti=<TaskInstance: dbt_transform.dbt_run scheduled__2025-11-14T20:10:35.634758+00:00 [queued]>
[2025-11-14T20:15:36.597+0000] {taskinstance.py:1157} INFO - Dependencies all met for dep_context=requeueable deps ti=<TaskInstance: dbt_transform.dbt_run scheduled__2025-11-14T20:10:35.634758+00:00 [queued]>
[2025-11-14T20:15:36.597+0000] {taskinstance.py:1359} INFO - Starting attempt 1 of 2
[2025-11-14T20:15:36.605+0000] {taskinstance.py:1380} INFO - Executing <Task(BashOperator): dbt_run> on 2025-11-14 20:10:35.634758+00:00
[2025-11-14T20:15:36.609+0000] {standard_task_runner.py:57} INFO - Started process 4811 to run task
[2025-11-14T20:15:36.612+0000] {standard_task_runner.py:84} INFO - Running: ['***', 'tasks', 'run', 'dbt_transform', 'dbt_run', 'scheduled__2025-11-14T20:10:35.634758+00:00', '--job-id', '126', '--raw', '--subdir', 'DAGS_FOLDER/dbt_dag.py', '--cfg-path', '/tmp/tmp8ewvv7im']
[2025-11-14T20:15:36.615+0000] {standard_task_runner.py:85} INFO - Job 126: Subtask dbt_run
[2025-11-14T20:15:36.670+0000] {task_command.py:415} INFO - Running <TaskInstance: dbt_transform.dbt_run scheduled__2025-11-14T20:10:35.634758+00:00 [running]> on host 3f4da400579d
[2025-11-14T20:15:36.732+0000] {taskinstance.py:1660} INFO - Exporting env vars: AIRFLOW_CTX_DAG_OWNER='***' AIRFLOW_CTX_DAG_ID='dbt_transform' AIRFLOW_CTX_TASK_ID='dbt_run' AIRFLOW_CTX_EXECUTION_DATE='2025-11-14T20:10:35.634758+00:00' AIRFLOW_CTX_TRY_NUMBER='1' AIRFLOW_CTX_DAG_RUN_ID='scheduled__2025-11-14T20:10:35.634758+00:00'
[2025-11-14T20:15:36.733+0000] {subprocess.py:63} INFO - Tmp dir root location: /tmp
[2025-11-14T20:15:36.734+0000] {subprocess.py:75} INFO - Running command: ['/bin/bash', '-c', 'docker exec dbt_***_project-dbt-1 dbt run']
[2025-11-14T20:15:36.741+0000] {subprocess.py:86} INFO - Output:
[2025-11-14T20:15:38.219+0000] {subprocess.py:93} INFO - [0m20:15:38  Running with dbt=1.8.7
[2025-11-14T20:15:38.560+0000] {subprocess.py:93} INFO - [0m20:15:38  Registered adapter: sqlserver=1.8.7
[2025-11-14T20:15:39.775+0000] {subprocess.py:93} INFO - [0m20:15:39  Found 10 models, 18 data tests, 13 sources, 614 macros
[2025-11-14T20:15:39.780+0000] {subprocess.py:93} INFO - [0m20:15:39
[2025-11-14T20:15:39.992+0000] {subprocess.py:93} INFO - [0m20:15:39  Concurrency: 4 threads (target='dev')
[2025-11-14T20:15:39.993+0000] {subprocess.py:93} INFO - [0m20:15:39
[2025-11-14T20:15:39.999+0000] {subprocess.py:93} INFO - [0m20:15:39  1 of 10 START sql view model bronze.brnz_customers ............................. [RUN]
[2025-11-14T20:15:40.000+0000] {subprocess.py:93} INFO - [0m20:15:40  2 of 10 START sql view model bronze.brnz_example ............................... [RUN]
[2025-11-14T20:15:40.001+0000] {subprocess.py:93} INFO - [0m20:15:40  3 of 10 START sql view model bronze.brnz_products .............................. [RUN]
[2025-11-14T20:15:40.003+0000] {subprocess.py:93} INFO - [0m20:15:40  4 of 10 START sql view model bronze.brnz_sales_orders .......................... [RUN]
[2025-11-14T20:15:40.300+0000] {subprocess.py:93} INFO - [0m20:15:40  1 of 10 OK created sql view model bronze.brnz_customers ........................ [[32mOK[0m in 0.29s]
[2025-11-14T20:15:40.306+0000] {subprocess.py:93} INFO - [0m20:15:40  4 of 10 OK created sql view model bronze.brnz_sales_orders ..................... [[32mOK[0m in 0.29s]
[2025-11-14T20:15:40.307+0000] {subprocess.py:93} INFO - [0m20:15:40  2 of 10 OK created sql view model bronze.brnz_example .......................... [[32mOK[0m in 0.30s]
[2025-11-14T20:15:40.308+0000] {subprocess.py:93} INFO - [0m20:15:40  3 of 10 OK created sql view model bronze.brnz_products ......................... [[32mOK[0m in 0.30s]
[2025-11-14T20:15:40.314+0000] {subprocess.py:93} INFO - [0m20:15:40  5 of 10 START sql table model silver.slvr_customers ............................ [RUN]
[2025-11-14T20:15:40.320+0000] {subprocess.py:93} INFO - [0m20:15:40  6 of 10 START sql table model silver.slvr_sales_orders ......................... [RUN]
[2025-11-14T20:15:40.321+0000] {subprocess.py:93} INFO - [0m20:15:40  7 of 10 START sql table model silver.slvr_products ............................. [RUN]
[2025-11-14T20:15:40.558+0000] {subprocess.py:93} INFO - [0m20:15:40  7 of 10 OK created sql table model silver.slvr_products ........................ [[32mOK[0m in 0.23s]
[2025-11-14T20:15:40.616+0000] {subprocess.py:93} INFO - [0m20:15:40  5 of 10 OK created sql table model silver.slvr_customers ....................... [[32mOK[0m in 0.30s]
[2025-11-14T20:15:41.184+0000] {subprocess.py:93} INFO - [0m20:15:41  6 of 10 OK created sql table model silver.slvr_sales_orders .................... [[32mOK[0m in 0.86s]
[2025-11-14T20:15:41.189+0000] {subprocess.py:93} INFO - [0m20:15:41  8 of 10 START sql table model gold.gld_customer_metrics ........................ [RUN]
[2025-11-14T20:15:41.190+0000] {subprocess.py:93} INFO - [0m20:15:41  9 of 10 START sql table model gold.gld_product_performance ..................... [RUN]
[2025-11-14T20:15:41.191+0000] {subprocess.py:93} INFO - [0m20:15:41  10 of 10 START sql table model gold.gld_sales_summary .......................... [RUN]
[2025-11-14T20:15:41.631+0000] {subprocess.py:93} INFO - [0m20:15:41  10 of 10 OK created sql table model gold.gld_sales_summary ..................... [[32mOK[0m in 0.44s]
[2025-11-14T20:15:41.820+0000] {subprocess.py:93} INFO - [0m20:15:41  9 of 10 OK created sql table model gold.gld_product_performance ................ [[32mOK[0m in 0.62s]
[2025-11-14T20:15:41.830+0000] {subprocess.py:93} INFO - [0m20:15:41  8 of 10 OK created sql table model gold.gld_customer_metrics ................... [[32mOK[0m in 0.64s]
[2025-11-14T20:15:41.838+0000] {subprocess.py:93} INFO - [0m20:15:41
[2025-11-14T20:15:41.840+0000] {subprocess.py:93} INFO - [0m20:15:41  Finished running 4 view models, 6 table models in 0 hours 0 minutes and 2.06 seconds (2.06s).
[2025-11-14T20:15:41.905+0000] {subprocess.py:93} INFO - [0m20:15:41
[2025-11-14T20:15:41.906+0000] {subprocess.py:93} INFO - [0m20:15:41  [32mCompleted successfully[0m
[2025-11-14T20:15:41.908+0000] {subprocess.py:93} INFO - [0m20:15:41
[2025-11-14T20:15:41.909+0000] {subprocess.py:93} INFO - [0m20:15:41  Done. PASS=10 WARN=0 ERROR=0 SKIP=0 TOTAL=10
[2025-11-14T20:15:42.285+0000] {subprocess.py:97} INFO - Command exited with return code 0
[2025-11-14T20:15:42.302+0000] {taskinstance.py:1398} INFO - Marking task as SUCCESS. dag_id=dbt_transform, task_id=dbt_run, execution_date=20251114T201035, start_date=20251114T201536, end_date=20251114T201542
[2025-11-14T20:15:42.321+0000] {local_task_job_runner.py:228} INFO - Task exited with return code 0
[2025-11-14T20:15:42.336+0000] {taskinstance.py:2776} INFO - 1 downstream tasks scheduled from follow-on schedule check
