[2025-11-14T17:55:36.795+0000] {taskinstance.py:1157} INFO - Dependencies all met for dep_context=non-requeueable deps ti=<TaskInstance: dbt_transform.dbt_run scheduled__2025-11-14T17:50:35.634758+00:00 [queued]>
[2025-11-14T17:55:36.801+0000] {taskinstance.py:1157} INFO - Dependencies all met for dep_context=requeueable deps ti=<TaskInstance: dbt_transform.dbt_run scheduled__2025-11-14T17:50:35.634758+00:00 [queued]>
[2025-11-14T17:55:36.802+0000] {taskinstance.py:1359} INFO - Starting attempt 1 of 2
[2025-11-14T17:55:36.812+0000] {taskinstance.py:1380} INFO - Executing <Task(BashOperator): dbt_run> on 2025-11-14 17:50:35.634758+00:00
[2025-11-14T17:55:36.816+0000] {standard_task_runner.py:57} INFO - Started process 2741 to run task
[2025-11-14T17:55:36.818+0000] {standard_task_runner.py:84} INFO - Running: ['***', 'tasks', 'run', 'dbt_transform', 'dbt_run', 'scheduled__2025-11-14T17:50:35.634758+00:00', '--job-id', '70', '--raw', '--subdir', 'DAGS_FOLDER/dbt_dag.py', '--cfg-path', '/tmp/tmpiz9femp9']
[2025-11-14T17:55:36.822+0000] {standard_task_runner.py:85} INFO - Job 70: Subtask dbt_run
[2025-11-14T17:55:36.881+0000] {task_command.py:415} INFO - Running <TaskInstance: dbt_transform.dbt_run scheduled__2025-11-14T17:50:35.634758+00:00 [running]> on host 3f4da400579d
[2025-11-14T17:55:36.942+0000] {taskinstance.py:1660} INFO - Exporting env vars: AIRFLOW_CTX_DAG_OWNER='***' AIRFLOW_CTX_DAG_ID='dbt_transform' AIRFLOW_CTX_TASK_ID='dbt_run' AIRFLOW_CTX_EXECUTION_DATE='2025-11-14T17:50:35.634758+00:00' AIRFLOW_CTX_TRY_NUMBER='1' AIRFLOW_CTX_DAG_RUN_ID='scheduled__2025-11-14T17:50:35.634758+00:00'
[2025-11-14T17:55:36.944+0000] {subprocess.py:63} INFO - Tmp dir root location: /tmp
[2025-11-14T17:55:36.946+0000] {subprocess.py:75} INFO - Running command: ['/bin/bash', '-c', 'docker exec dbt_***_project-dbt-1 dbt run']
[2025-11-14T17:55:36.954+0000] {subprocess.py:86} INFO - Output:
[2025-11-14T17:55:38.540+0000] {subprocess.py:93} INFO - [0m17:55:38  Running with dbt=1.8.7
[2025-11-14T17:55:38.885+0000] {subprocess.py:93} INFO - [0m17:55:38  Registered adapter: sqlserver=1.8.7
[2025-11-14T17:55:40.529+0000] {subprocess.py:93} INFO - [0m17:55:40  Found 10 models, 18 data tests, 13 sources, 614 macros
[2025-11-14T17:55:40.533+0000] {subprocess.py:93} INFO - [0m17:55:40
[2025-11-14T17:55:40.698+0000] {subprocess.py:93} INFO - [0m17:55:40  Concurrency: 4 threads (target='dev')
[2025-11-14T17:55:40.699+0000] {subprocess.py:93} INFO - [0m17:55:40
[2025-11-14T17:55:40.708+0000] {subprocess.py:93} INFO - [0m17:55:40  1 of 10 START sql view model bronze.brnz_customers ............................. [RUN]
[2025-11-14T17:55:40.710+0000] {subprocess.py:93} INFO - [0m17:55:40  2 of 10 START sql view model bronze.brnz_example ............................... [RUN]
[2025-11-14T17:55:40.711+0000] {subprocess.py:93} INFO - [0m17:55:40  3 of 10 START sql view model bronze.brnz_products .............................. [RUN]
[2025-11-14T17:55:40.712+0000] {subprocess.py:93} INFO - [0m17:55:40  4 of 10 START sql view model bronze.brnz_sales_orders .......................... [RUN]
[2025-11-14T17:55:41.016+0000] {subprocess.py:93} INFO - [0m17:55:41  1 of 10 OK created sql view model bronze.brnz_customers ........................ [[32mOK[0m in 0.30s]
[2025-11-14T17:55:41.018+0000] {subprocess.py:93} INFO - [0m17:55:41  3 of 10 OK created sql view model bronze.brnz_products ......................... [[32mOK[0m in 0.30s]
[2025-11-14T17:55:41.020+0000] {subprocess.py:93} INFO - [0m17:55:41  2 of 10 OK created sql view model bronze.brnz_example .......................... [[32mOK[0m in 0.30s]
[2025-11-14T17:55:41.028+0000] {subprocess.py:93} INFO - [0m17:55:41  4 of 10 OK created sql view model bronze.brnz_sales_orders ..................... [[32mOK[0m in 0.30s]
[2025-11-14T17:55:41.032+0000] {subprocess.py:93} INFO - [0m17:55:41  5 of 10 START sql table model silver.slvr_customers ............................ [RUN]
[2025-11-14T17:55:41.034+0000] {subprocess.py:93} INFO - [0m17:55:41  6 of 10 START sql table model silver.slvr_products ............................. [RUN]
[2025-11-14T17:55:41.042+0000] {subprocess.py:93} INFO - [0m17:55:41  7 of 10 START sql table model silver.slvr_sales_orders ......................... [RUN]
[2025-11-14T17:55:41.342+0000] {subprocess.py:93} INFO - [0m17:55:41  6 of 10 OK created sql table model silver.slvr_products ........................ [[32mOK[0m in 0.30s]
[2025-11-14T17:55:41.353+0000] {subprocess.py:93} INFO - [0m17:55:41  5 of 10 OK created sql table model silver.slvr_customers ....................... [[32mOK[0m in 0.32s]
[2025-11-14T17:55:41.912+0000] {subprocess.py:93} INFO - [0m17:55:41  7 of 10 OK created sql table model silver.slvr_sales_orders .................... [[32mOK[0m in 0.86s]
[2025-11-14T17:55:41.918+0000] {subprocess.py:93} INFO - [0m17:55:41  8 of 10 START sql table model gold.gld_customer_metrics ........................ [RUN]
[2025-11-14T17:55:41.919+0000] {subprocess.py:93} INFO - [0m17:55:41  9 of 10 START sql table model gold.gld_product_performance ..................... [RUN]
[2025-11-14T17:55:41.921+0000] {subprocess.py:93} INFO - [0m17:55:41  10 of 10 START sql table model gold.gld_sales_summary .......................... [RUN]
[2025-11-14T17:55:42.390+0000] {subprocess.py:93} INFO - [0m17:55:42  10 of 10 OK created sql table model gold.gld_sales_summary ..................... [[32mOK[0m in 0.46s]
[2025-11-14T17:55:42.487+0000] {subprocess.py:93} INFO - [0m17:55:42  8 of 10 OK created sql table model gold.gld_customer_metrics ................... [[32mOK[0m in 0.56s]
[2025-11-14T17:55:42.524+0000] {subprocess.py:93} INFO - [0m17:55:42  9 of 10 OK created sql table model gold.gld_product_performance ................ [[32mOK[0m in 0.60s]
[2025-11-14T17:55:42.536+0000] {subprocess.py:93} INFO - [0m17:55:42
[2025-11-14T17:55:42.537+0000] {subprocess.py:93} INFO - [0m17:55:42  Finished running 4 view models, 6 table models in 0 hours 0 minutes and 2.00 seconds (2.00s).
[2025-11-14T17:55:42.619+0000] {subprocess.py:93} INFO - [0m17:55:42
[2025-11-14T17:55:42.620+0000] {subprocess.py:93} INFO - [0m17:55:42  [32mCompleted successfully[0m
[2025-11-14T17:55:42.621+0000] {subprocess.py:93} INFO - [0m17:55:42
[2025-11-14T17:55:42.623+0000] {subprocess.py:93} INFO - [0m17:55:42  Done. PASS=10 WARN=0 ERROR=0 SKIP=0 TOTAL=10
[2025-11-14T17:55:44.178+0000] {subprocess.py:97} INFO - Command exited with return code 0
[2025-11-14T17:55:44.196+0000] {taskinstance.py:1398} INFO - Marking task as SUCCESS. dag_id=dbt_transform, task_id=dbt_run, execution_date=20251114T175035, start_date=20251114T175536, end_date=20251114T175544
[2025-11-14T17:55:44.233+0000] {local_task_job_runner.py:228} INFO - Task exited with return code 0
[2025-11-14T17:55:44.250+0000] {taskinstance.py:2776} INFO - 1 downstream tasks scheduled from follow-on schedule check
