[2025-11-14T16:15:37.090+0000] {taskinstance.py:1157} INFO - Dependencies all met for dep_context=non-requeueable deps ti=<TaskInstance: dbt_transform.dbt_run scheduled__2025-11-14T16:10:35.634758+00:00 [queued]>
[2025-11-14T16:15:37.095+0000] {taskinstance.py:1157} INFO - Dependencies all met for dep_context=requeueable deps ti=<TaskInstance: dbt_transform.dbt_run scheduled__2025-11-14T16:10:35.634758+00:00 [queued]>
[2025-11-14T16:15:37.096+0000] {taskinstance.py:1359} INFO - Starting attempt 1 of 2
[2025-11-14T16:15:37.105+0000] {taskinstance.py:1380} INFO - Executing <Task(BashOperator): dbt_run> on 2025-11-14 16:10:35.634758+00:00
[2025-11-14T16:15:37.108+0000] {standard_task_runner.py:57} INFO - Started process 1263 to run task
[2025-11-14T16:15:37.111+0000] {standard_task_runner.py:84} INFO - Running: ['***', 'tasks', 'run', 'dbt_transform', 'dbt_run', 'scheduled__2025-11-14T16:10:35.634758+00:00', '--job-id', '30', '--raw', '--subdir', 'DAGS_FOLDER/dbt_dag.py', '--cfg-path', '/tmp/tmpootttc9a']
[2025-11-14T16:15:37.114+0000] {standard_task_runner.py:85} INFO - Job 30: Subtask dbt_run
[2025-11-14T16:15:37.173+0000] {task_command.py:415} INFO - Running <TaskInstance: dbt_transform.dbt_run scheduled__2025-11-14T16:10:35.634758+00:00 [running]> on host 3f4da400579d
[2025-11-14T16:15:37.234+0000] {taskinstance.py:1660} INFO - Exporting env vars: AIRFLOW_CTX_DAG_OWNER='***' AIRFLOW_CTX_DAG_ID='dbt_transform' AIRFLOW_CTX_TASK_ID='dbt_run' AIRFLOW_CTX_EXECUTION_DATE='2025-11-14T16:10:35.634758+00:00' AIRFLOW_CTX_TRY_NUMBER='1' AIRFLOW_CTX_DAG_RUN_ID='scheduled__2025-11-14T16:10:35.634758+00:00'
[2025-11-14T16:15:37.236+0000] {subprocess.py:63} INFO - Tmp dir root location: /tmp
[2025-11-14T16:15:37.237+0000] {subprocess.py:75} INFO - Running command: ['/bin/bash', '-c', 'docker exec dbt_***_project-dbt-1 dbt run']
[2025-11-14T16:15:37.244+0000] {subprocess.py:86} INFO - Output:
[2025-11-14T16:15:38.762+0000] {subprocess.py:93} INFO - [0m16:15:38  Running with dbt=1.8.7
[2025-11-14T16:15:39.121+0000] {subprocess.py:93} INFO - [0m16:15:39  Registered adapter: sqlserver=1.8.7
[2025-11-14T16:15:40.472+0000] {subprocess.py:93} INFO - [0m16:15:40  Found 10 models, 18 data tests, 13 sources, 614 macros
[2025-11-14T16:15:40.476+0000] {subprocess.py:93} INFO - [0m16:15:40
[2025-11-14T16:15:40.668+0000] {subprocess.py:93} INFO - [0m16:15:40  Concurrency: 4 threads (target='dev')
[2025-11-14T16:15:40.669+0000] {subprocess.py:93} INFO - [0m16:15:40
[2025-11-14T16:15:40.676+0000] {subprocess.py:93} INFO - [0m16:15:40  1 of 10 START sql view model bronze.brnz_customers ............................. [RUN]
[2025-11-14T16:15:40.678+0000] {subprocess.py:93} INFO - [0m16:15:40  2 of 10 START sql view model bronze.brnz_example ............................... [RUN]
[2025-11-14T16:15:40.680+0000] {subprocess.py:93} INFO - [0m16:15:40  3 of 10 START sql view model bronze.brnz_products .............................. [RUN]
[2025-11-14T16:15:40.681+0000] {subprocess.py:93} INFO - [0m16:15:40  4 of 10 START sql view model bronze.brnz_sales_orders .......................... [RUN]
[2025-11-14T16:15:41.012+0000] {subprocess.py:93} INFO - [0m16:15:41  3 of 10 OK created sql view model bronze.brnz_products ......................... [[32mOK[0m in 0.32s]
[2025-11-14T16:15:41.018+0000] {subprocess.py:93} INFO - [0m16:15:41  2 of 10 OK created sql view model bronze.brnz_example .......................... [[32mOK[0m in 0.33s]
[2025-11-14T16:15:41.019+0000] {subprocess.py:93} INFO - [0m16:15:41  4 of 10 OK created sql view model bronze.brnz_sales_orders ..................... [[32mOK[0m in 0.33s]
[2025-11-14T16:15:41.026+0000] {subprocess.py:93} INFO - [0m16:15:41  1 of 10 OK created sql view model bronze.brnz_customers ........................ [[32mOK[0m in 0.34s]
[2025-11-14T16:15:41.027+0000] {subprocess.py:93} INFO - [0m16:15:41  5 of 10 START sql table model silver.slvr_products ............................. [RUN]
[2025-11-14T16:15:41.034+0000] {subprocess.py:93} INFO - [0m16:15:41  6 of 10 START sql table model silver.slvr_sales_orders ......................... [RUN]
[2025-11-14T16:15:41.039+0000] {subprocess.py:93} INFO - [0m16:15:41  7 of 10 START sql table model silver.slvr_customers ............................ [RUN]
[2025-11-14T16:15:41.373+0000] {subprocess.py:93} INFO - [0m16:15:41  5 of 10 OK created sql table model silver.slvr_products ........................ [[32mOK[0m in 0.34s]
[2025-11-14T16:15:41.399+0000] {subprocess.py:93} INFO - [0m16:15:41  7 of 10 OK created sql table model silver.slvr_customers ....................... [[32mOK[0m in 0.35s]
[2025-11-14T16:15:41.991+0000] {subprocess.py:93} INFO - [0m16:15:41  6 of 10 OK created sql table model silver.slvr_sales_orders .................... [[32mOK[0m in 0.95s]
[2025-11-14T16:15:41.996+0000] {subprocess.py:93} INFO - [0m16:15:41  8 of 10 START sql table model gold.gld_customer_metrics ........................ [RUN]
[2025-11-14T16:15:41.998+0000] {subprocess.py:93} INFO - [0m16:15:41  9 of 10 START sql table model gold.gld_product_performance ..................... [RUN]
[2025-11-14T16:15:41.999+0000] {subprocess.py:93} INFO - [0m16:15:41  10 of 10 START sql table model gold.gld_sales_summary .......................... [RUN]
[2025-11-14T16:15:42.641+0000] {subprocess.py:93} INFO - [0m16:15:42  9 of 10 OK created sql table model gold.gld_product_performance ................ [[32mOK[0m in 0.64s]
[2025-11-14T16:15:42.867+0000] {subprocess.py:93} INFO - [0m16:15:42  10 of 10 OK created sql table model gold.gld_sales_summary ..................... [[32mOK[0m in 0.86s]
[2025-11-14T16:15:42.868+0000] {subprocess.py:93} INFO - [0m16:15:42  8 of 10 OK created sql table model gold.gld_customer_metrics ................... [[32mOK[0m in 0.87s]
[2025-11-14T16:15:42.881+0000] {subprocess.py:93} INFO - [0m16:15:42
[2025-11-14T16:15:42.882+0000] {subprocess.py:93} INFO - [0m16:15:42  Finished running 4 view models, 6 table models in 0 hours 0 minutes and 2.40 seconds (2.40s).
[2025-11-14T16:15:42.956+0000] {subprocess.py:93} INFO - [0m16:15:42
[2025-11-14T16:15:42.957+0000] {subprocess.py:93} INFO - [0m16:15:42  [32mCompleted successfully[0m
[2025-11-14T16:15:42.958+0000] {subprocess.py:93} INFO - [0m16:15:42
[2025-11-14T16:15:42.959+0000] {subprocess.py:93} INFO - [0m16:15:42  Done. PASS=10 WARN=0 ERROR=0 SKIP=0 TOTAL=10
[2025-11-14T16:15:43.638+0000] {subprocess.py:97} INFO - Command exited with return code 0
[2025-11-14T16:15:43.658+0000] {taskinstance.py:1398} INFO - Marking task as SUCCESS. dag_id=dbt_transform, task_id=dbt_run, execution_date=20251114T161035, start_date=20251114T161537, end_date=20251114T161543
[2025-11-14T16:15:43.677+0000] {local_task_job_runner.py:228} INFO - Task exited with return code 0
[2025-11-14T16:15:43.694+0000] {taskinstance.py:2776} INFO - 1 downstream tasks scheduled from follow-on schedule check
