[2025-11-15T00:30:37.245+0000] {taskinstance.py:1157} INFO - Dependencies all met for dep_context=non-requeueable deps ti=<TaskInstance: dbt_transform.dbt_run scheduled__2025-11-15T00:25:35.634758+00:00 [queued]>
[2025-11-15T00:30:37.251+0000] {taskinstance.py:1157} INFO - Dependencies all met for dep_context=requeueable deps ti=<TaskInstance: dbt_transform.dbt_run scheduled__2025-11-15T00:25:35.634758+00:00 [queued]>
[2025-11-15T00:30:37.252+0000] {taskinstance.py:1359} INFO - Starting attempt 1 of 2
[2025-11-15T00:30:37.261+0000] {taskinstance.py:1380} INFO - Executing <Task(BashOperator): dbt_run> on 2025-11-15 00:25:35.634758+00:00
[2025-11-15T00:30:37.265+0000] {standard_task_runner.py:57} INFO - Started process 8573 to run task
[2025-11-15T00:30:37.268+0000] {standard_task_runner.py:84} INFO - Running: ['***', 'tasks', 'run', 'dbt_transform', 'dbt_run', 'scheduled__2025-11-15T00:25:35.634758+00:00', '--job-id', '228', '--raw', '--subdir', 'DAGS_FOLDER/dbt_dag.py', '--cfg-path', '/tmp/tmpsk4qlocl']
[2025-11-15T00:30:37.270+0000] {standard_task_runner.py:85} INFO - Job 228: Subtask dbt_run
[2025-11-15T00:30:37.330+0000] {task_command.py:415} INFO - Running <TaskInstance: dbt_transform.dbt_run scheduled__2025-11-15T00:25:35.634758+00:00 [running]> on host 3f4da400579d
[2025-11-15T00:30:37.389+0000] {taskinstance.py:1660} INFO - Exporting env vars: AIRFLOW_CTX_DAG_OWNER='***' AIRFLOW_CTX_DAG_ID='dbt_transform' AIRFLOW_CTX_TASK_ID='dbt_run' AIRFLOW_CTX_EXECUTION_DATE='2025-11-15T00:25:35.634758+00:00' AIRFLOW_CTX_TRY_NUMBER='1' AIRFLOW_CTX_DAG_RUN_ID='scheduled__2025-11-15T00:25:35.634758+00:00'
[2025-11-15T00:30:37.390+0000] {subprocess.py:63} INFO - Tmp dir root location: /tmp
[2025-11-15T00:30:37.391+0000] {subprocess.py:75} INFO - Running command: ['/bin/bash', '-c', 'docker exec dbt_***_project-dbt-1 dbt run']
[2025-11-15T00:30:37.398+0000] {subprocess.py:86} INFO - Output:
[2025-11-15T00:30:38.881+0000] {subprocess.py:93} INFO - [0m00:30:38  Running with dbt=1.8.7
[2025-11-15T00:30:39.212+0000] {subprocess.py:93} INFO - [0m00:30:39  Registered adapter: sqlserver=1.8.7
[2025-11-15T00:30:40.488+0000] {subprocess.py:93} INFO - [0m00:30:40  Found 10 models, 18 data tests, 13 sources, 614 macros
[2025-11-15T00:30:40.493+0000] {subprocess.py:93} INFO - [0m00:30:40
[2025-11-15T00:30:40.702+0000] {subprocess.py:93} INFO - [0m00:30:40  Concurrency: 4 threads (target='dev')
[2025-11-15T00:30:40.703+0000] {subprocess.py:93} INFO - [0m00:30:40
[2025-11-15T00:30:40.709+0000] {subprocess.py:93} INFO - [0m00:30:40  1 of 10 START sql view model bronze.brnz_customers ............................. [RUN]
[2025-11-15T00:30:40.711+0000] {subprocess.py:93} INFO - [0m00:30:40  2 of 10 START sql view model bronze.brnz_example ............................... [RUN]
[2025-11-15T00:30:40.712+0000] {subprocess.py:93} INFO - [0m00:30:40  3 of 10 START sql view model bronze.brnz_products .............................. [RUN]
[2025-11-15T00:30:40.714+0000] {subprocess.py:93} INFO - [0m00:30:40  4 of 10 START sql view model bronze.brnz_sales_orders .......................... [RUN]
[2025-11-15T00:30:41.023+0000] {subprocess.py:93} INFO - [0m00:30:41  4 of 10 OK created sql view model bronze.brnz_sales_orders ..................... [[32mOK[0m in 0.30s]
[2025-11-15T00:30:41.027+0000] {subprocess.py:93} INFO - [0m00:30:41  3 of 10 OK created sql view model bronze.brnz_products ......................... [[32mOK[0m in 0.30s]
[2025-11-15T00:30:41.029+0000] {subprocess.py:93} INFO - [0m00:30:41  2 of 10 OK created sql view model bronze.brnz_example .......................... [[32mOK[0m in 0.31s]
[2025-11-15T00:30:41.031+0000] {subprocess.py:93} INFO - [0m00:30:41  1 of 10 OK created sql view model bronze.brnz_customers ........................ [[32mOK[0m in 0.31s]
[2025-11-15T00:30:41.039+0000] {subprocess.py:93} INFO - [0m00:30:41  5 of 10 START sql table model silver.slvr_sales_orders ......................... [RUN]
[2025-11-15T00:30:41.043+0000] {subprocess.py:93} INFO - [0m00:30:41  6 of 10 START sql table model silver.slvr_products ............................. [RUN]
[2025-11-15T00:30:41.045+0000] {subprocess.py:93} INFO - [0m00:30:41  7 of 10 START sql table model silver.slvr_customers ............................ [RUN]
[2025-11-15T00:30:41.299+0000] {subprocess.py:93} INFO - [0m00:30:41  6 of 10 OK created sql table model silver.slvr_products ........................ [[32mOK[0m in 0.25s]
[2025-11-15T00:30:41.359+0000] {subprocess.py:93} INFO - [0m00:30:41  7 of 10 OK created sql table model silver.slvr_customers ....................... [[32mOK[0m in 0.31s]
[2025-11-15T00:30:41.979+0000] {subprocess.py:93} INFO - [0m00:30:41  5 of 10 OK created sql table model silver.slvr_sales_orders .................... [[32mOK[0m in 0.93s]
[2025-11-15T00:30:41.984+0000] {subprocess.py:93} INFO - [0m00:30:41  8 of 10 START sql table model gold.gld_customer_metrics ........................ [RUN]
[2025-11-15T00:30:41.985+0000] {subprocess.py:93} INFO - [0m00:30:41  9 of 10 START sql table model gold.gld_product_performance ..................... [RUN]
[2025-11-15T00:30:41.987+0000] {subprocess.py:93} INFO - [0m00:30:41  10 of 10 START sql table model gold.gld_sales_summary .......................... [RUN]
[2025-11-15T00:30:42.554+0000] {subprocess.py:93} INFO - [0m00:30:42  8 of 10 OK created sql table model gold.gld_customer_metrics ................... [[32mOK[0m in 0.56s]
[2025-11-15T00:30:42.831+0000] {subprocess.py:93} INFO - [0m00:30:42  10 of 10 OK created sql table model gold.gld_sales_summary ..................... [[32mOK[0m in 0.84s]
[2025-11-15T00:30:42.832+0000] {subprocess.py:93} INFO - [0m00:30:42  9 of 10 OK created sql table model gold.gld_product_performance ................ [[32mOK[0m in 0.84s]
[2025-11-15T00:30:42.842+0000] {subprocess.py:93} INFO - [0m00:30:42
[2025-11-15T00:30:42.844+0000] {subprocess.py:93} INFO - [0m00:30:42  Finished running 4 view models, 6 table models in 0 hours 0 minutes and 2.35 seconds (2.35s).
[2025-11-15T00:30:42.910+0000] {subprocess.py:93} INFO - [0m00:30:42
[2025-11-15T00:30:42.911+0000] {subprocess.py:93} INFO - [0m00:30:42  [32mCompleted successfully[0m
[2025-11-15T00:30:42.913+0000] {subprocess.py:93} INFO - [0m00:30:42
[2025-11-15T00:30:42.914+0000] {subprocess.py:93} INFO - [0m00:30:42  Done. PASS=10 WARN=0 ERROR=0 SKIP=0 TOTAL=10
[2025-11-15T00:30:43.794+0000] {subprocess.py:97} INFO - Command exited with return code 0
[2025-11-15T00:30:43.814+0000] {taskinstance.py:1398} INFO - Marking task as SUCCESS. dag_id=dbt_transform, task_id=dbt_run, execution_date=20251115T002535, start_date=20251115T003037, end_date=20251115T003043
[2025-11-15T00:30:43.842+0000] {local_task_job_runner.py:228} INFO - Task exited with return code 0
[2025-11-15T00:30:43.858+0000] {taskinstance.py:2776} INFO - 1 downstream tasks scheduled from follow-on schedule check
