[2025-11-15T00:00:36.971+0000] {taskinstance.py:1157} INFO - Dependencies all met for dep_context=non-requeueable deps ti=<TaskInstance: dbt_transform.dbt_run scheduled__2025-11-14T23:55:35.634758+00:00 [queued]>
[2025-11-15T00:00:36.977+0000] {taskinstance.py:1157} INFO - Dependencies all met for dep_context=requeueable deps ti=<TaskInstance: dbt_transform.dbt_run scheduled__2025-11-14T23:55:35.634758+00:00 [queued]>
[2025-11-15T00:00:36.978+0000] {taskinstance.py:1359} INFO - Starting attempt 1 of 2
[2025-11-15T00:00:36.986+0000] {taskinstance.py:1380} INFO - Executing <Task(BashOperator): dbt_run> on 2025-11-14 23:55:35.634758+00:00
[2025-11-15T00:00:36.990+0000] {standard_task_runner.py:57} INFO - Started process 8130 to run task
[2025-11-15T00:00:36.993+0000] {standard_task_runner.py:84} INFO - Running: ['***', 'tasks', 'run', 'dbt_transform', 'dbt_run', 'scheduled__2025-11-14T23:55:35.634758+00:00', '--job-id', '216', '--raw', '--subdir', 'DAGS_FOLDER/dbt_dag.py', '--cfg-path', '/tmp/tmpezw44l8n']
[2025-11-15T00:00:36.995+0000] {standard_task_runner.py:85} INFO - Job 216: Subtask dbt_run
[2025-11-15T00:00:37.055+0000] {task_command.py:415} INFO - Running <TaskInstance: dbt_transform.dbt_run scheduled__2025-11-14T23:55:35.634758+00:00 [running]> on host 3f4da400579d
[2025-11-15T00:00:37.120+0000] {taskinstance.py:1660} INFO - Exporting env vars: AIRFLOW_CTX_DAG_OWNER='***' AIRFLOW_CTX_DAG_ID='dbt_transform' AIRFLOW_CTX_TASK_ID='dbt_run' AIRFLOW_CTX_EXECUTION_DATE='2025-11-14T23:55:35.634758+00:00' AIRFLOW_CTX_TRY_NUMBER='1' AIRFLOW_CTX_DAG_RUN_ID='scheduled__2025-11-14T23:55:35.634758+00:00'
[2025-11-15T00:00:37.121+0000] {subprocess.py:63} INFO - Tmp dir root location: /tmp
[2025-11-15T00:00:37.123+0000] {subprocess.py:75} INFO - Running command: ['/bin/bash', '-c', 'docker exec dbt_***_project-dbt-1 dbt run']
[2025-11-15T00:00:37.131+0000] {subprocess.py:86} INFO - Output:
[2025-11-15T00:00:38.686+0000] {subprocess.py:93} INFO - [0m00:00:38  Running with dbt=1.8.7
[2025-11-15T00:00:39.020+0000] {subprocess.py:93} INFO - [0m00:00:39  Registered adapter: sqlserver=1.8.7
[2025-11-15T00:00:40.299+0000] {subprocess.py:93} INFO - [0m00:00:40  Found 10 models, 18 data tests, 13 sources, 614 macros
[2025-11-15T00:00:40.303+0000] {subprocess.py:93} INFO - [0m00:00:40
[2025-11-15T00:00:40.479+0000] {subprocess.py:93} INFO - [0m00:00:40  Concurrency: 4 threads (target='dev')
[2025-11-15T00:00:40.480+0000] {subprocess.py:93} INFO - [0m00:00:40
[2025-11-15T00:00:40.487+0000] {subprocess.py:93} INFO - [0m00:00:40  1 of 10 START sql view model bronze.brnz_customers ............................. [RUN]
[2025-11-15T00:00:40.488+0000] {subprocess.py:93} INFO - [0m00:00:40  2 of 10 START sql view model bronze.brnz_example ............................... [RUN]
[2025-11-15T00:00:40.489+0000] {subprocess.py:93} INFO - [0m00:00:40  3 of 10 START sql view model bronze.brnz_products .............................. [RUN]
[2025-11-15T00:00:40.490+0000] {subprocess.py:93} INFO - [0m00:00:40  4 of 10 START sql view model bronze.brnz_sales_orders .......................... [RUN]
[2025-11-15T00:00:40.784+0000] {subprocess.py:93} INFO - [0m00:00:40  2 of 10 OK created sql view model bronze.brnz_example .......................... [[32mOK[0m in 0.29s]
[2025-11-15T00:00:40.785+0000] {subprocess.py:93} INFO - [0m00:00:40  3 of 10 OK created sql view model bronze.brnz_products ......................... [[32mOK[0m in 0.29s]
[2025-11-15T00:00:40.786+0000] {subprocess.py:93} INFO - [0m00:00:40  4 of 10 OK created sql view model bronze.brnz_sales_orders ..................... [[32mOK[0m in 0.29s]
[2025-11-15T00:00:40.787+0000] {subprocess.py:93} INFO - [0m00:00:40  1 of 10 OK created sql view model bronze.brnz_customers ........................ [[32mOK[0m in 0.29s]
[2025-11-15T00:00:40.797+0000] {subprocess.py:93} INFO - [0m00:00:40  5 of 10 START sql table model silver.slvr_products ............................. [RUN]
[2025-11-15T00:00:40.798+0000] {subprocess.py:93} INFO - [0m00:00:40  6 of 10 START sql table model silver.slvr_sales_orders ......................... [RUN]
[2025-11-15T00:00:40.799+0000] {subprocess.py:93} INFO - [0m00:00:40  7 of 10 START sql table model silver.slvr_customers ............................ [RUN]
[2025-11-15T00:00:41.055+0000] {subprocess.py:93} INFO - [0m00:00:41  5 of 10 OK created sql table model silver.slvr_products ........................ [[32mOK[0m in 0.25s]
[2025-11-15T00:00:41.114+0000] {subprocess.py:93} INFO - [0m00:00:41  7 of 10 OK created sql table model silver.slvr_customers ....................... [[32mOK[0m in 0.31s]
[2025-11-15T00:00:41.715+0000] {subprocess.py:93} INFO - [0m00:00:41  6 of 10 OK created sql table model silver.slvr_sales_orders .................... [[32mOK[0m in 0.91s]
[2025-11-15T00:00:41.720+0000] {subprocess.py:93} INFO - [0m00:00:41  8 of 10 START sql table model gold.gld_customer_metrics ........................ [RUN]
[2025-11-15T00:00:41.721+0000] {subprocess.py:93} INFO - [0m00:00:41  9 of 10 START sql table model gold.gld_product_performance ..................... [RUN]
[2025-11-15T00:00:41.722+0000] {subprocess.py:93} INFO - [0m00:00:41  10 of 10 START sql table model gold.gld_sales_summary .......................... [RUN]
[2025-11-15T00:00:42.271+0000] {subprocess.py:93} INFO - [0m00:00:42  10 of 10 OK created sql table model gold.gld_sales_summary ..................... [[32mOK[0m in 0.54s]
[2025-11-15T00:00:42.292+0000] {subprocess.py:93} INFO - [0m00:00:42  8 of 10 OK created sql table model gold.gld_customer_metrics ................... [[32mOK[0m in 0.57s]
[2025-11-15T00:00:42.330+0000] {subprocess.py:93} INFO - [0m00:00:42  9 of 10 OK created sql table model gold.gld_product_performance ................ [[32mOK[0m in 0.60s]
[2025-11-15T00:00:42.340+0000] {subprocess.py:93} INFO - [0m00:00:42
[2025-11-15T00:00:42.341+0000] {subprocess.py:93} INFO - [0m00:00:42  Finished running 4 view models, 6 table models in 0 hours 0 minutes and 2.04 seconds (2.04s).
[2025-11-15T00:00:42.430+0000] {subprocess.py:93} INFO - [0m00:00:42
[2025-11-15T00:00:42.432+0000] {subprocess.py:93} INFO - [0m00:00:42  [32mCompleted successfully[0m
[2025-11-15T00:00:42.433+0000] {subprocess.py:93} INFO - [0m00:00:42
[2025-11-15T00:00:42.434+0000] {subprocess.py:93} INFO - [0m00:00:42  Done. PASS=10 WARN=0 ERROR=0 SKIP=0 TOTAL=10
[2025-11-15T00:00:44.067+0000] {subprocess.py:97} INFO - Command exited with return code 0
[2025-11-15T00:00:44.093+0000] {taskinstance.py:1398} INFO - Marking task as SUCCESS. dag_id=dbt_transform, task_id=dbt_run, execution_date=20251114T235535, start_date=20251115T000036, end_date=20251115T000044
[2025-11-15T00:00:44.143+0000] {local_task_job_runner.py:228} INFO - Task exited with return code 0
[2025-11-15T00:00:44.161+0000] {taskinstance.py:2776} INFO - 1 downstream tasks scheduled from follow-on schedule check
