[2025-11-14T18:25:36.431+0000] {taskinstance.py:1157} INFO - Dependencies all met for dep_context=non-requeueable deps ti=<TaskInstance: dbt_transform.dbt_run scheduled__2025-11-14T18:20:35.634758+00:00 [queued]>
[2025-11-14T18:25:36.437+0000] {taskinstance.py:1157} INFO - Dependencies all met for dep_context=requeueable deps ti=<TaskInstance: dbt_transform.dbt_run scheduled__2025-11-14T18:20:35.634758+00:00 [queued]>
[2025-11-14T18:25:36.438+0000] {taskinstance.py:1359} INFO - Starting attempt 1 of 2
[2025-11-14T18:25:36.446+0000] {taskinstance.py:1380} INFO - Executing <Task(BashOperator): dbt_run> on 2025-11-14 18:20:35.634758+00:00
[2025-11-14T18:25:36.450+0000] {standard_task_runner.py:57} INFO - Started process 3188 to run task
[2025-11-14T18:25:36.452+0000] {standard_task_runner.py:84} INFO - Running: ['***', 'tasks', 'run', 'dbt_transform', 'dbt_run', 'scheduled__2025-11-14T18:20:35.634758+00:00', '--job-id', '82', '--raw', '--subdir', 'DAGS_FOLDER/dbt_dag.py', '--cfg-path', '/tmp/tmp8jf74xmm']
[2025-11-14T18:25:36.455+0000] {standard_task_runner.py:85} INFO - Job 82: Subtask dbt_run
[2025-11-14T18:25:36.515+0000] {task_command.py:415} INFO - Running <TaskInstance: dbt_transform.dbt_run scheduled__2025-11-14T18:20:35.634758+00:00 [running]> on host 3f4da400579d
[2025-11-14T18:25:36.578+0000] {taskinstance.py:1660} INFO - Exporting env vars: AIRFLOW_CTX_DAG_OWNER='***' AIRFLOW_CTX_DAG_ID='dbt_transform' AIRFLOW_CTX_TASK_ID='dbt_run' AIRFLOW_CTX_EXECUTION_DATE='2025-11-14T18:20:35.634758+00:00' AIRFLOW_CTX_TRY_NUMBER='1' AIRFLOW_CTX_DAG_RUN_ID='scheduled__2025-11-14T18:20:35.634758+00:00'
[2025-11-14T18:25:36.579+0000] {subprocess.py:63} INFO - Tmp dir root location: /tmp
[2025-11-14T18:25:36.581+0000] {subprocess.py:75} INFO - Running command: ['/bin/bash', '-c', 'docker exec dbt_***_project-dbt-1 dbt run']
[2025-11-14T18:25:36.588+0000] {subprocess.py:86} INFO - Output:
[2025-11-14T18:25:38.208+0000] {subprocess.py:93} INFO - [0m18:25:38  Running with dbt=1.8.7
[2025-11-14T18:25:38.543+0000] {subprocess.py:93} INFO - [0m18:25:38  Registered adapter: sqlserver=1.8.7
[2025-11-14T18:25:40.102+0000] {subprocess.py:93} INFO - [0m18:25:40  Found 10 models, 18 data tests, 13 sources, 614 macros
[2025-11-14T18:25:40.106+0000] {subprocess.py:93} INFO - [0m18:25:40
[2025-11-14T18:25:40.284+0000] {subprocess.py:93} INFO - [0m18:25:40  Concurrency: 4 threads (target='dev')
[2025-11-14T18:25:40.285+0000] {subprocess.py:93} INFO - [0m18:25:40
[2025-11-14T18:25:40.291+0000] {subprocess.py:93} INFO - [0m18:25:40  1 of 10 START sql view model bronze.brnz_customers ............................. [RUN]
[2025-11-14T18:25:40.292+0000] {subprocess.py:93} INFO - [0m18:25:40  2 of 10 START sql view model bronze.brnz_example ............................... [RUN]
[2025-11-14T18:25:40.294+0000] {subprocess.py:93} INFO - [0m18:25:40  3 of 10 START sql view model bronze.brnz_products .............................. [RUN]
[2025-11-14T18:25:40.295+0000] {subprocess.py:93} INFO - [0m18:25:40  4 of 10 START sql view model bronze.brnz_sales_orders .......................... [RUN]
[2025-11-14T18:25:40.590+0000] {subprocess.py:93} INFO - [0m18:25:40  3 of 10 OK created sql view model bronze.brnz_products ......................... [[32mOK[0m in 0.29s]
[2025-11-14T18:25:40.596+0000] {subprocess.py:93} INFO - [0m18:25:40  2 of 10 OK created sql view model bronze.brnz_example .......................... [[32mOK[0m in 0.29s]
[2025-11-14T18:25:40.607+0000] {subprocess.py:93} INFO - [0m18:25:40  5 of 10 START sql table model silver.slvr_products ............................. [RUN]
[2025-11-14T18:25:40.609+0000] {subprocess.py:93} INFO - [0m18:25:40  4 of 10 OK created sql view model bronze.brnz_sales_orders ..................... [[32mOK[0m in 0.30s]
[2025-11-14T18:25:40.624+0000] {subprocess.py:93} INFO - [0m18:25:40  6 of 10 START sql table model silver.slvr_sales_orders ......................... [RUN]
[2025-11-14T18:25:40.626+0000] {subprocess.py:93} INFO - [0m18:25:40  1 of 10 OK created sql view model bronze.brnz_customers ........................ [[32mOK[0m in 0.33s]
[2025-11-14T18:25:40.637+0000] {subprocess.py:93} INFO - [0m18:25:40  7 of 10 START sql table model silver.slvr_customers ............................ [RUN]
[2025-11-14T18:25:40.843+0000] {subprocess.py:93} INFO - [0m18:25:40  5 of 10 OK created sql table model silver.slvr_products ........................ [[32mOK[0m in 0.23s]
[2025-11-14T18:25:40.919+0000] {subprocess.py:93} INFO - [0m18:25:40  7 of 10 OK created sql table model silver.slvr_customers ....................... [[32mOK[0m in 0.26s]
[2025-11-14T18:25:41.455+0000] {subprocess.py:93} INFO - [0m18:25:41  6 of 10 OK created sql table model silver.slvr_sales_orders .................... [[32mOK[0m in 0.83s]
[2025-11-14T18:25:41.458+0000] {subprocess.py:93} INFO - [0m18:25:41  8 of 10 START sql table model gold.gld_customer_metrics ........................ [RUN]
[2025-11-14T18:25:41.460+0000] {subprocess.py:93} INFO - [0m18:25:41  9 of 10 START sql table model gold.gld_product_performance ..................... [RUN]
[2025-11-14T18:25:41.462+0000] {subprocess.py:93} INFO - [0m18:25:41  10 of 10 START sql table model gold.gld_sales_summary .......................... [RUN]
[2025-11-14T18:25:41.840+0000] {subprocess.py:93} INFO - [0m18:25:41  10 of 10 OK created sql table model gold.gld_sales_summary ..................... [[32mOK[0m in 0.37s]
[2025-11-14T18:25:42.360+0000] {subprocess.py:93} INFO - [0m18:25:42  8 of 10 OK created sql table model gold.gld_customer_metrics ................... [[32mOK[0m in 0.90s]
[2025-11-14T18:25:42.383+0000] {subprocess.py:93} INFO - [0m18:25:42  9 of 10 OK created sql table model gold.gld_product_performance ................ [[32mOK[0m in 0.92s]
[2025-11-14T18:25:42.392+0000] {subprocess.py:93} INFO - [0m18:25:42
[2025-11-14T18:25:42.393+0000] {subprocess.py:93} INFO - [0m18:25:42  Finished running 4 view models, 6 table models in 0 hours 0 minutes and 2.29 seconds (2.29s).
[2025-11-14T18:25:42.456+0000] {subprocess.py:93} INFO - [0m18:25:42
[2025-11-14T18:25:42.457+0000] {subprocess.py:93} INFO - [0m18:25:42  [32mCompleted successfully[0m
[2025-11-14T18:25:42.458+0000] {subprocess.py:93} INFO - [0m18:25:42
[2025-11-14T18:25:42.460+0000] {subprocess.py:93} INFO - [0m18:25:42  Done. PASS=10 WARN=0 ERROR=0 SKIP=0 TOTAL=10
[2025-11-14T18:25:44.114+0000] {subprocess.py:97} INFO - Command exited with return code 0
[2025-11-14T18:25:44.131+0000] {taskinstance.py:1398} INFO - Marking task as SUCCESS. dag_id=dbt_transform, task_id=dbt_run, execution_date=20251114T182035, start_date=20251114T182536, end_date=20251114T182544
[2025-11-14T18:25:44.145+0000] {local_task_job_runner.py:228} INFO - Task exited with return code 0
[2025-11-14T18:25:44.161+0000] {taskinstance.py:2776} INFO - 1 downstream tasks scheduled from follow-on schedule check
