[2025-11-15T01:35:36.884+0000] {taskinstance.py:1157} INFO - Dependencies all met for dep_context=non-requeueable deps ti=<TaskInstance: dbt_transform.dbt_run scheduled__2025-11-15T01:30:35.634758+00:00 [queued]>
[2025-11-15T01:35:36.889+0000] {taskinstance.py:1157} INFO - Dependencies all met for dep_context=requeueable deps ti=<TaskInstance: dbt_transform.dbt_run scheduled__2025-11-15T01:30:35.634758+00:00 [queued]>
[2025-11-15T01:35:36.890+0000] {taskinstance.py:1359} INFO - Starting attempt 1 of 2
[2025-11-15T01:35:36.899+0000] {taskinstance.py:1380} INFO - Executing <Task(BashOperator): dbt_run> on 2025-11-15 01:30:35.634758+00:00
[2025-11-15T01:35:36.903+0000] {standard_task_runner.py:57} INFO - Started process 9528 to run task
[2025-11-15T01:35:36.906+0000] {standard_task_runner.py:84} INFO - Running: ['***', 'tasks', 'run', 'dbt_transform', 'dbt_run', 'scheduled__2025-11-15T01:30:35.634758+00:00', '--job-id', '254', '--raw', '--subdir', 'DAGS_FOLDER/dbt_dag.py', '--cfg-path', '/tmp/tmpkgb5ebtb']
[2025-11-15T01:35:36.908+0000] {standard_task_runner.py:85} INFO - Job 254: Subtask dbt_run
[2025-11-15T01:35:36.968+0000] {task_command.py:415} INFO - Running <TaskInstance: dbt_transform.dbt_run scheduled__2025-11-15T01:30:35.634758+00:00 [running]> on host 3f4da400579d
[2025-11-15T01:35:37.035+0000] {taskinstance.py:1660} INFO - Exporting env vars: AIRFLOW_CTX_DAG_OWNER='***' AIRFLOW_CTX_DAG_ID='dbt_transform' AIRFLOW_CTX_TASK_ID='dbt_run' AIRFLOW_CTX_EXECUTION_DATE='2025-11-15T01:30:35.634758+00:00' AIRFLOW_CTX_TRY_NUMBER='1' AIRFLOW_CTX_DAG_RUN_ID='scheduled__2025-11-15T01:30:35.634758+00:00'
[2025-11-15T01:35:37.036+0000] {subprocess.py:63} INFO - Tmp dir root location: /tmp
[2025-11-15T01:35:37.038+0000] {subprocess.py:75} INFO - Running command: ['/bin/bash', '-c', 'docker exec dbt_***_project-dbt-1 dbt run']
[2025-11-15T01:35:37.046+0000] {subprocess.py:86} INFO - Output:
[2025-11-15T01:35:38.561+0000] {subprocess.py:93} INFO - [0m01:35:38  Running with dbt=1.8.7
[2025-11-15T01:35:38.908+0000] {subprocess.py:93} INFO - [0m01:35:38  Registered adapter: sqlserver=1.8.7
[2025-11-15T01:35:40.076+0000] {subprocess.py:93} INFO - [0m01:35:40  Found 10 models, 18 data tests, 13 sources, 614 macros
[2025-11-15T01:35:40.080+0000] {subprocess.py:93} INFO - [0m01:35:40
[2025-11-15T01:35:40.258+0000] {subprocess.py:93} INFO - [0m01:35:40  Concurrency: 4 threads (target='dev')
[2025-11-15T01:35:40.259+0000] {subprocess.py:93} INFO - [0m01:35:40
[2025-11-15T01:35:40.266+0000] {subprocess.py:93} INFO - [0m01:35:40  1 of 10 START sql view model bronze.brnz_customers ............................. [RUN]
[2025-11-15T01:35:40.267+0000] {subprocess.py:93} INFO - [0m01:35:40  2 of 10 START sql view model bronze.brnz_example ............................... [RUN]
[2025-11-15T01:35:40.268+0000] {subprocess.py:93} INFO - [0m01:35:40  3 of 10 START sql view model bronze.brnz_products .............................. [RUN]
[2025-11-15T01:35:40.269+0000] {subprocess.py:93} INFO - [0m01:35:40  4 of 10 START sql view model bronze.brnz_sales_orders .......................... [RUN]
[2025-11-15T01:35:40.568+0000] {subprocess.py:93} INFO - [0m01:35:40  1 of 10 OK created sql view model bronze.brnz_customers ........................ [[32mOK[0m in 0.29s]
[2025-11-15T01:35:40.571+0000] {subprocess.py:93} INFO - [0m01:35:40  2 of 10 OK created sql view model bronze.brnz_example .......................... [[32mOK[0m in 0.29s]
[2025-11-15T01:35:40.583+0000] {subprocess.py:93} INFO - [0m01:35:40  5 of 10 START sql table model silver.slvr_customers ............................ [RUN]
[2025-11-15T01:35:40.590+0000] {subprocess.py:93} INFO - [0m01:35:40  3 of 10 OK created sql view model bronze.brnz_products ......................... [[32mOK[0m in 0.31s]
[2025-11-15T01:35:40.592+0000] {subprocess.py:93} INFO - [0m01:35:40  4 of 10 OK created sql view model bronze.brnz_sales_orders ..................... [[32mOK[0m in 0.31s]
[2025-11-15T01:35:40.603+0000] {subprocess.py:93} INFO - [0m01:35:40  6 of 10 START sql table model silver.slvr_products ............................. [RUN]
[2025-11-15T01:35:40.604+0000] {subprocess.py:93} INFO - [0m01:35:40  7 of 10 START sql table model silver.slvr_sales_orders ......................... [RUN]
[2025-11-15T01:35:40.825+0000] {subprocess.py:93} INFO - [0m01:35:40  6 of 10 OK created sql table model silver.slvr_products ........................ [[32mOK[0m in 0.22s]
[2025-11-15T01:35:40.874+0000] {subprocess.py:93} INFO - [0m01:35:40  5 of 10 OK created sql table model silver.slvr_customers ....................... [[32mOK[0m in 0.29s]
[2025-11-15T01:35:41.461+0000] {subprocess.py:93} INFO - [0m01:35:41  7 of 10 OK created sql table model silver.slvr_sales_orders .................... [[32mOK[0m in 0.85s]
[2025-11-15T01:35:41.466+0000] {subprocess.py:93} INFO - [0m01:35:41  8 of 10 START sql table model gold.gld_customer_metrics ........................ [RUN]
[2025-11-15T01:35:41.467+0000] {subprocess.py:93} INFO - [0m01:35:41  9 of 10 START sql table model gold.gld_product_performance ..................... [RUN]
[2025-11-15T01:35:41.468+0000] {subprocess.py:93} INFO - [0m01:35:41  10 of 10 START sql table model gold.gld_sales_summary .......................... [RUN]
[2025-11-15T01:35:41.853+0000] {subprocess.py:93} INFO - [0m01:35:41  10 of 10 OK created sql table model gold.gld_sales_summary ..................... [[32mOK[0m in 0.38s]
[2025-11-15T01:35:42.382+0000] {subprocess.py:93} INFO - [0m01:35:42  9 of 10 OK created sql table model gold.gld_product_performance ................ [[32mOK[0m in 0.91s]
[2025-11-15T01:35:42.442+0000] {subprocess.py:93} INFO - [0m01:35:42  8 of 10 OK created sql table model gold.gld_customer_metrics ................... [[32mOK[0m in 0.97s]
[2025-11-15T01:35:42.455+0000] {subprocess.py:93} INFO - [0m01:35:42
[2025-11-15T01:35:42.456+0000] {subprocess.py:93} INFO - [0m01:35:42  Finished running 4 view models, 6 table models in 0 hours 0 minutes and 2.37 seconds (2.37s).
[2025-11-15T01:35:42.553+0000] {subprocess.py:93} INFO - [0m01:35:42
[2025-11-15T01:35:42.554+0000] {subprocess.py:93} INFO - [0m01:35:42  [32mCompleted successfully[0m
[2025-11-15T01:35:42.555+0000] {subprocess.py:93} INFO - [0m01:35:42
[2025-11-15T01:35:42.557+0000] {subprocess.py:93} INFO - [0m01:35:42  Done. PASS=10 WARN=0 ERROR=0 SKIP=0 TOTAL=10
[2025-11-15T01:35:44.207+0000] {subprocess.py:97} INFO - Command exited with return code 0
[2025-11-15T01:35:44.224+0000] {taskinstance.py:1398} INFO - Marking task as SUCCESS. dag_id=dbt_transform, task_id=dbt_run, execution_date=20251115T013035, start_date=20251115T013536, end_date=20251115T013544
[2025-11-15T01:35:44.277+0000] {local_task_job_runner.py:228} INFO - Task exited with return code 0
[2025-11-15T01:35:44.295+0000] {taskinstance.py:2776} INFO - 1 downstream tasks scheduled from follow-on schedule check
