[2025-11-14T21:05:36.669+0000] {taskinstance.py:1157} INFO - Dependencies all met for dep_context=non-requeueable deps ti=<TaskInstance: dbt_transform.dbt_run scheduled__2025-11-14T21:00:35.634758+00:00 [queued]>
[2025-11-14T21:05:36.675+0000] {taskinstance.py:1157} INFO - Dependencies all met for dep_context=requeueable deps ti=<TaskInstance: dbt_transform.dbt_run scheduled__2025-11-14T21:00:35.634758+00:00 [queued]>
[2025-11-14T21:05:36.675+0000] {taskinstance.py:1359} INFO - Starting attempt 1 of 2
[2025-11-14T21:05:36.685+0000] {taskinstance.py:1380} INFO - Executing <Task(BashOperator): dbt_run> on 2025-11-14 21:00:35.634758+00:00
[2025-11-14T21:05:36.688+0000] {standard_task_runner.py:57} INFO - Started process 5547 to run task
[2025-11-14T21:05:36.691+0000] {standard_task_runner.py:84} INFO - Running: ['***', 'tasks', 'run', 'dbt_transform', 'dbt_run', 'scheduled__2025-11-14T21:00:35.634758+00:00', '--job-id', '146', '--raw', '--subdir', 'DAGS_FOLDER/dbt_dag.py', '--cfg-path', '/tmp/tmpnxmfteg9']
[2025-11-14T21:05:36.693+0000] {standard_task_runner.py:85} INFO - Job 146: Subtask dbt_run
[2025-11-14T21:05:36.757+0000] {task_command.py:415} INFO - Running <TaskInstance: dbt_transform.dbt_run scheduled__2025-11-14T21:00:35.634758+00:00 [running]> on host 3f4da400579d
[2025-11-14T21:05:36.821+0000] {taskinstance.py:1660} INFO - Exporting env vars: AIRFLOW_CTX_DAG_OWNER='***' AIRFLOW_CTX_DAG_ID='dbt_transform' AIRFLOW_CTX_TASK_ID='dbt_run' AIRFLOW_CTX_EXECUTION_DATE='2025-11-14T21:00:35.634758+00:00' AIRFLOW_CTX_TRY_NUMBER='1' AIRFLOW_CTX_DAG_RUN_ID='scheduled__2025-11-14T21:00:35.634758+00:00'
[2025-11-14T21:05:36.823+0000] {subprocess.py:63} INFO - Tmp dir root location: /tmp
[2025-11-14T21:05:36.824+0000] {subprocess.py:75} INFO - Running command: ['/bin/bash', '-c', 'docker exec dbt_***_project-dbt-1 dbt run']
[2025-11-14T21:05:36.831+0000] {subprocess.py:86} INFO - Output:
[2025-11-14T21:05:38.333+0000] {subprocess.py:93} INFO - [0m21:05:38  Running with dbt=1.8.7
[2025-11-14T21:05:38.675+0000] {subprocess.py:93} INFO - [0m21:05:38  Registered adapter: sqlserver=1.8.7
[2025-11-14T21:05:40.112+0000] {subprocess.py:93} INFO - [0m21:05:40  Found 10 models, 18 data tests, 13 sources, 614 macros
[2025-11-14T21:05:40.115+0000] {subprocess.py:93} INFO - [0m21:05:40
[2025-11-14T21:05:40.290+0000] {subprocess.py:93} INFO - [0m21:05:40  Concurrency: 4 threads (target='dev')
[2025-11-14T21:05:40.291+0000] {subprocess.py:93} INFO - [0m21:05:40
[2025-11-14T21:05:40.298+0000] {subprocess.py:93} INFO - [0m21:05:40  1 of 10 START sql view model bronze.brnz_customers ............................. [RUN]
[2025-11-14T21:05:40.299+0000] {subprocess.py:93} INFO - [0m21:05:40  2 of 10 START sql view model bronze.brnz_example ............................... [RUN]
[2025-11-14T21:05:40.301+0000] {subprocess.py:93} INFO - [0m21:05:40  3 of 10 START sql view model bronze.brnz_products .............................. [RUN]
[2025-11-14T21:05:40.302+0000] {subprocess.py:93} INFO - [0m21:05:40  4 of 10 START sql view model bronze.brnz_sales_orders .......................... [RUN]
[2025-11-14T21:05:40.595+0000] {subprocess.py:93} INFO - [0m21:05:40  2 of 10 OK created sql view model bronze.brnz_example .......................... [[32mOK[0m in 0.28s]
[2025-11-14T21:05:40.608+0000] {subprocess.py:93} INFO - [0m21:05:40  3 of 10 OK created sql view model bronze.brnz_products ......................... [[32mOK[0m in 0.30s]
[2025-11-14T21:05:40.609+0000] {subprocess.py:93} INFO - [0m21:05:40  4 of 10 OK created sql view model bronze.brnz_sales_orders ..................... [[32mOK[0m in 0.30s]
[2025-11-14T21:05:40.618+0000] {subprocess.py:93} INFO - [0m21:05:40  1 of 10 OK created sql view model bronze.brnz_customers ........................ [[32mOK[0m in 0.31s]
[2025-11-14T21:05:40.619+0000] {subprocess.py:93} INFO - [0m21:05:40  5 of 10 START sql table model silver.slvr_products ............................. [RUN]
[2025-11-14T21:05:40.620+0000] {subprocess.py:93} INFO - [0m21:05:40  6 of 10 START sql table model silver.slvr_sales_orders ......................... [RUN]
[2025-11-14T21:05:40.628+0000] {subprocess.py:93} INFO - [0m21:05:40  7 of 10 START sql table model silver.slvr_customers ............................ [RUN]
[2025-11-14T21:05:40.886+0000] {subprocess.py:93} INFO - [0m21:05:40  5 of 10 OK created sql table model silver.slvr_products ........................ [[32mOK[0m in 0.26s]
[2025-11-14T21:05:40.941+0000] {subprocess.py:93} INFO - [0m21:05:40  7 of 10 OK created sql table model silver.slvr_customers ....................... [[32mOK[0m in 0.30s]
[2025-11-14T21:05:41.468+0000] {subprocess.py:93} INFO - [0m21:05:41  6 of 10 OK created sql table model silver.slvr_sales_orders .................... [[32mOK[0m in 0.84s]
[2025-11-14T21:05:41.473+0000] {subprocess.py:93} INFO - [0m21:05:41  8 of 10 START sql table model gold.gld_customer_metrics ........................ [RUN]
[2025-11-14T21:05:41.474+0000] {subprocess.py:93} INFO - [0m21:05:41  9 of 10 START sql table model gold.gld_product_performance ..................... [RUN]
[2025-11-14T21:05:41.475+0000] {subprocess.py:93} INFO - [0m21:05:41  10 of 10 START sql table model gold.gld_sales_summary .......................... [RUN]
[2025-11-14T21:05:41.902+0000] {subprocess.py:93} INFO - [0m21:05:41  10 of 10 OK created sql table model gold.gld_sales_summary ..................... [[32mOK[0m in 0.42s]
[2025-11-14T21:05:42.079+0000] {subprocess.py:93} INFO - [0m21:05:42  9 of 10 OK created sql table model gold.gld_product_performance ................ [[32mOK[0m in 0.60s]
[2025-11-14T21:05:42.089+0000] {subprocess.py:93} INFO - [0m21:05:42  8 of 10 OK created sql table model gold.gld_customer_metrics ................... [[32mOK[0m in 0.61s]
[2025-11-14T21:05:42.097+0000] {subprocess.py:93} INFO - [0m21:05:42
[2025-11-14T21:05:42.099+0000] {subprocess.py:93} INFO - [0m21:05:42  Finished running 4 view models, 6 table models in 0 hours 0 minutes and 1.98 seconds (1.98s).
[2025-11-14T21:05:42.162+0000] {subprocess.py:93} INFO - [0m21:05:42
[2025-11-14T21:05:42.163+0000] {subprocess.py:93} INFO - [0m21:05:42  [32mCompleted successfully[0m
[2025-11-14T21:05:42.165+0000] {subprocess.py:93} INFO - [0m21:05:42
[2025-11-14T21:05:42.166+0000] {subprocess.py:93} INFO - [0m21:05:42  Done. PASS=10 WARN=0 ERROR=0 SKIP=0 TOTAL=10
[2025-11-14T21:05:43.708+0000] {subprocess.py:97} INFO - Command exited with return code 0
[2025-11-14T21:05:43.725+0000] {taskinstance.py:1398} INFO - Marking task as SUCCESS. dag_id=dbt_transform, task_id=dbt_run, execution_date=20251114T210035, start_date=20251114T210536, end_date=20251114T210543
[2025-11-14T21:05:43.747+0000] {local_task_job_runner.py:228} INFO - Task exited with return code 0
[2025-11-14T21:05:43.762+0000] {taskinstance.py:2776} INFO - 1 downstream tasks scheduled from follow-on schedule check
