[2025-11-15T00:40:36.357+0000] {taskinstance.py:1157} INFO - Dependencies all met for dep_context=non-requeueable deps ti=<TaskInstance: dbt_transform.dbt_run scheduled__2025-11-15T00:35:35.634758+00:00 [queued]>
[2025-11-15T00:40:36.363+0000] {taskinstance.py:1157} INFO - Dependencies all met for dep_context=requeueable deps ti=<TaskInstance: dbt_transform.dbt_run scheduled__2025-11-15T00:35:35.634758+00:00 [queued]>
[2025-11-15T00:40:36.364+0000] {taskinstance.py:1359} INFO - Starting attempt 1 of 2
[2025-11-15T00:40:36.375+0000] {taskinstance.py:1380} INFO - Executing <Task(BashOperator): dbt_run> on 2025-11-15 00:35:35.634758+00:00
[2025-11-15T00:40:36.378+0000] {standard_task_runner.py:57} INFO - Started process 8719 to run task
[2025-11-15T00:40:36.381+0000] {standard_task_runner.py:84} INFO - Running: ['***', 'tasks', 'run', 'dbt_transform', 'dbt_run', 'scheduled__2025-11-15T00:35:35.634758+00:00', '--job-id', '232', '--raw', '--subdir', 'DAGS_FOLDER/dbt_dag.py', '--cfg-path', '/tmp/tmpx93xc7n_']
[2025-11-15T00:40:36.384+0000] {standard_task_runner.py:85} INFO - Job 232: Subtask dbt_run
[2025-11-15T00:40:36.448+0000] {task_command.py:415} INFO - Running <TaskInstance: dbt_transform.dbt_run scheduled__2025-11-15T00:35:35.634758+00:00 [running]> on host 3f4da400579d
[2025-11-15T00:40:36.507+0000] {taskinstance.py:1660} INFO - Exporting env vars: AIRFLOW_CTX_DAG_OWNER='***' AIRFLOW_CTX_DAG_ID='dbt_transform' AIRFLOW_CTX_TASK_ID='dbt_run' AIRFLOW_CTX_EXECUTION_DATE='2025-11-15T00:35:35.634758+00:00' AIRFLOW_CTX_TRY_NUMBER='1' AIRFLOW_CTX_DAG_RUN_ID='scheduled__2025-11-15T00:35:35.634758+00:00'
[2025-11-15T00:40:36.508+0000] {subprocess.py:63} INFO - Tmp dir root location: /tmp
[2025-11-15T00:40:36.509+0000] {subprocess.py:75} INFO - Running command: ['/bin/bash', '-c', 'docker exec dbt_***_project-dbt-1 dbt run']
[2025-11-15T00:40:36.517+0000] {subprocess.py:86} INFO - Output:
[2025-11-15T00:40:38.159+0000] {subprocess.py:93} INFO - [0m00:40:38  Running with dbt=1.8.7
[2025-11-15T00:40:38.528+0000] {subprocess.py:93} INFO - [0m00:40:38  Registered adapter: sqlserver=1.8.7
[2025-11-15T00:40:39.332+0000] {subprocess.py:93} INFO - [0m00:40:39  Found 10 models, 18 data tests, 13 sources, 614 macros
[2025-11-15T00:40:39.337+0000] {subprocess.py:93} INFO - [0m00:40:39
[2025-11-15T00:40:38.583+0000] {subprocess.py:93} INFO - [0m00:40:38  Concurrency: 4 threads (target='dev')
[2025-11-15T00:40:38.584+0000] {subprocess.py:93} INFO - [0m00:40:38
[2025-11-15T00:40:38.592+0000] {subprocess.py:93} INFO - [0m00:40:38  1 of 10 START sql view model bronze.brnz_customers ............................. [RUN]
[2025-11-15T00:40:38.593+0000] {subprocess.py:93} INFO - [0m00:40:38  2 of 10 START sql view model bronze.brnz_example ............................... [RUN]
[2025-11-15T00:40:38.595+0000] {subprocess.py:93} INFO - [0m00:40:38  3 of 10 START sql view model bronze.brnz_products .............................. [RUN]
[2025-11-15T00:40:38.597+0000] {subprocess.py:93} INFO - [0m00:40:38  4 of 10 START sql view model bronze.brnz_sales_orders .......................... [RUN]
[2025-11-15T00:40:38.920+0000] {subprocess.py:93} INFO - [0m00:40:38  2 of 10 OK created sql view model bronze.brnz_example .......................... [[32mOK[0m in 0.31s]
[2025-11-15T00:40:38.923+0000] {subprocess.py:93} INFO - [0m00:40:38  3 of 10 OK created sql view model bronze.brnz_products ......................... [[32mOK[0m in 0.31s]
[2025-11-15T00:40:38.925+0000] {subprocess.py:93} INFO - [0m00:40:38  4 of 10 OK created sql view model bronze.brnz_sales_orders ..................... [[32mOK[0m in 0.31s]
[2025-11-15T00:40:38.928+0000] {subprocess.py:93} INFO - [0m00:40:38  1 of 10 OK created sql view model bronze.brnz_customers ........................ [[32mOK[0m in 0.32s]
[2025-11-15T00:40:38.939+0000] {subprocess.py:93} INFO - [0m00:40:38  5 of 10 START sql table model silver.slvr_products ............................. [RUN]
[2025-11-15T00:40:38.940+0000] {subprocess.py:93} INFO - [0m00:40:38  6 of 10 START sql table model silver.slvr_sales_orders ......................... [RUN]
[2025-11-15T00:40:38.942+0000] {subprocess.py:93} INFO - [0m00:40:38  7 of 10 START sql table model silver.slvr_customers ............................ [RUN]
[2025-11-15T00:40:39.300+0000] {subprocess.py:93} INFO - [0m00:40:39  7 of 10 OK created sql table model silver.slvr_customers ....................... [[32mOK[0m in 0.35s]
[2025-11-15T00:40:39.323+0000] {subprocess.py:93} INFO - [0m00:40:39  5 of 10 OK created sql table model silver.slvr_products ........................ [[32mOK[0m in 0.38s]
[2025-11-15T00:40:39.927+0000] {subprocess.py:93} INFO - [0m00:40:39  6 of 10 OK created sql table model silver.slvr_sales_orders .................... [[32mOK[0m in 0.98s]
[2025-11-15T00:40:39.932+0000] {subprocess.py:93} INFO - [0m00:40:39  8 of 10 START sql table model gold.gld_customer_metrics ........................ [RUN]
[2025-11-15T00:40:39.933+0000] {subprocess.py:93} INFO - [0m00:40:39  9 of 10 START sql table model gold.gld_product_performance ..................... [RUN]
[2025-11-15T00:40:39.934+0000] {subprocess.py:93} INFO - [0m00:40:39  10 of 10 START sql table model gold.gld_sales_summary .......................... [RUN]
[2025-11-15T00:40:40.388+0000] {subprocess.py:93} INFO - [0m00:40:40  10 of 10 OK created sql table model gold.gld_sales_summary ..................... [[32mOK[0m in 0.45s]
[2025-11-15T00:40:40.482+0000] {subprocess.py:93} INFO - [0m00:40:40  8 of 10 OK created sql table model gold.gld_customer_metrics ................... [[32mOK[0m in 0.55s]
[2025-11-15T00:40:40.590+0000] {subprocess.py:93} INFO - [0m00:40:40  9 of 10 OK created sql table model gold.gld_product_performance ................ [[32mOK[0m in 0.65s]
[2025-11-15T00:40:40.599+0000] {subprocess.py:93} INFO - [0m00:40:40
[2025-11-15T00:40:40.600+0000] {subprocess.py:93} INFO - [0m00:40:40  Finished running 4 view models, 6 table models in 0 hours 0 minutes and 1.26 seconds (1.26s).
[2025-11-15T00:40:40.664+0000] {subprocess.py:93} INFO - [0m00:40:40
[2025-11-15T00:40:40.665+0000] {subprocess.py:93} INFO - [0m00:40:40  [32mCompleted successfully[0m
[2025-11-15T00:40:40.667+0000] {subprocess.py:93} INFO - [0m00:40:40
[2025-11-15T00:40:40.668+0000] {subprocess.py:93} INFO - [0m00:40:40  Done. PASS=10 WARN=0 ERROR=0 SKIP=0 TOTAL=10
[2025-11-15T00:40:42.704+0000] {subprocess.py:97} INFO - Command exited with return code 0
[2025-11-15T00:40:42.724+0000] {taskinstance.py:1398} INFO - Marking task as SUCCESS. dag_id=dbt_transform, task_id=dbt_run, execution_date=20251115T003535, start_date=20251115T004036, end_date=20251115T004042
[2025-11-15T00:40:42.764+0000] {local_task_job_runner.py:228} INFO - Task exited with return code 0
[2025-11-15T00:40:42.780+0000] {taskinstance.py:2776} INFO - 1 downstream tasks scheduled from follow-on schedule check
