[2025-11-14T18:40:36.399+0000] {taskinstance.py:1157} INFO - Dependencies all met for dep_context=non-requeueable deps ti=<TaskInstance: dbt_transform.dbt_run scheduled__2025-11-14T18:35:35.634758+00:00 [queued]>
[2025-11-14T18:40:36.405+0000] {taskinstance.py:1157} INFO - Dependencies all met for dep_context=requeueable deps ti=<TaskInstance: dbt_transform.dbt_run scheduled__2025-11-14T18:35:35.634758+00:00 [queued]>
[2025-11-14T18:40:36.405+0000] {taskinstance.py:1359} INFO - Starting attempt 1 of 2
[2025-11-14T18:40:36.414+0000] {taskinstance.py:1380} INFO - Executing <Task(BashOperator): dbt_run> on 2025-11-14 18:35:35.634758+00:00
[2025-11-14T18:40:36.418+0000] {standard_task_runner.py:57} INFO - Started process 3405 to run task
[2025-11-14T18:40:36.420+0000] {standard_task_runner.py:84} INFO - Running: ['***', 'tasks', 'run', 'dbt_transform', 'dbt_run', 'scheduled__2025-11-14T18:35:35.634758+00:00', '--job-id', '88', '--raw', '--subdir', 'DAGS_FOLDER/dbt_dag.py', '--cfg-path', '/tmp/tmpb7h6bazn']
[2025-11-14T18:40:36.423+0000] {standard_task_runner.py:85} INFO - Job 88: Subtask dbt_run
[2025-11-14T18:40:36.481+0000] {task_command.py:415} INFO - Running <TaskInstance: dbt_transform.dbt_run scheduled__2025-11-14T18:35:35.634758+00:00 [running]> on host 3f4da400579d
[2025-11-14T18:40:36.547+0000] {taskinstance.py:1660} INFO - Exporting env vars: AIRFLOW_CTX_DAG_OWNER='***' AIRFLOW_CTX_DAG_ID='dbt_transform' AIRFLOW_CTX_TASK_ID='dbt_run' AIRFLOW_CTX_EXECUTION_DATE='2025-11-14T18:35:35.634758+00:00' AIRFLOW_CTX_TRY_NUMBER='1' AIRFLOW_CTX_DAG_RUN_ID='scheduled__2025-11-14T18:35:35.634758+00:00'
[2025-11-14T18:40:36.548+0000] {subprocess.py:63} INFO - Tmp dir root location: /tmp
[2025-11-14T18:40:36.550+0000] {subprocess.py:75} INFO - Running command: ['/bin/bash', '-c', 'docker exec dbt_***_project-dbt-1 dbt run']
[2025-11-14T18:40:36.557+0000] {subprocess.py:86} INFO - Output:
[2025-11-14T18:40:38.246+0000] {subprocess.py:93} INFO - [0m18:40:38  Running with dbt=1.8.7
[2025-11-14T18:40:38.612+0000] {subprocess.py:93} INFO - [0m18:40:38  Registered adapter: sqlserver=1.8.7
[2025-11-14T18:40:38.920+0000] {subprocess.py:93} INFO - [0m18:40:38  Found 10 models, 18 data tests, 13 sources, 614 macros
[2025-11-14T18:40:38.924+0000] {subprocess.py:93} INFO - [0m18:40:38
[2025-11-14T18:40:39.093+0000] {subprocess.py:93} INFO - [0m18:40:39  Concurrency: 4 threads (target='dev')
[2025-11-14T18:40:39.094+0000] {subprocess.py:93} INFO - [0m18:40:39
[2025-11-14T18:40:39.101+0000] {subprocess.py:93} INFO - [0m18:40:39  1 of 10 START sql view model bronze.brnz_customers ............................. [RUN]
[2025-11-14T18:40:39.102+0000] {subprocess.py:93} INFO - [0m18:40:39  2 of 10 START sql view model bronze.brnz_example ............................... [RUN]
[2025-11-14T18:40:39.103+0000] {subprocess.py:93} INFO - [0m18:40:39  3 of 10 START sql view model bronze.brnz_products .............................. [RUN]
[2025-11-14T18:40:39.105+0000] {subprocess.py:93} INFO - [0m18:40:39  4 of 10 START sql view model bronze.brnz_sales_orders .......................... [RUN]
[2025-11-14T18:40:39.395+0000] {subprocess.py:93} INFO - [0m18:40:39  3 of 10 OK created sql view model bronze.brnz_products ......................... [[32mOK[0m in 0.28s]
[2025-11-14T18:40:39.399+0000] {subprocess.py:93} INFO - [0m18:40:39  4 of 10 OK created sql view model bronze.brnz_sales_orders ..................... [[32mOK[0m in 0.28s]
[2025-11-14T18:40:39.404+0000] {subprocess.py:93} INFO - [0m18:40:39  1 of 10 OK created sql view model bronze.brnz_customers ........................ [[32mOK[0m in 0.29s]
[2025-11-14T18:40:39.408+0000] {subprocess.py:93} INFO - [0m18:40:39  2 of 10 OK created sql view model bronze.brnz_example .......................... [[32mOK[0m in 0.29s]
[2025-11-14T18:40:39.412+0000] {subprocess.py:93} INFO - [0m18:40:39  5 of 10 START sql table model silver.slvr_products ............................. [RUN]
[2025-11-14T18:40:39.416+0000] {subprocess.py:93} INFO - [0m18:40:39  6 of 10 START sql table model silver.slvr_sales_orders ......................... [RUN]
[2025-11-14T18:40:39.420+0000] {subprocess.py:93} INFO - [0m18:40:39  7 of 10 START sql table model silver.slvr_customers ............................ [RUN]
[2025-11-14T18:40:39.644+0000] {subprocess.py:93} INFO - [0m18:40:39  5 of 10 OK created sql table model silver.slvr_products ........................ [[32mOK[0m in 0.22s]
[2025-11-14T18:40:39.713+0000] {subprocess.py:93} INFO - [0m18:40:39  7 of 10 OK created sql table model silver.slvr_customers ....................... [[32mOK[0m in 0.29s]
[2025-11-14T18:40:40.271+0000] {subprocess.py:93} INFO - [0m18:40:40  6 of 10 OK created sql table model silver.slvr_sales_orders .................... [[32mOK[0m in 0.85s]
[2025-11-14T18:40:40.276+0000] {subprocess.py:93} INFO - [0m18:40:40  8 of 10 START sql table model gold.gld_customer_metrics ........................ [RUN]
[2025-11-14T18:40:40.277+0000] {subprocess.py:93} INFO - [0m18:40:40  9 of 10 START sql table model gold.gld_product_performance ..................... [RUN]
[2025-11-14T18:40:40.278+0000] {subprocess.py:93} INFO - [0m18:40:40  10 of 10 START sql table model gold.gld_sales_summary .......................... [RUN]
[2025-11-14T18:40:40.828+0000] {subprocess.py:93} INFO - [0m18:40:40  10 of 10 OK created sql table model gold.gld_sales_summary ..................... [[32mOK[0m in 0.54s]
[2025-11-14T18:40:40.917+0000] {subprocess.py:93} INFO - [0m18:40:40  9 of 10 OK created sql table model gold.gld_product_performance ................ [[32mOK[0m in 0.63s]
[2025-11-14T18:40:40.999+0000] {subprocess.py:93} INFO - [0m18:40:40  8 of 10 OK created sql table model gold.gld_customer_metrics ................... [[32mOK[0m in 0.72s]
[2025-11-14T18:40:41.009+0000] {subprocess.py:93} INFO - [0m18:40:41
[2025-11-14T18:40:41.010+0000] {subprocess.py:93} INFO - [0m18:40:41  Finished running 4 view models, 6 table models in 0 hours 0 minutes and 2.08 seconds (2.08s).
[2025-11-14T18:40:41.083+0000] {subprocess.py:93} INFO - [0m18:40:41
[2025-11-14T18:40:41.085+0000] {subprocess.py:93} INFO - [0m18:40:41  [32mCompleted successfully[0m
[2025-11-14T18:40:41.087+0000] {subprocess.py:93} INFO - [0m18:40:41
[2025-11-14T18:40:41.088+0000] {subprocess.py:93} INFO - [0m18:40:41  Done. PASS=10 WARN=0 ERROR=0 SKIP=0 TOTAL=10
[2025-11-14T18:40:44.745+0000] {subprocess.py:97} INFO - Command exited with return code 0
[2025-11-14T18:40:44.770+0000] {taskinstance.py:1398} INFO - Marking task as SUCCESS. dag_id=dbt_transform, task_id=dbt_run, execution_date=20251114T183535, start_date=20251114T184036, end_date=20251114T184044
[2025-11-14T18:40:44.803+0000] {local_task_job_runner.py:228} INFO - Task exited with return code 0
[2025-11-14T18:40:44.821+0000] {taskinstance.py:2776} INFO - 0 downstream tasks scheduled from follow-on schedule check
