[2025-11-15T00:50:36.571+0000] {taskinstance.py:1157} INFO - Dependencies all met for dep_context=non-requeueable deps ti=<TaskInstance: dbt_transform.dbt_run scheduled__2025-11-15T00:45:35.634758+00:00 [queued]>
[2025-11-15T00:50:36.577+0000] {taskinstance.py:1157} INFO - Dependencies all met for dep_context=requeueable deps ti=<TaskInstance: dbt_transform.dbt_run scheduled__2025-11-15T00:45:35.634758+00:00 [queued]>
[2025-11-15T00:50:36.577+0000] {taskinstance.py:1359} INFO - Starting attempt 1 of 2
[2025-11-15T00:50:36.585+0000] {taskinstance.py:1380} INFO - Executing <Task(BashOperator): dbt_run> on 2025-11-15 00:45:35.634758+00:00
[2025-11-15T00:50:36.589+0000] {standard_task_runner.py:57} INFO - Started process 8865 to run task
[2025-11-15T00:50:36.592+0000] {standard_task_runner.py:84} INFO - Running: ['***', 'tasks', 'run', 'dbt_transform', 'dbt_run', 'scheduled__2025-11-15T00:45:35.634758+00:00', '--job-id', '236', '--raw', '--subdir', 'DAGS_FOLDER/dbt_dag.py', '--cfg-path', '/tmp/tmp08uds3al']
[2025-11-15T00:50:36.594+0000] {standard_task_runner.py:85} INFO - Job 236: Subtask dbt_run
[2025-11-15T00:50:36.656+0000] {task_command.py:415} INFO - Running <TaskInstance: dbt_transform.dbt_run scheduled__2025-11-15T00:45:35.634758+00:00 [running]> on host 3f4da400579d
[2025-11-15T00:50:36.720+0000] {taskinstance.py:1660} INFO - Exporting env vars: AIRFLOW_CTX_DAG_OWNER='***' AIRFLOW_CTX_DAG_ID='dbt_transform' AIRFLOW_CTX_TASK_ID='dbt_run' AIRFLOW_CTX_EXECUTION_DATE='2025-11-15T00:45:35.634758+00:00' AIRFLOW_CTX_TRY_NUMBER='1' AIRFLOW_CTX_DAG_RUN_ID='scheduled__2025-11-15T00:45:35.634758+00:00'
[2025-11-15T00:50:36.722+0000] {subprocess.py:63} INFO - Tmp dir root location: /tmp
[2025-11-15T00:50:36.723+0000] {subprocess.py:75} INFO - Running command: ['/bin/bash', '-c', 'docker exec dbt_***_project-dbt-1 dbt run']
[2025-11-15T00:50:36.731+0000] {subprocess.py:86} INFO - Output:
[2025-11-15T00:50:38.227+0000] {subprocess.py:93} INFO - [0m00:50:38  Running with dbt=1.8.7
[2025-11-15T00:50:38.587+0000] {subprocess.py:93} INFO - [0m00:50:38  Registered adapter: sqlserver=1.8.7
[2025-11-15T00:50:40.043+0000] {subprocess.py:93} INFO - [0m00:50:40  Found 10 models, 18 data tests, 13 sources, 614 macros
[2025-11-15T00:50:40.047+0000] {subprocess.py:93} INFO - [0m00:50:40
[2025-11-15T00:50:40.247+0000] {subprocess.py:93} INFO - [0m00:50:40  Concurrency: 4 threads (target='dev')
[2025-11-15T00:50:40.247+0000] {subprocess.py:93} INFO - [0m00:50:40
[2025-11-15T00:50:40.254+0000] {subprocess.py:93} INFO - [0m00:50:40  1 of 10 START sql view model bronze.brnz_customers ............................. [RUN]
[2025-11-15T00:50:40.255+0000] {subprocess.py:93} INFO - [0m00:50:40  2 of 10 START sql view model bronze.brnz_example ............................... [RUN]
[2025-11-15T00:50:40.257+0000] {subprocess.py:93} INFO - [0m00:50:40  3 of 10 START sql view model bronze.brnz_products .............................. [RUN]
[2025-11-15T00:50:40.258+0000] {subprocess.py:93} INFO - [0m00:50:40  4 of 10 START sql view model bronze.brnz_sales_orders .......................... [RUN]
[2025-11-15T00:50:40.563+0000] {subprocess.py:93} INFO - [0m00:50:40  3 of 10 OK created sql view model bronze.brnz_products ......................... [[32mOK[0m in 0.29s]
[2025-11-15T00:50:40.568+0000] {subprocess.py:93} INFO - [0m00:50:40  2 of 10 OK created sql view model bronze.brnz_example .......................... [[32mOK[0m in 0.30s]
[2025-11-15T00:50:40.570+0000] {subprocess.py:93} INFO - [0m00:50:40  4 of 10 OK created sql view model bronze.brnz_sales_orders ..................... [[32mOK[0m in 0.30s]
[2025-11-15T00:50:40.572+0000] {subprocess.py:93} INFO - [0m00:50:40  1 of 10 OK created sql view model bronze.brnz_customers ........................ [[32mOK[0m in 0.31s]
[2025-11-15T00:50:40.580+0000] {subprocess.py:93} INFO - [0m00:50:40  5 of 10 START sql table model silver.slvr_products ............................. [RUN]
[2025-11-15T00:50:40.585+0000] {subprocess.py:93} INFO - [0m00:50:40  6 of 10 START sql table model silver.slvr_sales_orders ......................... [RUN]
[2025-11-15T00:50:40.587+0000] {subprocess.py:93} INFO - [0m00:50:40  7 of 10 START sql table model silver.slvr_customers ............................ [RUN]
[2025-11-15T00:50:40.809+0000] {subprocess.py:93} INFO - [0m00:50:40  5 of 10 OK created sql table model silver.slvr_products ........................ [[32mOK[0m in 0.22s]
[2025-11-15T00:50:40.886+0000] {subprocess.py:93} INFO - [0m00:50:40  7 of 10 OK created sql table model silver.slvr_customers ....................... [[32mOK[0m in 0.29s]
[2025-11-15T00:50:41.531+0000] {subprocess.py:93} INFO - [0m00:50:41  6 of 10 OK created sql table model silver.slvr_sales_orders .................... [[32mOK[0m in 0.94s]
[2025-11-15T00:50:41.536+0000] {subprocess.py:93} INFO - [0m00:50:41  8 of 10 START sql table model gold.gld_customer_metrics ........................ [RUN]
[2025-11-15T00:50:41.538+0000] {subprocess.py:93} INFO - [0m00:50:41  9 of 10 START sql table model gold.gld_product_performance ..................... [RUN]
[2025-11-15T00:50:41.540+0000] {subprocess.py:93} INFO - [0m00:50:41  10 of 10 START sql table model gold.gld_sales_summary .......................... [RUN]
[2025-11-15T00:50:41.900+0000] {subprocess.py:93} INFO - [0m00:50:41  10 of 10 OK created sql table model gold.gld_sales_summary ..................... [[32mOK[0m in 0.35s]
[2025-11-15T00:50:42.442+0000] {subprocess.py:93} INFO - [0m00:50:42  9 of 10 OK created sql table model gold.gld_product_performance ................ [[32mOK[0m in 0.89s]
[2025-11-15T00:50:42.466+0000] {subprocess.py:93} INFO - [0m00:50:42  8 of 10 OK created sql table model gold.gld_customer_metrics ................... [[32mOK[0m in 0.92s]
[2025-11-15T00:50:42.475+0000] {subprocess.py:93} INFO - [0m00:50:42
[2025-11-15T00:50:42.476+0000] {subprocess.py:93} INFO - [0m00:50:42  Finished running 4 view models, 6 table models in 0 hours 0 minutes and 2.43 seconds (2.43s).
[2025-11-15T00:50:42.544+0000] {subprocess.py:93} INFO - [0m00:50:42
[2025-11-15T00:50:42.545+0000] {subprocess.py:93} INFO - [0m00:50:42  [32mCompleted successfully[0m
[2025-11-15T00:50:42.547+0000] {subprocess.py:93} INFO - [0m00:50:42
[2025-11-15T00:50:42.549+0000] {subprocess.py:93} INFO - [0m00:50:42  Done. PASS=10 WARN=0 ERROR=0 SKIP=0 TOTAL=10
[2025-11-15T00:50:44.596+0000] {subprocess.py:97} INFO - Command exited with return code 0
[2025-11-15T00:50:44.614+0000] {taskinstance.py:1398} INFO - Marking task as SUCCESS. dag_id=dbt_transform, task_id=dbt_run, execution_date=20251115T004535, start_date=20251115T005036, end_date=20251115T005044
[2025-11-15T00:50:44.656+0000] {local_task_job_runner.py:228} INFO - Task exited with return code 0
[2025-11-15T00:50:44.674+0000] {taskinstance.py:2776} INFO - 1 downstream tasks scheduled from follow-on schedule check
