[2025-11-15T00:05:36.877+0000] {taskinstance.py:1157} INFO - Dependencies all met for dep_context=non-requeueable deps ti=<TaskInstance: dbt_transform.dbt_run scheduled__2025-11-15T00:00:35.634758+00:00 [queued]>
[2025-11-15T00:05:36.883+0000] {taskinstance.py:1157} INFO - Dependencies all met for dep_context=requeueable deps ti=<TaskInstance: dbt_transform.dbt_run scheduled__2025-11-15T00:00:35.634758+00:00 [queued]>
[2025-11-15T00:05:36.884+0000] {taskinstance.py:1359} INFO - Starting attempt 1 of 2
[2025-11-15T00:05:36.894+0000] {taskinstance.py:1380} INFO - Executing <Task(BashOperator): dbt_run> on 2025-11-15 00:00:35.634758+00:00
[2025-11-15T00:05:36.897+0000] {standard_task_runner.py:57} INFO - Started process 8205 to run task
[2025-11-15T00:05:36.900+0000] {standard_task_runner.py:84} INFO - Running: ['***', 'tasks', 'run', 'dbt_transform', 'dbt_run', 'scheduled__2025-11-15T00:00:35.634758+00:00', '--job-id', '218', '--raw', '--subdir', 'DAGS_FOLDER/dbt_dag.py', '--cfg-path', '/tmp/tmp2h7ut23w']
[2025-11-15T00:05:36.903+0000] {standard_task_runner.py:85} INFO - Job 218: Subtask dbt_run
[2025-11-15T00:05:36.962+0000] {task_command.py:415} INFO - Running <TaskInstance: dbt_transform.dbt_run scheduled__2025-11-15T00:00:35.634758+00:00 [running]> on host 3f4da400579d
[2025-11-15T00:05:37.023+0000] {taskinstance.py:1660} INFO - Exporting env vars: AIRFLOW_CTX_DAG_OWNER='***' AIRFLOW_CTX_DAG_ID='dbt_transform' AIRFLOW_CTX_TASK_ID='dbt_run' AIRFLOW_CTX_EXECUTION_DATE='2025-11-15T00:00:35.634758+00:00' AIRFLOW_CTX_TRY_NUMBER='1' AIRFLOW_CTX_DAG_RUN_ID='scheduled__2025-11-15T00:00:35.634758+00:00'
[2025-11-15T00:05:37.024+0000] {subprocess.py:63} INFO - Tmp dir root location: /tmp
[2025-11-15T00:05:37.026+0000] {subprocess.py:75} INFO - Running command: ['/bin/bash', '-c', 'docker exec dbt_***_project-dbt-1 dbt run']
[2025-11-15T00:05:37.033+0000] {subprocess.py:86} INFO - Output:
[2025-11-15T00:05:38.526+0000] {subprocess.py:93} INFO - [0m00:05:38  Running with dbt=1.8.7
[2025-11-15T00:05:38.862+0000] {subprocess.py:93} INFO - [0m00:05:38  Registered adapter: sqlserver=1.8.7
[2025-11-15T00:05:40.136+0000] {subprocess.py:93} INFO - [0m00:05:40  Found 10 models, 18 data tests, 13 sources, 614 macros
[2025-11-15T00:05:40.140+0000] {subprocess.py:93} INFO - [0m00:05:40
[2025-11-15T00:05:39.631+0000] {subprocess.py:93} INFO - [0m00:05:39  Concurrency: 4 threads (target='dev')
[2025-11-15T00:05:39.632+0000] {subprocess.py:93} INFO - [0m00:05:39
[2025-11-15T00:05:39.639+0000] {subprocess.py:93} INFO - [0m00:05:39  1 of 10 START sql view model bronze.brnz_customers ............................. [RUN]
[2025-11-15T00:05:39.640+0000] {subprocess.py:93} INFO - [0m00:05:39  2 of 10 START sql view model bronze.brnz_example ............................... [RUN]
[2025-11-15T00:05:39.641+0000] {subprocess.py:93} INFO - [0m00:05:39  3 of 10 START sql view model bronze.brnz_products .............................. [RUN]
[2025-11-15T00:05:39.642+0000] {subprocess.py:93} INFO - [0m00:05:39  4 of 10 START sql view model bronze.brnz_sales_orders .......................... [RUN]
[2025-11-15T00:05:38.994+0000] {subprocess.py:93} INFO - [0m00:05:38  3 of 10 OK created sql view model bronze.brnz_products ......................... [[32mOK[0m in -0.66s]
[2025-11-15T00:05:38.995+0000] {subprocess.py:93} INFO - [0m00:05:38  4 of 10 OK created sql view model bronze.brnz_sales_orders ..................... [[32mOK[0m in -0.66s]
[2025-11-15T00:05:38.997+0000] {subprocess.py:93} INFO - [0m00:05:38  1 of 10 OK created sql view model bronze.brnz_customers ........................ [[32mOK[0m in -0.65s]
[2025-11-15T00:05:39.008+0000] {subprocess.py:93} INFO - [0m00:05:39  5 of 10 START sql table model silver.slvr_products ............................. [RUN]
[2025-11-15T00:05:39.009+0000] {subprocess.py:93} INFO - [0m00:05:39  6 of 10 START sql table model silver.slvr_sales_orders ......................... [RUN]
[2025-11-15T00:05:39.012+0000] {subprocess.py:93} INFO - [0m00:05:39  7 of 10 START sql table model silver.slvr_customers ............................ [RUN]
[2025-11-15T00:05:39.015+0000] {subprocess.py:93} INFO - [0m00:05:39  2 of 10 OK created sql view model bronze.brnz_example .......................... [[32mOK[0m in -0.63s]
[2025-11-15T00:05:39.296+0000] {subprocess.py:93} INFO - [0m00:05:39  5 of 10 OK created sql table model silver.slvr_products ........................ [[32mOK[0m in 0.28s]
[2025-11-15T00:05:39.320+0000] {subprocess.py:93} INFO - [0m00:05:39  7 of 10 OK created sql table model silver.slvr_customers ....................... [[32mOK[0m in 0.30s]
[2025-11-15T00:05:39.907+0000] {subprocess.py:93} INFO - [0m00:05:39  6 of 10 OK created sql table model silver.slvr_sales_orders .................... [[32mOK[0m in 0.89s]
[2025-11-15T00:05:39.911+0000] {subprocess.py:93} INFO - [0m00:05:39  8 of 10 START sql table model gold.gld_customer_metrics ........................ [RUN]
[2025-11-15T00:05:39.912+0000] {subprocess.py:93} INFO - [0m00:05:39  9 of 10 START sql table model gold.gld_product_performance ..................... [RUN]
[2025-11-15T00:05:39.913+0000] {subprocess.py:93} INFO - [0m00:05:39  10 of 10 START sql table model gold.gld_sales_summary .......................... [RUN]
[2025-11-15T00:05:40.410+0000] {subprocess.py:93} INFO - [0m00:05:40  10 of 10 OK created sql table model gold.gld_sales_summary ..................... [[32mOK[0m in 0.49s]
[2025-11-15T00:05:40.510+0000] {subprocess.py:93} INFO - [0m00:05:40  8 of 10 OK created sql table model gold.gld_customer_metrics ................... [[32mOK[0m in 0.59s]
[2025-11-15T00:05:40.531+0000] {subprocess.py:93} INFO - [0m00:05:40  9 of 10 OK created sql table model gold.gld_product_performance ................ [[32mOK[0m in 0.61s]
[2025-11-15T00:05:40.542+0000] {subprocess.py:93} INFO - [0m00:05:40
[2025-11-15T00:05:40.545+0000] {subprocess.py:93} INFO - [0m00:05:40  Finished running 4 view models, 6 table models in 0 hours 0 minutes and 0.40 seconds (0.40s).
[2025-11-15T00:05:40.628+0000] {subprocess.py:93} INFO - [0m00:05:40
[2025-11-15T00:05:40.630+0000] {subprocess.py:93} INFO - [0m00:05:40  [32mCompleted successfully[0m
[2025-11-15T00:05:40.632+0000] {subprocess.py:93} INFO - [0m00:05:40
[2025-11-15T00:05:40.633+0000] {subprocess.py:93} INFO - [0m00:05:40  Done. PASS=10 WARN=0 ERROR=0 SKIP=0 TOTAL=10
[2025-11-15T00:05:42.192+0000] {subprocess.py:97} INFO - Command exited with return code 0
[2025-11-15T00:05:42.209+0000] {taskinstance.py:1398} INFO - Marking task as SUCCESS. dag_id=dbt_transform, task_id=dbt_run, execution_date=20251115T000035, start_date=20251115T000536, end_date=20251115T000542
[2025-11-15T00:05:42.224+0000] {local_task_job_runner.py:228} INFO - Task exited with return code 0
[2025-11-15T00:05:42.239+0000] {taskinstance.py:2776} INFO - 1 downstream tasks scheduled from follow-on schedule check
