[2025-11-15T02:01:05.335+0000] {taskinstance.py:1157} INFO - Dependencies all met for dep_context=non-requeueable deps ti=<TaskInstance: dbt_transform.dbt_run_gold manual__2025-11-15T01:58:19.121137+00:00 [queued]>
[2025-11-15T02:01:05.344+0000] {taskinstance.py:1157} INFO - Dependencies all met for dep_context=requeueable deps ti=<TaskInstance: dbt_transform.dbt_run_gold manual__2025-11-15T01:58:19.121137+00:00 [queued]>
[2025-11-15T02:01:05.345+0000] {taskinstance.py:1359} INFO - Starting attempt 1 of 2
[2025-11-15T02:01:05.357+0000] {taskinstance.py:1380} INFO - Executing <Task(BashOperator): dbt_run_gold> on 2025-11-15 01:58:19.121137+00:00
[2025-11-15T02:01:05.362+0000] {standard_task_runner.py:57} INFO - Started process 244 to run task
[2025-11-15T02:01:05.365+0000] {standard_task_runner.py:84} INFO - Running: ['***', 'tasks', 'run', 'dbt_transform', 'dbt_run_gold', 'manual__2025-11-15T01:58:19.121137+00:00', '--job-id', '264', '--raw', '--subdir', 'DAGS_FOLDER/dbt_dag.py', '--cfg-path', '/tmp/tmpqoezx_ou']
[2025-11-15T02:01:05.369+0000] {standard_task_runner.py:85} INFO - Job 264: Subtask dbt_run_gold
[2025-11-15T02:01:05.437+0000] {task_command.py:415} INFO - Running <TaskInstance: dbt_transform.dbt_run_gold manual__2025-11-15T01:58:19.121137+00:00 [running]> on host 32851173452f
[2025-11-15T02:01:05.512+0000] {taskinstance.py:1660} INFO - Exporting env vars: AIRFLOW_CTX_DAG_OWNER='***' AIRFLOW_CTX_DAG_ID='dbt_transform' AIRFLOW_CTX_TASK_ID='dbt_run_gold' AIRFLOW_CTX_EXECUTION_DATE='2025-11-15T01:58:19.121137+00:00' AIRFLOW_CTX_TRY_NUMBER='1' AIRFLOW_CTX_DAG_RUN_ID='manual__2025-11-15T01:58:19.121137+00:00'
[2025-11-15T02:01:05.514+0000] {subprocess.py:63} INFO - Tmp dir root location: /tmp
[2025-11-15T02:01:05.516+0000] {subprocess.py:75} INFO - Running command: ['/bin/bash', '-c', 'docker exec dbt_***_project-dbt-1 dbt run --select gold']
[2025-11-15T02:01:05.527+0000] {subprocess.py:86} INFO - Output:
[2025-11-15T02:01:07.013+0000] {subprocess.py:93} INFO - [0m02:01:07  Running with dbt=1.8.7
[2025-11-15T02:01:07.329+0000] {subprocess.py:93} INFO - [0m02:01:07  Registered adapter: sqlserver=1.8.7
[2025-11-15T02:01:09.259+0000] {subprocess.py:93} INFO - [0m02:01:09  Found 10 models, 18 data tests, 13 sources, 614 macros
[2025-11-15T02:01:09.264+0000] {subprocess.py:93} INFO - [0m02:01:09
[2025-11-15T02:01:09.421+0000] {subprocess.py:93} INFO - [0m02:01:09  Concurrency: 4 threads (target='dev')
[2025-11-15T02:01:09.423+0000] {subprocess.py:93} INFO - [0m02:01:09
[2025-11-15T02:01:09.429+0000] {subprocess.py:93} INFO - [0m02:01:09  1 of 3 START sql table model gold.gld_customer_metrics ......................... [RUN]
[2025-11-15T02:01:09.431+0000] {subprocess.py:93} INFO - [0m02:01:09  2 of 3 START sql table model gold.gld_product_performance ...................... [RUN]
[2025-11-15T02:01:09.433+0000] {subprocess.py:93} INFO - [0m02:01:09  3 of 3 START sql table model gold.gld_sales_summary ............................ [RUN]
[2025-11-15T02:01:09.960+0000] {subprocess.py:93} INFO - [0m02:01:09  3 of 3 OK created sql table model gold.gld_sales_summary ....................... [[32mOK[0m in 0.52s]
[2025-11-15T02:01:10.138+0000] {subprocess.py:93} INFO - [0m02:01:10  2 of 3 OK created sql table model gold.gld_product_performance ................. [[32mOK[0m in 0.70s]
[2025-11-15T02:01:10.189+0000] {subprocess.py:93} INFO - [0m02:01:10  1 of 3 OK created sql table model gold.gld_customer_metrics .................... [[32mOK[0m in 0.75s]
[2025-11-15T02:01:10.199+0000] {subprocess.py:93} INFO - [0m02:01:10
[2025-11-15T02:01:10.200+0000] {subprocess.py:93} INFO - [0m02:01:10  Finished running 3 table models in 0 hours 0 minutes and 0.93 seconds (0.93s).
[2025-11-15T02:01:10.290+0000] {subprocess.py:93} INFO - [0m02:01:10
[2025-11-15T02:01:10.291+0000] {subprocess.py:93} INFO - [0m02:01:10  [32mCompleted successfully[0m
[2025-11-15T02:01:10.292+0000] {subprocess.py:93} INFO - [0m02:01:10
[2025-11-15T02:01:10.295+0000] {subprocess.py:93} INFO - [0m02:01:10  Done. PASS=3 WARN=0 ERROR=0 SKIP=0 TOTAL=3
[2025-11-15T02:01:11.562+0000] {subprocess.py:97} INFO - Command exited with return code 0
[2025-11-15T02:01:11.586+0000] {taskinstance.py:1398} INFO - Marking task as SUCCESS. dag_id=dbt_transform, task_id=dbt_run_gold, execution_date=20251115T015819, start_date=20251115T020105, end_date=20251115T020111
[2025-11-15T02:01:11.616+0000] {local_task_job_runner.py:228} INFO - Task exited with return code 0
[2025-11-15T02:01:11.633+0000] {taskinstance.py:2776} INFO - 1 downstream tasks scheduled from follow-on schedule check
