[2025-11-15T01:05:36.453+0000] {taskinstance.py:1157} INFO - Dependencies all met for dep_context=non-requeueable deps ti=<TaskInstance: dbt_transform.dbt_run scheduled__2025-11-15T01:00:35.634758+00:00 [queued]>
[2025-11-15T01:05:36.459+0000] {taskinstance.py:1157} INFO - Dependencies all met for dep_context=requeueable deps ti=<TaskInstance: dbt_transform.dbt_run scheduled__2025-11-15T01:00:35.634758+00:00 [queued]>
[2025-11-15T01:05:36.460+0000] {taskinstance.py:1359} INFO - Starting attempt 1 of 2
[2025-11-15T01:05:36.470+0000] {taskinstance.py:1380} INFO - Executing <Task(BashOperator): dbt_run> on 2025-11-15 01:00:35.634758+00:00
[2025-11-15T01:05:36.473+0000] {standard_task_runner.py:57} INFO - Started process 9083 to run task
[2025-11-15T01:05:36.476+0000] {standard_task_runner.py:84} INFO - Running: ['***', 'tasks', 'run', 'dbt_transform', 'dbt_run', 'scheduled__2025-11-15T01:00:35.634758+00:00', '--job-id', '242', '--raw', '--subdir', 'DAGS_FOLDER/dbt_dag.py', '--cfg-path', '/tmp/tmptdjt22yb']
[2025-11-15T01:05:36.479+0000] {standard_task_runner.py:85} INFO - Job 242: Subtask dbt_run
[2025-11-15T01:05:36.539+0000] {task_command.py:415} INFO - Running <TaskInstance: dbt_transform.dbt_run scheduled__2025-11-15T01:00:35.634758+00:00 [running]> on host 3f4da400579d
[2025-11-15T01:05:36.603+0000] {taskinstance.py:1660} INFO - Exporting env vars: AIRFLOW_CTX_DAG_OWNER='***' AIRFLOW_CTX_DAG_ID='dbt_transform' AIRFLOW_CTX_TASK_ID='dbt_run' AIRFLOW_CTX_EXECUTION_DATE='2025-11-15T01:00:35.634758+00:00' AIRFLOW_CTX_TRY_NUMBER='1' AIRFLOW_CTX_DAG_RUN_ID='scheduled__2025-11-15T01:00:35.634758+00:00'
[2025-11-15T01:05:36.605+0000] {subprocess.py:63} INFO - Tmp dir root location: /tmp
[2025-11-15T01:05:36.606+0000] {subprocess.py:75} INFO - Running command: ['/bin/bash', '-c', 'docker exec dbt_***_project-dbt-1 dbt run']
[2025-11-15T01:05:36.613+0000] {subprocess.py:86} INFO - Output:
[2025-11-15T01:05:38.134+0000] {subprocess.py:93} INFO - [0m01:05:38  Running with dbt=1.8.7
[2025-11-15T01:05:38.481+0000] {subprocess.py:93} INFO - [0m01:05:38  Registered adapter: sqlserver=1.8.7
[2025-11-15T01:05:39.704+0000] {subprocess.py:93} INFO - [0m01:05:39  Found 10 models, 18 data tests, 13 sources, 614 macros
[2025-11-15T01:05:39.709+0000] {subprocess.py:93} INFO - [0m01:05:39
[2025-11-15T01:05:39.926+0000] {subprocess.py:93} INFO - [0m01:05:39  Concurrency: 4 threads (target='dev')
[2025-11-15T01:05:39.927+0000] {subprocess.py:93} INFO - [0m01:05:39
[2025-11-15T01:05:39.932+0000] {subprocess.py:93} INFO - [0m01:05:39  1 of 10 START sql view model bronze.brnz_customers ............................. [RUN]
[2025-11-15T01:05:39.934+0000] {subprocess.py:93} INFO - [0m01:05:39  2 of 10 START sql view model bronze.brnz_example ............................... [RUN]
[2025-11-15T01:05:39.934+0000] {subprocess.py:93} INFO - [0m01:05:39  3 of 10 START sql view model bronze.brnz_products .............................. [RUN]
[2025-11-15T01:05:39.936+0000] {subprocess.py:93} INFO - [0m01:05:39  4 of 10 START sql view model bronze.brnz_sales_orders .......................... [RUN]
[2025-11-15T01:05:40.239+0000] {subprocess.py:93} INFO - [0m01:05:40  3 of 10 OK created sql view model bronze.brnz_products ......................... [[32mOK[0m in 0.29s]
[2025-11-15T01:05:40.244+0000] {subprocess.py:93} INFO - [0m01:05:40  2 of 10 OK created sql view model bronze.brnz_example .......................... [[32mOK[0m in 0.30s]
[2025-11-15T01:05:40.247+0000] {subprocess.py:93} INFO - [0m01:05:40  4 of 10 OK created sql view model bronze.brnz_sales_orders ..................... [[32mOK[0m in 0.30s]
[2025-11-15T01:05:40.256+0000] {subprocess.py:93} INFO - [0m01:05:40  5 of 10 START sql table model silver.slvr_products ............................. [RUN]
[2025-11-15T01:05:40.263+0000] {subprocess.py:93} INFO - [0m01:05:40  6 of 10 START sql table model silver.slvr_sales_orders ......................... [RUN]
[2025-11-15T01:05:40.266+0000] {subprocess.py:93} INFO - [0m01:05:40  1 of 10 OK created sql view model bronze.brnz_customers ........................ [[32mOK[0m in 0.33s]
[2025-11-15T01:05:40.282+0000] {subprocess.py:93} INFO - [0m01:05:40  7 of 10 START sql table model silver.slvr_customers ............................ [RUN]
[2025-11-15T01:05:40.476+0000] {subprocess.py:93} INFO - [0m01:05:40  5 of 10 OK created sql table model silver.slvr_products ........................ [[32mOK[0m in 0.21s]
[2025-11-15T01:05:40.740+0000] {subprocess.py:93} INFO - [0m01:05:40  7 of 10 OK created sql table model silver.slvr_customers ....................... [[32mOK[0m in 0.45s]
[2025-11-15T01:05:41.280+0000] {subprocess.py:93} INFO - [0m01:05:41  6 of 10 OK created sql table model silver.slvr_sales_orders .................... [[32mOK[0m in 1.01s]
[2025-11-15T01:05:41.284+0000] {subprocess.py:93} INFO - [0m01:05:41  8 of 10 START sql table model gold.gld_customer_metrics ........................ [RUN]
[2025-11-15T01:05:41.285+0000] {subprocess.py:93} INFO - [0m01:05:41  9 of 10 START sql table model gold.gld_product_performance ..................... [RUN]
[2025-11-15T01:05:41.287+0000] {subprocess.py:93} INFO - [0m01:05:41  10 of 10 START sql table model gold.gld_sales_summary .......................... [RUN]
[2025-11-15T01:05:40.047+0000] {subprocess.py:93} INFO - [0m01:05:40  10 of 10 OK created sql table model gold.gld_sales_summary ..................... [[32mOK[0m in -1.25s]
[2025-11-15T01:05:40.168+0000] {subprocess.py:93} INFO - [0m01:05:40  8 of 10 OK created sql table model gold.gld_customer_metrics ................... [[32mOK[0m in -1.12s]
[2025-11-15T01:05:40.307+0000] {subprocess.py:93} INFO - [0m01:05:40  9 of 10 OK created sql table model gold.gld_product_performance ................ [[32mOK[0m in -0.98s]
[2025-11-15T01:05:40.317+0000] {subprocess.py:93} INFO - [0m01:05:40
[2025-11-15T01:05:40.317+0000] {subprocess.py:93} INFO - [0m01:05:40  Finished running 4 view models, 6 table models in 0 hours 0 minutes and 0.61 seconds (0.61s).
[2025-11-15T01:05:40.381+0000] {subprocess.py:93} INFO - [0m01:05:40
[2025-11-15T01:05:40.382+0000] {subprocess.py:93} INFO - [0m01:05:40  [32mCompleted successfully[0m
[2025-11-15T01:05:40.383+0000] {subprocess.py:93} INFO - [0m01:05:40
[2025-11-15T01:05:40.384+0000] {subprocess.py:93} INFO - [0m01:05:40  Done. PASS=10 WARN=0 ERROR=0 SKIP=0 TOTAL=10
[2025-11-15T01:05:41.906+0000] {subprocess.py:97} INFO - Command exited with return code 0
[2025-11-15T01:05:41.925+0000] {taskinstance.py:1398} INFO - Marking task as SUCCESS. dag_id=dbt_transform, task_id=dbt_run, execution_date=20251115T010035, start_date=20251115T010536, end_date=20251115T010541
[2025-11-15T01:05:41.943+0000] {local_task_job_runner.py:228} INFO - Task exited with return code 0
[2025-11-15T01:05:41.957+0000] {taskinstance.py:2776} INFO - 1 downstream tasks scheduled from follow-on schedule check
