[2025-11-14T18:50:37.300+0000] {taskinstance.py:1157} INFO - Dependencies all met for dep_context=non-requeueable deps ti=<TaskInstance: dbt_transform.dbt_run scheduled__2025-11-14T18:45:35.634758+00:00 [queued]>
[2025-11-14T18:50:37.307+0000] {taskinstance.py:1157} INFO - Dependencies all met for dep_context=requeueable deps ti=<TaskInstance: dbt_transform.dbt_run scheduled__2025-11-14T18:45:35.634758+00:00 [queued]>
[2025-11-14T18:50:37.308+0000] {taskinstance.py:1359} INFO - Starting attempt 1 of 2
[2025-11-14T18:50:37.318+0000] {taskinstance.py:1380} INFO - Executing <Task(BashOperator): dbt_run> on 2025-11-14 18:45:35.634758+00:00
[2025-11-14T18:50:37.322+0000] {standard_task_runner.py:57} INFO - Started process 3555 to run task
[2025-11-14T18:50:37.325+0000] {standard_task_runner.py:84} INFO - Running: ['***', 'tasks', 'run', 'dbt_transform', 'dbt_run', 'scheduled__2025-11-14T18:45:35.634758+00:00', '--job-id', '92', '--raw', '--subdir', 'DAGS_FOLDER/dbt_dag.py', '--cfg-path', '/tmp/tmpa4dg6qed']
[2025-11-14T18:50:37.328+0000] {standard_task_runner.py:85} INFO - Job 92: Subtask dbt_run
[2025-11-14T18:50:37.395+0000] {task_command.py:415} INFO - Running <TaskInstance: dbt_transform.dbt_run scheduled__2025-11-14T18:45:35.634758+00:00 [running]> on host 3f4da400579d
[2025-11-14T18:50:37.460+0000] {taskinstance.py:1660} INFO - Exporting env vars: AIRFLOW_CTX_DAG_OWNER='***' AIRFLOW_CTX_DAG_ID='dbt_transform' AIRFLOW_CTX_TASK_ID='dbt_run' AIRFLOW_CTX_EXECUTION_DATE='2025-11-14T18:45:35.634758+00:00' AIRFLOW_CTX_TRY_NUMBER='1' AIRFLOW_CTX_DAG_RUN_ID='scheduled__2025-11-14T18:45:35.634758+00:00'
[2025-11-14T18:50:37.462+0000] {subprocess.py:63} INFO - Tmp dir root location: /tmp
[2025-11-14T18:50:37.464+0000] {subprocess.py:75} INFO - Running command: ['/bin/bash', '-c', 'docker exec dbt_***_project-dbt-1 dbt run']
[2025-11-14T18:50:37.473+0000] {subprocess.py:86} INFO - Output:
[2025-11-14T18:50:39.152+0000] {subprocess.py:93} INFO - [0m18:50:39  Running with dbt=1.8.7
[2025-11-14T18:50:39.479+0000] {subprocess.py:93} INFO - [0m18:50:39  Registered adapter: sqlserver=1.8.7
[2025-11-14T18:50:40.682+0000] {subprocess.py:93} INFO - [0m18:50:40  Found 10 models, 18 data tests, 13 sources, 614 macros
[2025-11-14T18:50:40.686+0000] {subprocess.py:93} INFO - [0m18:50:40
[2025-11-14T18:50:40.900+0000] {subprocess.py:93} INFO - [0m18:50:40  Concurrency: 4 threads (target='dev')
[2025-11-14T18:50:40.901+0000] {subprocess.py:93} INFO - [0m18:50:40
[2025-11-14T18:50:40.907+0000] {subprocess.py:93} INFO - [0m18:50:40  1 of 10 START sql view model bronze.brnz_customers ............................. [RUN]
[2025-11-14T18:50:40.908+0000] {subprocess.py:93} INFO - [0m18:50:40  2 of 10 START sql view model bronze.brnz_example ............................... [RUN]
[2025-11-14T18:50:40.910+0000] {subprocess.py:93} INFO - [0m18:50:40  3 of 10 START sql view model bronze.brnz_products .............................. [RUN]
[2025-11-14T18:50:40.911+0000] {subprocess.py:93} INFO - [0m18:50:40  4 of 10 START sql view model bronze.brnz_sales_orders .......................... [RUN]
[2025-11-14T18:50:41.269+0000] {subprocess.py:93} INFO - [0m18:50:41  2 of 10 OK created sql view model bronze.brnz_example .......................... [[32mOK[0m in 0.35s]
[2025-11-14T18:50:41.270+0000] {subprocess.py:93} INFO - [0m18:50:41  1 of 10 OK created sql view model bronze.brnz_customers ........................ [[32mOK[0m in 0.35s]
[2025-11-14T18:50:41.272+0000] {subprocess.py:93} INFO - [0m18:50:41  4 of 10 OK created sql view model bronze.brnz_sales_orders ..................... [[32mOK[0m in 0.35s]
[2025-11-14T18:50:41.273+0000] {subprocess.py:93} INFO - [0m18:50:41  3 of 10 OK created sql view model bronze.brnz_products ......................... [[32mOK[0m in 0.35s]
[2025-11-14T18:50:41.286+0000] {subprocess.py:93} INFO - [0m18:50:41  5 of 10 START sql table model silver.slvr_customers ............................ [RUN]
[2025-11-14T18:50:41.287+0000] {subprocess.py:93} INFO - [0m18:50:41  6 of 10 START sql table model silver.slvr_sales_orders ......................... [RUN]
[2025-11-14T18:50:41.288+0000] {subprocess.py:93} INFO - [0m18:50:41  7 of 10 START sql table model silver.slvr_products ............................. [RUN]
[2025-11-14T18:50:41.557+0000] {subprocess.py:93} INFO - [0m18:50:41  7 of 10 OK created sql table model silver.slvr_products ........................ [[32mOK[0m in 0.26s]
[2025-11-14T18:50:41.613+0000] {subprocess.py:93} INFO - [0m18:50:41  5 of 10 OK created sql table model silver.slvr_customers ....................... [[32mOK[0m in 0.32s]
[2025-11-14T18:50:42.194+0000] {subprocess.py:93} INFO - [0m18:50:42  6 of 10 OK created sql table model silver.slvr_sales_orders .................... [[32mOK[0m in 0.90s]
[2025-11-14T18:50:42.198+0000] {subprocess.py:93} INFO - [0m18:50:42  8 of 10 START sql table model gold.gld_customer_metrics ........................ [RUN]
[2025-11-14T18:50:42.199+0000] {subprocess.py:93} INFO - [0m18:50:42  9 of 10 START sql table model gold.gld_product_performance ..................... [RUN]
[2025-11-14T18:50:42.201+0000] {subprocess.py:93} INFO - [0m18:50:42  10 of 10 START sql table model gold.gld_sales_summary .......................... [RUN]
[2025-11-14T18:50:42.614+0000] {subprocess.py:93} INFO - [0m18:50:42  10 of 10 OK created sql table model gold.gld_sales_summary ..................... [[32mOK[0m in 0.41s]
[2025-11-14T18:50:42.781+0000] {subprocess.py:93} INFO - [0m18:50:42  9 of 10 OK created sql table model gold.gld_product_performance ................ [[32mOK[0m in 0.58s]
[2025-11-14T18:50:42.825+0000] {subprocess.py:93} INFO - [0m18:50:42  8 of 10 OK created sql table model gold.gld_customer_metrics ................... [[32mOK[0m in 0.62s]
[2025-11-14T18:50:42.834+0000] {subprocess.py:93} INFO - [0m18:50:42
[2025-11-14T18:50:42.835+0000] {subprocess.py:93} INFO - [0m18:50:42  Finished running 4 view models, 6 table models in 0 hours 0 minutes and 2.15 seconds (2.15s).
[2025-11-14T18:50:42.899+0000] {subprocess.py:93} INFO - [0m18:50:42
[2025-11-14T18:50:42.900+0000] {subprocess.py:93} INFO - [0m18:50:42  [32mCompleted successfully[0m
[2025-11-14T18:50:42.902+0000] {subprocess.py:93} INFO - [0m18:50:42
[2025-11-14T18:50:42.903+0000] {subprocess.py:93} INFO - [0m18:50:42  Done. PASS=10 WARN=0 ERROR=0 SKIP=0 TOTAL=10
[2025-11-14T18:50:44.570+0000] {subprocess.py:97} INFO - Command exited with return code 0
[2025-11-14T18:50:44.588+0000] {taskinstance.py:1398} INFO - Marking task as SUCCESS. dag_id=dbt_transform, task_id=dbt_run, execution_date=20251114T184535, start_date=20251114T185037, end_date=20251114T185044
[2025-11-14T18:50:44.619+0000] {local_task_job_runner.py:228} INFO - Task exited with return code 0
[2025-11-14T18:50:44.633+0000] {taskinstance.py:2776} INFO - 1 downstream tasks scheduled from follow-on schedule check
