[2025-11-14T22:40:36.654+0000] {taskinstance.py:1157} INFO - Dependencies all met for dep_context=non-requeueable deps ti=<TaskInstance: dbt_transform.dbt_run scheduled__2025-11-14T22:35:35.634758+00:00 [queued]>
[2025-11-14T22:40:36.660+0000] {taskinstance.py:1157} INFO - Dependencies all met for dep_context=requeueable deps ti=<TaskInstance: dbt_transform.dbt_run scheduled__2025-11-14T22:35:35.634758+00:00 [queued]>
[2025-11-14T22:40:36.661+0000] {taskinstance.py:1359} INFO - Starting attempt 1 of 2
[2025-11-14T22:40:36.670+0000] {taskinstance.py:1380} INFO - Executing <Task(BashOperator): dbt_run> on 2025-11-14 22:35:35.634758+00:00
[2025-11-14T22:40:36.673+0000] {standard_task_runner.py:57} INFO - Started process 6949 to run task
[2025-11-14T22:40:36.676+0000] {standard_task_runner.py:84} INFO - Running: ['***', 'tasks', 'run', 'dbt_transform', 'dbt_run', 'scheduled__2025-11-14T22:35:35.634758+00:00', '--job-id', '184', '--raw', '--subdir', 'DAGS_FOLDER/dbt_dag.py', '--cfg-path', '/tmp/tmpdrjgux1w']
[2025-11-14T22:40:36.679+0000] {standard_task_runner.py:85} INFO - Job 184: Subtask dbt_run
[2025-11-14T22:40:36.738+0000] {task_command.py:415} INFO - Running <TaskInstance: dbt_transform.dbt_run scheduled__2025-11-14T22:35:35.634758+00:00 [running]> on host 3f4da400579d
[2025-11-14T22:40:36.807+0000] {taskinstance.py:1660} INFO - Exporting env vars: AIRFLOW_CTX_DAG_OWNER='***' AIRFLOW_CTX_DAG_ID='dbt_transform' AIRFLOW_CTX_TASK_ID='dbt_run' AIRFLOW_CTX_EXECUTION_DATE='2025-11-14T22:35:35.634758+00:00' AIRFLOW_CTX_TRY_NUMBER='1' AIRFLOW_CTX_DAG_RUN_ID='scheduled__2025-11-14T22:35:35.634758+00:00'
[2025-11-14T22:40:36.809+0000] {subprocess.py:63} INFO - Tmp dir root location: /tmp
[2025-11-14T22:40:36.810+0000] {subprocess.py:75} INFO - Running command: ['/bin/bash', '-c', 'docker exec dbt_***_project-dbt-1 dbt run']
[2025-11-14T22:40:36.818+0000] {subprocess.py:86} INFO - Output:
[2025-11-14T22:40:38.511+0000] {subprocess.py:93} INFO - [0m22:40:38  Running with dbt=1.8.7
[2025-11-14T22:40:38.892+0000] {subprocess.py:93} INFO - [0m22:40:38  Registered adapter: sqlserver=1.8.7
[2025-11-14T22:40:40.237+0000] {subprocess.py:93} INFO - [0m22:40:40  Found 10 models, 18 data tests, 13 sources, 614 macros
[2025-11-14T22:40:40.242+0000] {subprocess.py:93} INFO - [0m22:40:40
[2025-11-14T22:40:40.430+0000] {subprocess.py:93} INFO - [0m22:40:40  Concurrency: 4 threads (target='dev')
[2025-11-14T22:40:40.431+0000] {subprocess.py:93} INFO - [0m22:40:40
[2025-11-14T22:40:40.439+0000] {subprocess.py:93} INFO - [0m22:40:40  1 of 10 START sql view model bronze.brnz_customers ............................. [RUN]
[2025-11-14T22:40:40.440+0000] {subprocess.py:93} INFO - [0m22:40:40  2 of 10 START sql view model bronze.brnz_example ............................... [RUN]
[2025-11-14T22:40:40.442+0000] {subprocess.py:93} INFO - [0m22:40:40  3 of 10 START sql view model bronze.brnz_products .............................. [RUN]
[2025-11-14T22:40:40.443+0000] {subprocess.py:93} INFO - [0m22:40:40  4 of 10 START sql view model bronze.brnz_sales_orders .......................... [RUN]
[2025-11-14T22:40:40.730+0000] {subprocess.py:93} INFO - [0m22:40:40  3 of 10 OK created sql view model bronze.brnz_products ......................... [[32mOK[0m in 0.28s]
[2025-11-14T22:40:40.735+0000] {subprocess.py:93} INFO - [0m22:40:40  2 of 10 OK created sql view model bronze.brnz_example .......................... [[32mOK[0m in 0.28s]
[2025-11-14T22:40:40.736+0000] {subprocess.py:93} INFO - [0m22:40:40  4 of 10 OK created sql view model bronze.brnz_sales_orders ..................... [[32mOK[0m in 0.28s]
[2025-11-14T22:40:40.743+0000] {subprocess.py:93} INFO - [0m22:40:40  1 of 10 OK created sql view model bronze.brnz_customers ........................ [[32mOK[0m in 0.29s]
[2025-11-14T22:40:40.745+0000] {subprocess.py:93} INFO - [0m22:40:40  5 of 10 START sql table model silver.slvr_products ............................. [RUN]
[2025-11-14T22:40:40.750+0000] {subprocess.py:93} INFO - [0m22:40:40  6 of 10 START sql table model silver.slvr_sales_orders ......................... [RUN]
[2025-11-14T22:40:40.755+0000] {subprocess.py:93} INFO - [0m22:40:40  7 of 10 START sql table model silver.slvr_customers ............................ [RUN]
[2025-11-14T22:40:40.991+0000] {subprocess.py:93} INFO - [0m22:40:40  5 of 10 OK created sql table model silver.slvr_products ........................ [[32mOK[0m in 0.24s]
[2025-11-14T22:40:41.080+0000] {subprocess.py:93} INFO - [0m22:40:41  7 of 10 OK created sql table model silver.slvr_customers ....................... [[32mOK[0m in 0.32s]
[2025-11-14T22:40:41.654+0000] {subprocess.py:93} INFO - [0m22:40:41  6 of 10 OK created sql table model silver.slvr_sales_orders .................... [[32mOK[0m in 0.90s]
[2025-11-14T22:40:41.658+0000] {subprocess.py:93} INFO - [0m22:40:41  8 of 10 START sql table model gold.gld_customer_metrics ........................ [RUN]
[2025-11-14T22:40:41.659+0000] {subprocess.py:93} INFO - [0m22:40:41  9 of 10 START sql table model gold.gld_product_performance ..................... [RUN]
[2025-11-14T22:40:41.661+0000] {subprocess.py:93} INFO - [0m22:40:41  10 of 10 START sql table model gold.gld_sales_summary .......................... [RUN]
[2025-11-14T22:40:42.127+0000] {subprocess.py:93} INFO - [0m22:40:42  10 of 10 OK created sql table model gold.gld_sales_summary ..................... [[32mOK[0m in 0.46s]
[2025-11-14T22:40:42.190+0000] {subprocess.py:93} INFO - [0m22:40:42  8 of 10 OK created sql table model gold.gld_customer_metrics ................... [[32mOK[0m in 0.53s]
[2025-11-14T22:40:42.235+0000] {subprocess.py:93} INFO - [0m22:40:42  9 of 10 OK created sql table model gold.gld_product_performance ................ [[32mOK[0m in 0.57s]
[2025-11-14T22:40:42.245+0000] {subprocess.py:93} INFO - [0m22:40:42
[2025-11-14T22:40:42.246+0000] {subprocess.py:93} INFO - [0m22:40:42  Finished running 4 view models, 6 table models in 0 hours 0 minutes and 2.00 seconds (2.00s).
[2025-11-14T22:40:42.312+0000] {subprocess.py:93} INFO - [0m22:40:42
[2025-11-14T22:40:42.313+0000] {subprocess.py:93} INFO - [0m22:40:42  [32mCompleted successfully[0m
[2025-11-14T22:40:42.315+0000] {subprocess.py:93} INFO - [0m22:40:42
[2025-11-14T22:40:42.316+0000] {subprocess.py:93} INFO - [0m22:40:42  Done. PASS=10 WARN=0 ERROR=0 SKIP=0 TOTAL=10
[2025-11-14T22:40:44.282+0000] {subprocess.py:97} INFO - Command exited with return code 0
[2025-11-14T22:40:44.300+0000] {taskinstance.py:1398} INFO - Marking task as SUCCESS. dag_id=dbt_transform, task_id=dbt_run, execution_date=20251114T223535, start_date=20251114T224036, end_date=20251114T224044
[2025-11-14T22:40:44.349+0000] {local_task_job_runner.py:228} INFO - Task exited with return code 0
[2025-11-14T22:40:44.366+0000] {taskinstance.py:2776} INFO - 1 downstream tasks scheduled from follow-on schedule check
