[2025-11-14T18:00:36.641+0000] {taskinstance.py:1157} INFO - Dependencies all met for dep_context=non-requeueable deps ti=<TaskInstance: dbt_transform.dbt_run scheduled__2025-11-14T17:55:35.634758+00:00 [queued]>
[2025-11-14T18:00:36.647+0000] {taskinstance.py:1157} INFO - Dependencies all met for dep_context=requeueable deps ti=<TaskInstance: dbt_transform.dbt_run scheduled__2025-11-14T17:55:35.634758+00:00 [queued]>
[2025-11-14T18:00:36.647+0000] {taskinstance.py:1359} INFO - Starting attempt 1 of 2
[2025-11-14T18:00:36.655+0000] {taskinstance.py:1380} INFO - Executing <Task(BashOperator): dbt_run> on 2025-11-14 17:55:35.634758+00:00
[2025-11-14T18:00:36.659+0000] {standard_task_runner.py:57} INFO - Started process 2811 to run task
[2025-11-14T18:00:36.662+0000] {standard_task_runner.py:84} INFO - Running: ['***', 'tasks', 'run', 'dbt_transform', 'dbt_run', 'scheduled__2025-11-14T17:55:35.634758+00:00', '--job-id', '72', '--raw', '--subdir', 'DAGS_FOLDER/dbt_dag.py', '--cfg-path', '/tmp/tmpq6tsmyws']
[2025-11-14T18:00:36.664+0000] {standard_task_runner.py:85} INFO - Job 72: Subtask dbt_run
[2025-11-14T18:00:36.721+0000] {task_command.py:415} INFO - Running <TaskInstance: dbt_transform.dbt_run scheduled__2025-11-14T17:55:35.634758+00:00 [running]> on host 3f4da400579d
[2025-11-14T18:00:36.787+0000] {taskinstance.py:1660} INFO - Exporting env vars: AIRFLOW_CTX_DAG_OWNER='***' AIRFLOW_CTX_DAG_ID='dbt_transform' AIRFLOW_CTX_TASK_ID='dbt_run' AIRFLOW_CTX_EXECUTION_DATE='2025-11-14T17:55:35.634758+00:00' AIRFLOW_CTX_TRY_NUMBER='1' AIRFLOW_CTX_DAG_RUN_ID='scheduled__2025-11-14T17:55:35.634758+00:00'
[2025-11-14T18:00:36.789+0000] {subprocess.py:63} INFO - Tmp dir root location: /tmp
[2025-11-14T18:00:36.791+0000] {subprocess.py:75} INFO - Running command: ['/bin/bash', '-c', 'docker exec dbt_***_project-dbt-1 dbt run']
[2025-11-14T18:00:36.798+0000] {subprocess.py:86} INFO - Output:
[2025-11-14T18:00:38.472+0000] {subprocess.py:93} INFO - [0m18:00:38  Running with dbt=1.8.7
[2025-11-14T18:00:38.844+0000] {subprocess.py:93} INFO - [0m18:00:38  Registered adapter: sqlserver=1.8.7
[2025-11-14T18:00:40.019+0000] {subprocess.py:93} INFO - [0m18:00:40  Found 10 models, 18 data tests, 13 sources, 614 macros
[2025-11-14T18:00:40.022+0000] {subprocess.py:93} INFO - [0m18:00:40
[2025-11-14T18:00:40.224+0000] {subprocess.py:93} INFO - [0m18:00:40  Concurrency: 4 threads (target='dev')
[2025-11-14T18:00:40.225+0000] {subprocess.py:93} INFO - [0m18:00:40
[2025-11-14T18:00:40.231+0000] {subprocess.py:93} INFO - [0m18:00:40  1 of 10 START sql view model bronze.brnz_customers ............................. [RUN]
[2025-11-14T18:00:40.233+0000] {subprocess.py:93} INFO - [0m18:00:40  2 of 10 START sql view model bronze.brnz_example ............................... [RUN]
[2025-11-14T18:00:40.234+0000] {subprocess.py:93} INFO - [0m18:00:40  3 of 10 START sql view model bronze.brnz_products .............................. [RUN]
[2025-11-14T18:00:40.235+0000] {subprocess.py:93} INFO - [0m18:00:40  4 of 10 START sql view model bronze.brnz_sales_orders .......................... [RUN]
[2025-11-14T18:00:40.519+0000] {subprocess.py:93} INFO - [0m18:00:40  2 of 10 OK created sql view model bronze.brnz_example .......................... [[32mOK[0m in 0.28s]
[2025-11-14T18:00:40.520+0000] {subprocess.py:93} INFO - [0m18:00:40  1 of 10 OK created sql view model bronze.brnz_customers ........................ [[32mOK[0m in 0.28s]
[2025-11-14T18:00:40.522+0000] {subprocess.py:93} INFO - [0m18:00:40  3 of 10 OK created sql view model bronze.brnz_products ......................... [[32mOK[0m in 0.28s]
[2025-11-14T18:00:40.523+0000] {subprocess.py:93} INFO - [0m18:00:40  4 of 10 OK created sql view model bronze.brnz_sales_orders ..................... [[32mOK[0m in 0.28s]
[2025-11-14T18:00:40.534+0000] {subprocess.py:93} INFO - [0m18:00:40  5 of 10 START sql table model silver.slvr_customers ............................ [RUN]
[2025-11-14T18:00:40.535+0000] {subprocess.py:93} INFO - [0m18:00:40  6 of 10 START sql table model silver.slvr_products ............................. [RUN]
[2025-11-14T18:00:40.536+0000] {subprocess.py:93} INFO - [0m18:00:40  7 of 10 START sql table model silver.slvr_sales_orders ......................... [RUN]
[2025-11-14T18:00:40.882+0000] {subprocess.py:93} INFO - [0m18:00:40  6 of 10 OK created sql table model silver.slvr_products ........................ [[32mOK[0m in 0.34s]
[2025-11-14T18:00:40.904+0000] {subprocess.py:93} INFO - [0m18:00:40  5 of 10 OK created sql table model silver.slvr_customers ....................... [[32mOK[0m in 0.37s]
[2025-11-14T18:00:41.432+0000] {subprocess.py:93} INFO - [0m18:00:41  7 of 10 OK created sql table model silver.slvr_sales_orders .................... [[32mOK[0m in 0.89s]
[2025-11-14T18:00:41.437+0000] {subprocess.py:93} INFO - [0m18:00:41  8 of 10 START sql table model gold.gld_customer_metrics ........................ [RUN]
[2025-11-14T18:00:41.439+0000] {subprocess.py:93} INFO - [0m18:00:41  9 of 10 START sql table model gold.gld_product_performance ..................... [RUN]
[2025-11-14T18:00:41.440+0000] {subprocess.py:93} INFO - [0m18:00:41  10 of 10 START sql table model gold.gld_sales_summary .......................... [RUN]
[2025-11-14T18:00:41.443+0000] {subprocess.py:93} INFO - [0m18:00:41  10 of 10 OK created sql table model gold.gld_sales_summary ..................... [[32mOK[0m in -0.00s]
[2025-11-14T18:00:41.542+0000] {subprocess.py:93} INFO - [0m18:00:41  8 of 10 OK created sql table model gold.gld_customer_metrics ................... [[32mOK[0m in 0.10s]
[2025-11-14T18:00:41.701+0000] {subprocess.py:93} INFO - [0m18:00:41  9 of 10 OK created sql table model gold.gld_product_performance ................ [[32mOK[0m in 0.26s]
[2025-11-14T18:00:41.709+0000] {subprocess.py:93} INFO - [0m18:00:41
[2025-11-14T18:00:41.710+0000] {subprocess.py:93} INFO - [0m18:00:41  Finished running 4 view models, 6 table models in 0 hours 0 minutes and 1.69 seconds (1.69s).
[2025-11-14T18:00:41.775+0000] {subprocess.py:93} INFO - [0m18:00:41
[2025-11-14T18:00:41.776+0000] {subprocess.py:93} INFO - [0m18:00:41  [32mCompleted successfully[0m
[2025-11-14T18:00:41.777+0000] {subprocess.py:93} INFO - [0m18:00:41
[2025-11-14T18:00:41.779+0000] {subprocess.py:93} INFO - [0m18:00:41  Done. PASS=10 WARN=0 ERROR=0 SKIP=0 TOTAL=10
[2025-11-14T18:00:43.460+0000] {subprocess.py:97} INFO - Command exited with return code 0
[2025-11-14T18:00:43.479+0000] {taskinstance.py:1398} INFO - Marking task as SUCCESS. dag_id=dbt_transform, task_id=dbt_run, execution_date=20251114T175535, start_date=20251114T180036, end_date=20251114T180043
[2025-11-14T18:00:43.501+0000] {local_task_job_runner.py:228} INFO - Task exited with return code 0
[2025-11-14T18:00:43.517+0000] {taskinstance.py:2776} INFO - 1 downstream tasks scheduled from follow-on schedule check
