[2025-11-15T01:10:37.314+0000] {taskinstance.py:1157} INFO - Dependencies all met for dep_context=non-requeueable deps ti=<TaskInstance: dbt_transform.dbt_run scheduled__2025-11-15T01:05:35.634758+00:00 [queued]>
[2025-11-15T01:10:37.320+0000] {taskinstance.py:1157} INFO - Dependencies all met for dep_context=requeueable deps ti=<TaskInstance: dbt_transform.dbt_run scheduled__2025-11-15T01:05:35.634758+00:00 [queued]>
[2025-11-15T01:10:37.321+0000] {taskinstance.py:1359} INFO - Starting attempt 1 of 2
[2025-11-15T01:10:37.331+0000] {taskinstance.py:1380} INFO - Executing <Task(BashOperator): dbt_run> on 2025-11-15 01:05:35.634758+00:00
[2025-11-15T01:10:37.335+0000] {standard_task_runner.py:57} INFO - Started process 9158 to run task
[2025-11-15T01:10:37.337+0000] {standard_task_runner.py:84} INFO - Running: ['***', 'tasks', 'run', 'dbt_transform', 'dbt_run', 'scheduled__2025-11-15T01:05:35.634758+00:00', '--job-id', '244', '--raw', '--subdir', 'DAGS_FOLDER/dbt_dag.py', '--cfg-path', '/tmp/tmpuyhkr0at']
[2025-11-15T01:10:37.340+0000] {standard_task_runner.py:85} INFO - Job 244: Subtask dbt_run
[2025-11-15T01:10:37.403+0000] {task_command.py:415} INFO - Running <TaskInstance: dbt_transform.dbt_run scheduled__2025-11-15T01:05:35.634758+00:00 [running]> on host 3f4da400579d
[2025-11-15T01:10:37.468+0000] {taskinstance.py:1660} INFO - Exporting env vars: AIRFLOW_CTX_DAG_OWNER='***' AIRFLOW_CTX_DAG_ID='dbt_transform' AIRFLOW_CTX_TASK_ID='dbt_run' AIRFLOW_CTX_EXECUTION_DATE='2025-11-15T01:05:35.634758+00:00' AIRFLOW_CTX_TRY_NUMBER='1' AIRFLOW_CTX_DAG_RUN_ID='scheduled__2025-11-15T01:05:35.634758+00:00'
[2025-11-15T01:10:37.470+0000] {subprocess.py:63} INFO - Tmp dir root location: /tmp
[2025-11-15T01:10:37.471+0000] {subprocess.py:75} INFO - Running command: ['/bin/bash', '-c', 'docker exec dbt_***_project-dbt-1 dbt run']
[2025-11-15T01:10:37.478+0000] {subprocess.py:86} INFO - Output:
[2025-11-15T01:10:38.982+0000] {subprocess.py:93} INFO - [0m01:10:38  Running with dbt=1.8.7
[2025-11-15T01:10:39.355+0000] {subprocess.py:93} INFO - [0m01:10:39  Registered adapter: sqlserver=1.8.7
[2025-11-15T01:10:40.795+0000] {subprocess.py:93} INFO - [0m01:10:40  Found 10 models, 18 data tests, 13 sources, 614 macros
[2025-11-15T01:10:40.799+0000] {subprocess.py:93} INFO - [0m01:10:40
[2025-11-15T01:10:40.980+0000] {subprocess.py:93} INFO - [0m01:10:40  Concurrency: 4 threads (target='dev')
[2025-11-15T01:10:40.981+0000] {subprocess.py:93} INFO - [0m01:10:40
[2025-11-15T01:10:40.988+0000] {subprocess.py:93} INFO - [0m01:10:40  1 of 10 START sql view model bronze.brnz_customers ............................. [RUN]
[2025-11-15T01:10:40.990+0000] {subprocess.py:93} INFO - [0m01:10:40  2 of 10 START sql view model bronze.brnz_example ............................... [RUN]
[2025-11-15T01:10:40.991+0000] {subprocess.py:93} INFO - [0m01:10:40  3 of 10 START sql view model bronze.brnz_products .............................. [RUN]
[2025-11-15T01:10:40.992+0000] {subprocess.py:93} INFO - [0m01:10:40  4 of 10 START sql view model bronze.brnz_sales_orders .......................... [RUN]
[2025-11-15T01:10:41.333+0000] {subprocess.py:93} INFO - [0m01:10:41  4 of 10 OK created sql view model bronze.brnz_sales_orders ..................... [[32mOK[0m in 0.33s]
[2025-11-15T01:10:41.335+0000] {subprocess.py:93} INFO - [0m01:10:41  1 of 10 OK created sql view model bronze.brnz_customers ........................ [[32mOK[0m in 0.34s]
[2025-11-15T01:10:41.337+0000] {subprocess.py:93} INFO - [0m01:10:41  3 of 10 OK created sql view model bronze.brnz_products ......................... [[32mOK[0m in 0.34s]
[2025-11-15T01:10:41.345+0000] {subprocess.py:93} INFO - [0m01:10:41  2 of 10 OK created sql view model bronze.brnz_example .......................... [[32mOK[0m in 0.34s]
[2025-11-15T01:10:41.347+0000] {subprocess.py:93} INFO - [0m01:10:41  5 of 10 START sql table model silver.slvr_sales_orders ......................... [RUN]
[2025-11-15T01:10:41.350+0000] {subprocess.py:93} INFO - [0m01:10:41  6 of 10 START sql table model silver.slvr_customers ............................ [RUN]
[2025-11-15T01:10:41.351+0000] {subprocess.py:93} INFO - [0m01:10:41  7 of 10 START sql table model silver.slvr_products ............................. [RUN]
[2025-11-15T01:10:41.610+0000] {subprocess.py:93} INFO - [0m01:10:41  7 of 10 OK created sql table model silver.slvr_products ........................ [[32mOK[0m in 0.25s]
[2025-11-15T01:10:41.822+0000] {subprocess.py:93} INFO - [0m01:10:41  6 of 10 OK created sql table model silver.slvr_customers ....................... [[32mOK[0m in 0.47s]
[2025-11-15T01:10:42.392+0000] {subprocess.py:93} INFO - [0m01:10:42  5 of 10 OK created sql table model silver.slvr_sales_orders .................... [[32mOK[0m in 1.04s]
[2025-11-15T01:10:42.397+0000] {subprocess.py:93} INFO - [0m01:10:42  8 of 10 START sql table model gold.gld_customer_metrics ........................ [RUN]
[2025-11-15T01:10:42.399+0000] {subprocess.py:93} INFO - [0m01:10:42  9 of 10 START sql table model gold.gld_product_performance ..................... [RUN]
[2025-11-15T01:10:42.400+0000] {subprocess.py:93} INFO - [0m01:10:42  10 of 10 START sql table model gold.gld_sales_summary .......................... [RUN]
[2025-11-15T01:10:42.732+0000] {subprocess.py:93} INFO - [0m01:10:42  10 of 10 OK created sql table model gold.gld_sales_summary ..................... [[32mOK[0m in 0.33s]
[2025-11-15T01:10:42.954+0000] {subprocess.py:93} INFO - [0m01:10:42  9 of 10 OK created sql table model gold.gld_product_performance ................ [[32mOK[0m in 0.55s]
[2025-11-15T01:10:42.966+0000] {subprocess.py:93} INFO - [0m01:10:42  8 of 10 OK created sql table model gold.gld_customer_metrics ................... [[32mOK[0m in 0.56s]
[2025-11-15T01:10:42.975+0000] {subprocess.py:93} INFO - [0m01:10:42
[2025-11-15T01:10:42.976+0000] {subprocess.py:93} INFO - [0m01:10:42  Finished running 4 view models, 6 table models in 0 hours 0 minutes and 2.17 seconds (2.17s).
[2025-11-15T01:10:43.042+0000] {subprocess.py:93} INFO - [0m01:10:43
[2025-11-15T01:10:43.042+0000] {subprocess.py:93} INFO - [0m01:10:43  [32mCompleted successfully[0m
[2025-11-15T01:10:43.044+0000] {subprocess.py:93} INFO - [0m01:10:43
[2025-11-15T01:10:43.046+0000] {subprocess.py:93} INFO - [0m01:10:43  Done. PASS=10 WARN=0 ERROR=0 SKIP=0 TOTAL=10
[2025-11-15T01:10:44.666+0000] {subprocess.py:97} INFO - Command exited with return code 0
[2025-11-15T01:10:44.684+0000] {taskinstance.py:1398} INFO - Marking task as SUCCESS. dag_id=dbt_transform, task_id=dbt_run, execution_date=20251115T010535, start_date=20251115T011037, end_date=20251115T011044
[2025-11-15T01:10:44.727+0000] {local_task_job_runner.py:228} INFO - Task exited with return code 0
[2025-11-15T01:10:44.744+0000] {taskinstance.py:2776} INFO - 1 downstream tasks scheduled from follow-on schedule check
