[2025-11-15T02:00:57.451+0000] {taskinstance.py:1157} INFO - Dependencies all met for dep_context=non-requeueable deps ti=<TaskInstance: dbt_transform.dbt_run_silver manual__2025-11-15T01:58:19.121137+00:00 [queued]>
[2025-11-15T02:00:57.459+0000] {taskinstance.py:1157} INFO - Dependencies all met for dep_context=requeueable deps ti=<TaskInstance: dbt_transform.dbt_run_silver manual__2025-11-15T01:58:19.121137+00:00 [queued]>
[2025-11-15T02:00:57.460+0000] {taskinstance.py:1359} INFO - Starting attempt 1 of 2
[2025-11-15T02:00:57.471+0000] {taskinstance.py:1380} INFO - Executing <Task(BashOperator): dbt_run_silver> on 2025-11-15 01:58:19.121137+00:00
[2025-11-15T02:00:57.475+0000] {standard_task_runner.py:57} INFO - Started process 226 to run task
[2025-11-15T02:00:57.479+0000] {standard_task_runner.py:84} INFO - Running: ['***', 'tasks', 'run', 'dbt_transform', 'dbt_run_silver', 'manual__2025-11-15T01:58:19.121137+00:00', '--job-id', '263', '--raw', '--subdir', 'DAGS_FOLDER/dbt_dag.py', '--cfg-path', '/tmp/tmp7t3y_d2q']
[2025-11-15T02:00:57.483+0000] {standard_task_runner.py:85} INFO - Job 263: Subtask dbt_run_silver
[2025-11-15T02:00:57.546+0000] {task_command.py:415} INFO - Running <TaskInstance: dbt_transform.dbt_run_silver manual__2025-11-15T01:58:19.121137+00:00 [running]> on host 32851173452f
[2025-11-15T02:00:57.608+0000] {taskinstance.py:1660} INFO - Exporting env vars: AIRFLOW_CTX_DAG_OWNER='***' AIRFLOW_CTX_DAG_ID='dbt_transform' AIRFLOW_CTX_TASK_ID='dbt_run_silver' AIRFLOW_CTX_EXECUTION_DATE='2025-11-15T01:58:19.121137+00:00' AIRFLOW_CTX_TRY_NUMBER='1' AIRFLOW_CTX_DAG_RUN_ID='manual__2025-11-15T01:58:19.121137+00:00'
[2025-11-15T02:00:57.609+0000] {subprocess.py:63} INFO - Tmp dir root location: /tmp
[2025-11-15T02:00:57.610+0000] {subprocess.py:75} INFO - Running command: ['/bin/bash', '-c', 'docker exec dbt_***_project-dbt-1 dbt run --select silver']
[2025-11-15T02:00:57.621+0000] {subprocess.py:86} INFO - Output:
[2025-11-15T02:00:58.771+0000] {subprocess.py:93} INFO - [0m02:00:58  Running with dbt=1.8.7
[2025-11-15T02:00:59.057+0000] {subprocess.py:93} INFO - [0m02:00:59  Registered adapter: sqlserver=1.8.7
[2025-11-15T02:01:01.123+0000] {subprocess.py:93} INFO - [0m02:01:01  Found 10 models, 18 data tests, 13 sources, 614 macros
[2025-11-15T02:01:01.129+0000] {subprocess.py:93} INFO - [0m02:01:01
[2025-11-15T02:01:01.275+0000] {subprocess.py:93} INFO - [0m02:01:01  Concurrency: 4 threads (target='dev')
[2025-11-15T02:01:01.276+0000] {subprocess.py:93} INFO - [0m02:01:01
[2025-11-15T02:01:01.283+0000] {subprocess.py:93} INFO - [0m02:01:01  1 of 3 START sql table model silver.slvr_customers ............................. [RUN]
[2025-11-15T02:01:01.284+0000] {subprocess.py:93} INFO - [0m02:01:01  2 of 3 START sql table model silver.slvr_products .............................. [RUN]
[2025-11-15T02:01:01.285+0000] {subprocess.py:93} INFO - [0m02:01:01  3 of 3 START sql table model silver.slvr_sales_orders .......................... [RUN]
[2025-11-15T02:01:01.821+0000] {subprocess.py:93} INFO - [0m02:01:01  2 of 3 OK created sql table model silver.slvr_products ......................... [[32mOK[0m in 0.52s]
[2025-11-15T02:01:01.971+0000] {subprocess.py:93} INFO - [0m02:01:01  1 of 3 OK created sql table model silver.slvr_customers ........................ [[32mOK[0m in 0.68s]
[2025-11-15T02:01:02.694+0000] {subprocess.py:93} INFO - [0m02:01:02  3 of 3 OK created sql table model silver.slvr_sales_orders ..................... [[32mOK[0m in 1.40s]
[2025-11-15T02:01:02.706+0000] {subprocess.py:93} INFO - [0m02:01:02
[2025-11-15T02:01:02.707+0000] {subprocess.py:93} INFO - [0m02:01:02  Finished running 3 table models in 0 hours 0 minutes and 1.58 seconds (1.58s).
[2025-11-15T02:01:02.791+0000] {subprocess.py:93} INFO - [0m02:01:02
[2025-11-15T02:01:02.793+0000] {subprocess.py:93} INFO - [0m02:01:02  [32mCompleted successfully[0m
[2025-11-15T02:01:02.795+0000] {subprocess.py:93} INFO - [0m02:01:02
[2025-11-15T02:01:02.796+0000] {subprocess.py:93} INFO - [0m02:01:02  Done. PASS=3 WARN=0 ERROR=0 SKIP=0 TOTAL=3
[2025-11-15T02:01:04.092+0000] {subprocess.py:97} INFO - Command exited with return code 0
[2025-11-15T02:01:04.119+0000] {taskinstance.py:1398} INFO - Marking task as SUCCESS. dag_id=dbt_transform, task_id=dbt_run_silver, execution_date=20251115T015819, start_date=20251115T020057, end_date=20251115T020104
[2025-11-15T02:01:04.149+0000] {local_task_job_runner.py:228} INFO - Task exited with return code 0
[2025-11-15T02:01:04.173+0000] {taskinstance.py:2776} INFO - 1 downstream tasks scheduled from follow-on schedule check
