[2025-11-14T22:25:36.689+0000] {taskinstance.py:1157} INFO - Dependencies all met for dep_context=non-requeueable deps ti=<TaskInstance: dbt_transform.dbt_run scheduled__2025-11-14T22:20:35.634758+00:00 [queued]>
[2025-11-14T22:25:36.695+0000] {taskinstance.py:1157} INFO - Dependencies all met for dep_context=requeueable deps ti=<TaskInstance: dbt_transform.dbt_run scheduled__2025-11-14T22:20:35.634758+00:00 [queued]>
[2025-11-14T22:25:36.696+0000] {taskinstance.py:1359} INFO - Starting attempt 1 of 2
[2025-11-14T22:25:36.705+0000] {taskinstance.py:1380} INFO - Executing <Task(BashOperator): dbt_run> on 2025-11-14 22:20:35.634758+00:00
[2025-11-14T22:25:36.709+0000] {standard_task_runner.py:57} INFO - Started process 6728 to run task
[2025-11-14T22:25:36.711+0000] {standard_task_runner.py:84} INFO - Running: ['***', 'tasks', 'run', 'dbt_transform', 'dbt_run', 'scheduled__2025-11-14T22:20:35.634758+00:00', '--job-id', '178', '--raw', '--subdir', 'DAGS_FOLDER/dbt_dag.py', '--cfg-path', '/tmp/tmpg0ypcc45']
[2025-11-14T22:25:36.714+0000] {standard_task_runner.py:85} INFO - Job 178: Subtask dbt_run
[2025-11-14T22:25:36.778+0000] {task_command.py:415} INFO - Running <TaskInstance: dbt_transform.dbt_run scheduled__2025-11-14T22:20:35.634758+00:00 [running]> on host 3f4da400579d
[2025-11-14T22:25:36.844+0000] {taskinstance.py:1660} INFO - Exporting env vars: AIRFLOW_CTX_DAG_OWNER='***' AIRFLOW_CTX_DAG_ID='dbt_transform' AIRFLOW_CTX_TASK_ID='dbt_run' AIRFLOW_CTX_EXECUTION_DATE='2025-11-14T22:20:35.634758+00:00' AIRFLOW_CTX_TRY_NUMBER='1' AIRFLOW_CTX_DAG_RUN_ID='scheduled__2025-11-14T22:20:35.634758+00:00'
[2025-11-14T22:25:36.845+0000] {subprocess.py:63} INFO - Tmp dir root location: /tmp
[2025-11-14T22:25:36.847+0000] {subprocess.py:75} INFO - Running command: ['/bin/bash', '-c', 'docker exec dbt_***_project-dbt-1 dbt run']
[2025-11-14T22:25:36.853+0000] {subprocess.py:86} INFO - Output:
[2025-11-14T22:25:38.555+0000] {subprocess.py:93} INFO - [0m22:25:38  Running with dbt=1.8.7
[2025-11-14T22:25:38.929+0000] {subprocess.py:93} INFO - [0m22:25:38  Registered adapter: sqlserver=1.8.7
[2025-11-14T22:25:40.780+0000] {subprocess.py:93} INFO - [0m22:25:40  Found 10 models, 18 data tests, 13 sources, 614 macros
[2025-11-14T22:25:40.783+0000] {subprocess.py:93} INFO - [0m22:25:40
[2025-11-14T22:25:40.957+0000] {subprocess.py:93} INFO - [0m22:25:40  Concurrency: 4 threads (target='dev')
[2025-11-14T22:25:40.958+0000] {subprocess.py:93} INFO - [0m22:25:40
[2025-11-14T22:25:40.965+0000] {subprocess.py:93} INFO - [0m22:25:40  1 of 10 START sql view model bronze.brnz_customers ............................. [RUN]
[2025-11-14T22:25:40.967+0000] {subprocess.py:93} INFO - [0m22:25:40  2 of 10 START sql view model bronze.brnz_example ............................... [RUN]
[2025-11-14T22:25:40.969+0000] {subprocess.py:93} INFO - [0m22:25:40  3 of 10 START sql view model bronze.brnz_products .............................. [RUN]
[2025-11-14T22:25:40.971+0000] {subprocess.py:93} INFO - [0m22:25:40  4 of 10 START sql view model bronze.brnz_sales_orders .......................... [RUN]
[2025-11-14T22:25:41.281+0000] {subprocess.py:93} INFO - [0m22:25:41  4 of 10 OK created sql view model bronze.brnz_sales_orders ..................... [[32mOK[0m in 0.30s]
[2025-11-14T22:25:41.288+0000] {subprocess.py:93} INFO - [0m22:25:41  3 of 10 OK created sql view model bronze.brnz_products ......................... [[32mOK[0m in 0.31s]
[2025-11-14T22:25:41.289+0000] {subprocess.py:93} INFO - [0m22:25:41  2 of 10 OK created sql view model bronze.brnz_example .......................... [[32mOK[0m in 0.31s]
[2025-11-14T22:25:41.297+0000] {subprocess.py:93} INFO - [0m22:25:41  5 of 10 START sql table model silver.slvr_sales_orders ......................... [RUN]
[2025-11-14T22:25:41.302+0000] {subprocess.py:93} INFO - [0m22:25:41  6 of 10 START sql table model silver.slvr_products ............................. [RUN]
[2025-11-14T22:25:41.308+0000] {subprocess.py:93} INFO - [0m22:25:41  1 of 10 OK created sql view model bronze.brnz_customers ........................ [[32mOK[0m in 0.33s]
[2025-11-14T22:25:41.323+0000] {subprocess.py:93} INFO - [0m22:25:41  7 of 10 START sql table model silver.slvr_customers ............................ [RUN]
[2025-11-14T22:25:41.534+0000] {subprocess.py:93} INFO - [0m22:25:41  6 of 10 OK created sql table model silver.slvr_products ........................ [[32mOK[0m in 0.23s]
[2025-11-14T22:25:41.602+0000] {subprocess.py:93} INFO - [0m22:25:41  7 of 10 OK created sql table model silver.slvr_customers ....................... [[32mOK[0m in 0.28s]
[2025-11-14T22:25:42.180+0000] {subprocess.py:93} INFO - [0m22:25:42  5 of 10 OK created sql table model silver.slvr_sales_orders .................... [[32mOK[0m in 0.88s]
[2025-11-14T22:25:42.185+0000] {subprocess.py:93} INFO - [0m22:25:42  8 of 10 START sql table model gold.gld_customer_metrics ........................ [RUN]
[2025-11-14T22:25:42.186+0000] {subprocess.py:93} INFO - [0m22:25:42  9 of 10 START sql table model gold.gld_product_performance ..................... [RUN]
[2025-11-14T22:25:42.188+0000] {subprocess.py:93} INFO - [0m22:25:42  10 of 10 START sql table model gold.gld_sales_summary .......................... [RUN]
[2025-11-14T22:25:42.566+0000] {subprocess.py:93} INFO - [0m22:25:42  10 of 10 OK created sql table model gold.gld_sales_summary ..................... [[32mOK[0m in 0.37s]
[2025-11-14T22:25:42.836+0000] {subprocess.py:93} INFO - [0m22:25:42  8 of 10 OK created sql table model gold.gld_customer_metrics ................... [[32mOK[0m in 0.64s]
[2025-11-14T22:25:42.838+0000] {subprocess.py:93} INFO - [0m22:25:42  9 of 10 OK created sql table model gold.gld_product_performance ................ [[32mOK[0m in 0.64s]
[2025-11-14T22:25:42.854+0000] {subprocess.py:93} INFO - [0m22:25:42
[2025-11-14T22:25:42.855+0000] {subprocess.py:93} INFO - [0m22:25:42  Finished running 4 view models, 6 table models in 0 hours 0 minutes and 2.07 seconds (2.07s).
[2025-11-14T22:25:42.940+0000] {subprocess.py:93} INFO - [0m22:25:42
[2025-11-14T22:25:42.942+0000] {subprocess.py:93} INFO - [0m22:25:42  [32mCompleted successfully[0m
[2025-11-14T22:25:42.943+0000] {subprocess.py:93} INFO - [0m22:25:42
[2025-11-14T22:25:42.945+0000] {subprocess.py:93} INFO - [0m22:25:42  Done. PASS=10 WARN=0 ERROR=0 SKIP=0 TOTAL=10
[2025-11-14T22:25:44.748+0000] {subprocess.py:97} INFO - Command exited with return code 0
[2025-11-14T22:25:44.767+0000] {taskinstance.py:1398} INFO - Marking task as SUCCESS. dag_id=dbt_transform, task_id=dbt_run, execution_date=20251114T222035, start_date=20251114T222536, end_date=20251114T222544
[2025-11-14T22:25:44.782+0000] {local_task_job_runner.py:228} INFO - Task exited with return code 0
[2025-11-14T22:25:44.797+0000] {taskinstance.py:2776} INFO - 1 downstream tasks scheduled from follow-on schedule check
