[2025-11-14T20:05:36.470+0000] {taskinstance.py:1157} INFO - Dependencies all met for dep_context=non-requeueable deps ti=<TaskInstance: dbt_transform.dbt_run scheduled__2025-11-14T20:00:35.634758+00:00 [queued]>
[2025-11-14T20:05:36.476+0000] {taskinstance.py:1157} INFO - Dependencies all met for dep_context=requeueable deps ti=<TaskInstance: dbt_transform.dbt_run scheduled__2025-11-14T20:00:35.634758+00:00 [queued]>
[2025-11-14T20:05:36.477+0000] {taskinstance.py:1359} INFO - Starting attempt 1 of 2
[2025-11-14T20:05:36.487+0000] {taskinstance.py:1380} INFO - Executing <Task(BashOperator): dbt_run> on 2025-11-14 20:00:35.634758+00:00
[2025-11-14T20:05:36.491+0000] {standard_task_runner.py:57} INFO - Started process 4662 to run task
[2025-11-14T20:05:36.494+0000] {standard_task_runner.py:84} INFO - Running: ['***', 'tasks', 'run', 'dbt_transform', 'dbt_run', 'scheduled__2025-11-14T20:00:35.634758+00:00', '--job-id', '122', '--raw', '--subdir', 'DAGS_FOLDER/dbt_dag.py', '--cfg-path', '/tmp/tmpns_ymau0']
[2025-11-14T20:05:36.497+0000] {standard_task_runner.py:85} INFO - Job 122: Subtask dbt_run
[2025-11-14T20:05:36.560+0000] {task_command.py:415} INFO - Running <TaskInstance: dbt_transform.dbt_run scheduled__2025-11-14T20:00:35.634758+00:00 [running]> on host 3f4da400579d
[2025-11-14T20:05:36.624+0000] {taskinstance.py:1660} INFO - Exporting env vars: AIRFLOW_CTX_DAG_OWNER='***' AIRFLOW_CTX_DAG_ID='dbt_transform' AIRFLOW_CTX_TASK_ID='dbt_run' AIRFLOW_CTX_EXECUTION_DATE='2025-11-14T20:00:35.634758+00:00' AIRFLOW_CTX_TRY_NUMBER='1' AIRFLOW_CTX_DAG_RUN_ID='scheduled__2025-11-14T20:00:35.634758+00:00'
[2025-11-14T20:05:36.625+0000] {subprocess.py:63} INFO - Tmp dir root location: /tmp
[2025-11-14T20:05:36.627+0000] {subprocess.py:75} INFO - Running command: ['/bin/bash', '-c', 'docker exec dbt_***_project-dbt-1 dbt run']
[2025-11-14T20:05:36.634+0000] {subprocess.py:86} INFO - Output:
[2025-11-14T20:05:38.126+0000] {subprocess.py:93} INFO - [0m20:05:38  Running with dbt=1.8.7
[2025-11-14T20:05:38.457+0000] {subprocess.py:93} INFO - [0m20:05:38  Registered adapter: sqlserver=1.8.7
[2025-11-14T20:05:38.491+0000] {subprocess.py:93} INFO - [0m20:05:38  Found 10 models, 18 data tests, 13 sources, 614 macros
[2025-11-14T20:05:38.496+0000] {subprocess.py:93} INFO - [0m20:05:38
[2025-11-14T20:05:38.705+0000] {subprocess.py:93} INFO - [0m20:05:38  Concurrency: 4 threads (target='dev')
[2025-11-14T20:05:38.706+0000] {subprocess.py:93} INFO - [0m20:05:38
[2025-11-14T20:05:38.713+0000] {subprocess.py:93} INFO - [0m20:05:38  1 of 10 START sql view model bronze.brnz_customers ............................. [RUN]
[2025-11-14T20:05:38.714+0000] {subprocess.py:93} INFO - [0m20:05:38  2 of 10 START sql view model bronze.brnz_example ............................... [RUN]
[2025-11-14T20:05:38.716+0000] {subprocess.py:93} INFO - [0m20:05:38  3 of 10 START sql view model bronze.brnz_products .............................. [RUN]
[2025-11-14T20:05:38.717+0000] {subprocess.py:93} INFO - [0m20:05:38  4 of 10 START sql view model bronze.brnz_sales_orders .......................... [RUN]
[2025-11-14T20:05:39.020+0000] {subprocess.py:93} INFO - [0m20:05:39  3 of 10 OK created sql view model bronze.brnz_products ......................... [[32mOK[0m in 0.29s]
[2025-11-14T20:05:39.029+0000] {subprocess.py:93} INFO - [0m20:05:39  2 of 10 OK created sql view model bronze.brnz_example .......................... [[32mOK[0m in 0.30s]
[2025-11-14T20:05:39.032+0000] {subprocess.py:93} INFO - [0m20:05:39  1 of 10 OK created sql view model bronze.brnz_customers ........................ [[32mOK[0m in 0.31s]
[2025-11-14T20:05:39.036+0000] {subprocess.py:93} INFO - [0m20:05:39  4 of 10 OK created sql view model bronze.brnz_sales_orders ..................... [[32mOK[0m in 0.31s]
[2025-11-14T20:05:39.038+0000] {subprocess.py:93} INFO - [0m20:05:39  5 of 10 START sql table model silver.slvr_products ............................. [RUN]
[2025-11-14T20:05:39.046+0000] {subprocess.py:93} INFO - [0m20:05:39  6 of 10 START sql table model silver.slvr_customers ............................ [RUN]
[2025-11-14T20:05:39.048+0000] {subprocess.py:93} INFO - [0m20:05:39  7 of 10 START sql table model silver.slvr_sales_orders ......................... [RUN]
[2025-11-14T20:05:39.341+0000] {subprocess.py:93} INFO - [0m20:05:39  6 of 10 OK created sql table model silver.slvr_customers ....................... [[32mOK[0m in 0.29s]
[2025-11-14T20:05:39.378+0000] {subprocess.py:93} INFO - [0m20:05:39  5 of 10 OK created sql table model silver.slvr_products ........................ [[32mOK[0m in 0.33s]
[2025-11-14T20:05:39.952+0000] {subprocess.py:93} INFO - [0m20:05:39  7 of 10 OK created sql table model silver.slvr_sales_orders .................... [[32mOK[0m in 0.90s]
[2025-11-14T20:05:39.957+0000] {subprocess.py:93} INFO - [0m20:05:39  8 of 10 START sql table model gold.gld_customer_metrics ........................ [RUN]
[2025-11-14T20:05:39.958+0000] {subprocess.py:93} INFO - [0m20:05:39  9 of 10 START sql table model gold.gld_product_performance ..................... [RUN]
[2025-11-14T20:05:39.960+0000] {subprocess.py:93} INFO - [0m20:05:39  10 of 10 START sql table model gold.gld_sales_summary .......................... [RUN]
[2025-11-14T20:05:40.430+0000] {subprocess.py:93} INFO - [0m20:05:40  10 of 10 OK created sql table model gold.gld_sales_summary ..................... [[32mOK[0m in 0.47s]
[2025-11-14T20:05:40.515+0000] {subprocess.py:93} INFO - [0m20:05:40  8 of 10 OK created sql table model gold.gld_customer_metrics ................... [[32mOK[0m in 0.55s]
[2025-11-14T20:05:40.537+0000] {subprocess.py:93} INFO - [0m20:05:40  9 of 10 OK created sql table model gold.gld_product_performance ................ [[32mOK[0m in 0.57s]
[2025-11-14T20:05:40.548+0000] {subprocess.py:93} INFO - [0m20:05:40
[2025-11-14T20:05:40.549+0000] {subprocess.py:93} INFO - [0m20:05:40  Finished running 4 view models, 6 table models in 0 hours 0 minutes and 2.05 seconds (2.05s).
[2025-11-14T20:05:40.616+0000] {subprocess.py:93} INFO - [0m20:05:40
[2025-11-14T20:05:40.617+0000] {subprocess.py:93} INFO - [0m20:05:40  [32mCompleted successfully[0m
[2025-11-14T20:05:40.618+0000] {subprocess.py:93} INFO - [0m20:05:40
[2025-11-14T20:05:40.620+0000] {subprocess.py:93} INFO - [0m20:05:40  Done. PASS=10 WARN=0 ERROR=0 SKIP=0 TOTAL=10
[2025-11-14T20:05:42.196+0000] {subprocess.py:97} INFO - Command exited with return code 0
[2025-11-14T20:05:42.213+0000] {taskinstance.py:1398} INFO - Marking task as SUCCESS. dag_id=dbt_transform, task_id=dbt_run, execution_date=20251114T200035, start_date=20251114T200536, end_date=20251114T200542
[2025-11-14T20:05:42.253+0000] {local_task_job_runner.py:228} INFO - Task exited with return code 0
[2025-11-14T20:05:42.271+0000] {taskinstance.py:2776} INFO - 1 downstream tasks scheduled from follow-on schedule check
