[2025-11-14T23:00:36.912+0000] {taskinstance.py:1157} INFO - Dependencies all met for dep_context=non-requeueable deps ti=<TaskInstance: dbt_transform.dbt_run scheduled__2025-11-14T22:55:35.634758+00:00 [queued]>
[2025-11-14T23:00:36.918+0000] {taskinstance.py:1157} INFO - Dependencies all met for dep_context=requeueable deps ti=<TaskInstance: dbt_transform.dbt_run scheduled__2025-11-14T22:55:35.634758+00:00 [queued]>
[2025-11-14T23:00:36.919+0000] {taskinstance.py:1359} INFO - Starting attempt 1 of 2
[2025-11-14T23:00:36.927+0000] {taskinstance.py:1380} INFO - Executing <Task(BashOperator): dbt_run> on 2025-11-14 22:55:35.634758+00:00
[2025-11-14T23:00:36.931+0000] {standard_task_runner.py:57} INFO - Started process 7244 to run task
[2025-11-14T23:00:36.934+0000] {standard_task_runner.py:84} INFO - Running: ['***', 'tasks', 'run', 'dbt_transform', 'dbt_run', 'scheduled__2025-11-14T22:55:35.634758+00:00', '--job-id', '192', '--raw', '--subdir', 'DAGS_FOLDER/dbt_dag.py', '--cfg-path', '/tmp/tmpaf71j_g8']
[2025-11-14T23:00:36.937+0000] {standard_task_runner.py:85} INFO - Job 192: Subtask dbt_run
[2025-11-14T23:00:36.996+0000] {task_command.py:415} INFO - Running <TaskInstance: dbt_transform.dbt_run scheduled__2025-11-14T22:55:35.634758+00:00 [running]> on host 3f4da400579d
[2025-11-14T23:00:37.057+0000] {taskinstance.py:1660} INFO - Exporting env vars: AIRFLOW_CTX_DAG_OWNER='***' AIRFLOW_CTX_DAG_ID='dbt_transform' AIRFLOW_CTX_TASK_ID='dbt_run' AIRFLOW_CTX_EXECUTION_DATE='2025-11-14T22:55:35.634758+00:00' AIRFLOW_CTX_TRY_NUMBER='1' AIRFLOW_CTX_DAG_RUN_ID='scheduled__2025-11-14T22:55:35.634758+00:00'
[2025-11-14T23:00:37.059+0000] {subprocess.py:63} INFO - Tmp dir root location: /tmp
[2025-11-14T23:00:37.061+0000] {subprocess.py:75} INFO - Running command: ['/bin/bash', '-c', 'docker exec dbt_***_project-dbt-1 dbt run']
[2025-11-14T23:00:37.068+0000] {subprocess.py:86} INFO - Output:
[2025-11-14T23:00:38.750+0000] {subprocess.py:93} INFO - [0m23:00:38  Running with dbt=1.8.7
[2025-11-14T23:00:39.121+0000] {subprocess.py:93} INFO - [0m23:00:39  Registered adapter: sqlserver=1.8.7
[2025-11-14T23:00:40.558+0000] {subprocess.py:93} INFO - [0m23:00:40  Found 10 models, 18 data tests, 13 sources, 614 macros
[2025-11-14T23:00:40.561+0000] {subprocess.py:93} INFO - [0m23:00:40
[2025-11-14T23:00:40.739+0000] {subprocess.py:93} INFO - [0m23:00:40  Concurrency: 4 threads (target='dev')
[2025-11-14T23:00:40.740+0000] {subprocess.py:93} INFO - [0m23:00:40
[2025-11-14T23:00:40.747+0000] {subprocess.py:93} INFO - [0m23:00:40  1 of 10 START sql view model bronze.brnz_customers ............................. [RUN]
[2025-11-14T23:00:40.748+0000] {subprocess.py:93} INFO - [0m23:00:40  2 of 10 START sql view model bronze.brnz_example ............................... [RUN]
[2025-11-14T23:00:40.749+0000] {subprocess.py:93} INFO - [0m23:00:40  3 of 10 START sql view model bronze.brnz_products .............................. [RUN]
[2025-11-14T23:00:40.751+0000] {subprocess.py:93} INFO - [0m23:00:40  4 of 10 START sql view model bronze.brnz_sales_orders .......................... [RUN]
[2025-11-14T23:00:41.029+0000] {subprocess.py:93} INFO - [0m23:00:41  2 of 10 OK created sql view model bronze.brnz_example .......................... [[32mOK[0m in 0.27s]
[2025-11-14T23:00:41.034+0000] {subprocess.py:93} INFO - [0m23:00:41  1 of 10 OK created sql view model bronze.brnz_customers ........................ [[32mOK[0m in 0.28s]
[2025-11-14T23:00:41.035+0000] {subprocess.py:93} INFO - [0m23:00:41  3 of 10 OK created sql view model bronze.brnz_products ......................... [[32mOK[0m in 0.28s]
[2025-11-14T23:00:41.046+0000] {subprocess.py:93} INFO - [0m23:00:41  5 of 10 START sql table model silver.slvr_customers ............................ [RUN]
[2025-11-14T23:00:41.047+0000] {subprocess.py:93} INFO - [0m23:00:41  6 of 10 START sql table model silver.slvr_products ............................. [RUN]
[2025-11-14T23:00:41.048+0000] {subprocess.py:93} INFO - [0m23:00:41  4 of 10 OK created sql view model bronze.brnz_sales_orders ..................... [[32mOK[0m in 0.29s]
[2025-11-14T23:00:41.066+0000] {subprocess.py:93} INFO - [0m23:00:41  7 of 10 START sql table model silver.slvr_sales_orders ......................... [RUN]
[2025-11-14T23:00:41.295+0000] {subprocess.py:93} INFO - [0m23:00:41  6 of 10 OK created sql table model silver.slvr_products ........................ [[32mOK[0m in 0.24s]
[2025-11-14T23:00:41.400+0000] {subprocess.py:93} INFO - [0m23:00:41  5 of 10 OK created sql table model silver.slvr_customers ....................... [[32mOK[0m in 0.35s]
[2025-11-14T23:00:41.944+0000] {subprocess.py:93} INFO - [0m23:00:41  7 of 10 OK created sql table model silver.slvr_sales_orders .................... [[32mOK[0m in 0.87s]
[2025-11-14T23:00:41.951+0000] {subprocess.py:93} INFO - [0m23:00:41  8 of 10 START sql table model gold.gld_customer_metrics ........................ [RUN]
[2025-11-14T23:00:41.952+0000] {subprocess.py:93} INFO - [0m23:00:41  9 of 10 START sql table model gold.gld_product_performance ..................... [RUN]
[2025-11-14T23:00:41.953+0000] {subprocess.py:93} INFO - [0m23:00:41  10 of 10 START sql table model gold.gld_sales_summary .......................... [RUN]
[2025-11-14T23:00:42.449+0000] {subprocess.py:93} INFO - [0m23:00:42  10 of 10 OK created sql table model gold.gld_sales_summary ..................... [[32mOK[0m in 0.49s]
[2025-11-14T23:00:42.524+0000] {subprocess.py:93} INFO - [0m23:00:42  8 of 10 OK created sql table model gold.gld_customer_metrics ................... [[32mOK[0m in 0.57s]
[2025-11-14T23:00:42.546+0000] {subprocess.py:93} INFO - [0m23:00:42  9 of 10 OK created sql table model gold.gld_product_performance ................ [[32mOK[0m in 0.59s]
[2025-11-14T23:00:42.557+0000] {subprocess.py:93} INFO - [0m23:00:42
[2025-11-14T23:00:42.558+0000] {subprocess.py:93} INFO - [0m23:00:42  Finished running 4 view models, 6 table models in 0 hours 0 minutes and 1.99 seconds (1.99s).
[2025-11-14T23:00:42.626+0000] {subprocess.py:93} INFO - [0m23:00:42
[2025-11-14T23:00:42.627+0000] {subprocess.py:93} INFO - [0m23:00:42  [32mCompleted successfully[0m
[2025-11-14T23:00:42.628+0000] {subprocess.py:93} INFO - [0m23:00:42
[2025-11-14T23:00:42.630+0000] {subprocess.py:93} INFO - [0m23:00:42  Done. PASS=10 WARN=0 ERROR=0 SKIP=0 TOTAL=10
[2025-11-14T23:00:42.773+0000] {subprocess.py:97} INFO - Command exited with return code 0
[2025-11-14T23:00:42.793+0000] {taskinstance.py:1398} INFO - Marking task as SUCCESS. dag_id=dbt_transform, task_id=dbt_run, execution_date=20251114T225535, start_date=20251114T230036, end_date=20251114T230042
[2025-11-14T23:00:42.817+0000] {local_task_job_runner.py:228} INFO - Task exited with return code 0
[2025-11-14T23:00:42.833+0000] {taskinstance.py:2776} INFO - 1 downstream tasks scheduled from follow-on schedule check
