[2025-11-14T21:15:37.159+0000] {taskinstance.py:1157} INFO - Dependencies all met for dep_context=non-requeueable deps ti=<TaskInstance: dbt_transform.dbt_run scheduled__2025-11-14T21:10:35.634758+00:00 [queued]>
[2025-11-14T21:15:37.165+0000] {taskinstance.py:1157} INFO - Dependencies all met for dep_context=requeueable deps ti=<TaskInstance: dbt_transform.dbt_run scheduled__2025-11-14T21:10:35.634758+00:00 [queued]>
[2025-11-14T21:15:37.165+0000] {taskinstance.py:1359} INFO - Starting attempt 1 of 2
[2025-11-14T21:15:37.175+0000] {taskinstance.py:1380} INFO - Executing <Task(BashOperator): dbt_run> on 2025-11-14 21:10:35.634758+00:00
[2025-11-14T21:15:37.178+0000] {standard_task_runner.py:57} INFO - Started process 5698 to run task
[2025-11-14T21:15:37.181+0000] {standard_task_runner.py:84} INFO - Running: ['***', 'tasks', 'run', 'dbt_transform', 'dbt_run', 'scheduled__2025-11-14T21:10:35.634758+00:00', '--job-id', '150', '--raw', '--subdir', 'DAGS_FOLDER/dbt_dag.py', '--cfg-path', '/tmp/tmp5zqc6i22']
[2025-11-14T21:15:37.184+0000] {standard_task_runner.py:85} INFO - Job 150: Subtask dbt_run
[2025-11-14T21:15:37.250+0000] {task_command.py:415} INFO - Running <TaskInstance: dbt_transform.dbt_run scheduled__2025-11-14T21:10:35.634758+00:00 [running]> on host 3f4da400579d
[2025-11-14T21:15:37.316+0000] {taskinstance.py:1660} INFO - Exporting env vars: AIRFLOW_CTX_DAG_OWNER='***' AIRFLOW_CTX_DAG_ID='dbt_transform' AIRFLOW_CTX_TASK_ID='dbt_run' AIRFLOW_CTX_EXECUTION_DATE='2025-11-14T21:10:35.634758+00:00' AIRFLOW_CTX_TRY_NUMBER='1' AIRFLOW_CTX_DAG_RUN_ID='scheduled__2025-11-14T21:10:35.634758+00:00'
[2025-11-14T21:15:37.318+0000] {subprocess.py:63} INFO - Tmp dir root location: /tmp
[2025-11-14T21:15:37.319+0000] {subprocess.py:75} INFO - Running command: ['/bin/bash', '-c', 'docker exec dbt_***_project-dbt-1 dbt run']
[2025-11-14T21:15:37.326+0000] {subprocess.py:86} INFO - Output:
[2025-11-14T21:15:38.813+0000] {subprocess.py:93} INFO - [0m21:15:38  Running with dbt=1.8.7
[2025-11-14T21:15:39.138+0000] {subprocess.py:93} INFO - [0m21:15:39  Registered adapter: sqlserver=1.8.7
[2025-11-14T21:15:40.464+0000] {subprocess.py:93} INFO - [0m21:15:40  Found 10 models, 18 data tests, 13 sources, 614 macros
[2025-11-14T21:15:40.469+0000] {subprocess.py:93} INFO - [0m21:15:40
[2025-11-14T21:15:40.652+0000] {subprocess.py:93} INFO - [0m21:15:40  Concurrency: 4 threads (target='dev')
[2025-11-14T21:15:40.653+0000] {subprocess.py:93} INFO - [0m21:15:40
[2025-11-14T21:15:40.661+0000] {subprocess.py:93} INFO - [0m21:15:40  1 of 10 START sql view model bronze.brnz_customers ............................. [RUN]
[2025-11-14T21:15:40.662+0000] {subprocess.py:93} INFO - [0m21:15:40  2 of 10 START sql view model bronze.brnz_example ............................... [RUN]
[2025-11-14T21:15:40.663+0000] {subprocess.py:93} INFO - [0m21:15:40  3 of 10 START sql view model bronze.brnz_products .............................. [RUN]
[2025-11-14T21:15:40.665+0000] {subprocess.py:93} INFO - [0m21:15:40  4 of 10 START sql view model bronze.brnz_sales_orders .......................... [RUN]
[2025-11-14T21:15:40.966+0000] {subprocess.py:93} INFO - [0m21:15:40  4 of 10 OK created sql view model bronze.brnz_sales_orders ..................... [[32mOK[0m in 0.29s]
[2025-11-14T21:15:40.968+0000] {subprocess.py:93} INFO - [0m21:15:40  3 of 10 OK created sql view model bronze.brnz_products ......................... [[32mOK[0m in 0.29s]
[2025-11-14T21:15:40.969+0000] {subprocess.py:93} INFO - [0m21:15:40  1 of 10 OK created sql view model bronze.brnz_customers ........................ [[32mOK[0m in 0.30s]
[2025-11-14T21:15:40.976+0000] {subprocess.py:93} INFO - [0m21:15:40  2 of 10 OK created sql view model bronze.brnz_example .......................... [[32mOK[0m in 0.30s]
[2025-11-14T21:15:40.982+0000] {subprocess.py:93} INFO - [0m21:15:40  5 of 10 START sql table model silver.slvr_sales_orders ......................... [RUN]
[2025-11-14T21:15:40.983+0000] {subprocess.py:93} INFO - [0m21:15:40  6 of 10 START sql table model silver.slvr_products ............................. [RUN]
[2025-11-14T21:15:40.985+0000] {subprocess.py:93} INFO - [0m21:15:40  7 of 10 START sql table model silver.slvr_customers ............................ [RUN]
[2025-11-14T21:15:41.296+0000] {subprocess.py:93} INFO - [0m21:15:41  6 of 10 OK created sql table model silver.slvr_products ........................ [[32mOK[0m in 0.31s]
[2025-11-14T21:15:41.334+0000] {subprocess.py:93} INFO - [0m21:15:41  7 of 10 OK created sql table model silver.slvr_customers ....................... [[32mOK[0m in 0.34s]
[2025-11-14T21:15:41.898+0000] {subprocess.py:93} INFO - [0m21:15:41  5 of 10 OK created sql table model silver.slvr_sales_orders .................... [[32mOK[0m in 0.91s]
[2025-11-14T21:15:41.903+0000] {subprocess.py:93} INFO - [0m21:15:41  8 of 10 START sql table model gold.gld_customer_metrics ........................ [RUN]
[2025-11-14T21:15:41.904+0000] {subprocess.py:93} INFO - [0m21:15:41  9 of 10 START sql table model gold.gld_product_performance ..................... [RUN]
[2025-11-14T21:15:41.905+0000] {subprocess.py:93} INFO - [0m21:15:41  10 of 10 START sql table model gold.gld_sales_summary .......................... [RUN]
[2025-11-14T21:15:42.318+0000] {subprocess.py:93} INFO - [0m21:15:42  10 of 10 OK created sql table model gold.gld_sales_summary ..................... [[32mOK[0m in 0.41s]
[2025-11-14T21:15:42.496+0000] {subprocess.py:93} INFO - [0m21:15:42  9 of 10 OK created sql table model gold.gld_product_performance ................ [[32mOK[0m in 0.59s]
[2025-11-14T21:15:42.507+0000] {subprocess.py:93} INFO - [0m21:15:42  8 of 10 OK created sql table model gold.gld_customer_metrics ................... [[32mOK[0m in 0.60s]
[2025-11-14T21:15:42.517+0000] {subprocess.py:93} INFO - [0m21:15:42
[2025-11-14T21:15:42.518+0000] {subprocess.py:93} INFO - [0m21:15:42  Finished running 4 view models, 6 table models in 0 hours 0 minutes and 2.05 seconds (2.05s).
[2025-11-14T21:15:42.584+0000] {subprocess.py:93} INFO - [0m21:15:42
[2025-11-14T21:15:42.586+0000] {subprocess.py:93} INFO - [0m21:15:42  [32mCompleted successfully[0m
[2025-11-14T21:15:42.587+0000] {subprocess.py:93} INFO - [0m21:15:42
[2025-11-14T21:15:42.588+0000] {subprocess.py:93} INFO - [0m21:15:42  Done. PASS=10 WARN=0 ERROR=0 SKIP=0 TOTAL=10
[2025-11-14T21:15:44.251+0000] {subprocess.py:97} INFO - Command exited with return code 0
[2025-11-14T21:15:44.273+0000] {taskinstance.py:1398} INFO - Marking task as SUCCESS. dag_id=dbt_transform, task_id=dbt_run, execution_date=20251114T211035, start_date=20251114T211537, end_date=20251114T211544
[2025-11-14T21:15:44.292+0000] {local_task_job_runner.py:228} INFO - Task exited with return code 0
[2025-11-14T21:15:44.308+0000] {taskinstance.py:2776} INFO - 1 downstream tasks scheduled from follow-on schedule check
