[2025-11-15T00:25:37.089+0000] {taskinstance.py:1157} INFO - Dependencies all met for dep_context=non-requeueable deps ti=<TaskInstance: dbt_transform.dbt_run scheduled__2025-11-15T00:20:35.634758+00:00 [queued]>
[2025-11-15T00:25:37.095+0000] {taskinstance.py:1157} INFO - Dependencies all met for dep_context=requeueable deps ti=<TaskInstance: dbt_transform.dbt_run scheduled__2025-11-15T00:20:35.634758+00:00 [queued]>
[2025-11-15T00:25:37.096+0000] {taskinstance.py:1359} INFO - Starting attempt 1 of 2
[2025-11-15T00:25:37.106+0000] {taskinstance.py:1380} INFO - Executing <Task(BashOperator): dbt_run> on 2025-11-15 00:20:35.634758+00:00
[2025-11-15T00:25:37.110+0000] {standard_task_runner.py:57} INFO - Started process 8501 to run task
[2025-11-15T00:25:37.112+0000] {standard_task_runner.py:84} INFO - Running: ['***', 'tasks', 'run', 'dbt_transform', 'dbt_run', 'scheduled__2025-11-15T00:20:35.634758+00:00', '--job-id', '226', '--raw', '--subdir', 'DAGS_FOLDER/dbt_dag.py', '--cfg-path', '/tmp/tmp25qiam3q']
[2025-11-15T00:25:37.115+0000] {standard_task_runner.py:85} INFO - Job 226: Subtask dbt_run
[2025-11-15T00:25:37.174+0000] {task_command.py:415} INFO - Running <TaskInstance: dbt_transform.dbt_run scheduled__2025-11-15T00:20:35.634758+00:00 [running]> on host 3f4da400579d
[2025-11-15T00:25:37.239+0000] {taskinstance.py:1660} INFO - Exporting env vars: AIRFLOW_CTX_DAG_OWNER='***' AIRFLOW_CTX_DAG_ID='dbt_transform' AIRFLOW_CTX_TASK_ID='dbt_run' AIRFLOW_CTX_EXECUTION_DATE='2025-11-15T00:20:35.634758+00:00' AIRFLOW_CTX_TRY_NUMBER='1' AIRFLOW_CTX_DAG_RUN_ID='scheduled__2025-11-15T00:20:35.634758+00:00'
[2025-11-15T00:25:37.240+0000] {subprocess.py:63} INFO - Tmp dir root location: /tmp
[2025-11-15T00:25:37.242+0000] {subprocess.py:75} INFO - Running command: ['/bin/bash', '-c', 'docker exec dbt_***_project-dbt-1 dbt run']
[2025-11-15T00:25:37.249+0000] {subprocess.py:86} INFO - Output:
[2025-11-15T00:25:38.722+0000] {subprocess.py:93} INFO - [0m00:25:38  Running with dbt=1.8.7
[2025-11-15T00:25:39.061+0000] {subprocess.py:93} INFO - [0m00:25:39  Registered adapter: sqlserver=1.8.7
[2025-11-15T00:25:40.355+0000] {subprocess.py:93} INFO - [0m00:25:40  Found 10 models, 18 data tests, 13 sources, 614 macros
[2025-11-15T00:25:40.359+0000] {subprocess.py:93} INFO - [0m00:25:40
[2025-11-15T00:25:40.550+0000] {subprocess.py:93} INFO - [0m00:25:40  Concurrency: 4 threads (target='dev')
[2025-11-15T00:25:40.551+0000] {subprocess.py:93} INFO - [0m00:25:40
[2025-11-15T00:25:40.558+0000] {subprocess.py:93} INFO - [0m00:25:40  1 of 10 START sql view model bronze.brnz_customers ............................. [RUN]
[2025-11-15T00:25:40.559+0000] {subprocess.py:93} INFO - [0m00:25:40  2 of 10 START sql view model bronze.brnz_example ............................... [RUN]
[2025-11-15T00:25:40.561+0000] {subprocess.py:93} INFO - [0m00:25:40  3 of 10 START sql view model bronze.brnz_products .............................. [RUN]
[2025-11-15T00:25:40.562+0000] {subprocess.py:93} INFO - [0m00:25:40  4 of 10 START sql view model bronze.brnz_sales_orders .......................... [RUN]
[2025-11-15T00:25:40.869+0000] {subprocess.py:93} INFO - [0m00:25:40  3 of 10 OK created sql view model bronze.brnz_products ......................... [[32mOK[0m in 0.29s]
[2025-11-15T00:25:40.870+0000] {subprocess.py:93} INFO - [0m00:25:40  4 of 10 OK created sql view model bronze.brnz_sales_orders ..................... [[32mOK[0m in 0.30s]
[2025-11-15T00:25:40.877+0000] {subprocess.py:93} INFO - [0m00:25:40  2 of 10 OK created sql view model bronze.brnz_example .......................... [[32mOK[0m in 0.31s]
[2025-11-15T00:25:40.884+0000] {subprocess.py:93} INFO - [0m00:25:40  5 of 10 START sql table model silver.slvr_products ............................. [RUN]
[2025-11-15T00:25:40.885+0000] {subprocess.py:93} INFO - [0m00:25:40  6 of 10 START sql table model silver.slvr_sales_orders ......................... [RUN]
[2025-11-15T00:25:40.895+0000] {subprocess.py:93} INFO - [0m00:25:40  1 of 10 OK created sql view model bronze.brnz_customers ........................ [[32mOK[0m in 0.33s]
[2025-11-15T00:25:40.912+0000] {subprocess.py:93} INFO - [0m00:25:40  7 of 10 START sql table model silver.slvr_customers ............................ [RUN]
[2025-11-15T00:25:41.144+0000] {subprocess.py:93} INFO - [0m00:25:41  5 of 10 OK created sql table model silver.slvr_products ........................ [[32mOK[0m in 0.25s]
[2025-11-15T00:25:41.232+0000] {subprocess.py:93} INFO - [0m00:25:41  7 of 10 OK created sql table model silver.slvr_customers ....................... [[32mOK[0m in 0.32s]
[2025-11-15T00:25:41.868+0000] {subprocess.py:93} INFO - [0m00:25:41  6 of 10 OK created sql table model silver.slvr_sales_orders .................... [[32mOK[0m in 0.98s]
[2025-11-15T00:25:41.874+0000] {subprocess.py:93} INFO - [0m00:25:41  8 of 10 START sql table model gold.gld_customer_metrics ........................ [RUN]
[2025-11-15T00:25:41.876+0000] {subprocess.py:93} INFO - [0m00:25:41  9 of 10 START sql table model gold.gld_product_performance ..................... [RUN]
[2025-11-15T00:25:41.878+0000] {subprocess.py:93} INFO - [0m00:25:41  10 of 10 START sql table model gold.gld_sales_summary .......................... [RUN]
[2025-11-15T00:25:42.393+0000] {subprocess.py:93} INFO - [0m00:25:42  10 of 10 OK created sql table model gold.gld_sales_summary ..................... [[32mOK[0m in 0.51s]
[2025-11-15T00:25:42.528+0000] {subprocess.py:93} INFO - [0m00:25:42  9 of 10 OK created sql table model gold.gld_product_performance ................ [[32mOK[0m in 0.65s]
[2025-11-15T00:25:42.565+0000] {subprocess.py:93} INFO - [0m00:25:42  8 of 10 OK created sql table model gold.gld_customer_metrics ................... [[32mOK[0m in 0.68s]
[2025-11-15T00:25:42.579+0000] {subprocess.py:93} INFO - [0m00:25:42
[2025-11-15T00:25:42.580+0000] {subprocess.py:93} INFO - [0m00:25:42  Finished running 4 view models, 6 table models in 0 hours 0 minutes and 2.22 seconds (2.22s).
[2025-11-15T00:25:42.658+0000] {subprocess.py:93} INFO - [0m00:25:42
[2025-11-15T00:25:42.660+0000] {subprocess.py:93} INFO - [0m00:25:42  [32mCompleted successfully[0m
[2025-11-15T00:25:42.661+0000] {subprocess.py:93} INFO - [0m00:25:42
[2025-11-15T00:25:42.662+0000] {subprocess.py:93} INFO - [0m00:25:42  Done. PASS=10 WARN=0 ERROR=0 SKIP=0 TOTAL=10
[2025-11-15T00:25:44.764+0000] {subprocess.py:97} INFO - Command exited with return code 0
[2025-11-15T00:25:44.782+0000] {taskinstance.py:1398} INFO - Marking task as SUCCESS. dag_id=dbt_transform, task_id=dbt_run, execution_date=20251115T002035, start_date=20251115T002537, end_date=20251115T002544
[2025-11-15T00:25:44.800+0000] {local_task_job_runner.py:228} INFO - Task exited with return code 0
[2025-11-15T00:25:44.815+0000] {taskinstance.py:2776} INFO - 1 downstream tasks scheduled from follow-on schedule check
