[2025-11-14T17:40:36.417+0000] {taskinstance.py:1157} INFO - Dependencies all met for dep_context=non-requeueable deps ti=<TaskInstance: dbt_transform.dbt_run scheduled__2025-11-14T17:35:35.634758+00:00 [queued]>
[2025-11-14T17:40:36.423+0000] {taskinstance.py:1157} INFO - Dependencies all met for dep_context=requeueable deps ti=<TaskInstance: dbt_transform.dbt_run scheduled__2025-11-14T17:35:35.634758+00:00 [queued]>
[2025-11-14T17:40:36.423+0000] {taskinstance.py:1359} INFO - Starting attempt 1 of 2
[2025-11-14T17:40:36.433+0000] {taskinstance.py:1380} INFO - Executing <Task(BashOperator): dbt_run> on 2025-11-14 17:35:35.634758+00:00
[2025-11-14T17:40:36.436+0000] {standard_task_runner.py:57} INFO - Started process 2515 to run task
[2025-11-14T17:40:36.439+0000] {standard_task_runner.py:84} INFO - Running: ['***', 'tasks', 'run', 'dbt_transform', 'dbt_run', 'scheduled__2025-11-14T17:35:35.634758+00:00', '--job-id', '64', '--raw', '--subdir', 'DAGS_FOLDER/dbt_dag.py', '--cfg-path', '/tmp/tmp97x2lfy6']
[2025-11-14T17:40:36.442+0000] {standard_task_runner.py:85} INFO - Job 64: Subtask dbt_run
[2025-11-14T17:40:36.502+0000] {task_command.py:415} INFO - Running <TaskInstance: dbt_transform.dbt_run scheduled__2025-11-14T17:35:35.634758+00:00 [running]> on host 3f4da400579d
[2025-11-14T17:40:36.559+0000] {taskinstance.py:1660} INFO - Exporting env vars: AIRFLOW_CTX_DAG_OWNER='***' AIRFLOW_CTX_DAG_ID='dbt_transform' AIRFLOW_CTX_TASK_ID='dbt_run' AIRFLOW_CTX_EXECUTION_DATE='2025-11-14T17:35:35.634758+00:00' AIRFLOW_CTX_TRY_NUMBER='1' AIRFLOW_CTX_DAG_RUN_ID='scheduled__2025-11-14T17:35:35.634758+00:00'
[2025-11-14T17:40:36.561+0000] {subprocess.py:63} INFO - Tmp dir root location: /tmp
[2025-11-14T17:40:36.562+0000] {subprocess.py:75} INFO - Running command: ['/bin/bash', '-c', 'docker exec dbt_***_project-dbt-1 dbt run']
[2025-11-14T17:40:36.569+0000] {subprocess.py:86} INFO - Output:
[2025-11-14T17:40:38.176+0000] {subprocess.py:93} INFO - [0m17:40:38  Running with dbt=1.8.7
[2025-11-14T17:40:38.498+0000] {subprocess.py:93} INFO - [0m17:40:38  Registered adapter: sqlserver=1.8.7
[2025-11-14T17:40:39.730+0000] {subprocess.py:93} INFO - [0m17:40:39  Found 10 models, 18 data tests, 13 sources, 614 macros
[2025-11-14T17:40:39.734+0000] {subprocess.py:93} INFO - [0m17:40:39
[2025-11-14T17:40:39.900+0000] {subprocess.py:93} INFO - [0m17:40:39  Concurrency: 4 threads (target='dev')
[2025-11-14T17:40:39.901+0000] {subprocess.py:93} INFO - [0m17:40:39
[2025-11-14T17:40:39.907+0000] {subprocess.py:93} INFO - [0m17:40:39  1 of 10 START sql view model bronze.brnz_customers ............................. [RUN]
[2025-11-14T17:40:39.909+0000] {subprocess.py:93} INFO - [0m17:40:39  2 of 10 START sql view model bronze.brnz_example ............................... [RUN]
[2025-11-14T17:40:39.911+0000] {subprocess.py:93} INFO - [0m17:40:39  3 of 10 START sql view model bronze.brnz_products .............................. [RUN]
[2025-11-14T17:40:39.912+0000] {subprocess.py:93} INFO - [0m17:40:39  4 of 10 START sql view model bronze.brnz_sales_orders .......................... [RUN]
[2025-11-14T17:40:40.228+0000] {subprocess.py:93} INFO - [0m17:40:40  1 of 10 OK created sql view model bronze.brnz_customers ........................ [[32mOK[0m in 0.31s]
[2025-11-14T17:40:40.233+0000] {subprocess.py:93} INFO - [0m17:40:40  3 of 10 OK created sql view model bronze.brnz_products ......................... [[32mOK[0m in 0.31s]
[2025-11-14T17:40:40.238+0000] {subprocess.py:93} INFO - [0m17:40:40  5 of 10 START sql table model silver.slvr_customers ............................ [RUN]
[2025-11-14T17:40:40.246+0000] {subprocess.py:93} INFO - [0m17:40:40  6 of 10 START sql table model silver.slvr_products ............................. [RUN]
[2025-11-14T17:40:40.256+0000] {subprocess.py:93} INFO - [0m17:40:40  4 of 10 OK created sql view model bronze.brnz_sales_orders ..................... [[32mOK[0m in 0.33s]
[2025-11-14T17:40:40.257+0000] {subprocess.py:93} INFO - [0m17:40:40  2 of 10 OK created sql view model bronze.brnz_example .......................... [[32mOK[0m in 0.33s]
[2025-11-14T17:40:40.270+0000] {subprocess.py:93} INFO - [0m17:40:40  7 of 10 START sql table model silver.slvr_sales_orders ......................... [RUN]
[2025-11-14T17:40:40.459+0000] {subprocess.py:93} INFO - [0m17:40:40  6 of 10 OK created sql table model silver.slvr_products ........................ [[32mOK[0m in 0.21s]
[2025-11-14T17:40:40.521+0000] {subprocess.py:93} INFO - [0m17:40:40  5 of 10 OK created sql table model silver.slvr_customers ....................... [[32mOK[0m in 0.28s]
[2025-11-14T17:40:41.092+0000] {subprocess.py:93} INFO - [0m17:40:41  7 of 10 OK created sql table model silver.slvr_sales_orders .................... [[32mOK[0m in 0.80s]
[2025-11-14T17:40:41.098+0000] {subprocess.py:93} INFO - [0m17:40:41  8 of 10 START sql table model gold.gld_customer_metrics ........................ [RUN]
[2025-11-14T17:40:41.099+0000] {subprocess.py:93} INFO - [0m17:40:41  9 of 10 START sql table model gold.gld_product_performance ..................... [RUN]
[2025-11-14T17:40:41.100+0000] {subprocess.py:93} INFO - [0m17:40:41  10 of 10 START sql table model gold.gld_sales_summary .......................... [RUN]
[2025-11-14T17:40:41.455+0000] {subprocess.py:93} INFO - [0m17:40:41  10 of 10 OK created sql table model gold.gld_sales_summary ..................... [[32mOK[0m in 0.35s]
[2025-11-14T17:40:41.627+0000] {subprocess.py:93} INFO - [0m17:40:41  8 of 10 OK created sql table model gold.gld_customer_metrics ................... [[32mOK[0m in 0.52s]
[2025-11-14T17:40:41.720+0000] {subprocess.py:93} INFO - [0m17:40:41  9 of 10 OK created sql table model gold.gld_product_performance ................ [[32mOK[0m in 0.62s]
[2025-11-14T17:40:41.731+0000] {subprocess.py:93} INFO - [0m17:40:41
[2025-11-14T17:40:41.732+0000] {subprocess.py:93} INFO - [0m17:40:41  Finished running 4 view models, 6 table models in 0 hours 0 minutes and 2.00 seconds (2.00s).
[2025-11-14T17:40:41.796+0000] {subprocess.py:93} INFO - [0m17:40:41
[2025-11-14T17:40:41.797+0000] {subprocess.py:93} INFO - [0m17:40:41  [32mCompleted successfully[0m
[2025-11-14T17:40:41.798+0000] {subprocess.py:93} INFO - [0m17:40:41
[2025-11-14T17:40:41.800+0000] {subprocess.py:93} INFO - [0m17:40:41  Done. PASS=10 WARN=0 ERROR=0 SKIP=0 TOTAL=10
[2025-11-14T17:40:43.820+0000] {subprocess.py:97} INFO - Command exited with return code 0
[2025-11-14T17:40:43.838+0000] {taskinstance.py:1398} INFO - Marking task as SUCCESS. dag_id=dbt_transform, task_id=dbt_run, execution_date=20251114T173535, start_date=20251114T174036, end_date=20251114T174043
[2025-11-14T17:40:43.865+0000] {local_task_job_runner.py:228} INFO - Task exited with return code 0
[2025-11-14T17:40:43.880+0000] {taskinstance.py:2776} INFO - 1 downstream tasks scheduled from follow-on schedule check
