[2025-11-14T15:35:36.647+0000] {taskinstance.py:1157} INFO - Dependencies all met for dep_context=non-requeueable deps ti=<TaskInstance: dbt_transform.dbt_run scheduled__2025-11-14T15:30:35.634758+00:00 [queued]>
[2025-11-14T15:35:36.655+0000] {taskinstance.py:1157} INFO - Dependencies all met for dep_context=requeueable deps ti=<TaskInstance: dbt_transform.dbt_run scheduled__2025-11-14T15:30:35.634758+00:00 [queued]>
[2025-11-14T15:35:36.655+0000] {taskinstance.py:1359} INFO - Starting attempt 1 of 2
[2025-11-14T15:35:36.665+0000] {taskinstance.py:1380} INFO - Executing <Task(BashOperator): dbt_run> on 2025-11-14 15:30:35.634758+00:00
[2025-11-14T15:35:36.670+0000] {standard_task_runner.py:57} INFO - Started process 668 to run task
[2025-11-14T15:35:36.673+0000] {standard_task_runner.py:84} INFO - Running: ['***', 'tasks', 'run', 'dbt_transform', 'dbt_run', 'scheduled__2025-11-14T15:30:35.634758+00:00', '--job-id', '14', '--raw', '--subdir', 'DAGS_FOLDER/dbt_dag.py', '--cfg-path', '/tmp/tmp1qy2ultq']
[2025-11-14T15:35:36.675+0000] {standard_task_runner.py:85} INFO - Job 14: Subtask dbt_run
[2025-11-14T15:35:36.737+0000] {task_command.py:415} INFO - Running <TaskInstance: dbt_transform.dbt_run scheduled__2025-11-14T15:30:35.634758+00:00 [running]> on host 3f4da400579d
[2025-11-14T15:35:36.798+0000] {taskinstance.py:1660} INFO - Exporting env vars: AIRFLOW_CTX_DAG_OWNER='***' AIRFLOW_CTX_DAG_ID='dbt_transform' AIRFLOW_CTX_TASK_ID='dbt_run' AIRFLOW_CTX_EXECUTION_DATE='2025-11-14T15:30:35.634758+00:00' AIRFLOW_CTX_TRY_NUMBER='1' AIRFLOW_CTX_DAG_RUN_ID='scheduled__2025-11-14T15:30:35.634758+00:00'
[2025-11-14T15:35:36.800+0000] {subprocess.py:63} INFO - Tmp dir root location: /tmp
[2025-11-14T15:35:36.801+0000] {subprocess.py:75} INFO - Running command: ['/bin/bash', '-c', 'docker exec dbt_***_project-dbt-1 dbt run']
[2025-11-14T15:35:36.808+0000] {subprocess.py:86} INFO - Output:
[2025-11-14T15:35:37.919+0000] {subprocess.py:93} INFO - [0m15:35:37  Running with dbt=1.8.7
[2025-11-14T15:35:38.200+0000] {subprocess.py:93} INFO - [0m15:35:38  Registered adapter: sqlserver=1.8.7
[2025-11-14T15:35:39.799+0000] {subprocess.py:93} INFO - [0m15:35:39  Found 10 models, 18 data tests, 13 sources, 614 macros
[2025-11-14T15:35:39.803+0000] {subprocess.py:93} INFO - [0m15:35:39
[2025-11-14T15:35:39.952+0000] {subprocess.py:93} INFO - [0m15:35:39  Concurrency: 4 threads (target='dev')
[2025-11-14T15:35:39.953+0000] {subprocess.py:93} INFO - [0m15:35:39
[2025-11-14T15:35:39.960+0000] {subprocess.py:93} INFO - [0m15:35:39  1 of 10 START sql view model bronze.brnz_customers ............................. [RUN]
[2025-11-14T15:35:39.961+0000] {subprocess.py:93} INFO - [0m15:35:39  2 of 10 START sql view model bronze.brnz_example ............................... [RUN]
[2025-11-14T15:35:39.963+0000] {subprocess.py:93} INFO - [0m15:35:39  3 of 10 START sql view model bronze.brnz_products .............................. [RUN]
[2025-11-14T15:35:39.964+0000] {subprocess.py:93} INFO - [0m15:35:39  4 of 10 START sql view model bronze.brnz_sales_orders .......................... [RUN]
[2025-11-14T15:35:40.285+0000] {subprocess.py:93} INFO - [0m15:35:40  1 of 10 OK created sql view model bronze.brnz_customers ........................ [[32mOK[0m in 0.31s]
[2025-11-14T15:35:40.288+0000] {subprocess.py:93} INFO - [0m15:35:40  2 of 10 OK created sql view model bronze.brnz_example .......................... [[32mOK[0m in 0.32s]
[2025-11-14T15:35:40.289+0000] {subprocess.py:93} INFO - [0m15:35:40  3 of 10 OK created sql view model bronze.brnz_products ......................... [[32mOK[0m in 0.32s]
[2025-11-14T15:35:40.291+0000] {subprocess.py:93} INFO - [0m15:35:40  4 of 10 OK created sql view model bronze.brnz_sales_orders ..................... [[32mOK[0m in 0.32s]
[2025-11-14T15:35:40.300+0000] {subprocess.py:93} INFO - [0m15:35:40  5 of 10 START sql table model silver.slvr_customers ............................ [RUN]
[2025-11-14T15:35:40.303+0000] {subprocess.py:93} INFO - [0m15:35:40  6 of 10 START sql table model silver.slvr_products ............................. [RUN]
[2025-11-14T15:35:40.308+0000] {subprocess.py:93} INFO - [0m15:35:40  7 of 10 START sql table model silver.slvr_sales_orders ......................... [RUN]
[2025-11-14T15:35:40.590+0000] {subprocess.py:93} INFO - [0m15:35:40  6 of 10 OK created sql table model silver.slvr_products ........................ [[32mOK[0m in 0.28s]
[2025-11-14T15:35:40.800+0000] {subprocess.py:93} INFO - [0m15:35:40  5 of 10 OK created sql table model silver.slvr_customers ....................... [[32mOK[0m in 0.49s]
[2025-11-14T15:35:41.398+0000] {subprocess.py:93} INFO - [0m15:35:41  7 of 10 OK created sql table model silver.slvr_sales_orders .................... [[32mOK[0m in 1.08s]
[2025-11-14T15:35:41.403+0000] {subprocess.py:93} INFO - [0m15:35:41  8 of 10 START sql table model gold.gld_customer_metrics ........................ [RUN]
[2025-11-14T15:35:41.404+0000] {subprocess.py:93} INFO - [0m15:35:41  9 of 10 START sql table model gold.gld_product_performance ..................... [RUN]
[2025-11-14T15:35:41.405+0000] {subprocess.py:93} INFO - [0m15:35:41  10 of 10 START sql table model gold.gld_sales_summary .......................... [RUN]
[2025-11-14T15:35:41.795+0000] {subprocess.py:93} INFO - [0m15:35:41  10 of 10 OK created sql table model gold.gld_sales_summary ..................... [[32mOK[0m in 0.38s]
[2025-11-14T15:35:41.989+0000] {subprocess.py:93} INFO - [0m15:35:41  9 of 10 OK created sql table model gold.gld_product_performance ................ [[32mOK[0m in 0.58s]
[2025-11-14T15:35:41.997+0000] {subprocess.py:93} INFO - [0m15:35:41  8 of 10 OK created sql table model gold.gld_customer_metrics ................... [[32mOK[0m in 0.59s]
[2025-11-14T15:35:42.008+0000] {subprocess.py:93} INFO - [0m15:35:42
[2025-11-14T15:35:42.009+0000] {subprocess.py:93} INFO - [0m15:35:42  Finished running 4 view models, 6 table models in 0 hours 0 minutes and 2.20 seconds (2.20s).
[2025-11-14T15:35:42.090+0000] {subprocess.py:93} INFO - [0m15:35:42
[2025-11-14T15:35:42.092+0000] {subprocess.py:93} INFO - [0m15:35:42  [32mCompleted successfully[0m
[2025-11-14T15:35:42.093+0000] {subprocess.py:93} INFO - [0m15:35:42
[2025-11-14T15:35:42.094+0000] {subprocess.py:93} INFO - [0m15:35:42  Done. PASS=10 WARN=0 ERROR=0 SKIP=0 TOTAL=10
[2025-11-14T15:35:46.370+0000] {subprocess.py:97} INFO - Command exited with return code 0
[2025-11-14T15:35:46.390+0000] {taskinstance.py:1398} INFO - Marking task as SUCCESS. dag_id=dbt_transform, task_id=dbt_run, execution_date=20251114T153035, start_date=20251114T153536, end_date=20251114T153546
[2025-11-14T15:35:46.437+0000] {local_task_job_runner.py:228} INFO - Task exited with return code 0
[2025-11-14T15:35:46.452+0000] {taskinstance.py:2776} INFO - 1 downstream tasks scheduled from follow-on schedule check
