[2025-11-14T23:50:36.335+0000] {taskinstance.py:1157} INFO - Dependencies all met for dep_context=non-requeueable deps ti=<TaskInstance: dbt_transform.dbt_run scheduled__2025-11-14T23:45:35.634758+00:00 [queued]>
[2025-11-14T23:50:36.342+0000] {taskinstance.py:1157} INFO - Dependencies all met for dep_context=requeueable deps ti=<TaskInstance: dbt_transform.dbt_run scheduled__2025-11-14T23:45:35.634758+00:00 [queued]>
[2025-11-14T23:50:36.343+0000] {taskinstance.py:1359} INFO - Starting attempt 1 of 2
[2025-11-14T23:50:36.354+0000] {taskinstance.py:1380} INFO - Executing <Task(BashOperator): dbt_run> on 2025-11-14 23:45:35.634758+00:00
[2025-11-14T23:50:36.360+0000] {standard_task_runner.py:57} INFO - Started process 7984 to run task
[2025-11-14T23:50:36.363+0000] {standard_task_runner.py:84} INFO - Running: ['***', 'tasks', 'run', 'dbt_transform', 'dbt_run', 'scheduled__2025-11-14T23:45:35.634758+00:00', '--job-id', '212', '--raw', '--subdir', 'DAGS_FOLDER/dbt_dag.py', '--cfg-path', '/tmp/tmp_hr1s69s']
[2025-11-14T23:50:36.367+0000] {standard_task_runner.py:85} INFO - Job 212: Subtask dbt_run
[2025-11-14T23:50:36.431+0000] {task_command.py:415} INFO - Running <TaskInstance: dbt_transform.dbt_run scheduled__2025-11-14T23:45:35.634758+00:00 [running]> on host 3f4da400579d
[2025-11-14T23:50:36.497+0000] {taskinstance.py:1660} INFO - Exporting env vars: AIRFLOW_CTX_DAG_OWNER='***' AIRFLOW_CTX_DAG_ID='dbt_transform' AIRFLOW_CTX_TASK_ID='dbt_run' AIRFLOW_CTX_EXECUTION_DATE='2025-11-14T23:45:35.634758+00:00' AIRFLOW_CTX_TRY_NUMBER='1' AIRFLOW_CTX_DAG_RUN_ID='scheduled__2025-11-14T23:45:35.634758+00:00'
[2025-11-14T23:50:36.499+0000] {subprocess.py:63} INFO - Tmp dir root location: /tmp
[2025-11-14T23:50:36.500+0000] {subprocess.py:75} INFO - Running command: ['/bin/bash', '-c', 'docker exec dbt_***_project-dbt-1 dbt run']
[2025-11-14T23:50:36.507+0000] {subprocess.py:86} INFO - Output:
[2025-11-14T23:50:38.024+0000] {subprocess.py:93} INFO - [0m23:50:38  Running with dbt=1.8.7
[2025-11-14T23:50:38.375+0000] {subprocess.py:93} INFO - [0m23:50:38  Registered adapter: sqlserver=1.8.7
[2025-11-14T23:50:39.767+0000] {subprocess.py:93} INFO - [0m23:50:39  Found 10 models, 18 data tests, 13 sources, 614 macros
[2025-11-14T23:50:39.771+0000] {subprocess.py:93} INFO - [0m23:50:39
[2025-11-14T23:50:39.939+0000] {subprocess.py:93} INFO - [0m23:50:39  Concurrency: 4 threads (target='dev')
[2025-11-14T23:50:39.939+0000] {subprocess.py:93} INFO - [0m23:50:39
[2025-11-14T23:50:39.948+0000] {subprocess.py:93} INFO - [0m23:50:39  1 of 10 START sql view model bronze.brnz_customers ............................. [RUN]
[2025-11-14T23:50:39.949+0000] {subprocess.py:93} INFO - [0m23:50:39  2 of 10 START sql view model bronze.brnz_example ............................... [RUN]
[2025-11-14T23:50:39.951+0000] {subprocess.py:93} INFO - [0m23:50:39  3 of 10 START sql view model bronze.brnz_products .............................. [RUN]
[2025-11-14T23:50:39.952+0000] {subprocess.py:93} INFO - [0m23:50:39  4 of 10 START sql view model bronze.brnz_sales_orders .......................... [RUN]
[2025-11-14T23:50:40.296+0000] {subprocess.py:93} INFO - [0m23:50:40  1 of 10 OK created sql view model bronze.brnz_customers ........................ [[32mOK[0m in 0.34s]
[2025-11-14T23:50:40.303+0000] {subprocess.py:93} INFO - [0m23:50:40  2 of 10 OK created sql view model bronze.brnz_example .......................... [[32mOK[0m in 0.34s]
[2025-11-14T23:50:40.304+0000] {subprocess.py:93} INFO - [0m23:50:40  3 of 10 OK created sql view model bronze.brnz_products ......................... [[32mOK[0m in 0.34s]
[2025-11-14T23:50:40.312+0000] {subprocess.py:93} INFO - [0m23:50:40  4 of 10 OK created sql view model bronze.brnz_sales_orders ..................... [[32mOK[0m in 0.35s]
[2025-11-14T23:50:40.313+0000] {subprocess.py:93} INFO - [0m23:50:40  5 of 10 START sql table model silver.slvr_customers ............................ [RUN]
[2025-11-14T23:50:40.319+0000] {subprocess.py:93} INFO - [0m23:50:40  6 of 10 START sql table model silver.slvr_products ............................. [RUN]
[2025-11-14T23:50:40.324+0000] {subprocess.py:93} INFO - [0m23:50:40  7 of 10 START sql table model silver.slvr_sales_orders ......................... [RUN]
[2025-11-14T23:50:40.557+0000] {subprocess.py:93} INFO - [0m23:50:40  6 of 10 OK created sql table model silver.slvr_products ........................ [[32mOK[0m in 0.23s]
[2025-11-14T23:50:40.620+0000] {subprocess.py:93} INFO - [0m23:50:40  5 of 10 OK created sql table model silver.slvr_customers ....................... [[32mOK[0m in 0.30s]
[2025-11-14T23:50:41.241+0000] {subprocess.py:93} INFO - [0m23:50:41  7 of 10 OK created sql table model silver.slvr_sales_orders .................... [[32mOK[0m in 0.91s]
[2025-11-14T23:50:41.245+0000] {subprocess.py:93} INFO - [0m23:50:41  8 of 10 START sql table model gold.gld_customer_metrics ........................ [RUN]
[2025-11-14T23:50:41.247+0000] {subprocess.py:93} INFO - [0m23:50:41  9 of 10 START sql table model gold.gld_product_performance ..................... [RUN]
[2025-11-14T23:50:41.248+0000] {subprocess.py:93} INFO - [0m23:50:41  10 of 10 START sql table model gold.gld_sales_summary .......................... [RUN]
[2025-11-14T23:50:41.700+0000] {subprocess.py:93} INFO - [0m23:50:41  10 of 10 OK created sql table model gold.gld_sales_summary ..................... [[32mOK[0m in 0.45s]
[2025-11-14T23:50:41.783+0000] {subprocess.py:93} INFO - [0m23:50:41  8 of 10 OK created sql table model gold.gld_customer_metrics ................... [[32mOK[0m in 0.53s]
[2025-11-14T23:50:41.833+0000] {subprocess.py:93} INFO - [0m23:50:41  9 of 10 OK created sql table model gold.gld_product_performance ................ [[32mOK[0m in 0.58s]
[2025-11-14T23:50:41.841+0000] {subprocess.py:93} INFO - [0m23:50:41
[2025-11-14T23:50:41.842+0000] {subprocess.py:93} INFO - [0m23:50:41  Finished running 4 view models, 6 table models in 0 hours 0 minutes and 2.07 seconds (2.07s).
[2025-11-14T23:50:41.957+0000] {subprocess.py:93} INFO - [0m23:50:41
[2025-11-14T23:50:41.958+0000] {subprocess.py:93} INFO - [0m23:50:41  [32mCompleted successfully[0m
[2025-11-14T23:50:41.959+0000] {subprocess.py:93} INFO - [0m23:50:41
[2025-11-14T23:50:41.961+0000] {subprocess.py:93} INFO - [0m23:50:41  Done. PASS=10 WARN=0 ERROR=0 SKIP=0 TOTAL=10
[2025-11-14T23:50:43.586+0000] {subprocess.py:97} INFO - Command exited with return code 0
[2025-11-14T23:50:43.605+0000] {taskinstance.py:1398} INFO - Marking task as SUCCESS. dag_id=dbt_transform, task_id=dbt_run, execution_date=20251114T234535, start_date=20251114T235036, end_date=20251114T235043
[2025-11-14T23:50:43.621+0000] {local_task_job_runner.py:228} INFO - Task exited with return code 0
[2025-11-14T23:50:43.635+0000] {taskinstance.py:2776} INFO - 1 downstream tasks scheduled from follow-on schedule check
