[2025-11-14T20:30:37.007+0000] {taskinstance.py:1157} INFO - Dependencies all met for dep_context=non-requeueable deps ti=<TaskInstance: dbt_transform.dbt_run scheduled__2025-11-14T20:25:35.634758+00:00 [queued]>
[2025-11-14T20:30:37.013+0000] {taskinstance.py:1157} INFO - Dependencies all met for dep_context=requeueable deps ti=<TaskInstance: dbt_transform.dbt_run scheduled__2025-11-14T20:25:35.634758+00:00 [queued]>
[2025-11-14T20:30:37.014+0000] {taskinstance.py:1359} INFO - Starting attempt 1 of 2
[2025-11-14T20:30:37.023+0000] {taskinstance.py:1380} INFO - Executing <Task(BashOperator): dbt_run> on 2025-11-14 20:25:35.634758+00:00
[2025-11-14T20:30:37.027+0000] {standard_task_runner.py:57} INFO - Started process 5033 to run task
[2025-11-14T20:30:37.030+0000] {standard_task_runner.py:84} INFO - Running: ['***', 'tasks', 'run', 'dbt_transform', 'dbt_run', 'scheduled__2025-11-14T20:25:35.634758+00:00', '--job-id', '132', '--raw', '--subdir', 'DAGS_FOLDER/dbt_dag.py', '--cfg-path', '/tmp/tmpcbdmsst2']
[2025-11-14T20:30:37.033+0000] {standard_task_runner.py:85} INFO - Job 132: Subtask dbt_run
[2025-11-14T20:30:37.092+0000] {task_command.py:415} INFO - Running <TaskInstance: dbt_transform.dbt_run scheduled__2025-11-14T20:25:35.634758+00:00 [running]> on host 3f4da400579d
[2025-11-14T20:30:37.154+0000] {taskinstance.py:1660} INFO - Exporting env vars: AIRFLOW_CTX_DAG_OWNER='***' AIRFLOW_CTX_DAG_ID='dbt_transform' AIRFLOW_CTX_TASK_ID='dbt_run' AIRFLOW_CTX_EXECUTION_DATE='2025-11-14T20:25:35.634758+00:00' AIRFLOW_CTX_TRY_NUMBER='1' AIRFLOW_CTX_DAG_RUN_ID='scheduled__2025-11-14T20:25:35.634758+00:00'
[2025-11-14T20:30:37.155+0000] {subprocess.py:63} INFO - Tmp dir root location: /tmp
[2025-11-14T20:30:37.156+0000] {subprocess.py:75} INFO - Running command: ['/bin/bash', '-c', 'docker exec dbt_***_project-dbt-1 dbt run']
[2025-11-14T20:30:37.163+0000] {subprocess.py:86} INFO - Output:
[2025-11-14T20:30:38.678+0000] {subprocess.py:93} INFO - [0m20:30:38  Running with dbt=1.8.7
[2025-11-14T20:30:39.013+0000] {subprocess.py:93} INFO - [0m20:30:39  Registered adapter: sqlserver=1.8.7
[2025-11-14T20:30:40.385+0000] {subprocess.py:93} INFO - [0m20:30:40  Found 10 models, 18 data tests, 13 sources, 614 macros
[2025-11-14T20:30:40.389+0000] {subprocess.py:93} INFO - [0m20:30:40
[2025-11-14T20:30:40.547+0000] {subprocess.py:93} INFO - [0m20:30:40  Concurrency: 4 threads (target='dev')
[2025-11-14T20:30:40.548+0000] {subprocess.py:93} INFO - [0m20:30:40
[2025-11-14T20:30:40.554+0000] {subprocess.py:93} INFO - [0m20:30:40  1 of 10 START sql view model bronze.brnz_customers ............................. [RUN]
[2025-11-14T20:30:40.555+0000] {subprocess.py:93} INFO - [0m20:30:40  2 of 10 START sql view model bronze.brnz_example ............................... [RUN]
[2025-11-14T20:30:40.557+0000] {subprocess.py:93} INFO - [0m20:30:40  3 of 10 START sql view model bronze.brnz_products .............................. [RUN]
[2025-11-14T20:30:40.558+0000] {subprocess.py:93} INFO - [0m20:30:40  4 of 10 START sql view model bronze.brnz_sales_orders .......................... [RUN]
[2025-11-14T20:30:40.857+0000] {subprocess.py:93} INFO - [0m20:30:40  2 of 10 OK created sql view model bronze.brnz_example .......................... [[32mOK[0m in 0.29s]
[2025-11-14T20:30:40.859+0000] {subprocess.py:93} INFO - [0m20:30:40  1 of 10 OK created sql view model bronze.brnz_customers ........................ [[32mOK[0m in 0.30s]
[2025-11-14T20:30:40.862+0000] {subprocess.py:93} INFO - [0m20:30:40  4 of 10 OK created sql view model bronze.brnz_sales_orders ..................... [[32mOK[0m in 0.30s]
[2025-11-14T20:30:40.872+0000] {subprocess.py:93} INFO - [0m20:30:40  5 of 10 START sql table model silver.slvr_customers ............................ [RUN]
[2025-11-14T20:30:40.874+0000] {subprocess.py:93} INFO - [0m20:30:40  6 of 10 START sql table model silver.slvr_sales_orders ......................... [RUN]
[2025-11-14T20:30:40.877+0000] {subprocess.py:93} INFO - [0m20:30:40  3 of 10 OK created sql view model bronze.brnz_products ......................... [[32mOK[0m in 0.31s]
[2025-11-14T20:30:40.892+0000] {subprocess.py:93} INFO - [0m20:30:40  7 of 10 START sql table model silver.slvr_products ............................. [RUN]
[2025-11-14T20:30:41.118+0000] {subprocess.py:93} INFO - [0m20:30:41  7 of 10 OK created sql table model silver.slvr_products ........................ [[32mOK[0m in 0.22s]
[2025-11-14T20:30:41.173+0000] {subprocess.py:93} INFO - [0m20:30:41  5 of 10 OK created sql table model silver.slvr_customers ....................... [[32mOK[0m in 0.30s]
[2025-11-14T20:30:41.728+0000] {subprocess.py:93} INFO - [0m20:30:41  6 of 10 OK created sql table model silver.slvr_sales_orders .................... [[32mOK[0m in 0.85s]
[2025-11-14T20:30:41.732+0000] {subprocess.py:93} INFO - [0m20:30:41  8 of 10 START sql table model gold.gld_customer_metrics ........................ [RUN]
[2025-11-14T20:30:41.733+0000] {subprocess.py:93} INFO - [0m20:30:41  9 of 10 START sql table model gold.gld_product_performance ..................... [RUN]
[2025-11-14T20:30:41.735+0000] {subprocess.py:93} INFO - [0m20:30:41  10 of 10 START sql table model gold.gld_sales_summary .......................... [RUN]
[2025-11-14T20:30:42.185+0000] {subprocess.py:93} INFO - [0m20:30:42  10 of 10 OK created sql table model gold.gld_sales_summary ..................... [[32mOK[0m in 0.45s]
[2025-11-14T20:30:42.256+0000] {subprocess.py:93} INFO - [0m20:30:42  8 of 10 OK created sql table model gold.gld_customer_metrics ................... [[32mOK[0m in 0.52s]
[2025-11-14T20:30:42.289+0000] {subprocess.py:93} INFO - [0m20:30:42  9 of 10 OK created sql table model gold.gld_product_performance ................ [[32mOK[0m in 0.55s]
[2025-11-14T20:30:42.297+0000] {subprocess.py:93} INFO - [0m20:30:42
[2025-11-14T20:30:42.299+0000] {subprocess.py:93} INFO - [0m20:30:42  Finished running 4 view models, 6 table models in 0 hours 0 minutes and 1.91 seconds (1.91s).
[2025-11-14T20:30:42.362+0000] {subprocess.py:93} INFO - [0m20:30:42
[2025-11-14T20:30:42.363+0000] {subprocess.py:93} INFO - [0m20:30:42  [32mCompleted successfully[0m
[2025-11-14T20:30:42.364+0000] {subprocess.py:93} INFO - [0m20:30:42
[2025-11-14T20:30:42.366+0000] {subprocess.py:93} INFO - [0m20:30:42  Done. PASS=10 WARN=0 ERROR=0 SKIP=0 TOTAL=10
[2025-11-14T20:30:44.199+0000] {subprocess.py:97} INFO - Command exited with return code 0
[2025-11-14T20:30:44.218+0000] {taskinstance.py:1398} INFO - Marking task as SUCCESS. dag_id=dbt_transform, task_id=dbt_run, execution_date=20251114T202535, start_date=20251114T203037, end_date=20251114T203044
[2025-11-14T20:30:44.253+0000] {local_task_job_runner.py:228} INFO - Task exited with return code 0
[2025-11-14T20:30:44.268+0000] {taskinstance.py:2776} INFO - 1 downstream tasks scheduled from follow-on schedule check
