[2025-11-14T17:00:36.667+0000] {taskinstance.py:1157} INFO - Dependencies all met for dep_context=non-requeueable deps ti=<TaskInstance: dbt_transform.dbt_run scheduled__2025-11-14T16:55:35.634758+00:00 [queued]>
[2025-11-14T17:00:36.673+0000] {taskinstance.py:1157} INFO - Dependencies all met for dep_context=requeueable deps ti=<TaskInstance: dbt_transform.dbt_run scheduled__2025-11-14T16:55:35.634758+00:00 [queued]>
[2025-11-14T17:00:36.674+0000] {taskinstance.py:1359} INFO - Starting attempt 1 of 2
[2025-11-14T17:00:36.682+0000] {taskinstance.py:1380} INFO - Executing <Task(BashOperator): dbt_run> on 2025-11-14 16:55:35.634758+00:00
[2025-11-14T17:00:36.685+0000] {standard_task_runner.py:57} INFO - Started process 1924 to run task
[2025-11-14T17:00:36.688+0000] {standard_task_runner.py:84} INFO - Running: ['***', 'tasks', 'run', 'dbt_transform', 'dbt_run', 'scheduled__2025-11-14T16:55:35.634758+00:00', '--job-id', '48', '--raw', '--subdir', 'DAGS_FOLDER/dbt_dag.py', '--cfg-path', '/tmp/tmph1_9q630']
[2025-11-14T17:00:36.691+0000] {standard_task_runner.py:85} INFO - Job 48: Subtask dbt_run
[2025-11-14T17:00:36.748+0000] {task_command.py:415} INFO - Running <TaskInstance: dbt_transform.dbt_run scheduled__2025-11-14T16:55:35.634758+00:00 [running]> on host 3f4da400579d
[2025-11-14T17:00:36.808+0000] {taskinstance.py:1660} INFO - Exporting env vars: AIRFLOW_CTX_DAG_OWNER='***' AIRFLOW_CTX_DAG_ID='dbt_transform' AIRFLOW_CTX_TASK_ID='dbt_run' AIRFLOW_CTX_EXECUTION_DATE='2025-11-14T16:55:35.634758+00:00' AIRFLOW_CTX_TRY_NUMBER='1' AIRFLOW_CTX_DAG_RUN_ID='scheduled__2025-11-14T16:55:35.634758+00:00'
[2025-11-14T17:00:36.810+0000] {subprocess.py:63} INFO - Tmp dir root location: /tmp
[2025-11-14T17:00:36.811+0000] {subprocess.py:75} INFO - Running command: ['/bin/bash', '-c', 'docker exec dbt_***_project-dbt-1 dbt run']
[2025-11-14T17:00:36.819+0000] {subprocess.py:86} INFO - Output:
[2025-11-14T17:00:38.553+0000] {subprocess.py:93} INFO - [0m17:00:38  Running with dbt=1.8.7
[2025-11-14T17:00:38.908+0000] {subprocess.py:93} INFO - [0m17:00:38  Registered adapter: sqlserver=1.8.7
[2025-11-14T17:00:40.147+0000] {subprocess.py:93} INFO - [0m17:00:40  Found 10 models, 18 data tests, 13 sources, 614 macros
[2025-11-14T17:00:40.151+0000] {subprocess.py:93} INFO - [0m17:00:40
[2025-11-14T17:00:40.324+0000] {subprocess.py:93} INFO - [0m17:00:40  Concurrency: 4 threads (target='dev')
[2025-11-14T17:00:40.325+0000] {subprocess.py:93} INFO - [0m17:00:40
[2025-11-14T17:00:40.331+0000] {subprocess.py:93} INFO - [0m17:00:40  1 of 10 START sql view model bronze.brnz_customers ............................. [RUN]
[2025-11-14T17:00:40.332+0000] {subprocess.py:93} INFO - [0m17:00:40  2 of 10 START sql view model bronze.brnz_example ............................... [RUN]
[2025-11-14T17:00:40.333+0000] {subprocess.py:93} INFO - [0m17:00:40  3 of 10 START sql view model bronze.brnz_products .............................. [RUN]
[2025-11-14T17:00:40.335+0000] {subprocess.py:93} INFO - [0m17:00:40  4 of 10 START sql view model bronze.brnz_sales_orders .......................... [RUN]
[2025-11-14T17:00:40.619+0000] {subprocess.py:93} INFO - [0m17:00:40  2 of 10 OK created sql view model bronze.brnz_example .......................... [[32mOK[0m in 0.28s]
[2025-11-14T17:00:40.621+0000] {subprocess.py:93} INFO - [0m17:00:40  4 of 10 OK created sql view model bronze.brnz_sales_orders ..................... [[32mOK[0m in 0.28s]
[2025-11-14T17:00:40.622+0000] {subprocess.py:93} INFO - [0m17:00:40  1 of 10 OK created sql view model bronze.brnz_customers ........................ [[32mOK[0m in 0.28s]
[2025-11-14T17:00:40.623+0000] {subprocess.py:93} INFO - [0m17:00:40  3 of 10 OK created sql view model bronze.brnz_products ......................... [[32mOK[0m in 0.28s]
[2025-11-14T17:00:40.633+0000] {subprocess.py:93} INFO - [0m17:00:40  5 of 10 START sql table model silver.slvr_sales_orders ......................... [RUN]
[2025-11-14T17:00:40.635+0000] {subprocess.py:93} INFO - [0m17:00:40  6 of 10 START sql table model silver.slvr_customers ............................ [RUN]
[2025-11-14T17:00:40.636+0000] {subprocess.py:93} INFO - [0m17:00:40  7 of 10 START sql table model silver.slvr_products ............................. [RUN]
[2025-11-14T17:00:40.901+0000] {subprocess.py:93} INFO - [0m17:00:40  7 of 10 OK created sql table model silver.slvr_products ........................ [[32mOK[0m in 0.26s]
[2025-11-14T17:00:40.968+0000] {subprocess.py:93} INFO - [0m17:00:40  6 of 10 OK created sql table model silver.slvr_customers ....................... [[32mOK[0m in 0.33s]
[2025-11-14T17:00:41.516+0000] {subprocess.py:93} INFO - [0m17:00:41  5 of 10 OK created sql table model silver.slvr_sales_orders .................... [[32mOK[0m in 0.88s]
[2025-11-14T17:00:41.521+0000] {subprocess.py:93} INFO - [0m17:00:41  8 of 10 START sql table model gold.gld_customer_metrics ........................ [RUN]
[2025-11-14T17:00:41.522+0000] {subprocess.py:93} INFO - [0m17:00:41  9 of 10 START sql table model gold.gld_product_performance ..................... [RUN]
[2025-11-14T17:00:41.524+0000] {subprocess.py:93} INFO - [0m17:00:41  10 of 10 START sql table model gold.gld_sales_summary .......................... [RUN]
[2025-11-14T17:00:41.993+0000] {subprocess.py:93} INFO - [0m17:00:41  10 of 10 OK created sql table model gold.gld_sales_summary ..................... [[32mOK[0m in 0.46s]
[2025-11-14T17:00:42.068+0000] {subprocess.py:93} INFO - [0m17:00:42  8 of 10 OK created sql table model gold.gld_customer_metrics ................... [[32mOK[0m in 0.54s]
[2025-11-14T17:00:42.115+0000] {subprocess.py:93} INFO - [0m17:00:42  9 of 10 OK created sql table model gold.gld_product_performance ................ [[32mOK[0m in 0.59s]
[2025-11-14T17:00:42.123+0000] {subprocess.py:93} INFO - [0m17:00:42
[2025-11-14T17:00:42.124+0000] {subprocess.py:93} INFO - [0m17:00:42  Finished running 4 view models, 6 table models in 0 hours 0 minutes and 1.97 seconds (1.97s).
[2025-11-14T17:00:42.190+0000] {subprocess.py:93} INFO - [0m17:00:42
[2025-11-14T17:00:42.191+0000] {subprocess.py:93} INFO - [0m17:00:42  [32mCompleted successfully[0m
[2025-11-14T17:00:42.192+0000] {subprocess.py:93} INFO - [0m17:00:42
[2025-11-14T17:00:42.193+0000] {subprocess.py:93} INFO - [0m17:00:42  Done. PASS=10 WARN=0 ERROR=0 SKIP=0 TOTAL=10
[2025-11-14T17:00:43.864+0000] {subprocess.py:97} INFO - Command exited with return code 0
[2025-11-14T17:00:43.882+0000] {taskinstance.py:1398} INFO - Marking task as SUCCESS. dag_id=dbt_transform, task_id=dbt_run, execution_date=20251114T165535, start_date=20251114T170036, end_date=20251114T170043
[2025-11-14T17:00:43.934+0000] {local_task_job_runner.py:228} INFO - Task exited with return code 0
[2025-11-14T17:00:43.950+0000] {taskinstance.py:2776} INFO - 1 downstream tasks scheduled from follow-on schedule check
