[2025-11-14T15:29:56.949+0000] {taskinstance.py:1157} INFO - Dependencies all met for dep_context=non-requeueable deps ti=<TaskInstance: dbt_transform.dbt_run scheduled__2025-11-14T15:24:55.562016+00:00 [queued]>
[2025-11-14T15:29:56.958+0000] {taskinstance.py:1157} INFO - Dependencies all met for dep_context=requeueable deps ti=<TaskInstance: dbt_transform.dbt_run scheduled__2025-11-14T15:24:55.562016+00:00 [queued]>
[2025-11-14T15:29:56.958+0000] {taskinstance.py:1359} INFO - Starting attempt 1 of 2
[2025-11-14T15:29:56.969+0000] {taskinstance.py:1380} INFO - Executing <Task(BashOperator): dbt_run> on 2025-11-14 15:24:55.562016+00:00
[2025-11-14T15:29:56.974+0000] {standard_task_runner.py:57} INFO - Started process 485 to run task
[2025-11-14T15:29:56.977+0000] {standard_task_runner.py:84} INFO - Running: ['***', 'tasks', 'run', 'dbt_transform', 'dbt_run', 'scheduled__2025-11-14T15:24:55.562016+00:00', '--job-id', '4', '--raw', '--subdir', 'DAGS_FOLDER/dbt_dag.py', '--cfg-path', '/tmp/tmpjorl4cxw']
[2025-11-14T15:29:56.980+0000] {standard_task_runner.py:85} INFO - Job 4: Subtask dbt_run
[2025-11-14T15:29:57.043+0000] {task_command.py:415} INFO - Running <TaskInstance: dbt_transform.dbt_run scheduled__2025-11-14T15:24:55.562016+00:00 [running]> on host 3f4da400579d
[2025-11-14T15:29:57.101+0000] {taskinstance.py:1660} INFO - Exporting env vars: AIRFLOW_CTX_DAG_OWNER='***' AIRFLOW_CTX_DAG_ID='dbt_transform' AIRFLOW_CTX_TASK_ID='dbt_run' AIRFLOW_CTX_EXECUTION_DATE='2025-11-14T15:24:55.562016+00:00' AIRFLOW_CTX_TRY_NUMBER='1' AIRFLOW_CTX_DAG_RUN_ID='scheduled__2025-11-14T15:24:55.562016+00:00'
[2025-11-14T15:29:57.102+0000] {subprocess.py:63} INFO - Tmp dir root location: /tmp
[2025-11-14T15:29:57.103+0000] {subprocess.py:75} INFO - Running command: ['/bin/bash', '-c', 'docker exec dbt_***_project-dbt-1 dbt run']
[2025-11-14T15:29:57.112+0000] {subprocess.py:86} INFO - Output:
[2025-11-14T15:29:58.222+0000] {subprocess.py:93} INFO - [0m15:29:58  Running with dbt=1.8.7
[2025-11-14T15:29:58.489+0000] {subprocess.py:93} INFO - [0m15:29:58  Registered adapter: sqlserver=1.8.7
[2025-11-14T15:30:00.056+0000] {subprocess.py:93} INFO - [0m15:30:00  Found 10 models, 18 data tests, 13 sources, 614 macros
[2025-11-14T15:30:00.062+0000] {subprocess.py:93} INFO - [0m15:30:00
[2025-11-14T15:30:00.223+0000] {subprocess.py:93} INFO - [0m15:30:00  Concurrency: 4 threads (target='dev')
[2025-11-14T15:30:00.224+0000] {subprocess.py:93} INFO - [0m15:30:00
[2025-11-14T15:30:00.230+0000] {subprocess.py:93} INFO - [0m15:30:00  1 of 10 START sql view model bronze.brnz_customers ............................. [RUN]
[2025-11-14T15:30:00.232+0000] {subprocess.py:93} INFO - [0m15:30:00  2 of 10 START sql view model bronze.brnz_example ............................... [RUN]
[2025-11-14T15:30:00.233+0000] {subprocess.py:93} INFO - [0m15:30:00  3 of 10 START sql view model bronze.brnz_products .............................. [RUN]
[2025-11-14T15:30:00.234+0000] {subprocess.py:93} INFO - [0m15:30:00  4 of 10 START sql view model bronze.brnz_sales_orders .......................... [RUN]
[2025-11-14T15:30:00.527+0000] {subprocess.py:93} INFO - [0m15:30:00  3 of 10 OK created sql view model bronze.brnz_products ......................... [[32mOK[0m in 0.28s]
[2025-11-14T15:30:00.530+0000] {subprocess.py:93} INFO - [0m15:30:00  2 of 10 OK created sql view model bronze.brnz_example .......................... [[32mOK[0m in 0.29s]
[2025-11-14T15:30:00.533+0000] {subprocess.py:93} INFO - [0m15:30:00  1 of 10 OK created sql view model bronze.brnz_customers ........................ [[32mOK[0m in 0.29s]
[2025-11-14T15:30:00.543+0000] {subprocess.py:93} INFO - [0m15:30:00  5 of 10 START sql table model silver.slvr_products ............................. [RUN]
[2025-11-14T15:30:00.552+0000] {subprocess.py:93} INFO - [0m15:30:00  6 of 10 START sql table model silver.slvr_customers ............................ [RUN]
[2025-11-14T15:30:00.556+0000] {subprocess.py:93} INFO - [0m15:30:00  4 of 10 OK created sql view model bronze.brnz_sales_orders ..................... [[32mOK[0m in 0.31s]
[2025-11-14T15:30:00.580+0000] {subprocess.py:93} INFO - [0m15:30:00  7 of 10 START sql table model silver.slvr_sales_orders ......................... [RUN]
[2025-11-14T15:30:00.824+0000] {subprocess.py:93} INFO - [0m15:30:00  5 of 10 OK created sql table model silver.slvr_products ........................ [[32mOK[0m in 0.27s]
[2025-11-14T15:30:00.887+0000] {subprocess.py:93} INFO - [0m15:30:00  6 of 10 OK created sql table model silver.slvr_customers ....................... [[32mOK[0m in 0.33s]
[2025-11-14T15:30:01.482+0000] {subprocess.py:93} INFO - [0m15:30:01  7 of 10 OK created sql table model silver.slvr_sales_orders .................... [[32mOK[0m in 0.90s]
[2025-11-14T15:30:01.488+0000] {subprocess.py:93} INFO - [0m15:30:01  8 of 10 START sql table model gold.gld_customer_metrics ........................ [RUN]
[2025-11-14T15:30:01.489+0000] {subprocess.py:93} INFO - [0m15:30:01  9 of 10 START sql table model gold.gld_product_performance ..................... [RUN]
[2025-11-14T15:30:01.491+0000] {subprocess.py:93} INFO - [0m15:30:01  10 of 10 START sql table model gold.gld_sales_summary .......................... [RUN]
[2025-11-14T15:30:02.196+0000] {subprocess.py:93} INFO - [0m15:30:02  9 of 10 OK created sql table model gold.gld_product_performance ................ [[32mOK[0m in 0.70s]
[2025-11-14T15:30:02.205+0000] {subprocess.py:93} INFO - [0m15:30:02  10 of 10 OK created sql table model gold.gld_sales_summary ..................... [[32mOK[0m in 0.71s]
[2025-11-14T15:30:02.297+0000] {subprocess.py:93} INFO - [0m15:30:02  8 of 10 OK created sql table model gold.gld_customer_metrics ................... [[32mOK[0m in 0.80s]
[2025-11-14T15:30:02.308+0000] {subprocess.py:93} INFO - [0m15:30:02
[2025-11-14T15:30:02.309+0000] {subprocess.py:93} INFO - [0m15:30:02  Finished running 4 view models, 6 table models in 0 hours 0 minutes and 2.24 seconds (2.24s).
[2025-11-14T15:30:02.416+0000] {subprocess.py:93} INFO - [0m15:30:02
[2025-11-14T15:30:02.417+0000] {subprocess.py:93} INFO - [0m15:30:02  [32mCompleted successfully[0m
[2025-11-14T15:30:02.418+0000] {subprocess.py:93} INFO - [0m15:30:02
[2025-11-14T15:30:02.419+0000] {subprocess.py:93} INFO - [0m15:30:02  Done. PASS=10 WARN=0 ERROR=0 SKIP=0 TOTAL=10
[2025-11-14T15:30:04.307+0000] {subprocess.py:97} INFO - Command exited with return code 0
[2025-11-14T15:30:04.328+0000] {taskinstance.py:1398} INFO - Marking task as SUCCESS. dag_id=dbt_transform, task_id=dbt_run, execution_date=20251114T152455, start_date=20251114T152956, end_date=20251114T153004
[2025-11-14T15:30:04.363+0000] {local_task_job_runner.py:228} INFO - Task exited with return code 0
[2025-11-14T15:30:04.377+0000] {taskinstance.py:2776} INFO - 1 downstream tasks scheduled from follow-on schedule check
