[2025-11-14T21:00:36.868+0000] {taskinstance.py:1157} INFO - Dependencies all met for dep_context=non-requeueable deps ti=<TaskInstance: dbt_transform.dbt_run scheduled__2025-11-14T20:55:35.634758+00:00 [queued]>
[2025-11-14T21:00:36.874+0000] {taskinstance.py:1157} INFO - Dependencies all met for dep_context=requeueable deps ti=<TaskInstance: dbt_transform.dbt_run scheduled__2025-11-14T20:55:35.634758+00:00 [queued]>
[2025-11-14T21:00:36.875+0000] {taskinstance.py:1359} INFO - Starting attempt 1 of 2
[2025-11-14T21:00:36.883+0000] {taskinstance.py:1380} INFO - Executing <Task(BashOperator): dbt_run> on 2025-11-14 20:55:35.634758+00:00
[2025-11-14T21:00:36.887+0000] {standard_task_runner.py:57} INFO - Started process 5476 to run task
[2025-11-14T21:00:36.890+0000] {standard_task_runner.py:84} INFO - Running: ['***', 'tasks', 'run', 'dbt_transform', 'dbt_run', 'scheduled__2025-11-14T20:55:35.634758+00:00', '--job-id', '144', '--raw', '--subdir', 'DAGS_FOLDER/dbt_dag.py', '--cfg-path', '/tmp/tmpvczwwkme']
[2025-11-14T21:00:36.892+0000] {standard_task_runner.py:85} INFO - Job 144: Subtask dbt_run
[2025-11-14T21:00:36.951+0000] {task_command.py:415} INFO - Running <TaskInstance: dbt_transform.dbt_run scheduled__2025-11-14T20:55:35.634758+00:00 [running]> on host 3f4da400579d
[2025-11-14T21:00:37.016+0000] {taskinstance.py:1660} INFO - Exporting env vars: AIRFLOW_CTX_DAG_OWNER='***' AIRFLOW_CTX_DAG_ID='dbt_transform' AIRFLOW_CTX_TASK_ID='dbt_run' AIRFLOW_CTX_EXECUTION_DATE='2025-11-14T20:55:35.634758+00:00' AIRFLOW_CTX_TRY_NUMBER='1' AIRFLOW_CTX_DAG_RUN_ID='scheduled__2025-11-14T20:55:35.634758+00:00'
[2025-11-14T21:00:37.017+0000] {subprocess.py:63} INFO - Tmp dir root location: /tmp
[2025-11-14T21:00:37.019+0000] {subprocess.py:75} INFO - Running command: ['/bin/bash', '-c', 'docker exec dbt_***_project-dbt-1 dbt run']
[2025-11-14T21:00:37.026+0000] {subprocess.py:86} INFO - Output:
[2025-11-14T21:00:38.551+0000] {subprocess.py:93} INFO - [0m21:00:38  Running with dbt=1.8.7
[2025-11-14T21:00:38.881+0000] {subprocess.py:93} INFO - [0m21:00:38  Registered adapter: sqlserver=1.8.7
[2025-11-14T21:00:40.184+0000] {subprocess.py:93} INFO - [0m21:00:40  Found 10 models, 18 data tests, 13 sources, 614 macros
[2025-11-14T21:00:40.187+0000] {subprocess.py:93} INFO - [0m21:00:40
[2025-11-14T21:00:39.800+0000] {subprocess.py:93} INFO - [0m21:00:39  Concurrency: 4 threads (target='dev')
[2025-11-14T21:00:39.801+0000] {subprocess.py:93} INFO - [0m21:00:39
[2025-11-14T21:00:39.808+0000] {subprocess.py:93} INFO - [0m21:00:39  1 of 10 START sql view model bronze.brnz_customers ............................. [RUN]
[2025-11-14T21:00:39.809+0000] {subprocess.py:93} INFO - [0m21:00:39  2 of 10 START sql view model bronze.brnz_example ............................... [RUN]
[2025-11-14T21:00:39.811+0000] {subprocess.py:93} INFO - [0m21:00:39  3 of 10 START sql view model bronze.brnz_products .............................. [RUN]
[2025-11-14T21:00:39.812+0000] {subprocess.py:93} INFO - [0m21:00:39  4 of 10 START sql view model bronze.brnz_sales_orders .......................... [RUN]
[2025-11-14T21:00:39.377+0000] {subprocess.py:93} INFO - [0m21:00:39  1 of 10 OK created sql view model bronze.brnz_customers ........................ [[32mOK[0m in -0.45s]
[2025-11-14T21:00:39.378+0000] {subprocess.py:93} INFO - [0m21:00:39  4 of 10 OK created sql view model bronze.brnz_sales_orders ..................... [[32mOK[0m in -0.45s]
[2025-11-14T21:00:39.380+0000] {subprocess.py:93} INFO - [0m21:00:39  2 of 10 OK created sql view model bronze.brnz_example .......................... [[32mOK[0m in -0.44s]
[2025-11-14T21:00:39.381+0000] {subprocess.py:93} INFO - [0m21:00:39  3 of 10 OK created sql view model bronze.brnz_products ......................... [[32mOK[0m in -0.44s]
[2025-11-14T21:00:39.393+0000] {subprocess.py:93} INFO - [0m21:00:39  5 of 10 START sql table model silver.slvr_customers ............................ [RUN]
[2025-11-14T21:00:39.394+0000] {subprocess.py:93} INFO - [0m21:00:39  6 of 10 START sql table model silver.slvr_sales_orders ......................... [RUN]
[2025-11-14T21:00:39.395+0000] {subprocess.py:93} INFO - [0m21:00:39  7 of 10 START sql table model silver.slvr_products ............................. [RUN]
[2025-11-14T21:00:39.770+0000] {subprocess.py:93} INFO - [0m21:00:39  5 of 10 OK created sql table model silver.slvr_customers ....................... [[32mOK[0m in 0.37s]
[2025-11-14T21:00:39.788+0000] {subprocess.py:93} INFO - [0m21:00:39  7 of 10 OK created sql table model silver.slvr_products ........................ [[32mOK[0m in 0.39s]
[2025-11-14T21:00:40.325+0000] {subprocess.py:93} INFO - [0m21:00:40  6 of 10 OK created sql table model silver.slvr_sales_orders .................... [[32mOK[0m in 0.93s]
[2025-11-14T21:00:40.330+0000] {subprocess.py:93} INFO - [0m21:00:40  8 of 10 START sql table model gold.gld_customer_metrics ........................ [RUN]
[2025-11-14T21:00:40.331+0000] {subprocess.py:93} INFO - [0m21:00:40  9 of 10 START sql table model gold.gld_product_performance ..................... [RUN]
[2025-11-14T21:00:40.333+0000] {subprocess.py:93} INFO - [0m21:00:40  10 of 10 START sql table model gold.gld_sales_summary .......................... [RUN]
[2025-11-14T21:00:40.710+0000] {subprocess.py:93} INFO - [0m21:00:40  10 of 10 OK created sql table model gold.gld_sales_summary ..................... [[32mOK[0m in 0.37s]
[2025-11-14T21:00:40.937+0000] {subprocess.py:93} INFO - [0m21:00:40  9 of 10 OK created sql table model gold.gld_product_performance ................ [[32mOK[0m in 0.60s]
[2025-11-14T21:00:40.958+0000] {subprocess.py:93} INFO - [0m21:00:40  8 of 10 OK created sql table model gold.gld_customer_metrics ................... [[32mOK[0m in 0.62s]
[2025-11-14T21:00:40.969+0000] {subprocess.py:93} INFO - [0m21:00:40
[2025-11-14T21:00:40.970+0000] {subprocess.py:93} INFO - [0m21:00:40  Finished running 4 view models, 6 table models in 0 hours 0 minutes and 0.78 seconds (0.78s).
[2025-11-14T21:00:41.039+0000] {subprocess.py:93} INFO - [0m21:00:41
[2025-11-14T21:00:41.040+0000] {subprocess.py:93} INFO - [0m21:00:41  [32mCompleted successfully[0m
[2025-11-14T21:00:41.041+0000] {subprocess.py:93} INFO - [0m21:00:41
[2025-11-14T21:00:41.042+0000] {subprocess.py:93} INFO - [0m21:00:41  Done. PASS=10 WARN=0 ERROR=0 SKIP=0 TOTAL=10
[2025-11-14T21:00:42.758+0000] {subprocess.py:97} INFO - Command exited with return code 0
[2025-11-14T21:00:42.776+0000] {taskinstance.py:1398} INFO - Marking task as SUCCESS. dag_id=dbt_transform, task_id=dbt_run, execution_date=20251114T205535, start_date=20251114T210036, end_date=20251114T210042
[2025-11-14T21:00:42.791+0000] {local_task_job_runner.py:228} INFO - Task exited with return code 0
[2025-11-14T21:00:42.807+0000] {taskinstance.py:2776} INFO - 0 downstream tasks scheduled from follow-on schedule check
