[2025-11-14T22:00:37.201+0000] {taskinstance.py:1157} INFO - Dependencies all met for dep_context=non-requeueable deps ti=<TaskInstance: dbt_transform.dbt_run scheduled__2025-11-14T21:55:35.634758+00:00 [queued]>
[2025-11-14T22:00:37.207+0000] {taskinstance.py:1157} INFO - Dependencies all met for dep_context=requeueable deps ti=<TaskInstance: dbt_transform.dbt_run scheduled__2025-11-14T21:55:35.634758+00:00 [queued]>
[2025-11-14T22:00:37.208+0000] {taskinstance.py:1359} INFO - Starting attempt 1 of 2
[2025-11-14T22:00:37.216+0000] {taskinstance.py:1380} INFO - Executing <Task(BashOperator): dbt_run> on 2025-11-14 21:55:35.634758+00:00
[2025-11-14T22:00:37.220+0000] {standard_task_runner.py:57} INFO - Started process 6357 to run task
[2025-11-14T22:00:37.223+0000] {standard_task_runner.py:84} INFO - Running: ['***', 'tasks', 'run', 'dbt_transform', 'dbt_run', 'scheduled__2025-11-14T21:55:35.634758+00:00', '--job-id', '168', '--raw', '--subdir', 'DAGS_FOLDER/dbt_dag.py', '--cfg-path', '/tmp/tmpj7kqwi1u']
[2025-11-14T22:00:37.225+0000] {standard_task_runner.py:85} INFO - Job 168: Subtask dbt_run
[2025-11-14T22:00:37.284+0000] {task_command.py:415} INFO - Running <TaskInstance: dbt_transform.dbt_run scheduled__2025-11-14T21:55:35.634758+00:00 [running]> on host 3f4da400579d
[2025-11-14T22:00:37.345+0000] {taskinstance.py:1660} INFO - Exporting env vars: AIRFLOW_CTX_DAG_OWNER='***' AIRFLOW_CTX_DAG_ID='dbt_transform' AIRFLOW_CTX_TASK_ID='dbt_run' AIRFLOW_CTX_EXECUTION_DATE='2025-11-14T21:55:35.634758+00:00' AIRFLOW_CTX_TRY_NUMBER='1' AIRFLOW_CTX_DAG_RUN_ID='scheduled__2025-11-14T21:55:35.634758+00:00'
[2025-11-14T22:00:37.346+0000] {subprocess.py:63} INFO - Tmp dir root location: /tmp
[2025-11-14T22:00:37.348+0000] {subprocess.py:75} INFO - Running command: ['/bin/bash', '-c', 'docker exec dbt_***_project-dbt-1 dbt run']
[2025-11-14T22:00:37.356+0000] {subprocess.py:86} INFO - Output:
[2025-11-14T22:00:38.866+0000] {subprocess.py:93} INFO - [0m22:00:38  Running with dbt=1.8.7
[2025-11-14T22:00:39.218+0000] {subprocess.py:93} INFO - [0m22:00:39  Registered adapter: sqlserver=1.8.7
[2025-11-14T22:00:40.461+0000] {subprocess.py:93} INFO - [0m22:00:40  Found 10 models, 18 data tests, 13 sources, 614 macros
[2025-11-14T22:00:40.466+0000] {subprocess.py:93} INFO - [0m22:00:40
[2025-11-14T22:00:40.655+0000] {subprocess.py:93} INFO - [0m22:00:40  Concurrency: 4 threads (target='dev')
[2025-11-14T22:00:40.656+0000] {subprocess.py:93} INFO - [0m22:00:40
[2025-11-14T22:00:40.663+0000] {subprocess.py:93} INFO - [0m22:00:40  1 of 10 START sql view model bronze.brnz_customers ............................. [RUN]
[2025-11-14T22:00:40.665+0000] {subprocess.py:93} INFO - [0m22:00:40  2 of 10 START sql view model bronze.brnz_example ............................... [RUN]
[2025-11-14T22:00:40.666+0000] {subprocess.py:93} INFO - [0m22:00:40  3 of 10 START sql view model bronze.brnz_products .............................. [RUN]
[2025-11-14T22:00:40.668+0000] {subprocess.py:93} INFO - [0m22:00:40  4 of 10 START sql view model bronze.brnz_sales_orders .......................... [RUN]
[2025-11-14T22:00:40.964+0000] {subprocess.py:93} INFO - [0m22:00:40  2 of 10 OK created sql view model bronze.brnz_example .......................... [[32mOK[0m in 0.29s]
[2025-11-14T22:00:40.967+0000] {subprocess.py:93} INFO - [0m22:00:40  1 of 10 OK created sql view model bronze.brnz_customers ........................ [[32mOK[0m in 0.29s]
[2025-11-14T22:00:40.970+0000] {subprocess.py:93} INFO - [0m22:00:40  3 of 10 OK created sql view model bronze.brnz_products ......................... [[32mOK[0m in 0.29s]
[2025-11-14T22:00:40.981+0000] {subprocess.py:93} INFO - [0m22:00:40  5 of 10 START sql table model silver.slvr_customers ............................ [RUN]
[2025-11-14T22:00:40.983+0000] {subprocess.py:93} INFO - [0m22:00:40  6 of 10 START sql table model silver.slvr_products ............................. [RUN]
[2025-11-14T22:00:40.985+0000] {subprocess.py:93} INFO - [0m22:00:40  4 of 10 OK created sql view model bronze.brnz_sales_orders ..................... [[32mOK[0m in 0.31s]
[2025-11-14T22:00:41.003+0000] {subprocess.py:93} INFO - [0m22:00:41  7 of 10 START sql table model silver.slvr_sales_orders ......................... [RUN]
[2025-11-14T22:00:41.251+0000] {subprocess.py:93} INFO - [0m22:00:41  6 of 10 OK created sql table model silver.slvr_products ........................ [[32mOK[0m in 0.26s]
[2025-11-14T22:00:41.312+0000] {subprocess.py:93} INFO - [0m22:00:41  5 of 10 OK created sql table model silver.slvr_customers ....................... [[32mOK[0m in 0.33s]
[2025-11-14T22:00:41.875+0000] {subprocess.py:93} INFO - [0m22:00:41  7 of 10 OK created sql table model silver.slvr_sales_orders .................... [[32mOK[0m in 0.87s]
[2025-11-14T22:00:41.879+0000] {subprocess.py:93} INFO - [0m22:00:41  8 of 10 START sql table model gold.gld_customer_metrics ........................ [RUN]
[2025-11-14T22:00:41.880+0000] {subprocess.py:93} INFO - [0m22:00:41  9 of 10 START sql table model gold.gld_product_performance ..................... [RUN]
[2025-11-14T22:00:41.882+0000] {subprocess.py:93} INFO - [0m22:00:41  10 of 10 START sql table model gold.gld_sales_summary .......................... [RUN]
[2025-11-14T22:00:42.261+0000] {subprocess.py:93} INFO - [0m22:00:42  10 of 10 OK created sql table model gold.gld_sales_summary ..................... [[32mOK[0m in 0.37s]
[2025-11-14T22:00:42.484+0000] {subprocess.py:93} INFO - [0m22:00:42  9 of 10 OK created sql table model gold.gld_product_performance ................ [[32mOK[0m in 0.60s]
[2025-11-14T22:00:42.491+0000] {subprocess.py:93} INFO - [0m22:00:42  8 of 10 OK created sql table model gold.gld_customer_metrics ................... [[32mOK[0m in 0.61s]
[2025-11-14T22:00:42.502+0000] {subprocess.py:93} INFO - [0m22:00:42
[2025-11-14T22:00:42.503+0000] {subprocess.py:93} INFO - [0m22:00:42  Finished running 4 view models, 6 table models in 0 hours 0 minutes and 2.04 seconds (2.04s).
[2025-11-14T22:00:42.572+0000] {subprocess.py:93} INFO - [0m22:00:42
[2025-11-14T22:00:42.574+0000] {subprocess.py:93} INFO - [0m22:00:42  [32mCompleted successfully[0m
[2025-11-14T22:00:42.575+0000] {subprocess.py:93} INFO - [0m22:00:42
[2025-11-14T22:00:42.576+0000] {subprocess.py:93} INFO - [0m22:00:42  Done. PASS=10 WARN=0 ERROR=0 SKIP=0 TOTAL=10
[2025-11-14T22:00:44.623+0000] {subprocess.py:97} INFO - Command exited with return code 0
[2025-11-14T22:00:44.641+0000] {taskinstance.py:1398} INFO - Marking task as SUCCESS. dag_id=dbt_transform, task_id=dbt_run, execution_date=20251114T215535, start_date=20251114T220037, end_date=20251114T220044
[2025-11-14T22:00:44.671+0000] {local_task_job_runner.py:228} INFO - Task exited with return code 0
[2025-11-14T22:00:44.687+0000] {taskinstance.py:2776} INFO - 1 downstream tasks scheduled from follow-on schedule check
