[2025-11-15T00:55:36.877+0000] {taskinstance.py:1157} INFO - Dependencies all met for dep_context=non-requeueable deps ti=<TaskInstance: dbt_transform.dbt_run scheduled__2025-11-15T00:50:35.634758+00:00 [queued]>
[2025-11-15T00:55:36.883+0000] {taskinstance.py:1157} INFO - Dependencies all met for dep_context=requeueable deps ti=<TaskInstance: dbt_transform.dbt_run scheduled__2025-11-15T00:50:35.634758+00:00 [queued]>
[2025-11-15T00:55:36.883+0000] {taskinstance.py:1359} INFO - Starting attempt 1 of 2
[2025-11-15T00:55:36.892+0000] {taskinstance.py:1380} INFO - Executing <Task(BashOperator): dbt_run> on 2025-11-15 00:50:35.634758+00:00
[2025-11-15T00:55:36.896+0000] {standard_task_runner.py:57} INFO - Started process 8939 to run task
[2025-11-15T00:55:36.898+0000] {standard_task_runner.py:84} INFO - Running: ['***', 'tasks', 'run', 'dbt_transform', 'dbt_run', 'scheduled__2025-11-15T00:50:35.634758+00:00', '--job-id', '238', '--raw', '--subdir', 'DAGS_FOLDER/dbt_dag.py', '--cfg-path', '/tmp/tmpst02lvxg']
[2025-11-15T00:55:36.901+0000] {standard_task_runner.py:85} INFO - Job 238: Subtask dbt_run
[2025-11-15T00:55:36.961+0000] {task_command.py:415} INFO - Running <TaskInstance: dbt_transform.dbt_run scheduled__2025-11-15T00:50:35.634758+00:00 [running]> on host 3f4da400579d
[2025-11-15T00:55:37.025+0000] {taskinstance.py:1660} INFO - Exporting env vars: AIRFLOW_CTX_DAG_OWNER='***' AIRFLOW_CTX_DAG_ID='dbt_transform' AIRFLOW_CTX_TASK_ID='dbt_run' AIRFLOW_CTX_EXECUTION_DATE='2025-11-15T00:50:35.634758+00:00' AIRFLOW_CTX_TRY_NUMBER='1' AIRFLOW_CTX_DAG_RUN_ID='scheduled__2025-11-15T00:50:35.634758+00:00'
[2025-11-15T00:55:37.026+0000] {subprocess.py:63} INFO - Tmp dir root location: /tmp
[2025-11-15T00:55:37.028+0000] {subprocess.py:75} INFO - Running command: ['/bin/bash', '-c', 'docker exec dbt_***_project-dbt-1 dbt run']
[2025-11-15T00:55:37.035+0000] {subprocess.py:86} INFO - Output:
[2025-11-15T00:55:38.636+0000] {subprocess.py:93} INFO - [0m00:55:38  Running with dbt=1.8.7
[2025-11-15T00:55:38.996+0000] {subprocess.py:93} INFO - [0m00:55:38  Registered adapter: sqlserver=1.8.7
[2025-11-15T00:55:40.311+0000] {subprocess.py:93} INFO - [0m00:55:40  Found 10 models, 18 data tests, 13 sources, 614 macros
[2025-11-15T00:55:40.315+0000] {subprocess.py:93} INFO - [0m00:55:40
[2025-11-15T00:55:40.489+0000] {subprocess.py:93} INFO - [0m00:55:40  Concurrency: 4 threads (target='dev')
[2025-11-15T00:55:40.490+0000] {subprocess.py:93} INFO - [0m00:55:40
[2025-11-15T00:55:40.499+0000] {subprocess.py:93} INFO - [0m00:55:40  1 of 10 START sql view model bronze.brnz_customers ............................. [RUN]
[2025-11-15T00:55:40.500+0000] {subprocess.py:93} INFO - [0m00:55:40  2 of 10 START sql view model bronze.brnz_example ............................... [RUN]
[2025-11-15T00:55:40.502+0000] {subprocess.py:93} INFO - [0m00:55:40  3 of 10 START sql view model bronze.brnz_products .............................. [RUN]
[2025-11-15T00:55:40.504+0000] {subprocess.py:93} INFO - [0m00:55:40  4 of 10 START sql view model bronze.brnz_sales_orders .......................... [RUN]
[2025-11-15T00:55:40.792+0000] {subprocess.py:93} INFO - [0m00:55:40  1 of 10 OK created sql view model bronze.brnz_customers ........................ [[32mOK[0m in 0.28s]
[2025-11-15T00:55:40.795+0000] {subprocess.py:93} INFO - [0m00:55:40  3 of 10 OK created sql view model bronze.brnz_products ......................... [[32mOK[0m in 0.28s]
[2025-11-15T00:55:40.798+0000] {subprocess.py:93} INFO - [0m00:55:40  2 of 10 OK created sql view model bronze.brnz_example .......................... [[32mOK[0m in 0.29s]
[2025-11-15T00:55:40.799+0000] {subprocess.py:93} INFO - [0m00:55:40  4 of 10 OK created sql view model bronze.brnz_sales_orders ..................... [[32mOK[0m in 0.29s]
[2025-11-15T00:55:40.807+0000] {subprocess.py:93} INFO - [0m00:55:40  5 of 10 START sql table model silver.slvr_customers ............................ [RUN]
[2025-11-15T00:55:40.810+0000] {subprocess.py:93} INFO - [0m00:55:40  6 of 10 START sql table model silver.slvr_products ............................. [RUN]
[2025-11-15T00:55:40.813+0000] {subprocess.py:93} INFO - [0m00:55:40  7 of 10 START sql table model silver.slvr_sales_orders ......................... [RUN]
[2025-11-15T00:55:41.043+0000] {subprocess.py:93} INFO - [0m00:55:41  6 of 10 OK created sql table model silver.slvr_products ........................ [[32mOK[0m in 0.23s]
[2025-11-15T00:55:41.104+0000] {subprocess.py:93} INFO - [0m00:55:41  5 of 10 OK created sql table model silver.slvr_customers ....................... [[32mOK[0m in 0.29s]
[2025-11-15T00:55:41.673+0000] {subprocess.py:93} INFO - [0m00:55:41  7 of 10 OK created sql table model silver.slvr_sales_orders .................... [[32mOK[0m in 0.86s]
[2025-11-15T00:55:41.677+0000] {subprocess.py:93} INFO - [0m00:55:41  8 of 10 START sql table model gold.gld_customer_metrics ........................ [RUN]
[2025-11-15T00:55:41.678+0000] {subprocess.py:93} INFO - [0m00:55:41  9 of 10 START sql table model gold.gld_product_performance ..................... [RUN]
[2025-11-15T00:55:41.679+0000] {subprocess.py:93} INFO - [0m00:55:41  10 of 10 START sql table model gold.gld_sales_summary .......................... [RUN]
[2025-11-15T00:55:42.145+0000] {subprocess.py:93} INFO - [0m00:55:42  10 of 10 OK created sql table model gold.gld_sales_summary ..................... [[32mOK[0m in 0.46s]
[2025-11-15T00:55:42.217+0000] {subprocess.py:93} INFO - [0m00:55:42  8 of 10 OK created sql table model gold.gld_customer_metrics ................... [[32mOK[0m in 0.53s]
[2025-11-15T00:55:42.241+0000] {subprocess.py:93} INFO - [0m00:55:42  9 of 10 OK created sql table model gold.gld_product_performance ................ [[32mOK[0m in 0.56s]
[2025-11-15T00:55:42.253+0000] {subprocess.py:93} INFO - [0m00:55:42
[2025-11-15T00:55:42.254+0000] {subprocess.py:93} INFO - [0m00:55:42  Finished running 4 view models, 6 table models in 0 hours 0 minutes and 1.94 seconds (1.94s).
[2025-11-15T00:55:42.340+0000] {subprocess.py:93} INFO - [0m00:55:42
[2025-11-15T00:55:42.342+0000] {subprocess.py:93} INFO - [0m00:55:42  [32mCompleted successfully[0m
[2025-11-15T00:55:42.343+0000] {subprocess.py:93} INFO - [0m00:55:42
[2025-11-15T00:55:42.345+0000] {subprocess.py:93} INFO - [0m00:55:42  Done. PASS=10 WARN=0 ERROR=0 SKIP=0 TOTAL=10
[2025-11-15T00:55:43.916+0000] {subprocess.py:97} INFO - Command exited with return code 0
[2025-11-15T00:55:43.934+0000] {taskinstance.py:1398} INFO - Marking task as SUCCESS. dag_id=dbt_transform, task_id=dbt_run, execution_date=20251115T005035, start_date=20251115T005536, end_date=20251115T005543
[2025-11-15T00:55:43.972+0000] {local_task_job_runner.py:228} INFO - Task exited with return code 0
[2025-11-15T00:55:43.989+0000] {taskinstance.py:2776} INFO - 1 downstream tasks scheduled from follow-on schedule check
