[2025-11-14T22:10:37.039+0000] {taskinstance.py:1157} INFO - Dependencies all met for dep_context=non-requeueable deps ti=<TaskInstance: dbt_transform.dbt_run scheduled__2025-11-14T22:05:35.634758+00:00 [queued]>
[2025-11-14T22:10:37.045+0000] {taskinstance.py:1157} INFO - Dependencies all met for dep_context=requeueable deps ti=<TaskInstance: dbt_transform.dbt_run scheduled__2025-11-14T22:05:35.634758+00:00 [queued]>
[2025-11-14T22:10:37.046+0000] {taskinstance.py:1359} INFO - Starting attempt 1 of 2
[2025-11-14T22:10:37.056+0000] {taskinstance.py:1380} INFO - Executing <Task(BashOperator): dbt_run> on 2025-11-14 22:05:35.634758+00:00
[2025-11-14T22:10:37.060+0000] {standard_task_runner.py:57} INFO - Started process 6508 to run task
[2025-11-14T22:10:37.063+0000] {standard_task_runner.py:84} INFO - Running: ['***', 'tasks', 'run', 'dbt_transform', 'dbt_run', 'scheduled__2025-11-14T22:05:35.634758+00:00', '--job-id', '172', '--raw', '--subdir', 'DAGS_FOLDER/dbt_dag.py', '--cfg-path', '/tmp/tmpiodpamd_']
[2025-11-14T22:10:37.066+0000] {standard_task_runner.py:85} INFO - Job 172: Subtask dbt_run
[2025-11-14T22:10:37.128+0000] {task_command.py:415} INFO - Running <TaskInstance: dbt_transform.dbt_run scheduled__2025-11-14T22:05:35.634758+00:00 [running]> on host 3f4da400579d
[2025-11-14T22:10:37.192+0000] {taskinstance.py:1660} INFO - Exporting env vars: AIRFLOW_CTX_DAG_OWNER='***' AIRFLOW_CTX_DAG_ID='dbt_transform' AIRFLOW_CTX_TASK_ID='dbt_run' AIRFLOW_CTX_EXECUTION_DATE='2025-11-14T22:05:35.634758+00:00' AIRFLOW_CTX_TRY_NUMBER='1' AIRFLOW_CTX_DAG_RUN_ID='scheduled__2025-11-14T22:05:35.634758+00:00'
[2025-11-14T22:10:37.193+0000] {subprocess.py:63} INFO - Tmp dir root location: /tmp
[2025-11-14T22:10:37.194+0000] {subprocess.py:75} INFO - Running command: ['/bin/bash', '-c', 'docker exec dbt_***_project-dbt-1 dbt run']
[2025-11-14T22:10:37.201+0000] {subprocess.py:86} INFO - Output:
[2025-11-14T22:10:38.834+0000] {subprocess.py:93} INFO - [0m22:10:38  Running with dbt=1.8.7
[2025-11-14T22:10:39.202+0000] {subprocess.py:93} INFO - [0m22:10:39  Registered adapter: sqlserver=1.8.7
[2025-11-14T22:10:40.667+0000] {subprocess.py:93} INFO - [0m22:10:40  Found 10 models, 18 data tests, 13 sources, 614 macros
[2025-11-14T22:10:40.671+0000] {subprocess.py:93} INFO - [0m22:10:40
[2025-11-14T22:10:40.853+0000] {subprocess.py:93} INFO - [0m22:10:40  Concurrency: 4 threads (target='dev')
[2025-11-14T22:10:40.854+0000] {subprocess.py:93} INFO - [0m22:10:40
[2025-11-14T22:10:40.862+0000] {subprocess.py:93} INFO - [0m22:10:40  1 of 10 START sql view model bronze.brnz_customers ............................. [RUN]
[2025-11-14T22:10:40.864+0000] {subprocess.py:93} INFO - [0m22:10:40  2 of 10 START sql view model bronze.brnz_example ............................... [RUN]
[2025-11-14T22:10:40.866+0000] {subprocess.py:93} INFO - [0m22:10:40  3 of 10 START sql view model bronze.brnz_products .............................. [RUN]
[2025-11-14T22:10:40.867+0000] {subprocess.py:93} INFO - [0m22:10:40  4 of 10 START sql view model bronze.brnz_sales_orders .......................... [RUN]
[2025-11-14T22:10:41.160+0000] {subprocess.py:93} INFO - [0m22:10:41  4 of 10 OK created sql view model bronze.brnz_sales_orders ..................... [[32mOK[0m in 0.28s]
[2025-11-14T22:10:41.163+0000] {subprocess.py:93} INFO - [0m22:10:41  3 of 10 OK created sql view model bronze.brnz_products ......................... [[32mOK[0m in 0.28s]
[2025-11-14T22:10:41.164+0000] {subprocess.py:93} INFO - [0m22:10:41  2 of 10 OK created sql view model bronze.brnz_example .......................... [[32mOK[0m in 0.29s]
[2025-11-14T22:10:41.168+0000] {subprocess.py:93} INFO - [0m22:10:41  1 of 10 OK created sql view model bronze.brnz_customers ........................ [[32mOK[0m in 0.29s]
[2025-11-14T22:10:41.180+0000] {subprocess.py:93} INFO - [0m22:10:41  5 of 10 START sql table model silver.slvr_sales_orders ......................... [RUN]
[2025-11-14T22:10:41.182+0000] {subprocess.py:93} INFO - [0m22:10:41  6 of 10 START sql table model silver.slvr_products ............................. [RUN]
[2025-11-14T22:10:41.185+0000] {subprocess.py:93} INFO - [0m22:10:41  7 of 10 START sql table model silver.slvr_customers ............................ [RUN]
[2025-11-14T22:10:41.428+0000] {subprocess.py:93} INFO - [0m22:10:41  6 of 10 OK created sql table model silver.slvr_products ........................ [[32mOK[0m in 0.24s]
[2025-11-14T22:10:41.492+0000] {subprocess.py:93} INFO - [0m22:10:41  7 of 10 OK created sql table model silver.slvr_customers ....................... [[32mOK[0m in 0.30s]
[2025-11-14T22:10:42.058+0000] {subprocess.py:93} INFO - [0m22:10:42  5 of 10 OK created sql table model silver.slvr_sales_orders .................... [[32mOK[0m in 0.87s]
[2025-11-14T22:10:42.062+0000] {subprocess.py:93} INFO - [0m22:10:42  8 of 10 START sql table model gold.gld_customer_metrics ........................ [RUN]
[2025-11-14T22:10:42.062+0000] {subprocess.py:93} INFO - [0m22:10:42  9 of 10 START sql table model gold.gld_product_performance ..................... [RUN]
[2025-11-14T22:10:42.064+0000] {subprocess.py:93} INFO - [0m22:10:42  10 of 10 START sql table model gold.gld_sales_summary .......................... [RUN]
[2025-11-14T22:10:42.589+0000] {subprocess.py:93} INFO - [0m22:10:42  10 of 10 OK created sql table model gold.gld_sales_summary ..................... [[32mOK[0m in 0.52s]
[2025-11-14T22:10:42.643+0000] {subprocess.py:93} INFO - [0m22:10:42  9 of 10 OK created sql table model gold.gld_product_performance ................ [[32mOK[0m in 0.57s]
[2025-11-14T22:10:42.787+0000] {subprocess.py:93} INFO - [0m22:10:42  8 of 10 OK created sql table model gold.gld_customer_metrics ................... [[32mOK[0m in 0.72s]
[2025-11-14T22:10:42.797+0000] {subprocess.py:93} INFO - [0m22:10:42
[2025-11-14T22:10:42.798+0000] {subprocess.py:93} INFO - [0m22:10:42  Finished running 4 view models, 6 table models in 0 hours 0 minutes and 2.12 seconds (2.12s).
[2025-11-14T22:10:42.861+0000] {subprocess.py:93} INFO - [0m22:10:42
[2025-11-14T22:10:42.863+0000] {subprocess.py:93} INFO - [0m22:10:42  [32mCompleted successfully[0m
[2025-11-14T22:10:42.864+0000] {subprocess.py:93} INFO - [0m22:10:42
[2025-11-14T22:10:42.865+0000] {subprocess.py:93} INFO - [0m22:10:42  Done. PASS=10 WARN=0 ERROR=0 SKIP=0 TOTAL=10
[2025-11-14T22:10:44.438+0000] {subprocess.py:97} INFO - Command exited with return code 0
[2025-11-14T22:10:44.457+0000] {taskinstance.py:1398} INFO - Marking task as SUCCESS. dag_id=dbt_transform, task_id=dbt_run, execution_date=20251114T220535, start_date=20251114T221037, end_date=20251114T221044
[2025-11-14T22:10:44.471+0000] {local_task_job_runner.py:228} INFO - Task exited with return code 0
[2025-11-14T22:10:44.488+0000] {taskinstance.py:2776} INFO - 1 downstream tasks scheduled from follow-on schedule check
