[2025-11-14T21:25:36.411+0000] {taskinstance.py:1157} INFO - Dependencies all met for dep_context=non-requeueable deps ti=<TaskInstance: dbt_transform.dbt_run scheduled__2025-11-14T21:20:35.634758+00:00 [queued]>
[2025-11-14T21:25:36.418+0000] {taskinstance.py:1157} INFO - Dependencies all met for dep_context=requeueable deps ti=<TaskInstance: dbt_transform.dbt_run scheduled__2025-11-14T21:20:35.634758+00:00 [queued]>
[2025-11-14T21:25:36.418+0000] {taskinstance.py:1359} INFO - Starting attempt 1 of 2
[2025-11-14T21:25:36.427+0000] {taskinstance.py:1380} INFO - Executing <Task(BashOperator): dbt_run> on 2025-11-14 21:20:35.634758+00:00
[2025-11-14T21:25:36.431+0000] {standard_task_runner.py:57} INFO - Started process 5846 to run task
[2025-11-14T21:25:36.433+0000] {standard_task_runner.py:84} INFO - Running: ['***', 'tasks', 'run', 'dbt_transform', 'dbt_run', 'scheduled__2025-11-14T21:20:35.634758+00:00', '--job-id', '154', '--raw', '--subdir', 'DAGS_FOLDER/dbt_dag.py', '--cfg-path', '/tmp/tmpb9ntm_89']
[2025-11-14T21:25:36.436+0000] {standard_task_runner.py:85} INFO - Job 154: Subtask dbt_run
[2025-11-14T21:25:36.494+0000] {task_command.py:415} INFO - Running <TaskInstance: dbt_transform.dbt_run scheduled__2025-11-14T21:20:35.634758+00:00 [running]> on host 3f4da400579d
[2025-11-14T21:25:36.563+0000] {taskinstance.py:1660} INFO - Exporting env vars: AIRFLOW_CTX_DAG_OWNER='***' AIRFLOW_CTX_DAG_ID='dbt_transform' AIRFLOW_CTX_TASK_ID='dbt_run' AIRFLOW_CTX_EXECUTION_DATE='2025-11-14T21:20:35.634758+00:00' AIRFLOW_CTX_TRY_NUMBER='1' AIRFLOW_CTX_DAG_RUN_ID='scheduled__2025-11-14T21:20:35.634758+00:00'
[2025-11-14T21:25:36.564+0000] {subprocess.py:63} INFO - Tmp dir root location: /tmp
[2025-11-14T21:25:36.566+0000] {subprocess.py:75} INFO - Running command: ['/bin/bash', '-c', 'docker exec dbt_***_project-dbt-1 dbt run']
[2025-11-14T21:25:36.574+0000] {subprocess.py:86} INFO - Output:
[2025-11-14T21:25:38.070+0000] {subprocess.py:93} INFO - [0m21:25:38  Running with dbt=1.8.7
[2025-11-14T21:25:38.407+0000] {subprocess.py:93} INFO - [0m21:25:38  Registered adapter: sqlserver=1.8.7
[2025-11-14T21:25:39.615+0000] {subprocess.py:93} INFO - [0m21:25:39  Found 10 models, 18 data tests, 13 sources, 614 macros
[2025-11-14T21:25:39.619+0000] {subprocess.py:93} INFO - [0m21:25:39
[2025-11-14T21:25:39.803+0000] {subprocess.py:93} INFO - [0m21:25:39  Concurrency: 4 threads (target='dev')
[2025-11-14T21:25:39.805+0000] {subprocess.py:93} INFO - [0m21:25:39
[2025-11-14T21:25:39.813+0000] {subprocess.py:93} INFO - [0m21:25:39  1 of 10 START sql view model bronze.brnz_customers ............................. [RUN]
[2025-11-14T21:25:39.815+0000] {subprocess.py:93} INFO - [0m21:25:39  2 of 10 START sql view model bronze.brnz_example ............................... [RUN]
[2025-11-14T21:25:39.817+0000] {subprocess.py:93} INFO - [0m21:25:39  3 of 10 START sql view model bronze.brnz_products .............................. [RUN]
[2025-11-14T21:25:39.817+0000] {subprocess.py:93} INFO - [0m21:25:39  4 of 10 START sql view model bronze.brnz_sales_orders .......................... [RUN]
[2025-11-14T21:25:40.107+0000] {subprocess.py:93} INFO - [0m21:25:40  3 of 10 OK created sql view model bronze.brnz_products ......................... [[32mOK[0m in 0.28s]
[2025-11-14T21:25:40.108+0000] {subprocess.py:93} INFO - [0m21:25:40  2 of 10 OK created sql view model bronze.brnz_example .......................... [[32mOK[0m in 0.28s]
[2025-11-14T21:25:40.119+0000] {subprocess.py:93} INFO - [0m21:25:40  1 of 10 OK created sql view model bronze.brnz_customers ........................ [[32mOK[0m in 0.29s]
[2025-11-14T21:25:40.121+0000] {subprocess.py:93} INFO - [0m21:25:40  5 of 10 START sql table model silver.slvr_products ............................. [RUN]
[2025-11-14T21:25:40.128+0000] {subprocess.py:93} INFO - [0m21:25:40  4 of 10 OK created sql view model bronze.brnz_sales_orders ..................... [[32mOK[0m in 0.30s]
[2025-11-14T21:25:40.130+0000] {subprocess.py:93} INFO - [0m21:25:40  6 of 10 START sql table model silver.slvr_customers ............................ [RUN]
[2025-11-14T21:25:40.142+0000] {subprocess.py:93} INFO - [0m21:25:40  7 of 10 START sql table model silver.slvr_sales_orders ......................... [RUN]
[2025-11-14T21:25:40.341+0000] {subprocess.py:93} INFO - [0m21:25:40  5 of 10 OK created sql table model silver.slvr_products ........................ [[32mOK[0m in 0.21s]
[2025-11-14T21:25:40.409+0000] {subprocess.py:93} INFO - [0m21:25:40  6 of 10 OK created sql table model silver.slvr_customers ....................... [[32mOK[0m in 0.27s]
[2025-11-14T21:25:40.954+0000] {subprocess.py:93} INFO - [0m21:25:40  7 of 10 OK created sql table model silver.slvr_sales_orders .................... [[32mOK[0m in 0.81s]
[2025-11-14T21:25:40.959+0000] {subprocess.py:93} INFO - [0m21:25:40  8 of 10 START sql table model gold.gld_customer_metrics ........................ [RUN]
[2025-11-14T21:25:40.960+0000] {subprocess.py:93} INFO - [0m21:25:40  9 of 10 START sql table model gold.gld_product_performance ..................... [RUN]
[2025-11-14T21:25:40.961+0000] {subprocess.py:93} INFO - [0m21:25:40  10 of 10 START sql table model gold.gld_sales_summary .......................... [RUN]
[2025-11-14T21:25:41.446+0000] {subprocess.py:93} INFO - [0m21:25:41  10 of 10 OK created sql table model gold.gld_sales_summary ..................... [[32mOK[0m in 0.48s]
[2025-11-14T21:25:41.519+0000] {subprocess.py:93} INFO - [0m21:25:41  8 of 10 OK created sql table model gold.gld_customer_metrics ................... [[32mOK[0m in 0.56s]
[2025-11-14T21:25:41.551+0000] {subprocess.py:93} INFO - [0m21:25:41  9 of 10 OK created sql table model gold.gld_product_performance ................ [[32mOK[0m in 0.59s]
[2025-11-14T21:25:41.560+0000] {subprocess.py:93} INFO - [0m21:25:41
[2025-11-14T21:25:41.561+0000] {subprocess.py:93} INFO - [0m21:25:41  Finished running 4 view models, 6 table models in 0 hours 0 minutes and 1.94 seconds (1.94s).
[2025-11-14T21:25:41.632+0000] {subprocess.py:93} INFO - [0m21:25:41
[2025-11-14T21:25:41.634+0000] {subprocess.py:93} INFO - [0m21:25:41  [32mCompleted successfully[0m
[2025-11-14T21:25:41.636+0000] {subprocess.py:93} INFO - [0m21:25:41
[2025-11-14T21:25:41.637+0000] {subprocess.py:93} INFO - [0m21:25:41  Done. PASS=10 WARN=0 ERROR=0 SKIP=0 TOTAL=10
[2025-11-14T21:25:43.185+0000] {subprocess.py:97} INFO - Command exited with return code 0
[2025-11-14T21:25:43.202+0000] {taskinstance.py:1398} INFO - Marking task as SUCCESS. dag_id=dbt_transform, task_id=dbt_run, execution_date=20251114T212035, start_date=20251114T212536, end_date=20251114T212543
[2025-11-14T21:25:43.230+0000] {local_task_job_runner.py:228} INFO - Task exited with return code 0
[2025-11-14T21:25:43.246+0000] {taskinstance.py:2776} INFO - 1 downstream tasks scheduled from follow-on schedule check
