[2025-11-14T20:40:36.851+0000] {taskinstance.py:1157} INFO - Dependencies all met for dep_context=non-requeueable deps ti=<TaskInstance: dbt_transform.dbt_run scheduled__2025-11-14T20:35:35.634758+00:00 [queued]>
[2025-11-14T20:40:36.857+0000] {taskinstance.py:1157} INFO - Dependencies all met for dep_context=requeueable deps ti=<TaskInstance: dbt_transform.dbt_run scheduled__2025-11-14T20:35:35.634758+00:00 [queued]>
[2025-11-14T20:40:36.858+0000] {taskinstance.py:1359} INFO - Starting attempt 1 of 2
[2025-11-14T20:40:36.867+0000] {taskinstance.py:1380} INFO - Executing <Task(BashOperator): dbt_run> on 2025-11-14 20:35:35.634758+00:00
[2025-11-14T20:40:36.871+0000] {standard_task_runner.py:57} INFO - Started process 5177 to run task
[2025-11-14T20:40:36.873+0000] {standard_task_runner.py:84} INFO - Running: ['***', 'tasks', 'run', 'dbt_transform', 'dbt_run', 'scheduled__2025-11-14T20:35:35.634758+00:00', '--job-id', '136', '--raw', '--subdir', 'DAGS_FOLDER/dbt_dag.py', '--cfg-path', '/tmp/tmpi1rmwdmf']
[2025-11-14T20:40:36.876+0000] {standard_task_runner.py:85} INFO - Job 136: Subtask dbt_run
[2025-11-14T20:40:36.939+0000] {task_command.py:415} INFO - Running <TaskInstance: dbt_transform.dbt_run scheduled__2025-11-14T20:35:35.634758+00:00 [running]> on host 3f4da400579d
[2025-11-14T20:40:37.002+0000] {taskinstance.py:1660} INFO - Exporting env vars: AIRFLOW_CTX_DAG_OWNER='***' AIRFLOW_CTX_DAG_ID='dbt_transform' AIRFLOW_CTX_TASK_ID='dbt_run' AIRFLOW_CTX_EXECUTION_DATE='2025-11-14T20:35:35.634758+00:00' AIRFLOW_CTX_TRY_NUMBER='1' AIRFLOW_CTX_DAG_RUN_ID='scheduled__2025-11-14T20:35:35.634758+00:00'
[2025-11-14T20:40:37.004+0000] {subprocess.py:63} INFO - Tmp dir root location: /tmp
[2025-11-14T20:40:37.005+0000] {subprocess.py:75} INFO - Running command: ['/bin/bash', '-c', 'docker exec dbt_***_project-dbt-1 dbt run']
[2025-11-14T20:40:37.011+0000] {subprocess.py:86} INFO - Output:
[2025-11-14T20:40:38.484+0000] {subprocess.py:93} INFO - [0m20:40:38  Running with dbt=1.8.7
[2025-11-14T20:40:38.813+0000] {subprocess.py:93} INFO - [0m20:40:38  Registered adapter: sqlserver=1.8.7
[2025-11-14T20:40:40.367+0000] {subprocess.py:93} INFO - [0m20:40:40  Found 10 models, 18 data tests, 13 sources, 614 macros
[2025-11-14T20:40:40.372+0000] {subprocess.py:93} INFO - [0m20:40:40
[2025-11-14T20:40:40.553+0000] {subprocess.py:93} INFO - [0m20:40:40  Concurrency: 4 threads (target='dev')
[2025-11-14T20:40:40.554+0000] {subprocess.py:93} INFO - [0m20:40:40
[2025-11-14T20:40:40.560+0000] {subprocess.py:93} INFO - [0m20:40:40  1 of 10 START sql view model bronze.brnz_customers ............................. [RUN]
[2025-11-14T20:40:40.561+0000] {subprocess.py:93} INFO - [0m20:40:40  2 of 10 START sql view model bronze.brnz_example ............................... [RUN]
[2025-11-14T20:40:40.563+0000] {subprocess.py:93} INFO - [0m20:40:40  3 of 10 START sql view model bronze.brnz_products .............................. [RUN]
[2025-11-14T20:40:40.564+0000] {subprocess.py:93} INFO - [0m20:40:40  4 of 10 START sql view model bronze.brnz_sales_orders .......................... [RUN]
[2025-11-14T20:40:40.854+0000] {subprocess.py:93} INFO - [0m20:40:40  2 of 10 OK created sql view model bronze.brnz_example .......................... [[32mOK[0m in 0.28s]
[2025-11-14T20:40:40.855+0000] {subprocess.py:93} INFO - [0m20:40:40  1 of 10 OK created sql view model bronze.brnz_customers ........................ [[32mOK[0m in 0.28s]
[2025-11-14T20:40:40.856+0000] {subprocess.py:93} INFO - [0m20:40:40  3 of 10 OK created sql view model bronze.brnz_products ......................... [[32mOK[0m in 0.28s]
[2025-11-14T20:40:40.857+0000] {subprocess.py:93} INFO - [0m20:40:40  4 of 10 OK created sql view model bronze.brnz_sales_orders ..................... [[32mOK[0m in 0.28s]
[2025-11-14T20:40:40.867+0000] {subprocess.py:93} INFO - [0m20:40:40  5 of 10 START sql table model silver.slvr_customers ............................ [RUN]
[2025-11-14T20:40:40.868+0000] {subprocess.py:93} INFO - [0m20:40:40  6 of 10 START sql table model silver.slvr_products ............................. [RUN]
[2025-11-14T20:40:40.869+0000] {subprocess.py:93} INFO - [0m20:40:40  7 of 10 START sql table model silver.slvr_sales_orders ......................... [RUN]
[2025-11-14T20:40:41.124+0000] {subprocess.py:93} INFO - [0m20:40:41  6 of 10 OK created sql table model silver.slvr_products ........................ [[32mOK[0m in 0.25s]
[2025-11-14T20:40:41.190+0000] {subprocess.py:93} INFO - [0m20:40:41  5 of 10 OK created sql table model silver.slvr_customers ....................... [[32mOK[0m in 0.32s]
[2025-11-14T20:40:41.748+0000] {subprocess.py:93} INFO - [0m20:40:41  7 of 10 OK created sql table model silver.slvr_sales_orders .................... [[32mOK[0m in 0.87s]
[2025-11-14T20:40:41.752+0000] {subprocess.py:93} INFO - [0m20:40:41  8 of 10 START sql table model gold.gld_customer_metrics ........................ [RUN]
[2025-11-14T20:40:41.753+0000] {subprocess.py:93} INFO - [0m20:40:41  9 of 10 START sql table model gold.gld_product_performance ..................... [RUN]
[2025-11-14T20:40:41.755+0000] {subprocess.py:93} INFO - [0m20:40:41  10 of 10 START sql table model gold.gld_sales_summary .......................... [RUN]
[2025-11-14T20:40:42.190+0000] {subprocess.py:93} INFO - [0m20:40:42  10 of 10 OK created sql table model gold.gld_sales_summary ..................... [[32mOK[0m in 0.43s]
[2025-11-14T20:40:42.298+0000] {subprocess.py:93} INFO - [0m20:40:42  8 of 10 OK created sql table model gold.gld_customer_metrics ................... [[32mOK[0m in 0.54s]
[2025-11-14T20:40:42.387+0000] {subprocess.py:93} INFO - [0m20:40:42  9 of 10 OK created sql table model gold.gld_product_performance ................ [[32mOK[0m in 0.63s]
[2025-11-14T20:40:42.398+0000] {subprocess.py:93} INFO - [0m20:40:42
[2025-11-14T20:40:42.399+0000] {subprocess.py:93} INFO - [0m20:40:42  Finished running 4 view models, 6 table models in 0 hours 0 minutes and 2.02 seconds (2.02s).
[2025-11-14T20:40:42.464+0000] {subprocess.py:93} INFO - [0m20:40:42
[2025-11-14T20:40:42.466+0000] {subprocess.py:93} INFO - [0m20:40:42  [32mCompleted successfully[0m
[2025-11-14T20:40:42.467+0000] {subprocess.py:93} INFO - [0m20:40:42
[2025-11-14T20:40:42.470+0000] {subprocess.py:93} INFO - [0m20:40:42  Done. PASS=10 WARN=0 ERROR=0 SKIP=0 TOTAL=10
[2025-11-14T20:40:44.331+0000] {subprocess.py:97} INFO - Command exited with return code 0
[2025-11-14T20:40:44.350+0000] {taskinstance.py:1398} INFO - Marking task as SUCCESS. dag_id=dbt_transform, task_id=dbt_run, execution_date=20251114T203535, start_date=20251114T204036, end_date=20251114T204044
[2025-11-14T20:40:44.373+0000] {local_task_job_runner.py:228} INFO - Task exited with return code 0
[2025-11-14T20:40:44.388+0000] {taskinstance.py:2776} INFO - 1 downstream tasks scheduled from follow-on schedule check
