[2025-11-14T19:55:36.469+0000] {taskinstance.py:1157} INFO - Dependencies all met for dep_context=non-requeueable deps ti=<TaskInstance: dbt_transform.dbt_run scheduled__2025-11-14T19:50:35.634758+00:00 [queued]>
[2025-11-14T19:55:36.474+0000] {taskinstance.py:1157} INFO - Dependencies all met for dep_context=requeueable deps ti=<TaskInstance: dbt_transform.dbt_run scheduled__2025-11-14T19:50:35.634758+00:00 [queued]>
[2025-11-14T19:55:36.475+0000] {taskinstance.py:1359} INFO - Starting attempt 1 of 2
[2025-11-14T19:55:36.484+0000] {taskinstance.py:1380} INFO - Executing <Task(BashOperator): dbt_run> on 2025-11-14 19:50:35.634758+00:00
[2025-11-14T19:55:36.488+0000] {standard_task_runner.py:57} INFO - Started process 4513 to run task
[2025-11-14T19:55:36.491+0000] {standard_task_runner.py:84} INFO - Running: ['***', 'tasks', 'run', 'dbt_transform', 'dbt_run', 'scheduled__2025-11-14T19:50:35.634758+00:00', '--job-id', '118', '--raw', '--subdir', 'DAGS_FOLDER/dbt_dag.py', '--cfg-path', '/tmp/tmpwt0pohd5']
[2025-11-14T19:55:36.493+0000] {standard_task_runner.py:85} INFO - Job 118: Subtask dbt_run
[2025-11-14T19:55:36.553+0000] {task_command.py:415} INFO - Running <TaskInstance: dbt_transform.dbt_run scheduled__2025-11-14T19:50:35.634758+00:00 [running]> on host 3f4da400579d
[2025-11-14T19:55:36.614+0000] {taskinstance.py:1660} INFO - Exporting env vars: AIRFLOW_CTX_DAG_OWNER='***' AIRFLOW_CTX_DAG_ID='dbt_transform' AIRFLOW_CTX_TASK_ID='dbt_run' AIRFLOW_CTX_EXECUTION_DATE='2025-11-14T19:50:35.634758+00:00' AIRFLOW_CTX_TRY_NUMBER='1' AIRFLOW_CTX_DAG_RUN_ID='scheduled__2025-11-14T19:50:35.634758+00:00'
[2025-11-14T19:55:36.616+0000] {subprocess.py:63} INFO - Tmp dir root location: /tmp
[2025-11-14T19:55:36.617+0000] {subprocess.py:75} INFO - Running command: ['/bin/bash', '-c', 'docker exec dbt_***_project-dbt-1 dbt run']
[2025-11-14T19:55:36.624+0000] {subprocess.py:86} INFO - Output:
[2025-11-14T19:55:38.145+0000] {subprocess.py:93} INFO - [0m19:55:38  Running with dbt=1.8.7
[2025-11-14T19:55:38.482+0000] {subprocess.py:93} INFO - [0m19:55:38  Registered adapter: sqlserver=1.8.7
[2025-11-14T19:55:39.906+0000] {subprocess.py:93} INFO - [0m19:55:39  Found 10 models, 18 data tests, 13 sources, 614 macros
[2025-11-14T19:55:39.910+0000] {subprocess.py:93} INFO - [0m19:55:39
[2025-11-14T19:55:40.086+0000] {subprocess.py:93} INFO - [0m19:55:40  Concurrency: 4 threads (target='dev')
[2025-11-14T19:55:40.087+0000] {subprocess.py:93} INFO - [0m19:55:40
[2025-11-14T19:55:40.093+0000] {subprocess.py:93} INFO - [0m19:55:40  1 of 10 START sql view model bronze.brnz_customers ............................. [RUN]
[2025-11-14T19:55:40.094+0000] {subprocess.py:93} INFO - [0m19:55:40  2 of 10 START sql view model bronze.brnz_example ............................... [RUN]
[2025-11-14T19:55:40.095+0000] {subprocess.py:93} INFO - [0m19:55:40  3 of 10 START sql view model bronze.brnz_products .............................. [RUN]
[2025-11-14T19:55:40.096+0000] {subprocess.py:93} INFO - [0m19:55:40  4 of 10 START sql view model bronze.brnz_sales_orders .......................... [RUN]
[2025-11-14T19:55:40.382+0000] {subprocess.py:93} INFO - [0m19:55:40  4 of 10 OK created sql view model bronze.brnz_sales_orders ..................... [[32mOK[0m in 0.28s]
[2025-11-14T19:55:40.384+0000] {subprocess.py:93} INFO - [0m19:55:40  3 of 10 OK created sql view model bronze.brnz_products ......................... [[32mOK[0m in 0.28s]
[2025-11-14T19:55:40.385+0000] {subprocess.py:93} INFO - [0m19:55:40  1 of 10 OK created sql view model bronze.brnz_customers ........................ [[32mOK[0m in 0.28s]
[2025-11-14T19:55:40.387+0000] {subprocess.py:93} INFO - [0m19:55:40  2 of 10 OK created sql view model bronze.brnz_example .......................... [[32mOK[0m in 0.28s]
[2025-11-14T19:55:40.395+0000] {subprocess.py:93} INFO - [0m19:55:40  5 of 10 START sql table model silver.slvr_sales_orders ......................... [RUN]
[2025-11-14T19:55:40.398+0000] {subprocess.py:93} INFO - [0m19:55:40  6 of 10 START sql table model silver.slvr_products ............................. [RUN]
[2025-11-14T19:55:40.399+0000] {subprocess.py:93} INFO - [0m19:55:40  7 of 10 START sql table model silver.slvr_customers ............................ [RUN]
[2025-11-14T19:55:40.618+0000] {subprocess.py:93} INFO - [0m19:55:40  6 of 10 OK created sql table model silver.slvr_products ........................ [[32mOK[0m in 0.22s]
[2025-11-14T19:55:40.846+0000] {subprocess.py:93} INFO - [0m19:55:40  7 of 10 OK created sql table model silver.slvr_customers ....................... [[32mOK[0m in 0.44s]
[2025-11-14T19:55:41.334+0000] {subprocess.py:93} INFO - [0m19:55:41  5 of 10 OK created sql table model silver.slvr_sales_orders .................... [[32mOK[0m in 0.93s]
[2025-11-14T19:55:41.338+0000] {subprocess.py:93} INFO - [0m19:55:41  8 of 10 START sql table model gold.gld_customer_metrics ........................ [RUN]
[2025-11-14T19:55:41.340+0000] {subprocess.py:93} INFO - [0m19:55:41  9 of 10 START sql table model gold.gld_product_performance ..................... [RUN]
[2025-11-14T19:55:41.341+0000] {subprocess.py:93} INFO - [0m19:55:41  10 of 10 START sql table model gold.gld_sales_summary .......................... [RUN]
[2025-11-14T19:55:41.707+0000] {subprocess.py:93} INFO - [0m19:55:41  10 of 10 OK created sql table model gold.gld_sales_summary ..................... [[32mOK[0m in 0.36s]
[2025-11-14T19:55:41.953+0000] {subprocess.py:93} INFO - [0m19:55:41  9 of 10 OK created sql table model gold.gld_product_performance ................ [[32mOK[0m in 0.61s]
[2025-11-14T19:55:41.954+0000] {subprocess.py:93} INFO - [0m19:55:41  8 of 10 OK created sql table model gold.gld_customer_metrics ................... [[32mOK[0m in 0.61s]
[2025-11-14T19:55:41.965+0000] {subprocess.py:93} INFO - [0m19:55:41
[2025-11-14T19:55:41.966+0000] {subprocess.py:93} INFO - [0m19:55:41  Finished running 4 view models, 6 table models in 0 hours 0 minutes and 2.05 seconds (2.05s).
[2025-11-14T19:55:42.029+0000] {subprocess.py:93} INFO - [0m19:55:42
[2025-11-14T19:55:42.030+0000] {subprocess.py:93} INFO - [0m19:55:42  [32mCompleted successfully[0m
[2025-11-14T19:55:42.032+0000] {subprocess.py:93} INFO - [0m19:55:42
[2025-11-14T19:55:42.033+0000] {subprocess.py:93} INFO - [0m19:55:42  Done. PASS=10 WARN=0 ERROR=0 SKIP=0 TOTAL=10
[2025-11-14T19:55:43.636+0000] {subprocess.py:97} INFO - Command exited with return code 0
[2025-11-14T19:55:43.654+0000] {taskinstance.py:1398} INFO - Marking task as SUCCESS. dag_id=dbt_transform, task_id=dbt_run, execution_date=20251114T195035, start_date=20251114T195536, end_date=20251114T195543
[2025-11-14T19:55:43.704+0000] {local_task_job_runner.py:228} INFO - Task exited with return code 0
[2025-11-14T19:55:43.723+0000] {taskinstance.py:2776} INFO - 1 downstream tasks scheduled from follow-on schedule check
