[2025-11-15T02:00:49.480+0000] {taskinstance.py:1157} INFO - Dependencies all met for dep_context=non-requeueable deps ti=<TaskInstance: dbt_transform.dbt_run_bronze manual__2025-11-15T01:58:19.121137+00:00 [queued]>
[2025-11-15T02:00:49.487+0000] {taskinstance.py:1157} INFO - Dependencies all met for dep_context=requeueable deps ti=<TaskInstance: dbt_transform.dbt_run_bronze manual__2025-11-15T01:58:19.121137+00:00 [queued]>
[2025-11-15T02:00:49.488+0000] {taskinstance.py:1359} INFO - Starting attempt 2 of 3
[2025-11-15T02:00:49.499+0000] {taskinstance.py:1380} INFO - Executing <Task(BashOperator): dbt_run_bronze> on 2025-11-15 01:58:19.121137+00:00
[2025-11-15T02:00:49.504+0000] {standard_task_runner.py:57} INFO - Started process 213 to run task
[2025-11-15T02:00:49.507+0000] {standard_task_runner.py:84} INFO - Running: ['***', 'tasks', 'run', 'dbt_transform', 'dbt_run_bronze', 'manual__2025-11-15T01:58:19.121137+00:00', '--job-id', '262', '--raw', '--subdir', 'DAGS_FOLDER/dbt_dag.py', '--cfg-path', '/tmp/tmpvql6j1qt']
[2025-11-15T02:00:49.509+0000] {standard_task_runner.py:85} INFO - Job 262: Subtask dbt_run_bronze
[2025-11-15T02:00:49.578+0000] {task_command.py:415} INFO - Running <TaskInstance: dbt_transform.dbt_run_bronze manual__2025-11-15T01:58:19.121137+00:00 [running]> on host 32851173452f
[2025-11-15T02:00:48.626+0000] {taskinstance.py:1660} INFO - Exporting env vars: AIRFLOW_CTX_DAG_OWNER='***' AIRFLOW_CTX_DAG_ID='dbt_transform' AIRFLOW_CTX_TASK_ID='dbt_run_bronze' AIRFLOW_CTX_EXECUTION_DATE='2025-11-15T01:58:19.121137+00:00' AIRFLOW_CTX_TRY_NUMBER='2' AIRFLOW_CTX_DAG_RUN_ID='manual__2025-11-15T01:58:19.121137+00:00'
[2025-11-15T02:00:48.627+0000] {subprocess.py:63} INFO - Tmp dir root location: /tmp
[2025-11-15T02:00:48.629+0000] {subprocess.py:75} INFO - Running command: ['/bin/bash', '-c', 'docker exec dbt_***_project-dbt-1 dbt run --select bronze']
[2025-11-15T02:00:48.644+0000] {subprocess.py:86} INFO - Output:
[2025-11-15T02:00:50.832+0000] {subprocess.py:93} INFO - [0m02:00:50  Running with dbt=1.8.7
[2025-11-15T02:00:51.297+0000] {subprocess.py:93} INFO - [0m02:00:51  Registered adapter: sqlserver=1.8.7
[2025-11-15T02:00:53.869+0000] {subprocess.py:93} INFO - [0m02:00:53  Found 10 models, 18 data tests, 13 sources, 614 macros
[2025-11-15T02:00:53.874+0000] {subprocess.py:93} INFO - [0m02:00:53
[2025-11-15T02:00:54.152+0000] {subprocess.py:93} INFO - [0m02:00:54  Concurrency: 4 threads (target='dev')
[2025-11-15T02:00:54.153+0000] {subprocess.py:93} INFO - [0m02:00:54
[2025-11-15T02:00:54.165+0000] {subprocess.py:93} INFO - [0m02:00:54  1 of 4 START sql view model bronze.brnz_customers .............................. [RUN]
[2025-11-15T02:00:54.166+0000] {subprocess.py:93} INFO - [0m02:00:54  2 of 4 START sql view model bronze.brnz_example ................................ [RUN]
[2025-11-15T02:00:54.168+0000] {subprocess.py:93} INFO - [0m02:00:54  3 of 4 START sql view model bronze.brnz_products ............................... [RUN]
[2025-11-15T02:00:54.170+0000] {subprocess.py:93} INFO - [0m02:00:54  4 of 4 START sql view model bronze.brnz_sales_orders ........................... [RUN]
[2025-11-15T02:00:54.751+0000] {subprocess.py:93} INFO - [0m02:00:54  4 of 4 OK created sql view model bronze.brnz_sales_orders ...................... [[32mOK[0m in 0.56s]
[2025-11-15T02:00:54.753+0000] {subprocess.py:93} INFO - [0m02:00:54  2 of 4 OK created sql view model bronze.brnz_example ........................... [[32mOK[0m in 0.57s]
[2025-11-15T02:00:54.755+0000] {subprocess.py:93} INFO - [0m02:00:54  3 of 4 OK created sql view model bronze.brnz_products .......................... [[32mOK[0m in 0.57s]
[2025-11-15T02:00:54.758+0000] {subprocess.py:93} INFO - [0m02:00:54  1 of 4 OK created sql view model bronze.brnz_customers ......................... [[32mOK[0m in 0.58s]
[2025-11-15T02:00:54.783+0000] {subprocess.py:93} INFO - [0m02:00:54
[2025-11-15T02:00:54.784+0000] {subprocess.py:93} INFO - [0m02:00:54  Finished running 4 view models in 0 hours 0 minutes and 0.91 seconds (0.91s).
[2025-11-15T02:00:54.885+0000] {subprocess.py:93} INFO - [0m02:00:54
[2025-11-15T02:00:54.886+0000] {subprocess.py:93} INFO - [0m02:00:54  [32mCompleted successfully[0m
[2025-11-15T02:00:54.887+0000] {subprocess.py:93} INFO - [0m02:00:54
[2025-11-15T02:00:54.890+0000] {subprocess.py:93} INFO - [0m02:00:54  Done. PASS=4 WARN=0 ERROR=0 SKIP=0 TOTAL=4
[2025-11-15T02:00:56.252+0000] {subprocess.py:97} INFO - Command exited with return code 0
[2025-11-15T02:00:56.279+0000] {taskinstance.py:1398} INFO - Marking task as SUCCESS. dag_id=dbt_transform, task_id=dbt_run_bronze, execution_date=20251115T015819, start_date=20251115T020049, end_date=20251115T020056
[2025-11-15T02:00:56.318+0000] {local_task_job_runner.py:228} INFO - Task exited with return code 0
[2025-11-15T02:00:56.340+0000] {taskinstance.py:2776} INFO - 1 downstream tasks scheduled from follow-on schedule check
