[2025-11-15T01:58:21.435+0000] {taskinstance.py:1157} INFO - Dependencies all met for dep_context=non-requeueable deps ti=<TaskInstance: dbt_transform.dbt_run_bronze manual__2025-11-15T01:58:19.121137+00:00 [queued]>
[2025-11-15T01:58:21.444+0000] {taskinstance.py:1157} INFO - Dependencies all met for dep_context=requeueable deps ti=<TaskInstance: dbt_transform.dbt_run_bronze manual__2025-11-15T01:58:19.121137+00:00 [queued]>
[2025-11-15T01:58:21.445+0000] {taskinstance.py:1359} INFO - Starting attempt 1 of 2
[2025-11-15T01:58:21.462+0000] {taskinstance.py:1380} INFO - Executing <Task(BashOperator): dbt_run_bronze> on 2025-11-15 01:58:19.121137+00:00
[2025-11-15T01:58:21.468+0000] {standard_task_runner.py:57} INFO - Started process 177 to run task
[2025-11-15T01:58:21.471+0000] {standard_task_runner.py:84} INFO - Running: ['***', 'tasks', 'run', 'dbt_transform', 'dbt_run_bronze', 'manual__2025-11-15T01:58:19.121137+00:00', '--job-id', '261', '--raw', '--subdir', 'DAGS_FOLDER/dbt_dag.py', '--cfg-path', '/tmp/tmpu5wzbssm']
[2025-11-15T01:58:21.474+0000] {standard_task_runner.py:85} INFO - Job 261: Subtask dbt_run_bronze
[2025-11-15T01:58:21.544+0000] {task_command.py:415} INFO - Running <TaskInstance: dbt_transform.dbt_run_bronze manual__2025-11-15T01:58:19.121137+00:00 [running]> on host 32851173452f
[2025-11-15T01:58:21.612+0000] {taskinstance.py:1660} INFO - Exporting env vars: AIRFLOW_CTX_DAG_OWNER='***' AIRFLOW_CTX_DAG_ID='dbt_transform' AIRFLOW_CTX_TASK_ID='dbt_run_bronze' AIRFLOW_CTX_EXECUTION_DATE='2025-11-15T01:58:19.121137+00:00' AIRFLOW_CTX_TRY_NUMBER='1' AIRFLOW_CTX_DAG_RUN_ID='manual__2025-11-15T01:58:19.121137+00:00'
[2025-11-15T01:58:21.614+0000] {subprocess.py:63} INFO - Tmp dir root location: /tmp
[2025-11-15T01:58:21.614+0000] {subprocess.py:75} INFO - Running command: ['/bin/bash', '-c', 'docker exec dbt_***_project-dbt-1 dbt run --select bronze']
[2025-11-15T01:58:21.622+0000] {subprocess.py:86} INFO - Output:
[2025-11-15T01:58:21.755+0000] {subprocess.py:93} INFO - Error: No such container: dbt_***_project-dbt-1
[2025-11-15T01:58:21.757+0000] {subprocess.py:97} INFO - Command exited with return code 1
[2025-11-15T01:58:21.768+0000] {taskinstance.py:1935} ERROR - Task failed with exception
Traceback (most recent call last):
  File "/home/airflow/.local/lib/python3.9/site-packages/airflow/operators/bash.py", line 210, in execute
    raise AirflowException(
airflow.exceptions.AirflowException: Bash command failed. The command returned a non-zero exit code 1.
[2025-11-15T01:58:21.771+0000] {taskinstance.py:1398} INFO - Marking task as UP_FOR_RETRY. dag_id=dbt_transform, task_id=dbt_run_bronze, execution_date=20251115T015819, start_date=20251115T015821, end_date=20251115T015821
[2025-11-15T01:58:21.784+0000] {standard_task_runner.py:104} ERROR - Failed to execute job 261 for task dbt_run_bronze (Bash command failed. The command returned a non-zero exit code 1.; 177)
[2025-11-15T01:58:21.815+0000] {local_task_job_runner.py:228} INFO - Task exited with return code 1
[2025-11-15T01:58:21.834+0000] {taskinstance.py:2776} INFO - 0 downstream tasks scheduled from follow-on schedule check
