[2025-11-14T22:45:37.085+0000] {taskinstance.py:1157} INFO - Dependencies all met for dep_context=non-requeueable deps ti=<TaskInstance: dbt_transform.dbt_run scheduled__2025-11-14T22:40:35.634758+00:00 [queued]>
[2025-11-14T22:45:37.090+0000] {taskinstance.py:1157} INFO - Dependencies all met for dep_context=requeueable deps ti=<TaskInstance: dbt_transform.dbt_run scheduled__2025-11-14T22:40:35.634758+00:00 [queued]>
[2025-11-14T22:45:37.091+0000] {taskinstance.py:1359} INFO - Starting attempt 1 of 2
[2025-11-14T22:45:37.100+0000] {taskinstance.py:1380} INFO - Executing <Task(BashOperator): dbt_run> on 2025-11-14 22:40:35.634758+00:00
[2025-11-14T22:45:37.104+0000] {standard_task_runner.py:57} INFO - Started process 7025 to run task
[2025-11-14T22:45:37.106+0000] {standard_task_runner.py:84} INFO - Running: ['***', 'tasks', 'run', 'dbt_transform', 'dbt_run', 'scheduled__2025-11-14T22:40:35.634758+00:00', '--job-id', '186', '--raw', '--subdir', 'DAGS_FOLDER/dbt_dag.py', '--cfg-path', '/tmp/tmpmasrah5u']
[2025-11-14T22:45:37.109+0000] {standard_task_runner.py:85} INFO - Job 186: Subtask dbt_run
[2025-11-14T22:45:37.165+0000] {task_command.py:415} INFO - Running <TaskInstance: dbt_transform.dbt_run scheduled__2025-11-14T22:40:35.634758+00:00 [running]> on host 3f4da400579d
[2025-11-14T22:45:37.227+0000] {taskinstance.py:1660} INFO - Exporting env vars: AIRFLOW_CTX_DAG_OWNER='***' AIRFLOW_CTX_DAG_ID='dbt_transform' AIRFLOW_CTX_TASK_ID='dbt_run' AIRFLOW_CTX_EXECUTION_DATE='2025-11-14T22:40:35.634758+00:00' AIRFLOW_CTX_TRY_NUMBER='1' AIRFLOW_CTX_DAG_RUN_ID='scheduled__2025-11-14T22:40:35.634758+00:00'
[2025-11-14T22:45:37.229+0000] {subprocess.py:63} INFO - Tmp dir root location: /tmp
[2025-11-14T22:45:37.231+0000] {subprocess.py:75} INFO - Running command: ['/bin/bash', '-c', 'docker exec dbt_***_project-dbt-1 dbt run']
[2025-11-14T22:45:37.239+0000] {subprocess.py:86} INFO - Output:
[2025-11-14T22:45:38.946+0000] {subprocess.py:93} INFO - [0m22:45:38  Running with dbt=1.8.7
[2025-11-14T22:45:39.319+0000] {subprocess.py:93} INFO - [0m22:45:39  Registered adapter: sqlserver=1.8.7
[2025-11-14T22:45:40.890+0000] {subprocess.py:93} INFO - [0m22:45:40  Found 10 models, 18 data tests, 13 sources, 614 macros
[2025-11-14T22:45:40.894+0000] {subprocess.py:93} INFO - [0m22:45:40
[2025-11-14T22:45:41.104+0000] {subprocess.py:93} INFO - [0m22:45:41  Concurrency: 4 threads (target='dev')
[2025-11-14T22:45:41.105+0000] {subprocess.py:93} INFO - [0m22:45:41
[2025-11-14T22:45:41.113+0000] {subprocess.py:93} INFO - [0m22:45:41  1 of 10 START sql view model bronze.brnz_customers ............................. [RUN]
[2025-11-14T22:45:41.115+0000] {subprocess.py:93} INFO - [0m22:45:41  2 of 10 START sql view model bronze.brnz_example ............................... [RUN]
[2025-11-14T22:45:41.117+0000] {subprocess.py:93} INFO - [0m22:45:41  3 of 10 START sql view model bronze.brnz_products .............................. [RUN]
[2025-11-14T22:45:41.119+0000] {subprocess.py:93} INFO - [0m22:45:41  4 of 10 START sql view model bronze.brnz_sales_orders .......................... [RUN]
[2025-11-14T22:45:41.447+0000] {subprocess.py:93} INFO - [0m22:45:41  1 of 10 OK created sql view model bronze.brnz_customers ........................ [[32mOK[0m in 0.32s]
[2025-11-14T22:45:41.449+0000] {subprocess.py:93} INFO - [0m22:45:41  4 of 10 OK created sql view model bronze.brnz_sales_orders ..................... [[32mOK[0m in 0.32s]
[2025-11-14T22:45:41.450+0000] {subprocess.py:93} INFO - [0m22:45:41  2 of 10 OK created sql view model bronze.brnz_example .......................... [[32mOK[0m in 0.32s]
[2025-11-14T22:45:41.453+0000] {subprocess.py:93} INFO - [0m22:45:41  3 of 10 OK created sql view model bronze.brnz_products ......................... [[32mOK[0m in 0.32s]
[2025-11-14T22:45:41.462+0000] {subprocess.py:93} INFO - [0m22:45:41  5 of 10 START sql table model silver.slvr_customers ............................ [RUN]
[2025-11-14T22:45:41.465+0000] {subprocess.py:93} INFO - [0m22:45:41  6 of 10 START sql table model silver.slvr_sales_orders ......................... [RUN]
[2025-11-14T22:45:41.467+0000] {subprocess.py:93} INFO - [0m22:45:41  7 of 10 START sql table model silver.slvr_products ............................. [RUN]
[2025-11-14T22:45:41.823+0000] {subprocess.py:93} INFO - [0m22:45:41  7 of 10 OK created sql table model silver.slvr_products ........................ [[32mOK[0m in 0.35s]
[2025-11-14T22:45:41.849+0000] {subprocess.py:93} INFO - [0m22:45:41  5 of 10 OK created sql table model silver.slvr_customers ....................... [[32mOK[0m in 0.38s]
[2025-11-14T22:45:42.381+0000] {subprocess.py:93} INFO - [0m22:45:42  6 of 10 OK created sql table model silver.slvr_sales_orders .................... [[32mOK[0m in 0.91s]
[2025-11-14T22:45:42.385+0000] {subprocess.py:93} INFO - [0m22:45:42  8 of 10 START sql table model gold.gld_customer_metrics ........................ [RUN]
[2025-11-14T22:45:42.386+0000] {subprocess.py:93} INFO - [0m22:45:42  9 of 10 START sql table model gold.gld_product_performance ..................... [RUN]
[2025-11-14T22:45:42.387+0000] {subprocess.py:93} INFO - [0m22:45:42  10 of 10 START sql table model gold.gld_sales_summary .......................... [RUN]
[2025-11-14T22:45:42.887+0000] {subprocess.py:93} INFO - [0m22:45:42  10 of 10 OK created sql table model gold.gld_sales_summary ..................... [[32mOK[0m in 0.49s]
[2025-11-14T22:45:42.935+0000] {subprocess.py:93} INFO - [0m22:45:42  8 of 10 OK created sql table model gold.gld_customer_metrics ................... [[32mOK[0m in 0.55s]
[2025-11-14T22:45:42.957+0000] {subprocess.py:93} INFO - [0m22:45:42  9 of 10 OK created sql table model gold.gld_product_performance ................ [[32mOK[0m in 0.57s]
[2025-11-14T22:45:42.968+0000] {subprocess.py:93} INFO - [0m22:45:42
[2025-11-14T22:45:42.968+0000] {subprocess.py:93} INFO - [0m22:45:42  Finished running 4 view models, 6 table models in 0 hours 0 minutes and 2.07 seconds (2.07s).
[2025-11-14T22:45:43.041+0000] {subprocess.py:93} INFO - [0m22:45:43
[2025-11-14T22:45:43.043+0000] {subprocess.py:93} INFO - [0m22:45:43  [32mCompleted successfully[0m
[2025-11-14T22:45:43.044+0000] {subprocess.py:93} INFO - [0m22:45:43
[2025-11-14T22:45:43.046+0000] {subprocess.py:93} INFO - [0m22:45:43  Done. PASS=10 WARN=0 ERROR=0 SKIP=0 TOTAL=10
[2025-11-14T22:45:44.578+0000] {subprocess.py:97} INFO - Command exited with return code 0
[2025-11-14T22:45:44.599+0000] {taskinstance.py:1398} INFO - Marking task as SUCCESS. dag_id=dbt_transform, task_id=dbt_run, execution_date=20251114T224035, start_date=20251114T224537, end_date=20251114T224544
[2025-11-14T22:45:44.638+0000] {local_task_job_runner.py:228} INFO - Task exited with return code 0
[2025-11-14T22:45:44.653+0000] {taskinstance.py:2776} INFO - 1 downstream tasks scheduled from follow-on schedule check
