[2025-11-14T19:15:36.751+0000] {taskinstance.py:1157} INFO - Dependencies all met for dep_context=non-requeueable deps ti=<TaskInstance: dbt_transform.dbt_run scheduled__2025-11-14T19:10:35.634758+00:00 [queued]>
[2025-11-14T19:15:36.757+0000] {taskinstance.py:1157} INFO - Dependencies all met for dep_context=requeueable deps ti=<TaskInstance: dbt_transform.dbt_run scheduled__2025-11-14T19:10:35.634758+00:00 [queued]>
[2025-11-14T19:15:36.757+0000] {taskinstance.py:1359} INFO - Starting attempt 1 of 2
[2025-11-14T19:15:36.765+0000] {taskinstance.py:1380} INFO - Executing <Task(BashOperator): dbt_run> on 2025-11-14 19:10:35.634758+00:00
[2025-11-14T19:15:36.769+0000] {standard_task_runner.py:57} INFO - Started process 3922 to run task
[2025-11-14T19:15:36.772+0000] {standard_task_runner.py:84} INFO - Running: ['***', 'tasks', 'run', 'dbt_transform', 'dbt_run', 'scheduled__2025-11-14T19:10:35.634758+00:00', '--job-id', '102', '--raw', '--subdir', 'DAGS_FOLDER/dbt_dag.py', '--cfg-path', '/tmp/tmpsvdnrxrl']
[2025-11-14T19:15:36.774+0000] {standard_task_runner.py:85} INFO - Job 102: Subtask dbt_run
[2025-11-14T19:15:36.833+0000] {task_command.py:415} INFO - Running <TaskInstance: dbt_transform.dbt_run scheduled__2025-11-14T19:10:35.634758+00:00 [running]> on host 3f4da400579d
[2025-11-14T19:15:36.894+0000] {taskinstance.py:1660} INFO - Exporting env vars: AIRFLOW_CTX_DAG_OWNER='***' AIRFLOW_CTX_DAG_ID='dbt_transform' AIRFLOW_CTX_TASK_ID='dbt_run' AIRFLOW_CTX_EXECUTION_DATE='2025-11-14T19:10:35.634758+00:00' AIRFLOW_CTX_TRY_NUMBER='1' AIRFLOW_CTX_DAG_RUN_ID='scheduled__2025-11-14T19:10:35.634758+00:00'
[2025-11-14T19:15:36.896+0000] {subprocess.py:63} INFO - Tmp dir root location: /tmp
[2025-11-14T19:15:36.898+0000] {subprocess.py:75} INFO - Running command: ['/bin/bash', '-c', 'docker exec dbt_***_project-dbt-1 dbt run']
[2025-11-14T19:15:36.905+0000] {subprocess.py:86} INFO - Output:
[2025-11-14T19:15:38.386+0000] {subprocess.py:93} INFO - [0m19:15:38  Running with dbt=1.8.7
[2025-11-14T19:15:38.732+0000] {subprocess.py:93} INFO - [0m19:15:38  Registered adapter: sqlserver=1.8.7
[2025-11-14T19:15:40.018+0000] {subprocess.py:93} INFO - [0m19:15:40  Found 10 models, 18 data tests, 13 sources, 614 macros
[2025-11-14T19:15:40.022+0000] {subprocess.py:93} INFO - [0m19:15:40
[2025-11-14T19:15:40.189+0000] {subprocess.py:93} INFO - [0m19:15:40  Concurrency: 4 threads (target='dev')
[2025-11-14T19:15:40.190+0000] {subprocess.py:93} INFO - [0m19:15:40
[2025-11-14T19:15:40.195+0000] {subprocess.py:93} INFO - [0m19:15:40  1 of 10 START sql view model bronze.brnz_customers ............................. [RUN]
[2025-11-14T19:15:40.197+0000] {subprocess.py:93} INFO - [0m19:15:40  2 of 10 START sql view model bronze.brnz_example ............................... [RUN]
[2025-11-14T19:15:40.198+0000] {subprocess.py:93} INFO - [0m19:15:40  3 of 10 START sql view model bronze.brnz_products .............................. [RUN]
[2025-11-14T19:15:40.199+0000] {subprocess.py:93} INFO - [0m19:15:40  4 of 10 START sql view model bronze.brnz_sales_orders .......................... [RUN]
[2025-11-14T19:15:40.495+0000] {subprocess.py:93} INFO - [0m19:15:40  1 of 10 OK created sql view model bronze.brnz_customers ........................ [[32mOK[0m in 0.29s]
[2025-11-14T19:15:40.498+0000] {subprocess.py:93} INFO - [0m19:15:40  4 of 10 OK created sql view model bronze.brnz_sales_orders ..................... [[32mOK[0m in 0.29s]
[2025-11-14T19:15:40.500+0000] {subprocess.py:93} INFO - [0m19:15:40  3 of 10 OK created sql view model bronze.brnz_products ......................... [[32mOK[0m in 0.29s]
[2025-11-14T19:15:40.501+0000] {subprocess.py:93} INFO - [0m19:15:40  2 of 10 OK created sql view model bronze.brnz_example .......................... [[32mOK[0m in 0.29s]
[2025-11-14T19:15:40.509+0000] {subprocess.py:93} INFO - [0m19:15:40  5 of 10 START sql table model silver.slvr_customers ............................ [RUN]
[2025-11-14T19:15:40.513+0000] {subprocess.py:93} INFO - [0m19:15:40  6 of 10 START sql table model silver.slvr_sales_orders ......................... [RUN]
[2025-11-14T19:15:40.515+0000] {subprocess.py:93} INFO - [0m19:15:40  7 of 10 START sql table model silver.slvr_products ............................. [RUN]
[2025-11-14T19:15:40.760+0000] {subprocess.py:93} INFO - [0m19:15:40  7 of 10 OK created sql table model silver.slvr_products ........................ [[32mOK[0m in 0.24s]
[2025-11-14T19:15:40.828+0000] {subprocess.py:93} INFO - [0m19:15:40  5 of 10 OK created sql table model silver.slvr_customers ....................... [[32mOK[0m in 0.31s]
[2025-11-14T19:15:41.367+0000] {subprocess.py:93} INFO - [0m19:15:41  6 of 10 OK created sql table model silver.slvr_sales_orders .................... [[32mOK[0m in 0.85s]
[2025-11-14T19:15:41.371+0000] {subprocess.py:93} INFO - [0m19:15:41  8 of 10 START sql table model gold.gld_customer_metrics ........................ [RUN]
[2025-11-14T19:15:41.372+0000] {subprocess.py:93} INFO - [0m19:15:41  9 of 10 START sql table model gold.gld_product_performance ..................... [RUN]
[2025-11-14T19:15:41.373+0000] {subprocess.py:93} INFO - [0m19:15:41  10 of 10 START sql table model gold.gld_sales_summary .......................... [RUN]
[2025-11-14T19:15:41.830+0000] {subprocess.py:93} INFO - [0m19:15:41  10 of 10 OK created sql table model gold.gld_sales_summary ..................... [[32mOK[0m in 0.45s]
[2025-11-14T19:15:41.888+0000] {subprocess.py:93} INFO - [0m19:15:41  8 of 10 OK created sql table model gold.gld_customer_metrics ................... [[32mOK[0m in 0.51s]
[2025-11-14T19:15:41.939+0000] {subprocess.py:93} INFO - [0m19:15:41  9 of 10 OK created sql table model gold.gld_product_performance ................ [[32mOK[0m in 0.56s]
[2025-11-14T19:15:41.950+0000] {subprocess.py:93} INFO - [0m19:15:41
[2025-11-14T19:15:41.951+0000] {subprocess.py:93} INFO - [0m19:15:41  Finished running 4 view models, 6 table models in 0 hours 0 minutes and 1.93 seconds (1.93s).
[2025-11-14T19:15:42.022+0000] {subprocess.py:93} INFO - [0m19:15:42
[2025-11-14T19:15:42.023+0000] {subprocess.py:93} INFO - [0m19:15:42  [32mCompleted successfully[0m
[2025-11-14T19:15:42.025+0000] {subprocess.py:93} INFO - [0m19:15:42
[2025-11-14T19:15:42.026+0000] {subprocess.py:93} INFO - [0m19:15:42  Done. PASS=10 WARN=0 ERROR=0 SKIP=0 TOTAL=10
[2025-11-14T19:15:43.650+0000] {subprocess.py:97} INFO - Command exited with return code 0
[2025-11-14T19:15:43.667+0000] {taskinstance.py:1398} INFO - Marking task as SUCCESS. dag_id=dbt_transform, task_id=dbt_run, execution_date=20251114T191035, start_date=20251114T191536, end_date=20251114T191543
[2025-11-14T19:15:43.713+0000] {local_task_job_runner.py:228} INFO - Task exited with return code 0
[2025-11-14T19:15:43.728+0000] {taskinstance.py:2776} INFO - 1 downstream tasks scheduled from follow-on schedule check
