[2025-11-14T15:30:21.129+0000] {taskinstance.py:1157} INFO - Dependencies all met for dep_context=non-requeueable deps ti=<TaskInstance: dbt_transform.dbt_run scheduled__2025-11-14T15:19:55.562016+00:00 [queued]>
[2025-11-14T15:30:21.136+0000] {taskinstance.py:1157} INFO - Dependencies all met for dep_context=requeueable deps ti=<TaskInstance: dbt_transform.dbt_run scheduled__2025-11-14T15:19:55.562016+00:00 [queued]>
[2025-11-14T15:30:21.136+0000] {taskinstance.py:1359} INFO - Starting attempt 2 of 2
[2025-11-14T15:30:21.146+0000] {taskinstance.py:1380} INFO - Executing <Task(BashOperator): dbt_run> on 2025-11-14 15:19:55.562016+00:00
[2025-11-14T15:30:21.150+0000] {standard_task_runner.py:57} INFO - Started process 527 to run task
[2025-11-14T15:30:21.154+0000] {standard_task_runner.py:84} INFO - Running: ['***', 'tasks', 'run', 'dbt_transform', 'dbt_run', 'scheduled__2025-11-14T15:19:55.562016+00:00', '--job-id', '7', '--raw', '--subdir', 'DAGS_FOLDER/dbt_dag.py', '--cfg-path', '/tmp/tmpxj55jvg8']
[2025-11-14T15:30:21.157+0000] {standard_task_runner.py:85} INFO - Job 7: Subtask dbt_run
[2025-11-14T15:30:21.215+0000] {task_command.py:415} INFO - Running <TaskInstance: dbt_transform.dbt_run scheduled__2025-11-14T15:19:55.562016+00:00 [running]> on host 3f4da400579d
[2025-11-14T15:30:21.270+0000] {taskinstance.py:1660} INFO - Exporting env vars: AIRFLOW_CTX_DAG_OWNER='***' AIRFLOW_CTX_DAG_ID='dbt_transform' AIRFLOW_CTX_TASK_ID='dbt_run' AIRFLOW_CTX_EXECUTION_DATE='2025-11-14T15:19:55.562016+00:00' AIRFLOW_CTX_TRY_NUMBER='2' AIRFLOW_CTX_DAG_RUN_ID='scheduled__2025-11-14T15:19:55.562016+00:00'
[2025-11-14T15:30:21.272+0000] {subprocess.py:63} INFO - Tmp dir root location: /tmp
[2025-11-14T15:30:21.273+0000] {subprocess.py:75} INFO - Running command: ['/bin/bash', '-c', 'docker exec dbt_***_project-dbt-1 dbt run']
[2025-11-14T15:30:21.280+0000] {subprocess.py:86} INFO - Output:
[2025-11-14T15:30:22.684+0000] {subprocess.py:93} INFO - [0m15:30:22  Running with dbt=1.8.7
[2025-11-14T15:30:22.955+0000] {subprocess.py:93} INFO - [0m15:30:22  Registered adapter: sqlserver=1.8.7
[2025-11-14T15:30:24.026+0000] {subprocess.py:93} INFO - [0m15:30:24  Found 10 models, 18 data tests, 13 sources, 614 macros
[2025-11-14T15:30:24.031+0000] {subprocess.py:93} INFO - [0m15:30:24
[2025-11-14T15:30:24.182+0000] {subprocess.py:93} INFO - [0m15:30:24  Concurrency: 4 threads (target='dev')
[2025-11-14T15:30:24.182+0000] {subprocess.py:93} INFO - [0m15:30:24
[2025-11-14T15:30:24.189+0000] {subprocess.py:93} INFO - [0m15:30:24  1 of 10 START sql view model bronze.brnz_customers ............................. [RUN]
[2025-11-14T15:30:24.190+0000] {subprocess.py:93} INFO - [0m15:30:24  2 of 10 START sql view model bronze.brnz_example ............................... [RUN]
[2025-11-14T15:30:24.191+0000] {subprocess.py:93} INFO - [0m15:30:24  3 of 10 START sql view model bronze.brnz_products .............................. [RUN]
[2025-11-14T15:30:24.192+0000] {subprocess.py:93} INFO - [0m15:30:24  4 of 10 START sql view model bronze.brnz_sales_orders .......................... [RUN]
[2025-11-14T15:30:24.501+0000] {subprocess.py:93} INFO - [0m15:30:24  1 of 10 OK created sql view model bronze.brnz_customers ........................ [[32mOK[0m in 0.30s]
[2025-11-14T15:30:24.504+0000] {subprocess.py:93} INFO - [0m15:30:24  3 of 10 OK created sql view model bronze.brnz_products ......................... [[32mOK[0m in 0.30s]
[2025-11-14T15:30:24.507+0000] {subprocess.py:93} INFO - [0m15:30:24  2 of 10 OK created sql view model bronze.brnz_example .......................... [[32mOK[0m in 0.31s]
[2025-11-14T15:30:24.520+0000] {subprocess.py:93} INFO - [0m15:30:24  5 of 10 START sql table model silver.slvr_customers ............................ [RUN]
[2025-11-14T15:30:24.525+0000] {subprocess.py:93} INFO - [0m15:30:24  6 of 10 START sql table model silver.slvr_products ............................. [RUN]
[2025-11-14T15:30:24.529+0000] {subprocess.py:93} INFO - [0m15:30:24  4 of 10 OK created sql view model bronze.brnz_sales_orders ..................... [[32mOK[0m in 0.33s]
[2025-11-14T15:30:24.549+0000] {subprocess.py:93} INFO - [0m15:30:24  7 of 10 START sql table model silver.slvr_sales_orders ......................... [RUN]
[2025-11-14T15:30:25.058+0000] {subprocess.py:93} INFO - [0m15:30:25  5 of 10 OK created sql table model silver.slvr_customers ....................... [[32mOK[0m in 0.53s]
[2025-11-14T15:30:25.077+0000] {subprocess.py:93} INFO - [0m15:30:25  6 of 10 OK created sql table model silver.slvr_products ........................ [[32mOK[0m in 0.54s]
[2025-11-14T15:30:25.597+0000] {subprocess.py:93} INFO - [0m15:30:25  7 of 10 OK created sql table model silver.slvr_sales_orders .................... [[32mOK[0m in 1.04s]
[2025-11-14T15:30:25.603+0000] {subprocess.py:93} INFO - [0m15:30:25  8 of 10 START sql table model gold.gld_customer_metrics ........................ [RUN]
[2025-11-14T15:30:25.604+0000] {subprocess.py:93} INFO - [0m15:30:25  9 of 10 START sql table model gold.gld_product_performance ..................... [RUN]
[2025-11-14T15:30:25.605+0000] {subprocess.py:93} INFO - [0m15:30:25  10 of 10 START sql table model gold.gld_sales_summary .......................... [RUN]
[2025-11-14T15:30:26.109+0000] {subprocess.py:93} INFO - [0m15:30:26  10 of 10 OK created sql table model gold.gld_sales_summary ..................... [[32mOK[0m in 0.50s]
[2025-11-14T15:30:26.158+0000] {subprocess.py:93} INFO - [0m15:30:26  8 of 10 OK created sql table model gold.gld_customer_metrics ................... [[32mOK[0m in 0.55s]
[2025-11-14T15:30:26.260+0000] {subprocess.py:93} INFO - [0m15:30:26  9 of 10 OK created sql table model gold.gld_product_performance ................ [[32mOK[0m in 0.65s]
[2025-11-14T15:30:26.271+0000] {subprocess.py:93} INFO - [0m15:30:26
[2025-11-14T15:30:26.272+0000] {subprocess.py:93} INFO - [0m15:30:26  Finished running 4 view models, 6 table models in 0 hours 0 minutes and 2.24 seconds (2.24s).
[2025-11-14T15:30:26.349+0000] {subprocess.py:93} INFO - [0m15:30:26
[2025-11-14T15:30:26.351+0000] {subprocess.py:93} INFO - [0m15:30:26  [32mCompleted successfully[0m
[2025-11-14T15:30:26.352+0000] {subprocess.py:93} INFO - [0m15:30:26
[2025-11-14T15:30:26.354+0000] {subprocess.py:93} INFO - [0m15:30:26  Done. PASS=10 WARN=0 ERROR=0 SKIP=0 TOTAL=10
[2025-11-14T15:30:27.941+0000] {subprocess.py:97} INFO - Command exited with return code 0
[2025-11-14T15:30:27.961+0000] {taskinstance.py:1398} INFO - Marking task as SUCCESS. dag_id=dbt_transform, task_id=dbt_run, execution_date=20251114T151955, start_date=20251114T153021, end_date=20251114T153027
[2025-11-14T15:30:27.995+0000] {local_task_job_runner.py:228} INFO - Task exited with return code 0
[2025-11-14T15:30:28.009+0000] {taskinstance.py:2776} INFO - 1 downstream tasks scheduled from follow-on schedule check
