[2025-11-14T15:25:12.022+0000] {taskinstance.py:1157} INFO - Dependencies all met for dep_context=non-requeueable deps ti=<TaskInstance: dbt_transform.dbt_run scheduled__2025-11-14T15:19:55.562016+00:00 [queued]>
[2025-11-14T15:25:12.029+0000] {taskinstance.py:1157} INFO - Dependencies all met for dep_context=requeueable deps ti=<TaskInstance: dbt_transform.dbt_run scheduled__2025-11-14T15:19:55.562016+00:00 [queued]>
[2025-11-14T15:25:12.030+0000] {taskinstance.py:1359} INFO - Starting attempt 1 of 2
[2025-11-14T15:25:12.043+0000] {taskinstance.py:1380} INFO - Executing <Task(BashOperator): dbt_run> on 2025-11-14 15:19:55.562016+00:00
[2025-11-14T15:25:12.050+0000] {standard_task_runner.py:57} INFO - Started process 414 to run task
[2025-11-14T15:25:12.053+0000] {standard_task_runner.py:84} INFO - Running: ['***', 'tasks', 'run', 'dbt_transform', 'dbt_run', 'scheduled__2025-11-14T15:19:55.562016+00:00', '--job-id', '2', '--raw', '--subdir', 'DAGS_FOLDER/dbt_dag.py', '--cfg-path', '/tmp/tmpsl02tldm']
[2025-11-14T15:25:12.057+0000] {standard_task_runner.py:85} INFO - Job 2: Subtask dbt_run
[2025-11-14T15:25:12.127+0000] {task_command.py:415} INFO - Running <TaskInstance: dbt_transform.dbt_run scheduled__2025-11-14T15:19:55.562016+00:00 [running]> on host 3f4da400579d
[2025-11-14T15:25:12.193+0000] {taskinstance.py:1660} INFO - Exporting env vars: AIRFLOW_CTX_DAG_OWNER='***' AIRFLOW_CTX_DAG_ID='dbt_transform' AIRFLOW_CTX_TASK_ID='dbt_run' AIRFLOW_CTX_EXECUTION_DATE='2025-11-14T15:19:55.562016+00:00' AIRFLOW_CTX_TRY_NUMBER='1' AIRFLOW_CTX_DAG_RUN_ID='scheduled__2025-11-14T15:19:55.562016+00:00'
[2025-11-14T15:25:12.195+0000] {subprocess.py:63} INFO - Tmp dir root location: /tmp
[2025-11-14T15:25:12.197+0000] {subprocess.py:75} INFO - Running command: ['/bin/bash', '-c', 'docker exec dbt_***_project-dbt-1 dbt run']
[2025-11-14T15:25:12.205+0000] {subprocess.py:86} INFO - Output:
[2025-11-14T15:25:14.099+0000] {subprocess.py:93} INFO - [0m15:25:14  Running with dbt=1.8.7
[2025-11-14T15:25:14.656+0000] {subprocess.py:93} INFO - [0m15:25:14  Registered adapter: sqlserver=1.8.7
[2025-11-14T15:25:16.261+0000] {subprocess.py:93} INFO - [0m15:25:16  Found 10 models, 18 data tests, 13 sources, 614 macros
[2025-11-14T15:25:16.267+0000] {subprocess.py:93} INFO - [0m15:25:16
[2025-11-14T15:25:16.531+0000] {subprocess.py:93} INFO - [0m15:25:16  Concurrency: 4 threads (target='dev')
[2025-11-14T15:25:16.532+0000] {subprocess.py:93} INFO - [0m15:25:16
[2025-11-14T15:25:16.543+0000] {subprocess.py:93} INFO - [0m15:25:16  1 of 10 START sql view model bronze.brnz_customers ............................. [RUN]
[2025-11-14T15:25:16.545+0000] {subprocess.py:93} INFO - [0m15:25:16  2 of 10 START sql view model bronze.brnz_example ............................... [RUN]
[2025-11-14T15:25:16.547+0000] {subprocess.py:93} INFO - [0m15:25:16  3 of 10 START sql view model bronze.brnz_products .............................. [RUN]
[2025-11-14T15:25:16.549+0000] {subprocess.py:93} INFO - [0m15:25:16  4 of 10 START sql view model bronze.brnz_sales_orders .......................... [RUN]
[2025-11-14T15:25:16.776+0000] {subprocess.py:93} INFO - [0m15:25:16  [31mUnhandled error while executing target/run/dbt_sqlserver_project/models/bronze/brnz_products.sql[0m
[2025-11-14T15:25:16.777+0000] {subprocess.py:93} INFO - ('42S01', "[42S01] [Microsoft][ODBC Driver 17 for SQL Server][SQL Server]There is already an object named 'brnz_products__dbt_tmp' in the database. (2714) (SQLMoreResults)")
[2025-11-14T15:25:16.824+0000] {subprocess.py:93} INFO - [0m15:25:16  3 of 10 ERROR creating sql view model bronze.brnz_products ..................... [[31mERROR[0m in 0.25s]
[2025-11-14T15:25:16.855+0000] {subprocess.py:93} INFO - [0m15:25:16  5 of 10 SKIP relation silver.slvr_products ..................................... [[33mSKIP[0m]
[2025-11-14T15:25:16.900+0000] {subprocess.py:93} INFO - [0m15:25:16  2 of 10 OK created sql view model bronze.brnz_example .......................... [[32mOK[0m in 0.34s]
[2025-11-14T15:25:16.906+0000] {subprocess.py:93} INFO - [0m15:25:16  1 of 10 OK created sql view model bronze.brnz_customers ........................ [[32mOK[0m in 0.35s]
[2025-11-14T15:25:16.918+0000] {subprocess.py:93} INFO - [0m15:25:16  6 of 10 START sql table model silver.slvr_customers ............................ [RUN]
[2025-11-14T15:25:16.920+0000] {subprocess.py:93} INFO - [0m15:25:16  4 of 10 OK created sql view model bronze.brnz_sales_orders ..................... [[32mOK[0m in 0.36s]
[2025-11-14T15:25:16.935+0000] {subprocess.py:93} INFO - [0m15:25:16  7 of 10 START sql table model silver.slvr_sales_orders ......................... [RUN]
[2025-11-14T15:25:17.233+0000] {subprocess.py:93} INFO - [0m15:25:17  6 of 10 OK created sql table model silver.slvr_customers ....................... [[32mOK[0m in 0.31s]
[2025-11-14T15:25:17.892+0000] {subprocess.py:93} INFO - [0m15:25:17  7 of 10 OK created sql table model silver.slvr_sales_orders .................... [[32mOK[0m in 0.95s]
[2025-11-14T15:25:17.899+0000] {subprocess.py:93} INFO - [0m15:25:17  8 of 10 START sql table model gold.gld_customer_metrics ........................ [RUN]
[2025-11-14T15:25:17.900+0000] {subprocess.py:93} INFO - [0m15:25:17  9 of 10 SKIP relation gold.gld_product_performance ............................. [[33mSKIP[0m]
[2025-11-14T15:25:17.902+0000] {subprocess.py:93} INFO - [0m15:25:17  10 of 10 START sql table model gold.gld_sales_summary .......................... [RUN]
[2025-11-14T15:25:18.351+0000] {subprocess.py:93} INFO - [0m15:25:18  10 of 10 OK created sql table model gold.gld_sales_summary ..................... [[32mOK[0m in 0.44s]
[2025-11-14T15:25:18.465+0000] {subprocess.py:93} INFO - [0m15:25:18  8 of 10 OK created sql table model gold.gld_customer_metrics ................... [[32mOK[0m in 0.56s]
[2025-11-14T15:25:18.479+0000] {subprocess.py:93} INFO - [0m15:25:18
[2025-11-14T15:25:18.480+0000] {subprocess.py:93} INFO - [0m15:25:18  Finished running 4 view models, 6 table models in 0 hours 0 minutes and 2.21 seconds (2.21s).
[2025-11-14T15:25:18.565+0000] {subprocess.py:93} INFO - [0m15:25:18
[2025-11-14T15:25:18.566+0000] {subprocess.py:93} INFO - [0m15:25:18  [31mCompleted with 1 error and 0 warnings:[0m
[2025-11-14T15:25:18.568+0000] {subprocess.py:93} INFO - [0m15:25:18
[2025-11-14T15:25:18.570+0000] {subprocess.py:93} INFO - [0m15:25:18    ('42S01', "[42S01] [Microsoft][ODBC Driver 17 for SQL Server][SQL Server]There is already an object named 'brnz_products__dbt_tmp' in the database. (2714) (SQLMoreResults)")
[2025-11-14T15:25:18.572+0000] {subprocess.py:93} INFO - [0m15:25:18
[2025-11-14T15:25:18.573+0000] {subprocess.py:93} INFO - [0m15:25:18  Done. PASS=7 WARN=0 ERROR=1 SKIP=2 TOTAL=10
[2025-11-14T15:25:20.230+0000] {subprocess.py:97} INFO - Command exited with return code 1
[2025-11-14T15:25:20.244+0000] {taskinstance.py:1935} ERROR - Task failed with exception
Traceback (most recent call last):
  File "/home/airflow/.local/lib/python3.9/site-packages/airflow/operators/bash.py", line 210, in execute
    raise AirflowException(
airflow.exceptions.AirflowException: Bash command failed. The command returned a non-zero exit code 1.
[2025-11-14T15:25:20.248+0000] {taskinstance.py:1398} INFO - Marking task as UP_FOR_RETRY. dag_id=dbt_transform, task_id=dbt_run, execution_date=20251114T151955, start_date=20251114T152512, end_date=20251114T152520
[2025-11-14T15:25:20.260+0000] {standard_task_runner.py:104} ERROR - Failed to execute job 2 for task dbt_run (Bash command failed. The command returned a non-zero exit code 1.; 414)
[2025-11-14T15:25:20.271+0000] {local_task_job_runner.py:228} INFO - Task exited with return code 1
[2025-11-14T15:25:20.290+0000] {taskinstance.py:2776} INFO - 0 downstream tasks scheduled from follow-on schedule check
