[2025-11-14T21:35:37.072+0000] {taskinstance.py:1157} INFO - Dependencies all met for dep_context=non-requeueable deps ti=<TaskInstance: dbt_transform.dbt_run scheduled__2025-11-14T21:30:35.634758+00:00 [queued]>
[2025-11-14T21:35:37.079+0000] {taskinstance.py:1157} INFO - Dependencies all met for dep_context=requeueable deps ti=<TaskInstance: dbt_transform.dbt_run scheduled__2025-11-14T21:30:35.634758+00:00 [queued]>
[2025-11-14T21:35:37.079+0000] {taskinstance.py:1359} INFO - Starting attempt 1 of 2
[2025-11-14T21:35:37.088+0000] {taskinstance.py:1380} INFO - Executing <Task(BashOperator): dbt_run> on 2025-11-14 21:30:35.634758+00:00
[2025-11-14T21:35:37.092+0000] {standard_task_runner.py:57} INFO - Started process 5990 to run task
[2025-11-14T21:35:37.094+0000] {standard_task_runner.py:84} INFO - Running: ['***', 'tasks', 'run', 'dbt_transform', 'dbt_run', 'scheduled__2025-11-14T21:30:35.634758+00:00', '--job-id', '158', '--raw', '--subdir', 'DAGS_FOLDER/dbt_dag.py', '--cfg-path', '/tmp/tmpcg6mnt5k']
[2025-11-14T21:35:37.097+0000] {standard_task_runner.py:85} INFO - Job 158: Subtask dbt_run
[2025-11-14T21:35:37.155+0000] {task_command.py:415} INFO - Running <TaskInstance: dbt_transform.dbt_run scheduled__2025-11-14T21:30:35.634758+00:00 [running]> on host 3f4da400579d
[2025-11-14T21:35:37.218+0000] {taskinstance.py:1660} INFO - Exporting env vars: AIRFLOW_CTX_DAG_OWNER='***' AIRFLOW_CTX_DAG_ID='dbt_transform' AIRFLOW_CTX_TASK_ID='dbt_run' AIRFLOW_CTX_EXECUTION_DATE='2025-11-14T21:30:35.634758+00:00' AIRFLOW_CTX_TRY_NUMBER='1' AIRFLOW_CTX_DAG_RUN_ID='scheduled__2025-11-14T21:30:35.634758+00:00'
[2025-11-14T21:35:37.220+0000] {subprocess.py:63} INFO - Tmp dir root location: /tmp
[2025-11-14T21:35:37.221+0000] {subprocess.py:75} INFO - Running command: ['/bin/bash', '-c', 'docker exec dbt_***_project-dbt-1 dbt run']
[2025-11-14T21:35:37.229+0000] {subprocess.py:86} INFO - Output:
[2025-11-14T21:35:38.748+0000] {subprocess.py:93} INFO - [0m21:35:38  Running with dbt=1.8.7
[2025-11-14T21:35:39.087+0000] {subprocess.py:93} INFO - [0m21:35:39  Registered adapter: sqlserver=1.8.7
[2025-11-14T21:35:40.358+0000] {subprocess.py:93} INFO - [0m21:35:40  Found 10 models, 18 data tests, 13 sources, 614 macros
[2025-11-14T21:35:40.362+0000] {subprocess.py:93} INFO - [0m21:35:40
[2025-11-14T21:35:40.533+0000] {subprocess.py:93} INFO - [0m21:35:40  Concurrency: 4 threads (target='dev')
[2025-11-14T21:35:40.534+0000] {subprocess.py:93} INFO - [0m21:35:40
[2025-11-14T21:35:40.540+0000] {subprocess.py:93} INFO - [0m21:35:40  1 of 10 START sql view model bronze.brnz_customers ............................. [RUN]
[2025-11-14T21:35:40.542+0000] {subprocess.py:93} INFO - [0m21:35:40  2 of 10 START sql view model bronze.brnz_example ............................... [RUN]
[2025-11-14T21:35:40.543+0000] {subprocess.py:93} INFO - [0m21:35:40  3 of 10 START sql view model bronze.brnz_products .............................. [RUN]
[2025-11-14T21:35:40.544+0000] {subprocess.py:93} INFO - [0m21:35:40  4 of 10 START sql view model bronze.brnz_sales_orders .......................... [RUN]
[2025-11-14T21:35:40.834+0000] {subprocess.py:93} INFO - [0m21:35:40  1 of 10 OK created sql view model bronze.brnz_customers ........................ [[32mOK[0m in 0.28s]
[2025-11-14T21:35:40.837+0000] {subprocess.py:93} INFO - [0m21:35:40  3 of 10 OK created sql view model bronze.brnz_products ......................... [[32mOK[0m in 0.28s]
[2025-11-14T21:35:40.839+0000] {subprocess.py:93} INFO - [0m21:35:40  2 of 10 OK created sql view model bronze.brnz_example .......................... [[32mOK[0m in 0.29s]
[2025-11-14T21:35:40.841+0000] {subprocess.py:93} INFO - [0m21:35:40  4 of 10 OK created sql view model bronze.brnz_sales_orders ..................... [[32mOK[0m in 0.29s]
[2025-11-14T21:35:40.851+0000] {subprocess.py:93} INFO - [0m21:35:40  5 of 10 START sql table model silver.slvr_customers ............................ [RUN]
[2025-11-14T21:35:40.854+0000] {subprocess.py:93} INFO - [0m21:35:40  6 of 10 START sql table model silver.slvr_products ............................. [RUN]
[2025-11-14T21:35:40.857+0000] {subprocess.py:93} INFO - [0m21:35:40  7 of 10 START sql table model silver.slvr_sales_orders ......................... [RUN]
[2025-11-14T21:35:41.096+0000] {subprocess.py:93} INFO - [0m21:35:41  6 of 10 OK created sql table model silver.slvr_products ........................ [[32mOK[0m in 0.24s]
[2025-11-14T21:35:41.158+0000] {subprocess.py:93} INFO - [0m21:35:41  5 of 10 OK created sql table model silver.slvr_customers ....................... [[32mOK[0m in 0.30s]
[2025-11-14T21:35:41.701+0000] {subprocess.py:93} INFO - [0m21:35:41  7 of 10 OK created sql table model silver.slvr_sales_orders .................... [[32mOK[0m in 0.84s]
[2025-11-14T21:35:41.706+0000] {subprocess.py:93} INFO - [0m21:35:41  8 of 10 START sql table model gold.gld_customer_metrics ........................ [RUN]
[2025-11-14T21:35:41.708+0000] {subprocess.py:93} INFO - [0m21:35:41  9 of 10 START sql table model gold.gld_product_performance ..................... [RUN]
[2025-11-14T21:35:41.709+0000] {subprocess.py:93} INFO - [0m21:35:41  10 of 10 START sql table model gold.gld_sales_summary .......................... [RUN]
[2025-11-14T21:35:42.110+0000] {subprocess.py:93} INFO - [0m21:35:42  10 of 10 OK created sql table model gold.gld_sales_summary ..................... [[32mOK[0m in 0.40s]
[2025-11-14T21:35:42.279+0000] {subprocess.py:93} INFO - [0m21:35:42  9 of 10 OK created sql table model gold.gld_product_performance ................ [[32mOK[0m in 0.57s]
[2025-11-14T21:35:42.303+0000] {subprocess.py:93} INFO - [0m21:35:42  8 of 10 OK created sql table model gold.gld_customer_metrics ................... [[32mOK[0m in 0.59s]
[2025-11-14T21:35:42.311+0000] {subprocess.py:93} INFO - [0m21:35:42
[2025-11-14T21:35:42.312+0000] {subprocess.py:93} INFO - [0m21:35:42  Finished running 4 view models, 6 table models in 0 hours 0 minutes and 1.95 seconds (1.95s).
[2025-11-14T21:35:42.375+0000] {subprocess.py:93} INFO - [0m21:35:42
[2025-11-14T21:35:42.376+0000] {subprocess.py:93} INFO - [0m21:35:42  [32mCompleted successfully[0m
[2025-11-14T21:35:42.378+0000] {subprocess.py:93} INFO - [0m21:35:42
[2025-11-14T21:35:42.379+0000] {subprocess.py:93} INFO - [0m21:35:42  Done. PASS=10 WARN=0 ERROR=0 SKIP=0 TOTAL=10
[2025-11-14T21:35:44.053+0000] {subprocess.py:97} INFO - Command exited with return code 0
[2025-11-14T21:35:44.073+0000] {taskinstance.py:1398} INFO - Marking task as SUCCESS. dag_id=dbt_transform, task_id=dbt_run, execution_date=20251114T213035, start_date=20251114T213537, end_date=20251114T213544
[2025-11-14T21:35:44.125+0000] {local_task_job_runner.py:228} INFO - Task exited with return code 0
[2025-11-14T21:35:44.140+0000] {taskinstance.py:2776} INFO - 1 downstream tasks scheduled from follow-on schedule check
