[2025-11-15T00:15:35.070+0000] {taskinstance.py:1157} INFO - Dependencies all met for dep_context=non-requeueable deps ti=<TaskInstance: dbt_transform.dbt_run scheduled__2025-11-15T00:10:35.634758+00:00 [queued]>
[2025-11-15T00:15:35.076+0000] {taskinstance.py:1157} INFO - Dependencies all met for dep_context=requeueable deps ti=<TaskInstance: dbt_transform.dbt_run scheduled__2025-11-15T00:10:35.634758+00:00 [queued]>
[2025-11-15T00:15:35.076+0000] {taskinstance.py:1359} INFO - Starting attempt 1 of 2
[2025-11-15T00:15:35.085+0000] {taskinstance.py:1380} INFO - Executing <Task(BashOperator): dbt_run> on 2025-11-15 00:10:35.634758+00:00
[2025-11-15T00:15:35.090+0000] {standard_task_runner.py:57} INFO - Started process 8350 to run task
[2025-11-15T00:15:35.092+0000] {standard_task_runner.py:84} INFO - Running: ['***', 'tasks', 'run', 'dbt_transform', 'dbt_run', 'scheduled__2025-11-15T00:10:35.634758+00:00', '--job-id', '222', '--raw', '--subdir', 'DAGS_FOLDER/dbt_dag.py', '--cfg-path', '/tmp/tmp0bib1pcr']
[2025-11-15T00:15:35.095+0000] {standard_task_runner.py:85} INFO - Job 222: Subtask dbt_run
[2025-11-15T00:15:35.155+0000] {task_command.py:415} INFO - Running <TaskInstance: dbt_transform.dbt_run scheduled__2025-11-15T00:10:35.634758+00:00 [running]> on host 3f4da400579d
[2025-11-15T00:15:35.218+0000] {taskinstance.py:1660} INFO - Exporting env vars: AIRFLOW_CTX_DAG_OWNER='***' AIRFLOW_CTX_DAG_ID='dbt_transform' AIRFLOW_CTX_TASK_ID='dbt_run' AIRFLOW_CTX_EXECUTION_DATE='2025-11-15T00:10:35.634758+00:00' AIRFLOW_CTX_TRY_NUMBER='1' AIRFLOW_CTX_DAG_RUN_ID='scheduled__2025-11-15T00:10:35.634758+00:00'
[2025-11-15T00:15:35.219+0000] {subprocess.py:63} INFO - Tmp dir root location: /tmp
[2025-11-15T00:15:35.220+0000] {subprocess.py:75} INFO - Running command: ['/bin/bash', '-c', 'docker exec dbt_***_project-dbt-1 dbt run']
[2025-11-15T00:15:35.228+0000] {subprocess.py:86} INFO - Output:
[2025-11-15T00:15:36.764+0000] {subprocess.py:93} INFO - [0m00:15:36  Running with dbt=1.8.7
[2025-11-15T00:15:37.090+0000] {subprocess.py:93} INFO - [0m00:15:37  Registered adapter: sqlserver=1.8.7
[2025-11-15T00:15:38.221+0000] {subprocess.py:93} INFO - [0m00:15:38  Found 10 models, 18 data tests, 13 sources, 614 macros
[2025-11-15T00:15:38.225+0000] {subprocess.py:93} INFO - [0m00:15:38
[2025-11-15T00:15:38.394+0000] {subprocess.py:93} INFO - [0m00:15:38  Concurrency: 4 threads (target='dev')
[2025-11-15T00:15:38.395+0000] {subprocess.py:93} INFO - [0m00:15:38
[2025-11-15T00:15:38.402+0000] {subprocess.py:93} INFO - [0m00:15:38  1 of 10 START sql view model bronze.brnz_customers ............................. [RUN]
[2025-11-15T00:15:38.402+0000] {subprocess.py:93} INFO - [0m00:15:38  2 of 10 START sql view model bronze.brnz_example ............................... [RUN]
[2025-11-15T00:15:38.403+0000] {subprocess.py:93} INFO - [0m00:15:38  3 of 10 START sql view model bronze.brnz_products .............................. [RUN]
[2025-11-15T00:15:38.405+0000] {subprocess.py:93} INFO - [0m00:15:38  4 of 10 START sql view model bronze.brnz_sales_orders .......................... [RUN]
[2025-11-15T00:15:38.699+0000] {subprocess.py:93} INFO - [0m00:15:38  1 of 10 OK created sql view model bronze.brnz_customers ........................ [[32mOK[0m in 0.29s]
[2025-11-15T00:15:38.701+0000] {subprocess.py:93} INFO - [0m00:15:38  2 of 10 OK created sql view model bronze.brnz_example .......................... [[32mOK[0m in 0.29s]
[2025-11-15T00:15:38.703+0000] {subprocess.py:93} INFO - [0m00:15:38  3 of 10 OK created sql view model bronze.brnz_products ......................... [[32mOK[0m in 0.29s]
[2025-11-15T00:15:38.707+0000] {subprocess.py:93} INFO - [0m00:15:38  4 of 10 OK created sql view model bronze.brnz_sales_orders ..................... [[32mOK[0m in 0.29s]
[2025-11-15T00:15:38.716+0000] {subprocess.py:93} INFO - [0m00:15:38  5 of 10 START sql table model silver.slvr_customers ............................ [RUN]
[2025-11-15T00:15:38.719+0000] {subprocess.py:93} INFO - [0m00:15:38  6 of 10 START sql table model silver.slvr_products ............................. [RUN]
[2025-11-15T00:15:38.721+0000] {subprocess.py:93} INFO - [0m00:15:38  7 of 10 START sql table model silver.slvr_sales_orders ......................... [RUN]
[2025-11-15T00:15:38.984+0000] {subprocess.py:93} INFO - [0m00:15:38  6 of 10 OK created sql table model silver.slvr_products ........................ [[32mOK[0m in 0.26s]
[2025-11-15T00:15:39.043+0000] {subprocess.py:93} INFO - [0m00:15:39  5 of 10 OK created sql table model silver.slvr_customers ....................... [[32mOK[0m in 0.32s]
[2025-11-15T00:15:39.622+0000] {subprocess.py:93} INFO - [0m00:15:39  7 of 10 OK created sql table model silver.slvr_sales_orders .................... [[32mOK[0m in 0.89s]
[2025-11-15T00:15:39.626+0000] {subprocess.py:93} INFO - [0m00:15:39  8 of 10 START sql table model gold.gld_customer_metrics ........................ [RUN]
[2025-11-15T00:15:39.628+0000] {subprocess.py:93} INFO - [0m00:15:39  9 of 10 START sql table model gold.gld_product_performance ..................... [RUN]
[2025-11-15T00:15:39.629+0000] {subprocess.py:93} INFO - [0m00:15:39  10 of 10 START sql table model gold.gld_sales_summary .......................... [RUN]
[2025-11-15T00:15:40.034+0000] {subprocess.py:93} INFO - [0m00:15:40  10 of 10 OK created sql table model gold.gld_sales_summary ..................... [[32mOK[0m in 0.40s]
[2025-11-15T00:15:40.302+0000] {subprocess.py:93} INFO - [0m00:15:40  8 of 10 OK created sql table model gold.gld_customer_metrics ................... [[32mOK[0m in 0.67s]
[2025-11-15T00:15:40.303+0000] {subprocess.py:93} INFO - [0m00:15:40  9 of 10 OK created sql table model gold.gld_product_performance ................ [[32mOK[0m in 0.67s]
[2025-11-15T00:15:40.313+0000] {subprocess.py:93} INFO - [0m00:15:40
[2025-11-15T00:15:40.313+0000] {subprocess.py:93} INFO - [0m00:15:40  Finished running 4 view models, 6 table models in 0 hours 0 minutes and 2.09 seconds (2.09s).
[2025-11-15T00:15:40.375+0000] {subprocess.py:93} INFO - [0m00:15:40
[2025-11-15T00:15:40.377+0000] {subprocess.py:93} INFO - [0m00:15:40  [32mCompleted successfully[0m
[2025-11-15T00:15:40.378+0000] {subprocess.py:93} INFO - [0m00:15:40
[2025-11-15T00:15:40.380+0000] {subprocess.py:93} INFO - [0m00:15:40  Done. PASS=10 WARN=0 ERROR=0 SKIP=0 TOTAL=10
[2025-11-15T00:15:41.954+0000] {subprocess.py:97} INFO - Command exited with return code 0
[2025-11-15T00:15:41.972+0000] {taskinstance.py:1398} INFO - Marking task as SUCCESS. dag_id=dbt_transform, task_id=dbt_run, execution_date=20251115T001035, start_date=20251115T001535, end_date=20251115T001541
[2025-11-15T00:15:42.002+0000] {local_task_job_runner.py:228} INFO - Task exited with return code 0
[2025-11-15T00:15:42.018+0000] {taskinstance.py:2776} INFO - 1 downstream tasks scheduled from follow-on schedule check
