[2025-11-14T16:20:36.869+0000] {taskinstance.py:1157} INFO - Dependencies all met for dep_context=non-requeueable deps ti=<TaskInstance: dbt_transform.dbt_run scheduled__2025-11-14T16:15:35.634758+00:00 [queued]>
[2025-11-14T16:20:36.875+0000] {taskinstance.py:1157} INFO - Dependencies all met for dep_context=requeueable deps ti=<TaskInstance: dbt_transform.dbt_run scheduled__2025-11-14T16:15:35.634758+00:00 [queued]>
[2025-11-14T16:20:36.875+0000] {taskinstance.py:1359} INFO - Starting attempt 1 of 2
[2025-11-14T16:20:36.885+0000] {taskinstance.py:1380} INFO - Executing <Task(BashOperator): dbt_run> on 2025-11-14 16:15:35.634758+00:00
[2025-11-14T16:20:36.892+0000] {standard_task_runner.py:57} INFO - Started process 1338 to run task
[2025-11-14T16:20:36.897+0000] {standard_task_runner.py:84} INFO - Running: ['***', 'tasks', 'run', 'dbt_transform', 'dbt_run', 'scheduled__2025-11-14T16:15:35.634758+00:00', '--job-id', '32', '--raw', '--subdir', 'DAGS_FOLDER/dbt_dag.py', '--cfg-path', '/tmp/tmphcy9f46j']
[2025-11-14T16:20:36.901+0000] {standard_task_runner.py:85} INFO - Job 32: Subtask dbt_run
[2025-11-14T16:20:36.963+0000] {task_command.py:415} INFO - Running <TaskInstance: dbt_transform.dbt_run scheduled__2025-11-14T16:15:35.634758+00:00 [running]> on host 3f4da400579d
[2025-11-14T16:20:37.020+0000] {taskinstance.py:1660} INFO - Exporting env vars: AIRFLOW_CTX_DAG_OWNER='***' AIRFLOW_CTX_DAG_ID='dbt_transform' AIRFLOW_CTX_TASK_ID='dbt_run' AIRFLOW_CTX_EXECUTION_DATE='2025-11-14T16:15:35.634758+00:00' AIRFLOW_CTX_TRY_NUMBER='1' AIRFLOW_CTX_DAG_RUN_ID='scheduled__2025-11-14T16:15:35.634758+00:00'
[2025-11-14T16:20:37.022+0000] {subprocess.py:63} INFO - Tmp dir root location: /tmp
[2025-11-14T16:20:37.024+0000] {subprocess.py:75} INFO - Running command: ['/bin/bash', '-c', 'docker exec dbt_***_project-dbt-1 dbt run']
[2025-11-14T16:20:37.033+0000] {subprocess.py:86} INFO - Output:
[2025-11-14T16:20:38.539+0000] {subprocess.py:93} INFO - [0m16:20:38  Running with dbt=1.8.7
[2025-11-14T16:20:38.870+0000] {subprocess.py:93} INFO - [0m16:20:38  Registered adapter: sqlserver=1.8.7
[2025-11-14T16:20:40.118+0000] {subprocess.py:93} INFO - [0m16:20:40  Found 10 models, 18 data tests, 13 sources, 614 macros
[2025-11-14T16:20:40.122+0000] {subprocess.py:93} INFO - [0m16:20:40
[2025-11-14T16:20:40.293+0000] {subprocess.py:93} INFO - [0m16:20:40  Concurrency: 4 threads (target='dev')
[2025-11-14T16:20:40.294+0000] {subprocess.py:93} INFO - [0m16:20:40
[2025-11-14T16:20:40.301+0000] {subprocess.py:93} INFO - [0m16:20:40  1 of 10 START sql view model bronze.brnz_customers ............................. [RUN]
[2025-11-14T16:20:40.302+0000] {subprocess.py:93} INFO - [0m16:20:40  2 of 10 START sql view model bronze.brnz_example ............................... [RUN]
[2025-11-14T16:20:40.303+0000] {subprocess.py:93} INFO - [0m16:20:40  3 of 10 START sql view model bronze.brnz_products .............................. [RUN]
[2025-11-14T16:20:40.305+0000] {subprocess.py:93} INFO - [0m16:20:40  4 of 10 START sql view model bronze.brnz_sales_orders .......................... [RUN]
[2025-11-14T16:20:40.597+0000] {subprocess.py:93} INFO - [0m16:20:40  1 of 10 OK created sql view model bronze.brnz_customers ........................ [[32mOK[0m in 0.29s]
[2025-11-14T16:20:40.599+0000] {subprocess.py:93} INFO - [0m16:20:40  2 of 10 OK created sql view model bronze.brnz_example .......................... [[32mOK[0m in 0.29s]
[2025-11-14T16:20:40.601+0000] {subprocess.py:93} INFO - [0m16:20:40  4 of 10 OK created sql view model bronze.brnz_sales_orders ..................... [[32mOK[0m in 0.29s]
[2025-11-14T16:20:40.613+0000] {subprocess.py:93} INFO - [0m16:20:40  5 of 10 START sql table model silver.slvr_customers ............................ [RUN]
[2025-11-14T16:20:40.616+0000] {subprocess.py:93} INFO - [0m16:20:40  6 of 10 START sql table model silver.slvr_sales_orders ......................... [RUN]
[2025-11-14T16:20:40.619+0000] {subprocess.py:93} INFO - [0m16:20:40  3 of 10 OK created sql view model bronze.brnz_products ......................... [[32mOK[0m in 0.31s]
[2025-11-14T16:20:40.636+0000] {subprocess.py:93} INFO - [0m16:20:40  7 of 10 START sql table model silver.slvr_products ............................. [RUN]
[2025-11-14T16:20:40.843+0000] {subprocess.py:93} INFO - [0m16:20:40  7 of 10 OK created sql table model silver.slvr_products ........................ [[32mOK[0m in 0.20s]
[2025-11-14T16:20:41.072+0000] {subprocess.py:93} INFO - [0m16:20:41  5 of 10 OK created sql table model silver.slvr_customers ....................... [[32mOK[0m in 0.45s]
[2025-11-14T16:20:41.601+0000] {subprocess.py:93} INFO - [0m16:20:41  6 of 10 OK created sql table model silver.slvr_sales_orders .................... [[32mOK[0m in 0.98s]
[2025-11-14T16:20:41.606+0000] {subprocess.py:93} INFO - [0m16:20:41  8 of 10 START sql table model gold.gld_customer_metrics ........................ [RUN]
[2025-11-14T16:20:41.608+0000] {subprocess.py:93} INFO - [0m16:20:41  9 of 10 START sql table model gold.gld_product_performance ..................... [RUN]
[2025-11-14T16:20:41.609+0000] {subprocess.py:93} INFO - [0m16:20:41  10 of 10 START sql table model gold.gld_sales_summary .......................... [RUN]
[2025-11-14T16:20:42.014+0000] {subprocess.py:93} INFO - [0m16:20:42  10 of 10 OK created sql table model gold.gld_sales_summary ..................... [[32mOK[0m in 0.40s]
[2025-11-14T16:20:42.195+0000] {subprocess.py:93} INFO - [0m16:20:42  9 of 10 OK created sql table model gold.gld_product_performance ................ [[32mOK[0m in 0.58s]
[2025-11-14T16:20:42.213+0000] {subprocess.py:93} INFO - [0m16:20:42  8 of 10 OK created sql table model gold.gld_customer_metrics ................... [[32mOK[0m in 0.60s]
[2025-11-14T16:20:42.223+0000] {subprocess.py:93} INFO - [0m16:20:42
[2025-11-14T16:20:42.224+0000] {subprocess.py:93} INFO - [0m16:20:42  Finished running 4 view models, 6 table models in 0 hours 0 minutes and 2.10 seconds (2.10s).
[2025-11-14T16:20:42.296+0000] {subprocess.py:93} INFO - [0m16:20:42
[2025-11-14T16:20:42.297+0000] {subprocess.py:93} INFO - [0m16:20:42  [32mCompleted successfully[0m
[2025-11-14T16:20:42.299+0000] {subprocess.py:93} INFO - [0m16:20:42
[2025-11-14T16:20:42.301+0000] {subprocess.py:93} INFO - [0m16:20:42  Done. PASS=10 WARN=0 ERROR=0 SKIP=0 TOTAL=10
[2025-11-14T16:20:43.981+0000] {subprocess.py:97} INFO - Command exited with return code 0
[2025-11-14T16:20:43.998+0000] {taskinstance.py:1398} INFO - Marking task as SUCCESS. dag_id=dbt_transform, task_id=dbt_run, execution_date=20251114T161535, start_date=20251114T162036, end_date=20251114T162043
[2025-11-14T16:20:44.030+0000] {local_task_job_runner.py:228} INFO - Task exited with return code 0
[2025-11-14T16:20:44.045+0000] {taskinstance.py:2776} INFO - 1 downstream tasks scheduled from follow-on schedule check
