[2025-11-14T21:20:36.280+0000] {taskinstance.py:1157} INFO - Dependencies all met for dep_context=non-requeueable deps ti=<TaskInstance: dbt_transform.dbt_run scheduled__2025-11-14T21:15:35.634758+00:00 [queued]>
[2025-11-14T21:20:36.286+0000] {taskinstance.py:1157} INFO - Dependencies all met for dep_context=requeueable deps ti=<TaskInstance: dbt_transform.dbt_run scheduled__2025-11-14T21:15:35.634758+00:00 [queued]>
[2025-11-14T21:20:36.287+0000] {taskinstance.py:1359} INFO - Starting attempt 1 of 2
[2025-11-14T21:20:36.295+0000] {taskinstance.py:1380} INFO - Executing <Task(BashOperator): dbt_run> on 2025-11-14 21:15:35.634758+00:00
[2025-11-14T21:20:36.299+0000] {standard_task_runner.py:57} INFO - Started process 5773 to run task
[2025-11-14T21:20:36.302+0000] {standard_task_runner.py:84} INFO - Running: ['***', 'tasks', 'run', 'dbt_transform', 'dbt_run', 'scheduled__2025-11-14T21:15:35.634758+00:00', '--job-id', '152', '--raw', '--subdir', 'DAGS_FOLDER/dbt_dag.py', '--cfg-path', '/tmp/tmps9ou9pvf']
[2025-11-14T21:20:36.304+0000] {standard_task_runner.py:85} INFO - Job 152: Subtask dbt_run
[2025-11-14T21:20:36.362+0000] {task_command.py:415} INFO - Running <TaskInstance: dbt_transform.dbt_run scheduled__2025-11-14T21:15:35.634758+00:00 [running]> on host 3f4da400579d
[2025-11-14T21:20:36.423+0000] {taskinstance.py:1660} INFO - Exporting env vars: AIRFLOW_CTX_DAG_OWNER='***' AIRFLOW_CTX_DAG_ID='dbt_transform' AIRFLOW_CTX_TASK_ID='dbt_run' AIRFLOW_CTX_EXECUTION_DATE='2025-11-14T21:15:35.634758+00:00' AIRFLOW_CTX_TRY_NUMBER='1' AIRFLOW_CTX_DAG_RUN_ID='scheduled__2025-11-14T21:15:35.634758+00:00'
[2025-11-14T21:20:36.425+0000] {subprocess.py:63} INFO - Tmp dir root location: /tmp
[2025-11-14T21:20:36.427+0000] {subprocess.py:75} INFO - Running command: ['/bin/bash', '-c', 'docker exec dbt_***_project-dbt-1 dbt run']
[2025-11-14T21:20:36.434+0000] {subprocess.py:86} INFO - Output:
[2025-11-14T21:20:37.973+0000] {subprocess.py:93} INFO - [0m21:20:37  Running with dbt=1.8.7
[2025-11-14T21:20:38.317+0000] {subprocess.py:93} INFO - [0m21:20:38  Registered adapter: sqlserver=1.8.7
[2025-11-14T21:20:39.507+0000] {subprocess.py:93} INFO - [0m21:20:39  Found 10 models, 18 data tests, 13 sources, 614 macros
[2025-11-14T21:20:39.511+0000] {subprocess.py:93} INFO - [0m21:20:39
[2025-11-14T21:20:39.686+0000] {subprocess.py:93} INFO - [0m21:20:39  Concurrency: 4 threads (target='dev')
[2025-11-14T21:20:39.687+0000] {subprocess.py:93} INFO - [0m21:20:39
[2025-11-14T21:20:39.694+0000] {subprocess.py:93} INFO - [0m21:20:39  1 of 10 START sql view model bronze.brnz_customers ............................. [RUN]
[2025-11-14T21:20:39.695+0000] {subprocess.py:93} INFO - [0m21:20:39  2 of 10 START sql view model bronze.brnz_example ............................... [RUN]
[2025-11-14T21:20:39.696+0000] {subprocess.py:93} INFO - [0m21:20:39  3 of 10 START sql view model bronze.brnz_products .............................. [RUN]
[2025-11-14T21:20:39.698+0000] {subprocess.py:93} INFO - [0m21:20:39  4 of 10 START sql view model bronze.brnz_sales_orders .......................... [RUN]
[2025-11-14T21:20:39.981+0000] {subprocess.py:93} INFO - [0m21:20:39  1 of 10 OK created sql view model bronze.brnz_customers ........................ [[32mOK[0m in 0.28s]
[2025-11-14T21:20:39.985+0000] {subprocess.py:93} INFO - [0m21:20:39  4 of 10 OK created sql view model bronze.brnz_sales_orders ..................... [[32mOK[0m in 0.28s]
[2025-11-14T21:20:39.987+0000] {subprocess.py:93} INFO - [0m21:20:39  2 of 10 OK created sql view model bronze.brnz_example .......................... [[32mOK[0m in 0.28s]
[2025-11-14T21:20:39.996+0000] {subprocess.py:93} INFO - [0m21:20:39  5 of 10 START sql table model silver.slvr_customers ............................ [RUN]
[2025-11-14T21:20:39.999+0000] {subprocess.py:93} INFO - [0m21:20:39  6 of 10 START sql table model silver.slvr_sales_orders ......................... [RUN]
[2025-11-14T21:20:40.005+0000] {subprocess.py:93} INFO - [0m21:20:40  3 of 10 OK created sql view model bronze.brnz_products ......................... [[32mOK[0m in 0.30s]
[2025-11-14T21:20:40.021+0000] {subprocess.py:93} INFO - [0m21:20:40  7 of 10 START sql table model silver.slvr_products ............................. [RUN]
[2025-11-14T21:20:40.257+0000] {subprocess.py:93} INFO - [0m21:20:40  7 of 10 OK created sql table model silver.slvr_products ........................ [[32mOK[0m in 0.23s]
[2025-11-14T21:20:40.322+0000] {subprocess.py:93} INFO - [0m21:20:40  5 of 10 OK created sql table model silver.slvr_customers ....................... [[32mOK[0m in 0.32s]
[2025-11-14T21:20:40.906+0000] {subprocess.py:93} INFO - [0m21:20:40  6 of 10 OK created sql table model silver.slvr_sales_orders .................... [[32mOK[0m in 0.90s]
[2025-11-14T21:20:40.910+0000] {subprocess.py:93} INFO - [0m21:20:40  8 of 10 START sql table model gold.gld_customer_metrics ........................ [RUN]
[2025-11-14T21:20:40.911+0000] {subprocess.py:93} INFO - [0m21:20:40  9 of 10 START sql table model gold.gld_product_performance ..................... [RUN]
[2025-11-14T21:20:40.912+0000] {subprocess.py:93} INFO - [0m21:20:40  10 of 10 START sql table model gold.gld_sales_summary .......................... [RUN]
[2025-11-14T21:20:41.334+0000] {subprocess.py:93} INFO - [0m21:20:41  10 of 10 OK created sql table model gold.gld_sales_summary ..................... [[32mOK[0m in 0.42s]
[2025-11-14T21:20:41.490+0000] {subprocess.py:93} INFO - [0m21:20:41  9 of 10 OK created sql table model gold.gld_product_performance ................ [[32mOK[0m in 0.57s]
[2025-11-14T21:20:41.506+0000] {subprocess.py:93} INFO - [0m21:20:41  8 of 10 OK created sql table model gold.gld_customer_metrics ................... [[32mOK[0m in 0.59s]
[2025-11-14T21:20:41.515+0000] {subprocess.py:93} INFO - [0m21:20:41
[2025-11-14T21:20:41.516+0000] {subprocess.py:93} INFO - [0m21:20:41  Finished running 4 view models, 6 table models in 0 hours 0 minutes and 2.00 seconds (2.00s).
[2025-11-14T21:20:41.582+0000] {subprocess.py:93} INFO - [0m21:20:41
[2025-11-14T21:20:41.583+0000] {subprocess.py:93} INFO - [0m21:20:41  [32mCompleted successfully[0m
[2025-11-14T21:20:41.585+0000] {subprocess.py:93} INFO - [0m21:20:41
[2025-11-14T21:20:41.586+0000] {subprocess.py:93} INFO - [0m21:20:41  Done. PASS=10 WARN=0 ERROR=0 SKIP=0 TOTAL=10
[2025-11-14T21:20:43.053+0000] {subprocess.py:97} INFO - Command exited with return code 0
[2025-11-14T21:20:43.070+0000] {taskinstance.py:1398} INFO - Marking task as SUCCESS. dag_id=dbt_transform, task_id=dbt_run, execution_date=20251114T211535, start_date=20251114T212036, end_date=20251114T212043
[2025-11-14T21:20:43.091+0000] {local_task_job_runner.py:228} INFO - Task exited with return code 0
[2025-11-14T21:20:43.106+0000] {taskinstance.py:2776} INFO - 1 downstream tasks scheduled from follow-on schedule check
