[2025-11-14T19:35:36.523+0000] {taskinstance.py:1157} INFO - Dependencies all met for dep_context=non-requeueable deps ti=<TaskInstance: dbt_transform.dbt_run scheduled__2025-11-14T19:30:35.634758+00:00 [queued]>
[2025-11-14T19:35:36.530+0000] {taskinstance.py:1157} INFO - Dependencies all met for dep_context=requeueable deps ti=<TaskInstance: dbt_transform.dbt_run scheduled__2025-11-14T19:30:35.634758+00:00 [queued]>
[2025-11-14T19:35:36.530+0000] {taskinstance.py:1359} INFO - Starting attempt 1 of 2
[2025-11-14T19:35:36.539+0000] {taskinstance.py:1380} INFO - Executing <Task(BashOperator): dbt_run> on 2025-11-14 19:30:35.634758+00:00
[2025-11-14T19:35:36.543+0000] {standard_task_runner.py:57} INFO - Started process 4219 to run task
[2025-11-14T19:35:36.546+0000] {standard_task_runner.py:84} INFO - Running: ['***', 'tasks', 'run', 'dbt_transform', 'dbt_run', 'scheduled__2025-11-14T19:30:35.634758+00:00', '--job-id', '110', '--raw', '--subdir', 'DAGS_FOLDER/dbt_dag.py', '--cfg-path', '/tmp/tmp1dnjsi3e']
[2025-11-14T19:35:36.548+0000] {standard_task_runner.py:85} INFO - Job 110: Subtask dbt_run
[2025-11-14T19:35:36.604+0000] {task_command.py:415} INFO - Running <TaskInstance: dbt_transform.dbt_run scheduled__2025-11-14T19:30:35.634758+00:00 [running]> on host 3f4da400579d
[2025-11-14T19:35:36.664+0000] {taskinstance.py:1660} INFO - Exporting env vars: AIRFLOW_CTX_DAG_OWNER='***' AIRFLOW_CTX_DAG_ID='dbt_transform' AIRFLOW_CTX_TASK_ID='dbt_run' AIRFLOW_CTX_EXECUTION_DATE='2025-11-14T19:30:35.634758+00:00' AIRFLOW_CTX_TRY_NUMBER='1' AIRFLOW_CTX_DAG_RUN_ID='scheduled__2025-11-14T19:30:35.634758+00:00'
[2025-11-14T19:35:36.666+0000] {subprocess.py:63} INFO - Tmp dir root location: /tmp
[2025-11-14T19:35:36.667+0000] {subprocess.py:75} INFO - Running command: ['/bin/bash', '-c', 'docker exec dbt_***_project-dbt-1 dbt run']
[2025-11-14T19:35:36.676+0000] {subprocess.py:86} INFO - Output:
[2025-11-14T19:35:38.227+0000] {subprocess.py:93} INFO - [0m19:35:38  Running with dbt=1.8.7
[2025-11-14T19:35:38.614+0000] {subprocess.py:93} INFO - [0m19:35:38  Registered adapter: sqlserver=1.8.7
[2025-11-14T19:35:40.252+0000] {subprocess.py:93} INFO - [0m19:35:40  Found 10 models, 18 data tests, 13 sources, 614 macros
[2025-11-14T19:35:40.257+0000] {subprocess.py:93} INFO - [0m19:35:40
[2025-11-14T19:35:40.453+0000] {subprocess.py:93} INFO - [0m19:35:40  Concurrency: 4 threads (target='dev')
[2025-11-14T19:35:40.455+0000] {subprocess.py:93} INFO - [0m19:35:40
[2025-11-14T19:35:40.461+0000] {subprocess.py:93} INFO - [0m19:35:40  1 of 10 START sql view model bronze.brnz_customers ............................. [RUN]
[2025-11-14T19:35:40.463+0000] {subprocess.py:93} INFO - [0m19:35:40  2 of 10 START sql view model bronze.brnz_example ............................... [RUN]
[2025-11-14T19:35:40.464+0000] {subprocess.py:93} INFO - [0m19:35:40  3 of 10 START sql view model bronze.brnz_products .............................. [RUN]
[2025-11-14T19:35:40.466+0000] {subprocess.py:93} INFO - [0m19:35:40  4 of 10 START sql view model bronze.brnz_sales_orders .......................... [RUN]
[2025-11-14T19:35:40.765+0000] {subprocess.py:93} INFO - [0m19:35:40  2 of 10 OK created sql view model bronze.brnz_example .......................... [[32mOK[0m in 0.29s]
[2025-11-14T19:35:40.772+0000] {subprocess.py:93} INFO - [0m19:35:40  1 of 10 OK created sql view model bronze.brnz_customers ........................ [[32mOK[0m in 0.30s]
[2025-11-14T19:35:40.774+0000] {subprocess.py:93} INFO - [0m19:35:40  4 of 10 OK created sql view model bronze.brnz_sales_orders ..................... [[32mOK[0m in 0.30s]
[2025-11-14T19:35:40.775+0000] {subprocess.py:93} INFO - [0m19:35:40  3 of 10 OK created sql view model bronze.brnz_products ......................... [[32mOK[0m in 0.30s]
[2025-11-14T19:35:40.785+0000] {subprocess.py:93} INFO - [0m19:35:40  5 of 10 START sql table model silver.slvr_customers ............................ [RUN]
[2025-11-14T19:35:40.787+0000] {subprocess.py:93} INFO - [0m19:35:40  6 of 10 START sql table model silver.slvr_sales_orders ......................... [RUN]
[2025-11-14T19:35:40.788+0000] {subprocess.py:93} INFO - [0m19:35:40  7 of 10 START sql table model silver.slvr_products ............................. [RUN]
[2025-11-14T19:35:41.082+0000] {subprocess.py:93} INFO - [0m19:35:41  7 of 10 OK created sql table model silver.slvr_products ........................ [[32mOK[0m in 0.29s]
[2025-11-14T19:35:41.120+0000] {subprocess.py:93} INFO - [0m19:35:41  5 of 10 OK created sql table model silver.slvr_customers ....................... [[32mOK[0m in 0.33s]
[2025-11-14T19:35:41.692+0000] {subprocess.py:93} INFO - [0m19:35:41  6 of 10 OK created sql table model silver.slvr_sales_orders .................... [[32mOK[0m in 0.90s]
[2025-11-14T19:35:41.697+0000] {subprocess.py:93} INFO - [0m19:35:41  8 of 10 START sql table model gold.gld_customer_metrics ........................ [RUN]
[2025-11-14T19:35:41.697+0000] {subprocess.py:93} INFO - [0m19:35:41  9 of 10 START sql table model gold.gld_product_performance ..................... [RUN]
[2025-11-14T19:35:41.699+0000] {subprocess.py:93} INFO - [0m19:35:41  10 of 10 START sql table model gold.gld_sales_summary .......................... [RUN]
[2025-11-14T19:35:42.107+0000] {subprocess.py:93} INFO - [0m19:35:42  10 of 10 OK created sql table model gold.gld_sales_summary ..................... [[32mOK[0m in 0.40s]
[2025-11-14T19:35:42.293+0000] {subprocess.py:93} INFO - [0m19:35:42  9 of 10 OK created sql table model gold.gld_product_performance ................ [[32mOK[0m in 0.59s]
[2025-11-14T19:35:42.305+0000] {subprocess.py:93} INFO - [0m19:35:42  8 of 10 OK created sql table model gold.gld_customer_metrics ................... [[32mOK[0m in 0.60s]
[2025-11-14T19:35:42.313+0000] {subprocess.py:93} INFO - [0m19:35:42
[2025-11-14T19:35:42.314+0000] {subprocess.py:93} INFO - [0m19:35:42  Finished running 4 view models, 6 table models in 0 hours 0 minutes and 2.05 seconds (2.05s).
[2025-11-14T19:35:42.379+0000] {subprocess.py:93} INFO - [0m19:35:42
[2025-11-14T19:35:42.380+0000] {subprocess.py:93} INFO - [0m19:35:42  [32mCompleted successfully[0m
[2025-11-14T19:35:42.381+0000] {subprocess.py:93} INFO - [0m19:35:42
[2025-11-14T19:35:42.383+0000] {subprocess.py:93} INFO - [0m19:35:42  Done. PASS=10 WARN=0 ERROR=0 SKIP=0 TOTAL=10
[2025-11-14T19:35:43.929+0000] {subprocess.py:97} INFO - Command exited with return code 0
[2025-11-14T19:35:43.948+0000] {taskinstance.py:1398} INFO - Marking task as SUCCESS. dag_id=dbt_transform, task_id=dbt_run, execution_date=20251114T193035, start_date=20251114T193536, end_date=20251114T193543
[2025-11-14T19:35:43.963+0000] {local_task_job_runner.py:228} INFO - Task exited with return code 0
[2025-11-14T19:35:43.979+0000] {taskinstance.py:2776} INFO - 1 downstream tasks scheduled from follow-on schedule check
