[2025-11-14T22:05:36.974+0000] {taskinstance.py:1157} INFO - Dependencies all met for dep_context=non-requeueable deps ti=<TaskInstance: dbt_transform.dbt_run scheduled__2025-11-14T22:00:35.634758+00:00 [queued]>
[2025-11-14T22:05:36.979+0000] {taskinstance.py:1157} INFO - Dependencies all met for dep_context=requeueable deps ti=<TaskInstance: dbt_transform.dbt_run scheduled__2025-11-14T22:00:35.634758+00:00 [queued]>
[2025-11-14T22:05:36.980+0000] {taskinstance.py:1359} INFO - Starting attempt 1 of 2
[2025-11-14T22:05:36.990+0000] {taskinstance.py:1380} INFO - Executing <Task(BashOperator): dbt_run> on 2025-11-14 22:00:35.634758+00:00
[2025-11-14T22:05:36.994+0000] {standard_task_runner.py:57} INFO - Started process 6432 to run task
[2025-11-14T22:05:36.996+0000] {standard_task_runner.py:84} INFO - Running: ['***', 'tasks', 'run', 'dbt_transform', 'dbt_run', 'scheduled__2025-11-14T22:00:35.634758+00:00', '--job-id', '170', '--raw', '--subdir', 'DAGS_FOLDER/dbt_dag.py', '--cfg-path', '/tmp/tmp_hhxgfcs']
[2025-11-14T22:05:36.999+0000] {standard_task_runner.py:85} INFO - Job 170: Subtask dbt_run
[2025-11-14T22:05:37.062+0000] {task_command.py:415} INFO - Running <TaskInstance: dbt_transform.dbt_run scheduled__2025-11-14T22:00:35.634758+00:00 [running]> on host 3f4da400579d
[2025-11-14T22:05:37.128+0000] {taskinstance.py:1660} INFO - Exporting env vars: AIRFLOW_CTX_DAG_OWNER='***' AIRFLOW_CTX_DAG_ID='dbt_transform' AIRFLOW_CTX_TASK_ID='dbt_run' AIRFLOW_CTX_EXECUTION_DATE='2025-11-14T22:00:35.634758+00:00' AIRFLOW_CTX_TRY_NUMBER='1' AIRFLOW_CTX_DAG_RUN_ID='scheduled__2025-11-14T22:00:35.634758+00:00'
[2025-11-14T22:05:37.129+0000] {subprocess.py:63} INFO - Tmp dir root location: /tmp
[2025-11-14T22:05:37.131+0000] {subprocess.py:75} INFO - Running command: ['/bin/bash', '-c', 'docker exec dbt_***_project-dbt-1 dbt run']
[2025-11-14T22:05:37.139+0000] {subprocess.py:86} INFO - Output:
[2025-11-14T22:05:38.677+0000] {subprocess.py:93} INFO - [0m22:05:38  Running with dbt=1.8.7
[2025-11-14T22:05:39.019+0000] {subprocess.py:93} INFO - [0m22:05:39  Registered adapter: sqlserver=1.8.7
[2025-11-14T22:05:40.394+0000] {subprocess.py:93} INFO - [0m22:05:40  Found 10 models, 18 data tests, 13 sources, 614 macros
[2025-11-14T22:05:40.398+0000] {subprocess.py:93} INFO - [0m22:05:40
[2025-11-14T22:05:40.578+0000] {subprocess.py:93} INFO - [0m22:05:40  Concurrency: 4 threads (target='dev')
[2025-11-14T22:05:40.579+0000] {subprocess.py:93} INFO - [0m22:05:40
[2025-11-14T22:05:40.585+0000] {subprocess.py:93} INFO - [0m22:05:40  1 of 10 START sql view model bronze.brnz_customers ............................. [RUN]
[2025-11-14T22:05:40.586+0000] {subprocess.py:93} INFO - [0m22:05:40  2 of 10 START sql view model bronze.brnz_example ............................... [RUN]
[2025-11-14T22:05:40.588+0000] {subprocess.py:93} INFO - [0m22:05:40  3 of 10 START sql view model bronze.brnz_products .............................. [RUN]
[2025-11-14T22:05:40.589+0000] {subprocess.py:93} INFO - [0m22:05:40  4 of 10 START sql view model bronze.brnz_sales_orders .......................... [RUN]
[2025-11-14T22:05:40.868+0000] {subprocess.py:93} INFO - [0m22:05:40  2 of 10 OK created sql view model bronze.brnz_example .......................... [[32mOK[0m in 0.27s]
[2025-11-14T22:05:40.873+0000] {subprocess.py:93} INFO - [0m22:05:40  3 of 10 OK created sql view model bronze.brnz_products ......................... [[32mOK[0m in 0.28s]
[2025-11-14T22:05:40.874+0000] {subprocess.py:93} INFO - [0m22:05:40  4 of 10 OK created sql view model bronze.brnz_sales_orders ..................... [[32mOK[0m in 0.28s]
[2025-11-14T22:05:40.885+0000] {subprocess.py:93} INFO - [0m22:05:40  5 of 10 START sql table model silver.slvr_products ............................. [RUN]
[2025-11-14T22:05:40.887+0000] {subprocess.py:93} INFO - [0m22:05:40  6 of 10 START sql table model silver.slvr_sales_orders ......................... [RUN]
[2025-11-14T22:05:40.890+0000] {subprocess.py:93} INFO - [0m22:05:40  1 of 10 OK created sql view model bronze.brnz_customers ........................ [[32mOK[0m in 0.30s]
[2025-11-14T22:05:40.907+0000] {subprocess.py:93} INFO - [0m22:05:40  7 of 10 START sql table model silver.slvr_customers ............................ [RUN]
[2025-11-14T22:05:41.243+0000] {subprocess.py:93} INFO - [0m22:05:41  7 of 10 OK created sql table model silver.slvr_customers ....................... [[32mOK[0m in 0.33s]
[2025-11-14T22:05:41.253+0000] {subprocess.py:93} INFO - [0m22:05:41  5 of 10 OK created sql table model silver.slvr_products ........................ [[32mOK[0m in 0.36s]
[2025-11-14T22:05:41.799+0000] {subprocess.py:93} INFO - [0m22:05:41  6 of 10 OK created sql table model silver.slvr_sales_orders .................... [[32mOK[0m in 0.91s]
[2025-11-14T22:05:41.803+0000] {subprocess.py:93} INFO - [0m22:05:41  8 of 10 START sql table model gold.gld_customer_metrics ........................ [RUN]
[2025-11-14T22:05:41.804+0000] {subprocess.py:93} INFO - [0m22:05:41  9 of 10 START sql table model gold.gld_product_performance ..................... [RUN]
[2025-11-14T22:05:41.805+0000] {subprocess.py:93} INFO - [0m22:05:41  10 of 10 START sql table model gold.gld_sales_summary .......................... [RUN]
[2025-11-14T22:05:42.269+0000] {subprocess.py:93} INFO - [0m22:05:42  10 of 10 OK created sql table model gold.gld_sales_summary ..................... [[32mOK[0m in 0.46s]
[2025-11-14T22:05:42.351+0000] {subprocess.py:93} INFO - [0m22:05:42  8 of 10 OK created sql table model gold.gld_customer_metrics ................... [[32mOK[0m in 0.54s]
[2025-11-14T22:05:42.412+0000] {subprocess.py:93} INFO - [0m22:05:42  9 of 10 OK created sql table model gold.gld_product_performance ................ [[32mOK[0m in 0.60s]
[2025-11-14T22:05:42.422+0000] {subprocess.py:93} INFO - [0m22:05:42
[2025-11-14T22:05:42.423+0000] {subprocess.py:93} INFO - [0m22:05:42  Finished running 4 view models, 6 table models in 0 hours 0 minutes and 2.02 seconds (2.02s).
[2025-11-14T22:05:42.491+0000] {subprocess.py:93} INFO - [0m22:05:42
[2025-11-14T22:05:42.492+0000] {subprocess.py:93} INFO - [0m22:05:42  [32mCompleted successfully[0m
[2025-11-14T22:05:42.493+0000] {subprocess.py:93} INFO - [0m22:05:42
[2025-11-14T22:05:42.495+0000] {subprocess.py:93} INFO - [0m22:05:42  Done. PASS=10 WARN=0 ERROR=0 SKIP=0 TOTAL=10
[2025-11-14T22:05:44.079+0000] {subprocess.py:97} INFO - Command exited with return code 0
[2025-11-14T22:05:44.096+0000] {taskinstance.py:1398} INFO - Marking task as SUCCESS. dag_id=dbt_transform, task_id=dbt_run, execution_date=20251114T220035, start_date=20251114T220536, end_date=20251114T220544
[2025-11-14T22:05:44.136+0000] {local_task_job_runner.py:228} INFO - Task exited with return code 0
[2025-11-14T22:05:44.154+0000] {taskinstance.py:2776} INFO - 1 downstream tasks scheduled from follow-on schedule check
